******************************************************************************
                  TI ARM Linker PC v18.1.1                     
******************************************************************************
>> Linked Mon Apr  8 13:16:03 2019

OUTPUT FILE NAME:   <Porting_FreeRtos.out>
ENTRY POINT SYMBOL: "_c_int00_noargs"  address: 00003321


MEMORY CONFIGURATION

         name            origin    length      used     unused   attr    fill
----------------------  --------  ---------  --------  --------  ----  --------
  FLASH                 00000000   00040000  000036ec  0003c914  R  X
  SRAM                  20000000   00008000  00007990  00000670  RW X


SEGMENT ALLOCATION MAP

run origin  load origin   length   init length attrs members
----------  ----------- ---------- ----------- ----- -------
00000000    00000000    000036f0   000036f0    r-x
  00000000    00000000    0000026c   0000026c    r-- .intvecs
  0000026c    0000026c    00003280   00003280    r-x .text
  000034ec    000034ec    000001c0   000001c0    r-- .const
  000036b0    000036b0    00000040   00000040    r-- .cinit
20000000    20000000    00007994   00000000    rw-
  20000000    20000000    0000772c   00000000    rw- .bss
  20007730    20007730    00000200   00000000    rw- .stack
  20007930    20007930    00000064   00000000    rw- .data


SECTION ALLOCATION MAP

 output                                  attributes/
section   page    origin      length       input sections
--------  ----  ----------  ----------   ----------------
.intvecs   0    00000000    0000026c     
                  00000000    0000026c     tm4c123gh6pm_startup_ccs.obj (.intvecs)

.text      0    0000026c    00003280     
                  0000026c    00001894     tasks.obj (.text)
                  00001b00    000005c4     App_Tasks.obj (.text)
                  000020c4    000004dc     uartstdio.obj (.text)
                  000025a0    0000013c     port.obj (.text)
                  000026dc    00000136     driverlib.lib : can.obj (.text:CANMessageSet)
                  00002812    00000132                   : gpio.obj (.text:GPIOPadConfigSet)
                  00002944    0000012a     list.obj (.text)
                  00002a6e    00000002     rtsv7M4_T_le_v4SPD16_eabi.lib : div0.asm.obj (.text)
                  00002a70    00000110     driverlib.lib : sysctl.obj (.text:SysCtlClockGet)
                  00002b80    0000010e                   : can.obj (.text:CANMessageGet)
                  00002c8e    00000002     --HOLE-- [fill = 0]
                  00002c90    000000f4                   : sysctl.obj (.text:SysCtlClockSet)
                  00002d84    000000da     portasm.obj (.text)
                  00002e5e    00000002     --HOLE-- [fill = 0]
                  00002e60    0000009c     heap_1.obj (.text)
                  00002efc    0000009c     rtsv7M4_T_le_v4SPD16_eabi.lib : memcpy_t2.asm.obj (.text)
                  00002f98    0000007a                                   : memset_t2.asm.obj (.text)
                  00003012    00000002     --HOLE-- [fill = 0]
                  00003014    0000006c     driverlib.lib : can.obj (.text:CANBitRateSet)
                  00003080    00000068                   : interrupt.obj (.text:IntEnable)
                  000030e8    00000068     rtsv7M4_T_le_v4SPD16_eabi.lib : copy_decompress_lzss.c.obj (.text:decompress:lzss:__TI_decompress_lzss)
                  00003150    00000050     main.obj (.text)
                  000031a0    00000048     driverlib.lib : gpio.obj (.text:GPIOPinConfigure)
                  000031e8    00000044     rtsv7M4_T_le_v4SPD16_eabi.lib : autoinit.c.obj (.text:__TI_auto_init_nobinit_nopinit:__TI_auto_init_nobinit_nopinit)
                  0000322c    00000040     driverlib.lib : can.obj (.text:CANStatusGet)
                  0000326c    00000040     rtsv7M4_T_le_v4SPD16_eabi.lib : u_divt2.asm.obj (.text)
                  000032ac    0000003a     driverlib.lib : can.obj (.text:CANInit)
                  000032e6    00000002     --HOLE-- [fill = 0]
                  000032e8    00000038                   : sysctl.obj (.text:SysCtlPeripheralReady)
                  00003320    00000038     rtsv7M4_T_le_v4SPD16_eabi.lib : boot_cortex_m.c.obj (.text:_c_int00_noargs:_c_int00_noargs)
                  00003358    00000034     driverlib.lib : sysctl.obj (.text:SysCtlPeripheralEnable)
                  0000338c    0000002a                   : gpio.obj (.text:GPIODirModeSet)
                  000033b6    0000002a                   : can.obj (.text:_CANDataRegRead)
                  000033e0    00000024                   : can.obj (.text:_CANDataRegWrite)
                  00003404    00000022                   : can.obj (.text:CANIntClear)
                  00003426    00000020                   : can.obj (.text:CANIntStatus)
                  00003446    00000018                   : gpio.obj (.text:GPIOPinTypeGPIOOutput)
                  0000345e    00000012                   : gpio.obj (.text:GPIOPinTypeCAN)
                  00003470    00000012                   : gpio.obj (.text:GPIOPinTypeGPIOInput)
                  00003482    00000012                   : gpio.obj (.text:GPIOPinTypeUART)
                  00003494    0000000e     rtsv7M4_T_le_v4SPD16_eabi.lib : copy_decompress_none.c.obj (.text:decompress:none:__TI_decompress_none)
                  000034a2    0000000c                                   : copy_zero_init.c.obj (.text:decompress:ZI:__TI_zero_init)
                  000034ae    0000000c     tm4c123gh6pm_startup_ccs.obj (.text)
                  000034ba    0000000a     driverlib.lib : can.obj (.text:CANEnable)
                  000034c4    00000008                   : can.obj (.text:CANIntEnable)
                  000034cc    00000006                   : gpio.obj (.text:GPIOPinRead)
                  000034d2    00000006                   : gpio.obj (.text:GPIOPinWrite)
                  000034d8    00000006                   : sysctl.obj (.text:SysCtlDelay)
                  000034de    00000006                   : uart.obj (.text:UARTClockSourceSet)
                  000034e4    00000004     rtsv7M4_T_le_v4SPD16_eabi.lib : pre_init.c.obj (.text:_system_pre_init)
                  000034e8    00000004                                   : exit.c.obj (.text:abort:abort)

.const     0    000034ec    000001c0     
                  000034ec    00000090     driverlib.lib : gpio.obj (.const:g_pui32GPIOBaseAddrs)
                  0000357c    00000070                   : interrupt.obj (.const)
                  000035ec    0000006c                   : sysctl.obj (.const:g_pui32Xtals)
                  00003658    00000020                   : can.obj (.const)
                  00003678    00000012     uartstdio.obj (.const:.string)
                  0000368a    00000002     --HOLE-- [fill = 0]
                  0000368c    0000000c     uartstdio.obj (.const:g_ui32UARTBase)
                  00003698    0000000c     uartstdio.obj (.const:g_ui32UARTPeriph)
                  000036a4    00000004     port.obj (.const)
                  000036a8    00000004     uartstdio.obj (.const)

.cinit     0    000036b0    00000040     
                  000036b0    00000017     (.cinit..data.load) [load image, compression = lzss]
                  000036c7    00000001     --HOLE-- [fill = 0]
                  000036c8    0000000c     (__TI_handler_table)
                  000036d4    00000004     --HOLE-- [fill = 0]
                  000036d8    00000008     (.cinit..bss.load) [load image, compression = zero_init]
                  000036e0    00000010     (__TI_cinit_table)

.init_array 
*          0    00000000    00000000     UNINITIALIZED

.bss       0    20000000    0000772c     UNINITIALIZED
                  20000000    00007530     heap_1.obj (.bss:ucHeap)
                  20007530    00000140     tasks.obj (.bss:pxReadyTasksLists)
                  20007670    00000014     tasks.obj (.bss:xDelayedTaskList1)
                  20007684    00000014     tasks.obj (.bss:xDelayedTaskList2)
                  20007698    00000014     tasks.obj (.bss:xPendingReadyList)
                  200076ac    00000014     tasks.obj (.bss:xSuspendedTaskList)
                  200076c0    00000014     tasks.obj (.bss:xTasksWaitingTermination)
                  200076d4    00000014     (.common:g_sCANMsgObjectRX2)
                  200076e8    00000014     (.common:g_sCANMsgObjectRX4)
                  200076fc    00000014     (.common:g_sCANMsgObjectTX1)
                  20007710    00000014     (.common:g_sCANMsgObjectTX3)
                  20007724    00000008     tasks.obj (.bss)

.data      0    20007930    00000064     UNINITIALIZED
                  20007930    00000034     tasks.obj (.data)
                  20007964    00000019     App_Tasks.obj (.data)
                  2000797d    00000002     App_Tasks.obj (.data:g_pui8MsgTX1)
                  2000797f    00000001     --HOLE--
                  20007980    00000008     heap_1.obj (.data)
                  20007988    00000005     uartstdio.obj (.data)
                  2000798d    00000002     App_Tasks.obj (.data:g_pui8MsgTX3)
                  2000798f    00000001     --HOLE--
                  20007990    00000004     port.obj (.data)

.stack     0    20007730    00000200     UNINITIALIZED
                  20007730    00000004     rtsv7M4_T_le_v4SPD16_eabi.lib : boot_cortex_m.c.obj (.stack)
                  20007734    000001fc     --HOLE--

MODULE SUMMARY

       Module                         code    ro data   rw data
       ------                         ----    -------   -------
    .\
       uartstdio.obj                  1244    46        5      
       tm4c123gh6pm_startup_ccs.obj   12      620       0      
       main.obj                       80      0         0      
    +--+------------------------------+-------+---------+---------+
       Total:                         1336    666       5      
                                                               
    .\APPLICATION\
       App_Tasks.obj                  1476    0         109    
    +--+------------------------------+-------+---------+---------+
       Total:                         1476    0         109    
                                                               
    .\FreeRtos_Files\
       heap_1.obj                     156     0         30008  
       tasks.obj                      6292    0         480    
       port.obj                       316     4         4      
       list.obj                       298     0         0      
       portasm.obj                    218     0         0      
    +--+------------------------------+-------+---------+---------+
       Total:                         7280    4         30492  
                                                               
    C:/ti/TivaWare_C_Series-2.1.4.178/driverlib/ccs/Debug/driverlib.lib
       can.obj                        972     32        0      
       sysctl.obj                     630     108       0      
       gpio.obj                       510     144       0      
       interrupt.obj                  104     112       0      
       uart.obj                       6       0         0      
    +--+------------------------------+-------+---------+---------+
       Total:                         2222    396       0      
                                                               
    C:\ti\ccsv8\tools\compiler\ti-cgt-arm_18.1.1.LTS\lib\rtsv7M4_T_le_v4SPD16_eabi.lib
       memcpy_t2.asm.obj              156     0         0      
       memset_t2.asm.obj              122     0         0      
       copy_decompress_lzss.c.obj     104     0         0      
       autoinit.c.obj                 68      0         0      
       u_divt2.asm.obj                64      0         0      
       boot_cortex_m.c.obj            56      0         0      
       copy_decompress_none.c.obj     14      0         0      
       copy_zero_init.c.obj           12      0         0      
       exit.c.obj                     4       0         0      
       pre_init.c.obj                 4       0         0      
       div0.asm.obj                   2       0         0      
    +--+------------------------------+-------+---------+---------+
       Total:                         606     0         0      
                                                               
       Stack:                         0       0         512    
       Linker Generated:              0       59        0      
    +--+------------------------------+-------+---------+---------+
       Grand Total:                   12920   1125      31118  


LINKER GENERATED COPY TABLES

__TI_cinit_table @ 000036e0 records: 2, size/record: 8, table size: 16
	.data: load addr=000036b0, load size=00000017 bytes, run addr=20007930, run size=00000064 bytes, compression=lzss
	.bss: load addr=000036d8, load size=00000008 bytes, run addr=20000000, run size=0000772c bytes, compression=zero_init


LINKER GENERATED HANDLER TABLE

__TI_handler_table @ 000036c8 records: 3, size/record: 4, table size: 12
	index: 0, handler: __TI_decompress_lzss
	index: 1, handler: __TI_decompress_none
	index: 2, handler: __TI_zero_init


GLOBAL SYMBOLS: SORTED ALPHABETICALLY BY Name 

address   name                               
-------   ----                               
00001fb9  BUTTON_TASK                        
000034e9  C$$EXIT                            
00003015  CANBitRateSet                      
000034bb  CANEnable                          
000032ad  CANInit                            
00003405  CANIntClear                        
000034c5  CANIntEnable                       
00001b01  CANIntHandler                      
00003427  CANIntStatus                       
00002b81  CANMessageGet                      
000026dd  CANMessageSet                      
0000322d  CANStatusGet                       
00001d75  CAN_NODE0_TASK                     
0000338d  GPIODirModeSet                     
00002813  GPIOPadConfigSet                   
000031a1  GPIOPinConfigure                   
000034cd  GPIOPinRead                        
0000345f  GPIOPinTypeCAN                     
00003471  GPIOPinTypeGPIOInput               
00003447  GPIOPinTypeGPIOOutput              
00003483  GPIOPinTypeUART                    
000034d3  GPIOPinWrite                       
00001bb7  InitConsole                        
00001c83  Init_Task                          
00003081  IntEnable                          
00001c31  PrintCANMessageInfo_RX             
00001bf3  PrintCANMessageInfo_TX             
2000797c  REVERSE                            
000034af  ResetISR                           
2000797b  STATE                              
00001bad  SimpleDelay                        
00002a71  SysCtlClockGet                     
00002c91  SysCtlClockSet                     
000034d9  SysCtlDelay                        
00003359  SysCtlPeripheralEnable             
000032e9  SysCtlPeripheralReady              
000034df  UARTClockSourceSet                 
000020c5  UARTStdioConfig                    
0000223d  UARTgetc                           
00002177  UARTgets                           
0000256b  UARTprintf                         
00002271  UARTvprintf                        
00002125  UARTwrite                          
20007930  __STACK_END                        
00000200  __STACK_SIZE                       
20007930  __STACK_TOP                        
000036e0  __TI_CINIT_Base                    
000036f0  __TI_CINIT_Limit                   
000036c8  __TI_Handler_Table_Base            
000036d4  __TI_Handler_Table_Limit           
000031e9  __TI_auto_init_nobinit_nopinit     
000030e9  __TI_decompress_lzss               
00003495  __TI_decompress_none               
ffffffff  __TI_pprof_out_hndl                
ffffffff  __TI_prof_data_size                
ffffffff  __TI_prof_data_start               
00000000  __TI_static_base__                 
000034a3  __TI_zero_init                     
00002a6f  __aeabi_idiv0                      
00002a6f  __aeabi_ldiv0                      
00002f99  __aeabi_memclr                     
00002f99  __aeabi_memclr4                    
00002f99  __aeabi_memclr8                    
00002efd  __aeabi_memcpy                     
00002efd  __aeabi_memcpy4                    
00002efd  __aeabi_memcpy8                    
00002f9b  __aeabi_memset                     
00002f9b  __aeabi_memset4                    
00002f9b  __aeabi_memset8                    
0000326d  __aeabi_uidiv                      
0000326d  __aeabi_uidivmod                   
ffffffff  __binit__                          
ffffffff  __c_args__                         
UNDEFED   __mpu_init                         
20007730  __stack                            
00003321  _c_int00_noargs                    
UNDEFED   _system_post_cinit                 
000034e5  _system_pre_init                   
000034e9  abort                              
ffffffff  binit                              
000005f1  eTaskGetState                      
2000797a  g_bErrFlag                         
20007978  g_bMsgObj1Sent                     
20007979  g_bMsgObj3Sent                     
20007964  g_bRX2Flag                         
20007965  g_bRX4Flag                         
00000000  g_pfnVectors                       
2000797d  g_pui8MsgTX1                       
2000798d  g_pui8MsgTX3                       
200076d4  g_sCANMsgObjectRX2                 
200076e8  g_sCANMsgObjectRX4                 
200076fc  g_sCANMsgObjectTX1                 
20007710  g_sCANMsgObjectTX3                 
20007970  g_ui32MsgRX2Count                  
20007974  g_ui32MsgRX4Count                  
20007968  g_ui32MsgTX1Count                  
2000796c  g_ui32MsgTX3Count                  
00003151  main                               
00002efd  memcpy                             
00002fa1  memset                             
00000bdb  pcTaskGetName                      
00002e61  pvPortMalloc                       
00001623  pvTaskIncrementMutexHeldCount      
20007930  pxCurrentTCB                       
000025a1  pxPortInitialiseStack              
000036a4  ulMaxSyscallInterruptPriority      
00002d95  ulPortGetIPSR                      
00001641  ulTaskNotifyTake                   
00002a27  uxListRemove                       
00000bd5  uxTaskGetNumberOfTasks             
00001301  uxTaskGetStackHighWaterMark        
00000c01  uxTaskGetSystemState               
00001091  uxTaskGetTaskNumber                
000006a1  uxTaskPriorityGet                  
000006cd  uxTaskPriorityGetFromISR           
00001601  uxTaskResetEventItemValue          
00002945  vListInitialise                    
00002975  vListInitialiseItem                
000029c1  vListInsert                        
00002985  vListInsertEnd                     
00002e51  vPortEnableVFP                     
00002641  vPortEndScheduler                  
00002643  vPortEnterCritical                 
00002663  vPortExitCritical                  
00002ed1  vPortFree                          
00002edb  vPortInitialiseBlocks              
00002e0d  vPortSVCHandler                    
0000269f  vPortSetupTimerInterrupt           
00002e2d  vPortStartFirstTask                
000005b3  vTaskDelay                         
00000523  vTaskDelayUntil                    
00000475  vTaskDelete                        
00000a99  vTaskEndScheduler                  
00001175  vTaskGetInfo                       
00000fd9  vTaskInternalSetTimeOutState       
00001083  vTaskMissedYield                   
00001959  vTaskNotifyGiveFromISR             
00000e85  vTaskPlaceOnEventList              
00000ea1  vTaskPlaceOnUnorderedEventList     
0000152b  vTaskPriorityDisinheritAfterTimeout
00000715  vTaskPrioritySet                   
00000f59  vTaskRemoveFromUnorderedEventList  
00000941  vTaskResume                        
000010b9  vTaskSetTaskNumber                 
00000fbb  vTaskSetTimeOutState               
00000a49  vTaskStartScheduler                
0000082d  vTaskSuspend                       
00000ab5  vTaskSuspendAll                    
00000e1d  vTaskSwitchContext                 
00002ee3  xPortGetFreeHeapSize               
00002dad  xPortPendSVHandler                 
0000260b  xPortStartScheduler                
00002679  xPortSysTickHandler                
00001005  xTaskCheckForTimeOut               
0000026d  xTaskCreate                        
00001763  xTaskGenericNotify                 
0000184d  xTaskGenericNotifyFromISR          
00001373  xTaskGetCurrentTaskHandle          
00000bab  xTaskGetTickCount                  
00000bc1  xTaskGetTickCountFromISR           
00000cf5  xTaskIncrementTick                 
00001a05  xTaskNotifyStateClear              
000016c1  xTaskNotifyWait                    
0000148d  xTaskPriorityDisinherit            
000013ad  xTaskPriorityInherit               
00000ed5  xTaskRemoveFromEventList           
00000ac9  xTaskResumeAll                     
000009bb  xTaskResumeFromISR                 


GLOBAL SYMBOLS: SORTED BY Symbol Address 

address   name                               
-------   ----                               
00000000  __TI_static_base__                 
00000000  g_pfnVectors                       
00000200  __STACK_SIZE                       
0000026d  xTaskCreate                        
00000475  vTaskDelete                        
00000523  vTaskDelayUntil                    
000005b3  vTaskDelay                         
000005f1  eTaskGetState                      
000006a1  uxTaskPriorityGet                  
000006cd  uxTaskPriorityGetFromISR           
00000715  vTaskPrioritySet                   
0000082d  vTaskSuspend                       
00000941  vTaskResume                        
000009bb  xTaskResumeFromISR                 
00000a49  vTaskStartScheduler                
00000a99  vTaskEndScheduler                  
00000ab5  vTaskSuspendAll                    
00000ac9  xTaskResumeAll                     
00000bab  xTaskGetTickCount                  
00000bc1  xTaskGetTickCountFromISR           
00000bd5  uxTaskGetNumberOfTasks             
00000bdb  pcTaskGetName                      
00000c01  uxTaskGetSystemState               
00000cf5  xTaskIncrementTick                 
00000e1d  vTaskSwitchContext                 
00000e85  vTaskPlaceOnEventList              
00000ea1  vTaskPlaceOnUnorderedEventList     
00000ed5  xTaskRemoveFromEventList           
00000f59  vTaskRemoveFromUnorderedEventList  
00000fbb  vTaskSetTimeOutState               
00000fd9  vTaskInternalSetTimeOutState       
00001005  xTaskCheckForTimeOut               
00001083  vTaskMissedYield                   
00001091  uxTaskGetTaskNumber                
000010b9  vTaskSetTaskNumber                 
00001175  vTaskGetInfo                       
00001301  uxTaskGetStackHighWaterMark        
00001373  xTaskGetCurrentTaskHandle          
000013ad  xTaskPriorityInherit               
0000148d  xTaskPriorityDisinherit            
0000152b  vTaskPriorityDisinheritAfterTimeout
00001601  uxTaskResetEventItemValue          
00001623  pvTaskIncrementMutexHeldCount      
00001641  ulTaskNotifyTake                   
000016c1  xTaskNotifyWait                    
00001763  xTaskGenericNotify                 
0000184d  xTaskGenericNotifyFromISR          
00001959  vTaskNotifyGiveFromISR             
00001a05  xTaskNotifyStateClear              
00001b01  CANIntHandler                      
00001bad  SimpleDelay                        
00001bb7  InitConsole                        
00001bf3  PrintCANMessageInfo_TX             
00001c31  PrintCANMessageInfo_RX             
00001c83  Init_Task                          
00001d75  CAN_NODE0_TASK                     
00001fb9  BUTTON_TASK                        
000020c5  UARTStdioConfig                    
00002125  UARTwrite                          
00002177  UARTgets                           
0000223d  UARTgetc                           
00002271  UARTvprintf                        
0000256b  UARTprintf                         
000025a1  pxPortInitialiseStack              
0000260b  xPortStartScheduler                
00002641  vPortEndScheduler                  
00002643  vPortEnterCritical                 
00002663  vPortExitCritical                  
00002679  xPortSysTickHandler                
0000269f  vPortSetupTimerInterrupt           
000026dd  CANMessageSet                      
00002813  GPIOPadConfigSet                   
00002945  vListInitialise                    
00002975  vListInitialiseItem                
00002985  vListInsertEnd                     
000029c1  vListInsert                        
00002a27  uxListRemove                       
00002a6f  __aeabi_idiv0                      
00002a6f  __aeabi_ldiv0                      
00002a71  SysCtlClockGet                     
00002b81  CANMessageGet                      
00002c91  SysCtlClockSet                     
00002d95  ulPortGetIPSR                      
00002dad  xPortPendSVHandler                 
00002e0d  vPortSVCHandler                    
00002e2d  vPortStartFirstTask                
00002e51  vPortEnableVFP                     
00002e61  pvPortMalloc                       
00002ed1  vPortFree                          
00002edb  vPortInitialiseBlocks              
00002ee3  xPortGetFreeHeapSize               
00002efd  __aeabi_memcpy                     
00002efd  __aeabi_memcpy4                    
00002efd  __aeabi_memcpy8                    
00002efd  memcpy                             
00002f99  __aeabi_memclr                     
00002f99  __aeabi_memclr4                    
00002f99  __aeabi_memclr8                    
00002f9b  __aeabi_memset                     
00002f9b  __aeabi_memset4                    
00002f9b  __aeabi_memset8                    
00002fa1  memset                             
00003015  CANBitRateSet                      
00003081  IntEnable                          
000030e9  __TI_decompress_lzss               
00003151  main                               
000031a1  GPIOPinConfigure                   
000031e9  __TI_auto_init_nobinit_nopinit     
0000322d  CANStatusGet                       
0000326d  __aeabi_uidiv                      
0000326d  __aeabi_uidivmod                   
000032ad  CANInit                            
000032e9  SysCtlPeripheralReady              
00003321  _c_int00_noargs                    
00003359  SysCtlPeripheralEnable             
0000338d  GPIODirModeSet                     
00003405  CANIntClear                        
00003427  CANIntStatus                       
00003447  GPIOPinTypeGPIOOutput              
0000345f  GPIOPinTypeCAN                     
00003471  GPIOPinTypeGPIOInput               
00003483  GPIOPinTypeUART                    
00003495  __TI_decompress_none               
000034a3  __TI_zero_init                     
000034af  ResetISR                           
000034bb  CANEnable                          
000034c5  CANIntEnable                       
000034cd  GPIOPinRead                        
000034d3  GPIOPinWrite                       
000034d9  SysCtlDelay                        
000034df  UARTClockSourceSet                 
000034e5  _system_pre_init                   
000034e9  C$$EXIT                            
000034e9  abort                              
000036a4  ulMaxSyscallInterruptPriority      
000036c8  __TI_Handler_Table_Base            
000036d4  __TI_Handler_Table_Limit           
000036e0  __TI_CINIT_Base                    
000036f0  __TI_CINIT_Limit                   
200076d4  g_sCANMsgObjectRX2                 
200076e8  g_sCANMsgObjectRX4                 
200076fc  g_sCANMsgObjectTX1                 
20007710  g_sCANMsgObjectTX3                 
20007730  __stack                            
20007930  __STACK_END                        
20007930  __STACK_TOP                        
20007930  pxCurrentTCB                       
20007964  g_bRX2Flag                         
20007965  g_bRX4Flag                         
20007968  g_ui32MsgTX1Count                  
2000796c  g_ui32MsgTX3Count                  
20007970  g_ui32MsgRX2Count                  
20007974  g_ui32MsgRX4Count                  
20007978  g_bMsgObj1Sent                     
20007979  g_bMsgObj3Sent                     
2000797a  g_bErrFlag                         
2000797b  STATE                              
2000797c  REVERSE                            
2000797d  g_pui8MsgTX1                       
2000798d  g_pui8MsgTX3                       
ffffffff  __TI_pprof_out_hndl                
ffffffff  __TI_prof_data_size                
ffffffff  __TI_prof_data_start               
ffffffff  __binit__                          
ffffffff  __c_args__                         
ffffffff  binit                              
UNDEFED   __mpu_init                         
UNDEFED   _system_post_cinit                 

[168 symbols]
