******************************************************************************
                  TI ARM Linker PC v18.1.1                     
******************************************************************************
>> Linked Mon Apr  8 17:48:14 2019

OUTPUT FILE NAME:   <freertos_demo.out>
ENTRY POINT SYMBOL: "_c_int00_noargs"  address: 000024b5


MEMORY CONFIGURATION

         name            origin    length      used     unused   attr    fill
----------------------  --------  ---------  --------  --------  ----  --------
  FLASH                 00000000   00040000  000029b4  0003d64c  R  X
  SRAM                  20000000   00008000  000079f7  00000609  RW X


SEGMENT ALLOCATION MAP

run origin  load origin   length   init length attrs members
----------  ----------- ---------- ----------- ----- -------
00000000    00000000    000029b8   000029b8    r-x
  00000000    00000000    0000026c   0000026c    r-- .intvecs
  0000026c    0000026c    00002520   00002520    r-x .text
  0000278c    0000278c    00000190   00000190    r-- .const
  00002920    00002920    00000098   00000098    r-- .cinit
20000000    20000000    000079fe   00000000    rw-
  20000000    20000000    00007739   00000000    rw- .bss
  20007740    20007740    00000200   00000000    rw- .stack
  20007940    20007940    000000be   00000000    rw- .data


SECTION ALLOCATION MAP

 output                                  attributes/
section   page    origin      length       input sections
--------  ----  ----------  ----------   ----------------
.intvecs   0    00000000    0000026c     
                  00000000    0000026c     startup_ccs.obj (.intvecs)

.text      0    0000026c    00002520     
                  0000026c    000001cc     Lcd.obj (.text:LCD_displayChar)
                  00000438    000001bc     Lcd.obj (.text:LCD_sendCommand)
                  000005f4    00000190     main_can.obj (.text:main)
                  00000784    00000144     tasks.obj (.text:xTaskIncrementTick)
                  000008c8    00000138     tasks.obj (.text:xTaskGenericCreate)
                  00000a00    00000136     driverlib.lib : can.obj (.text:CANMessageSet)
                  00000b36    00000132                   : gpio.obj (.text:GPIOPadConfigSet)
                  00000c68    00000110     Lcd.obj (.text:LCD_init)
                  00000d78    00000110     driverlib.lib : sysctl.obj (.text:SysCtlClockGet)
                  00000e88    0000010e                   : can.obj (.text:CANMessageGet)
                  00000f96    00000002     startup_ccs.obj (.text:FaultISR)
                  00000f98    00000108     heap_2.obj (.text:pvPortMalloc)
                  000010a0    000000fc     tasks.obj (.text:xTaskResumeAll)
                  0000119c    000000d2     portasm.obj (.text)
                  0000126e    00000002     startup_ccs.obj (.text:IntDefaultHandler)
                  00001270    000000cc     tasks.obj (.text:vTaskSuspend)
                  0000133c    000000a8     Slave_task.obj (.text:slave_transmit_on_task)
                  000013e4    0000009c     tasks.obj (.text:prvInitialiseTCBVariables)
                  00001480    0000009c     rtsv7M4_T_le_v4SPD16_eabi.lib : memcpy_t2.asm.obj (.text)
                  0000151c    0000008c     tasks.obj (.text:vTaskResume)
                  000015a8    00000088     Slave_task.obj (.text:mailbox_init)
                  00001630    00000084     Button1_task.obj (.text:button1_task)
                  000016b4    00000084     Slave_task.obj (.text:lcd_task)
                  00001738    0000007e     Slave_task.obj (.text:LCD_displayData)
                  000017b6    00000002     startup_ccs.obj (.text:NmiSR)
                  000017b8    0000007c     can.obj (.text:CANIntHandler)
                  00001834    0000007c     can.obj (.text:Can_init)
                  000018b0    0000007a     rtsv7M4_T_le_v4SPD16_eabi.lib : memset_t2.asm.obj (.text)
                  0000192a    00000002     --HOLE-- [fill = 0]
                  0000192c    00000078     tasks.obj (.text:vTaskDelay)
                  000019a4    00000078     tasks.obj (.text:vTaskSwitchContext)
                  00001a1c    00000074     tasks.obj (.text:prvInitialiseTaskLists)
                  00001a90    00000070     tasks.obj (.text:vTaskStartScheduler)
                  00001b00    0000006e     list.obj (.text:vListInsert)
                  00001b6e    00000002     --HOLE-- [fill = 0]
                  00001b70    0000006c     driverlib.lib : can.obj (.text:CANBitRateSet)
                  00001bdc    00000068                   : interrupt.obj (.text:IntEnable)
                  00001c44    00000068     rtsv7M4_T_le_v4SPD16_eabi.lib : copy_decompress_lzss.c.obj (.text:decompress:lzss:__TI_decompress_lzss)
                  00001cac    00000068     tasks.obj (.text:prvAddCurrentTaskToDelayedList)
                  00001d14    00000068     tasks.obj (.text:prvCheckTasksWaitingTermination)
                  00001d7c    00000068     Slave_task.obj (.text:slave_receive_task)
                  00001de4    00000068     heap_2.obj (.text:vPortFree)
                  00001e4c    00000064     Slave_task.obj (.text:reverse_task)
                  00001eb0    0000005e     tasks.obj (.text:prvAllocateTCBAndStack)
                  00001f0e    00000002     --HOLE-- [fill = 0]
                  00001f10    0000005c     Button.obj (.text:Button_init)
                  00001f6c    0000005c     port.obj (.text:pxPortInitialiseStack)
                  00001fc8    00000054     Lcd.obj (.text:LCD_gotoRowColumn)
                  0000201c    00000054     Slave_task.obj (.text:tocken_received_task)
                  00002070    00000050     Slave_task.obj (.text:Slave_init_task)
                  000020c0    00000050     heap_2.obj (.text:prvHeapInit)
                  00002110    00000050     tasks.obj (.text:prvTaskIsTaskSuspended)
                  00002160    00000048     driverlib.lib : gpio.obj (.text:GPIOPinConfigure)
                  000021a8    00000048     list.obj (.text:uxListRemove)
                  000021f0    00000044     LED.obj (.text:Led_off)
                  00002234    00000044     LED.obj (.text:Led_on)
                  00002278    00000044     rtsv7M4_T_le_v4SPD16_eabi.lib : autoinit.c.obj (.text:__TI_auto_init_nobinit_nopinit:__TI_auto_init_nobinit_nopinit)
                  000022bc    00000044     port.obj (.text:xPortStartScheduler)
                  00002300    00000042     Lcd.obj (.text:LCD_displayString)
                  00002342    00000040     driverlib.lib : can.obj (.text:CANStatusGet)
                  00002382    00000002     --HOLE-- [fill = 0]
                  00002384    00000040     LED.obj (.text:Led_init)
                  000023c4    0000003c     Button.obj (.text:get_key)
                  00002400    0000003c     tasks.obj (.text:prvResetNextTaskUnblockTime)
                  0000243c    0000003c     list.obj (.text:vListInsertEnd)
                  00002478    0000003a     driverlib.lib : can.obj (.text:CANInit)
                  000024b2    00000002     --HOLE-- [fill = 0]
                  000024b4    00000038     rtsv7M4_T_le_v4SPD16_eabi.lib : boot_cortex_m.c.obj (.text:_c_int00_noargs:_c_int00_noargs)
                  000024ec    00000034     driverlib.lib : sysctl.obj (.text:SysCtlPeripheralEnable)
                  00002520    00000030     list.obj (.text:vListInitialise)
                  00002550    0000002c     init_task.obj (.text:init_task)
                  0000257c    0000002c     port.obj (.text:xPortSysTickHandler)
                  000025a8    0000002a     driverlib.lib : gpio.obj (.text:GPIODirModeSet)
                  000025d2    0000002a                   : can.obj (.text:_CANDataRegRead)
                  000025fc    00000024                   : can.obj (.text:_CANDataRegWrite)
                  00002620    00000024     port.obj (.text:vPortEnterCritical)
                  00002644    00000022     driverlib.lib : can.obj (.text:CANIntClear)
                  00002666    00000020                   : can.obj (.text:CANIntStatus)
                  00002686    00000002     --HOLE-- [fill = 0]
                  00002688    0000001c     port.obj (.text:vPortExitCritical)
                  000026a4    00000018     driverlib.lib : gpio.obj (.text:GPIOPinTypeGPIOOutput)
                  000026bc    00000018     port.obj (.text:vPortSetupTimerInterrupt)
                  000026d4    00000014     tasks.obj (.text:prvDeleteTCB)
                  000026e8    00000012     driverlib.lib : gpio.obj (.text:GPIOPinTypeCAN)
                  000026fa    00000012                   : gpio.obj (.text:GPIOPinTypeGPIOInput)
                  0000270c    00000010     port.obj (.text:prvTaskExitError)
                  0000271c    00000010     list.obj (.text:vListInitialiseItem)
                  0000272c    00000010     tasks.obj (.text:vTaskSuspendAll)
                  0000273c    0000000e     rtsv7M4_T_le_v4SPD16_eabi.lib : copy_decompress_none.c.obj (.text:decompress:none:__TI_decompress_none)
                  0000274a    0000000c                                   : copy_zero_init.c.obj (.text:decompress:ZI:__TI_zero_init)
                  00002756    0000000a     driverlib.lib : can.obj (.text:CANEnable)
                  00002760    0000000a     tasks.obj (.text:prvIdleTask)
                  0000276a    00000008     driverlib.lib : can.obj (.text:CANIntEnable)
                  00002772    00000006                   : gpio.obj (.text:GPIOPinRead)
                  00002778    00000006                   : gpio.obj (.text:GPIOPinWrite)
                  0000277e    00000006     startup_ccs.obj (.text:ResetISR)
                  00002784    00000004     rtsv7M4_T_le_v4SPD16_eabi.lib : pre_init.c.obj (.text:_system_pre_init)
                  00002788    00000004                                   : exit.c.obj (.text:abort:abort)

.const     0    0000278c    00000190     
                  0000278c    00000090     driverlib.lib : gpio.obj (.const:g_pui32GPIOBaseAddrs)
                  0000281c    00000070                   : interrupt.obj (.const)
                  0000288c    0000006c                   : sysctl.obj (.const:g_pui32Xtals)
                  000028f8    00000020                   : can.obj (.const)
                  00002918    00000004     port.obj (.const)

.cinit     0    00002920    00000098     
                  00002920    00000074     (.cinit..data.load) [load image, compression = lzss]
                  00002994    0000000c     (__TI_handler_table)
                  000029a0    00000008     (.cinit..bss.load) [load image, compression = zero_init]
                  000029a8    00000010     (__TI_cinit_table)

.init_array 
*          0    00000000    00000000     UNINITIALIZED

.bss       0    20000000    00007739     UNINITIALIZED
                  20000000    00007530     heap_2.obj (.bss:ucHeap)
                  20007530    00000140     tasks.obj (.bss:pxReadyTasksLists)
                  20007670    00000014     Lcd.obj (.bss)
                  20007684    00000014     tasks.obj (.bss:xDelayedTaskList1)
                  20007698    00000014     tasks.obj (.bss:xDelayedTaskList2)
                  200076ac    00000014     tasks.obj (.bss:xPendingReadyList)
                  200076c0    00000014     tasks.obj (.bss:xSuspendedTaskList)
                  200076d4    00000014     tasks.obj (.bss:xTasksWaitingTermination)
                  200076e8    00000014     (.common:receive_mailbox)
                  200076fc    00000014     (.common:send_mailbox)
                  20007710    00000008     tasks.obj (.bss)
                  20007718    00000008     heap_2.obj (.bss:xEnd)
                  20007720    00000008     heap_2.obj (.bss:xStart)
                  20007728    00000004     (.common:receive_mailbox_buffer)
                  2000772c    00000004     (.common:send_mailbox_buffer)
                  20007730    00000004     (.common:tocken_task_handle)
                  20007734    00000001     Button.obj (.bss)
                  20007735    00000001     Slave_task.obj (.bss)
                  20007736    00000001     (.common:error_flag)
                  20007737    00000001     (.common:receive_flag)
                  20007738    00000001     (.common:tocken)

.data      0    20007940    000000be     UNINITIALIZED
                  20007940    00000070     Slave_task.obj (.data:massages)
                  200079b0    00000030     tasks.obj (.data)
                  200079e0    0000000b     Slave_task.obj (.data)
                  200079eb    00000001     LED.obj (.data)
                  200079ec    00000008     heap_2.obj (.data)
                  200079f4    00000004     Button1_task.obj (.data)
                  200079f8    00000004     port.obj (.data)
                  200079fc    00000001     Lcd.obj (.data)
                  200079fd    00000001     init_task.obj (.data)

.stack     0    20007740    00000200     UNINITIALIZED
                  20007740    00000004     rtsv7M4_T_le_v4SPD16_eabi.lib : boot_cortex_m.c.obj (.stack)
                  20007744    000001fc     --HOLE--

MODULE SUMMARY

       Module                       code   ro data   rw data
       ------                       ----   -------   -------
    .\
       startup_ccs.obj              12     620       0      
       main_can.obj                 400    0         4      
    +--+----------------------------+------+---------+---------+
       Total:                       412    620       4      
                                                            
    .\Button1_task\
       Button1_task.obj             132    0         4      
    +--+----------------------------+------+---------+---------+
       Total:                       132    0         4      
                                                            
    .\Button\
       Button.obj                   152    0         1      
    +--+----------------------------+------+---------+---------+
       Total:                       152    0         1      
                                                            
    .\Can\
       can.obj                      248    0         2      
    +--+----------------------------+------+---------+---------+
       Total:                       248    0         2      
                                                            
    .\Init_task\
       init_task.obj                44     0         1      
    +--+----------------------------+------+---------+---------+
       Total:                       44     0         1      
                                                            
    .\LCD\
       Lcd.obj                      1326   0         21     
    +--+----------------------------+------+---------+---------+
       Total:                       1326   0         21     
                                                            
    .\LED\
       LED.obj                      200    0         1      
    +--+----------------------------+------+---------+---------+
       Total:                       200    0         1      
                                                            
    .\Slave_task\
       Slave_task.obj               930    0         173    
    +--+----------------------------+------+---------+---------+
       Total:                       930    0         173    
                                                            
    .\third_party\FreeRTOS\Source\
       tasks.obj                    2344   0         476    
       list.obj                     306    0         0      
    +--+----------------------------+------+---------+---------+
       Total:                       2650   0         476    
                                                            
    .\third_party\FreeRTOS\Source\portable\CCS\ARM_CM4F\
       port.obj                     308    4         4      
       portasm.obj                  210    0         0      
    +--+----------------------------+------+---------+---------+
       Total:                       518    4         4      
                                                            
    .\third_party\FreeRTOS\Source\portable\MemMang\
       heap_2.obj                   448    0         30024  
    +--+----------------------------+------+---------+---------+
       Total:                       448    0         30024  
                                                            
    C:/ti/TivaWare_C_Series-2.1.4.178/driverlib/ccs/Debug/driverlib.lib
       can.obj                      972    32        0      
       gpio.obj                     492    144       0      
       sysctl.obj                   324    108       0      
       interrupt.obj                104    112       0      
    +--+----------------------------+------+---------+---------+
       Total:                       1892   396       0      
                                                            
    C:\ti\ccsv8\tools\compiler\ti-cgt-arm_18.1.1.LTS\lib\rtsv7M4_T_le_v4SPD16_eabi.lib
       memcpy_t2.asm.obj            156    0         0      
       memset_t2.asm.obj            122    0         0      
       copy_decompress_lzss.c.obj   104    0         0      
       autoinit.c.obj               68     0         0      
       boot_cortex_m.c.obj          56     0         0      
       copy_decompress_none.c.obj   14     0         0      
       copy_zero_init.c.obj         12     0         0      
       exit.c.obj                   4      0         0      
       pre_init.c.obj               4      0         0      
    +--+----------------------------+------+---------+---------+
       Total:                       540    0         0      
                                                            
       Stack:                       0      0         512    
       Linker Generated:            0      152       0      
    +--+----------------------------+------+---------+---------+
       Grand Total:                 9492   1172      31223  


LINKER GENERATED COPY TABLES

__TI_cinit_table @ 000029a8 records: 2, size/record: 8, table size: 16
	.data: load addr=00002920, load size=00000074 bytes, run addr=20007940, run size=000000be bytes, compression=lzss
	.bss: load addr=000029a0, load size=00000008 bytes, run addr=20000000, run size=00007739 bytes, compression=zero_init


LINKER GENERATED HANDLER TABLE

__TI_handler_table @ 00002994 records: 3, size/record: 4, table size: 12
	index: 0, handler: __TI_decompress_lzss
	index: 1, handler: __TI_decompress_none
	index: 2, handler: __TI_zero_init


GLOBAL SYMBOLS: SORTED ALPHABETICALLY BY Name 

address   name                          
-------   ----                          
00001f11  Button_init                   
00002789  C$$EXIT                       
00001b71  CANBitRateSet                 
00002757  CANEnable                     
00002479  CANInit                       
00002645  CANIntClear                   
0000276b  CANIntEnable                  
000017b9  CANIntHandler                 
00002667  CANIntStatus                  
00000e89  CANMessageGet                 
00000a01  CANMessageSet                 
00002343  CANStatusGet                  
00001835  Can_init                      
000025a9  GPIODirModeSet                
00000b37  GPIOPadConfigSet              
00002161  GPIOPinConfigure              
00002773  GPIOPinRead                   
000026e9  GPIOPinTypeCAN                
000026fb  GPIOPinTypeGPIOInput          
000026a5  GPIOPinTypeGPIOOutput         
00002779  GPIOPinWrite                  
00001bdd  IntEnable                     
0000026d  LCD_displayChar               
00002301  LCD_displayString             
00001fc9  LCD_gotoRowColumn             
00000c69  LCD_init                      
200079fc  LCD_ready                     
00000439  LCD_sendCommand               
00002385  Led_init                      
000021f1  Led_off                       
00002235  Led_on                        
200079eb  Led_ready                     
0000277f  ResetISR                      
00002071  Slave_init_task               
00000d79  SysCtlClockGet                
000024ed  SysCtlPeripheralEnable        
20007940  __STACK_END                   
00000200  __STACK_SIZE                  
20007940  __STACK_TOP                   
000029a8  __TI_CINIT_Base               
000029b8  __TI_CINIT_Limit              
00002994  __TI_Handler_Table_Base       
000029a0  __TI_Handler_Table_Limit      
00002279  __TI_auto_init_nobinit_nopinit
00001c45  __TI_decompress_lzss          
0000273d  __TI_decompress_none          
ffffffff  __TI_pprof_out_hndl           
ffffffff  __TI_prof_data_size           
ffffffff  __TI_prof_data_start          
00000000  __TI_static_base__            
0000274b  __TI_zero_init                
000018b1  __aeabi_memclr                
000018b1  __aeabi_memclr4               
000018b1  __aeabi_memclr8               
00001481  __aeabi_memcpy                
00001481  __aeabi_memcpy4               
00001481  __aeabi_memcpy8               
000018b3  __aeabi_memset                
000018b3  __aeabi_memset4               
000018b3  __aeabi_memset8               
ffffffff  __binit__                     
ffffffff  __c_args__                    
UNDEFED   __mpu_init                    
20007740  __stack                       
000024b5  _c_int00_noargs               
UNDEFED   _system_post_cinit            
00002785  _system_pre_init              
00002789  abort                         
ffffffff  binit                         
200079f5  button1_pressed               
00001631  button1_task                  
20007736  error_flag                    
00000000  g_pfnVectors                  
000023c5  get_key                       
200079fd  init_flag                     
00002551  init_task                     
000016b5  lcd_task                      
000015a9  mailbox_init                  
000005f5  main                          
00001481  memcpy                        
000018b9  memset                        
00000f99  pvPortMalloc                  
200079b0  pxCurrentTCB                  
00001f6d  pxPortInitialiseStack         
20007737  receive_flag                  
200076e8  receive_mailbox               
20007728  receive_mailbox_buffer        
200079e4  receive_mailbox_buffer_ptr    
00001e4d  reverse_task                  
200076fc  send_mailbox                  
2000772c  send_mailbox_buffer           
200079e0  send_mailbox_buffer_ptr       
00001d7d  slave_receive_task            
0000133d  slave_transmit_on_task        
200079f4  system_on                     
20007738  tocken                        
0000201d  tocken_received_task          
20007730  tocken_task_handle            
00002918  ulMaxSyscallInterruptPriority 
000011ad  ulPortGetIPSR                 
000021a9  uxListRemove                  
00002521  vListInitialise               
0000271d  vListInitialiseItem           
00001b01  vListInsert                   
0000243d  vListInsertEnd                
00001261  vPortEnableVFP                
00002621  vPortEnterCritical            
00002689  vPortExitCritical             
00001de5  vPortFree                     
00001225  vPortSVCHandler               
000026bd  vPortSetupTimerInterrupt      
00001245  vPortStartFirstTask           
0000192d  vTaskDelay                    
0000151d  vTaskResume                   
00001a91  vTaskStartScheduler           
00001271  vTaskSuspend                  
0000272d  vTaskSuspendAll               
000019a5  vTaskSwitchContext            
000011c5  xPortPendSVHandler            
000022bd  xPortStartScheduler           
0000257d  xPortSysTickHandler           
000008c9  xTaskGenericCreate            
00000785  xTaskIncrementTick            
000010a1  xTaskResumeAll                


GLOBAL SYMBOLS: SORTED BY Symbol Address 

address   name                          
-------   ----                          
00000000  __TI_static_base__            
00000000  g_pfnVectors                  
00000200  __STACK_SIZE                  
0000026d  LCD_displayChar               
00000439  LCD_sendCommand               
000005f5  main                          
00000785  xTaskIncrementTick            
000008c9  xTaskGenericCreate            
00000a01  CANMessageSet                 
00000b37  GPIOPadConfigSet              
00000c69  LCD_init                      
00000d79  SysCtlClockGet                
00000e89  CANMessageGet                 
00000f99  pvPortMalloc                  
000010a1  xTaskResumeAll                
000011ad  ulPortGetIPSR                 
000011c5  xPortPendSVHandler            
00001225  vPortSVCHandler               
00001245  vPortStartFirstTask           
00001261  vPortEnableVFP                
00001271  vTaskSuspend                  
0000133d  slave_transmit_on_task        
00001481  __aeabi_memcpy                
00001481  __aeabi_memcpy4               
00001481  __aeabi_memcpy8               
00001481  memcpy                        
0000151d  vTaskResume                   
000015a9  mailbox_init                  
00001631  button1_task                  
000016b5  lcd_task                      
000017b9  CANIntHandler                 
00001835  Can_init                      
000018b1  __aeabi_memclr                
000018b1  __aeabi_memclr4               
000018b1  __aeabi_memclr8               
000018b3  __aeabi_memset                
000018b3  __aeabi_memset4               
000018b3  __aeabi_memset8               
000018b9  memset                        
0000192d  vTaskDelay                    
000019a5  vTaskSwitchContext            
00001a91  vTaskStartScheduler           
00001b01  vListInsert                   
00001b71  CANBitRateSet                 
00001bdd  IntEnable                     
00001c45  __TI_decompress_lzss          
00001d7d  slave_receive_task            
00001de5  vPortFree                     
00001e4d  reverse_task                  
00001f11  Button_init                   
00001f6d  pxPortInitialiseStack         
00001fc9  LCD_gotoRowColumn             
0000201d  tocken_received_task          
00002071  Slave_init_task               
00002161  GPIOPinConfigure              
000021a9  uxListRemove                  
000021f1  Led_off                       
00002235  Led_on                        
00002279  __TI_auto_init_nobinit_nopinit
000022bd  xPortStartScheduler           
00002301  LCD_displayString             
00002343  CANStatusGet                  
00002385  Led_init                      
000023c5  get_key                       
0000243d  vListInsertEnd                
00002479  CANInit                       
000024b5  _c_int00_noargs               
000024ed  SysCtlPeripheralEnable        
00002521  vListInitialise               
00002551  init_task                     
0000257d  xPortSysTickHandler           
000025a9  GPIODirModeSet                
00002621  vPortEnterCritical            
00002645  CANIntClear                   
00002667  CANIntStatus                  
00002689  vPortExitCritical             
000026a5  GPIOPinTypeGPIOOutput         
000026bd  vPortSetupTimerInterrupt      
000026e9  GPIOPinTypeCAN                
000026fb  GPIOPinTypeGPIOInput          
0000271d  vListInitialiseItem           
0000272d  vTaskSuspendAll               
0000273d  __TI_decompress_none          
0000274b  __TI_zero_init                
00002757  CANEnable                     
0000276b  CANIntEnable                  
00002773  GPIOPinRead                   
00002779  GPIOPinWrite                  
0000277f  ResetISR                      
00002785  _system_pre_init              
00002789  C$$EXIT                       
00002789  abort                         
00002918  ulMaxSyscallInterruptPriority 
00002994  __TI_Handler_Table_Base       
000029a0  __TI_Handler_Table_Limit      
000029a8  __TI_CINIT_Base               
000029b8  __TI_CINIT_Limit              
200076e8  receive_mailbox               
200076fc  send_mailbox                  
20007728  receive_mailbox_buffer        
2000772c  send_mailbox_buffer           
20007730  tocken_task_handle            
20007736  error_flag                    
20007737  receive_flag                  
20007738  tocken                        
20007740  __stack                       
20007940  __STACK_END                   
20007940  __STACK_TOP                   
200079b0  pxCurrentTCB                  
200079e0  send_mailbox_buffer_ptr       
200079e4  receive_mailbox_buffer_ptr    
200079eb  Led_ready                     
200079f4  system_on                     
200079f5  button1_pressed               
200079fc  LCD_ready                     
200079fd  init_flag                     
ffffffff  __TI_pprof_out_hndl           
ffffffff  __TI_prof_data_size           
ffffffff  __TI_prof_data_start          
ffffffff  __binit__                     
ffffffff  __c_args__                    
ffffffff  binit                         
UNDEFED   __mpu_init                    
UNDEFED   _system_post_cinit            

[124 symbols]
