<?xml version="1.0" encoding="ISO-8859-1" ?>
<link_info>
   <banner>TI ARM Linker PC v18.1.1.LTS</banner>
   <copyright>Copyright (c) 1996-2017 Texas Instruments Incorporated</copyright>
   <link_time>0x5cab6d3e</link_time>
   <link_errors>0x0</link_errors>
   <output_file>freertos_demo.out</output_file>
   <entry_point>
      <name>_c_int00_noargs</name>
      <address>0x24b5</address>
   </entry_point>
   <input_file_list>
      <input_file id="fl-2">
         <path>.\</path>
         <kind>object</kind>
         <file>main_can.obj</file>
         <name>main_can.obj</name>
      </input_file>
      <input_file id="fl-3">
         <path>.\</path>
         <kind>object</kind>
         <file>startup_ccs.obj</file>
         <name>startup_ccs.obj</name>
      </input_file>
      <input_file id="fl-4">
         <path>.\Button\</path>
         <kind>object</kind>
         <file>Button.obj</file>
         <name>Button.obj</name>
      </input_file>
      <input_file id="fl-5">
         <path>.\Button1_task\</path>
         <kind>object</kind>
         <file>Button1_task.obj</file>
         <name>Button1_task.obj</name>
      </input_file>
      <input_file id="fl-6">
         <path>.\Can\</path>
         <kind>object</kind>
         <file>can.obj</file>
         <name>can.obj</name>
      </input_file>
      <input_file id="fl-7">
         <path>.\Init_task\</path>
         <kind>object</kind>
         <file>init_task.obj</file>
         <name>init_task.obj</name>
      </input_file>
      <input_file id="fl-8">
         <path>.\LCD\</path>
         <kind>object</kind>
         <file>Lcd.obj</file>
         <name>Lcd.obj</name>
      </input_file>
      <input_file id="fl-9">
         <path>.\LED\</path>
         <kind>object</kind>
         <file>LED.obj</file>
         <name>LED.obj</name>
      </input_file>
      <input_file id="fl-a">
         <path>.\Led1_Task\</path>
         <kind>object</kind>
         <file>led1_task.obj</file>
         <name>led1_task.obj</name>
      </input_file>
      <input_file id="fl-b">
         <path>.\Led2_Task\</path>
         <kind>object</kind>
         <file>led2_task.obj</file>
         <name>led2_task.obj</name>
      </input_file>
      <input_file id="fl-c">
         <path>.\Master_task\</path>
         <kind>object</kind>
         <file>Master_task.obj</file>
         <name>Master_task.obj</name>
      </input_file>
      <input_file id="fl-d">
         <path>.\Slave_task\</path>
         <kind>object</kind>
         <file>Slave_task.obj</file>
         <name>Slave_task.obj</name>
      </input_file>
      <input_file id="fl-e">
         <path>.\third_party\FreeRTOS\Source\</path>
         <kind>object</kind>
         <file>list.obj</file>
         <name>list.obj</name>
      </input_file>
      <input_file id="fl-f">
         <path>.\third_party\FreeRTOS\Source\</path>
         <kind>object</kind>
         <file>queue.obj</file>
         <name>queue.obj</name>
      </input_file>
      <input_file id="fl-10">
         <path>.\third_party\FreeRTOS\Source\</path>
         <kind>object</kind>
         <file>tasks.obj</file>
         <name>tasks.obj</name>
      </input_file>
      <input_file id="fl-11">
         <path>.\third_party\FreeRTOS\Source\portable\CCS\ARM_CM4F\</path>
         <kind>object</kind>
         <file>port.obj</file>
         <name>port.obj</name>
      </input_file>
      <input_file id="fl-12">
         <path>.\third_party\FreeRTOS\Source\portable\CCS\ARM_CM4F\</path>
         <kind>object</kind>
         <file>portasm.obj</file>
         <name>portasm.obj</name>
      </input_file>
      <input_file id="fl-13">
         <path>.\third_party\FreeRTOS\Source\portable\MemMang\</path>
         <kind>object</kind>
         <file>heap_2.obj</file>
         <name>heap_2.obj</name>
      </input_file>
      <input_file id="fl-14">
         <path>.\utils\</path>
         <kind>object</kind>
         <file>uartstdio.obj</file>
         <name>uartstdio.obj</name>
      </input_file>
      <input_file id="fl-15">
         <path>.\utils\</path>
         <kind>object</kind>
         <file>ustdlib.obj</file>
         <name>ustdlib.obj</name>
      </input_file>
      <input_file id="fl-1a">
         <kind>object</kind>
         <file>&lt;internal&gt;</file>
         <name>&lt;internal&gt;</name>
      </input_file>
      <input_file id="fl-d0">
         <path>C:\ti\ccsv8\tools\compiler\ti-cgt-arm_18.1.1.LTS\lib\</path>
         <kind>archive</kind>
         <file>rtsv7M4_T_le_v4SPD16_eabi.lib</file>
         <name>u_divt2.asm.obj</name>
      </input_file>
      <input_file id="fl-d1">
         <path>C:\ti\ccsv8\tools\compiler\ti-cgt-arm_18.1.1.LTS\lib\</path>
         <kind>archive</kind>
         <file>rtsv7M4_T_le_v4SPD16_eabi.lib</file>
         <name>memcpy_t2.asm.obj</name>
      </input_file>
      <input_file id="fl-d2">
         <path>C:\ti\ccsv8\tools\compiler\ti-cgt-arm_18.1.1.LTS\lib\</path>
         <kind>archive</kind>
         <file>rtsv7M4_T_le_v4SPD16_eabi.lib</file>
         <name>memset_t2.asm.obj</name>
      </input_file>
      <input_file id="fl-d3">
         <path>C:\ti\ccsv8\tools\compiler\ti-cgt-arm_18.1.1.LTS\lib\</path>
         <kind>archive</kind>
         <file>rtsv7M4_T_le_v4SPD16_eabi.lib</file>
         <name>copy_zero_init.c.obj</name>
      </input_file>
      <input_file id="fl-d4">
         <path>C:\ti\ccsv8\tools\compiler\ti-cgt-arm_18.1.1.LTS\lib\</path>
         <kind>archive</kind>
         <file>rtsv7M4_T_le_v4SPD16_eabi.lib</file>
         <name>copy_decompress_none.c.obj</name>
      </input_file>
      <input_file id="fl-d5">
         <path>C:\ti\ccsv8\tools\compiler\ti-cgt-arm_18.1.1.LTS\lib\</path>
         <kind>archive</kind>
         <file>rtsv7M4_T_le_v4SPD16_eabi.lib</file>
         <name>copy_decompress_lzss.c.obj</name>
      </input_file>
      <input_file id="fl-d6">
         <path>C:\ti\ccsv8\tools\compiler\ti-cgt-arm_18.1.1.LTS\lib\</path>
         <kind>archive</kind>
         <file>rtsv7M4_T_le_v4SPD16_eabi.lib</file>
         <name>boot_cortex_m.c.obj</name>
      </input_file>
      <input_file id="fl-d7">
         <path>C:\ti\ccsv8\tools\compiler\ti-cgt-arm_18.1.1.LTS\lib\</path>
         <kind>archive</kind>
         <file>rtsv7M4_T_le_v4SPD16_eabi.lib</file>
         <name>exit.c.obj</name>
      </input_file>
      <input_file id="fl-d8">
         <path>C:\ti\ccsv8\tools\compiler\ti-cgt-arm_18.1.1.LTS\lib\</path>
         <kind>archive</kind>
         <file>rtsv7M4_T_le_v4SPD16_eabi.lib</file>
         <name>_lock.c.obj</name>
      </input_file>
      <input_file id="fl-d9">
         <path>C:\ti\ccsv8\tools\compiler\ti-cgt-arm_18.1.1.LTS\lib\</path>
         <kind>archive</kind>
         <file>rtsv7M4_T_le_v4SPD16_eabi.lib</file>
         <name>args_main.c.obj</name>
      </input_file>
      <input_file id="fl-da">
         <path>C:\ti\ccsv8\tools\compiler\ti-cgt-arm_18.1.1.LTS\lib\</path>
         <kind>archive</kind>
         <file>rtsv7M4_T_le_v4SPD16_eabi.lib</file>
         <name>div0.asm.obj</name>
      </input_file>
      <input_file id="fl-db">
         <path>C:\ti\ccsv8\tools\compiler\ti-cgt-arm_18.1.1.LTS\lib\</path>
         <kind>archive</kind>
         <file>rtsv7M4_T_le_v4SPD16_eabi.lib</file>
         <name>autoinit.c.obj</name>
      </input_file>
      <input_file id="fl-dc">
         <path>C:\ti\ccsv8\tools\compiler\ti-cgt-arm_18.1.1.LTS\lib\</path>
         <kind>archive</kind>
         <file>rtsv7M4_T_le_v4SPD16_eabi.lib</file>
         <name>pre_init.c.obj</name>
      </input_file>
      <input_file id="fl-dd">
         <path>C:\ti\ccsv8\tools\compiler\ti-cgt-arm_18.1.1.LTS\lib\</path>
         <kind>archive</kind>
         <file>rtsv7M4_T_le_v4SPD16_eabi.lib</file>
         <name>cpy_tbl.c.obj</name>
      </input_file>
      <input_file id="fl-de">
         <path>C:\ti\TivaWare_C_Series-2.1.4.178\driverlib\ccs\Debug\</path>
         <kind>archive</kind>
         <file>driverlib.lib</file>
         <name>can.obj</name>
      </input_file>
      <input_file id="fl-df">
         <path>C:\ti\TivaWare_C_Series-2.1.4.178\driverlib\ccs\Debug\</path>
         <kind>archive</kind>
         <file>driverlib.lib</file>
         <name>gpio.obj</name>
      </input_file>
      <input_file id="fl-e0">
         <path>C:\ti\TivaWare_C_Series-2.1.4.178\driverlib\ccs\Debug\</path>
         <kind>archive</kind>
         <file>driverlib.lib</file>
         <name>interrupt.obj</name>
      </input_file>
      <input_file id="fl-e1">
         <path>C:\ti\TivaWare_C_Series-2.1.4.178\driverlib\ccs\Debug\</path>
         <kind>archive</kind>
         <file>driverlib.lib</file>
         <name>sysctl.obj</name>
      </input_file>
      <input_file id="fl-e2">
         <path>C:\ti\TivaWare_C_Series-2.1.4.178\driverlib\ccs\Debug\</path>
         <kind>archive</kind>
         <file>driverlib.lib</file>
         <name>cpu.obj</name>
      </input_file>
   </input_file_list>
   <object_component_list>
      <object_component id="oc-f">
         <name>.intvecs</name>
         <load_address>0x0</load_address>
         <run_address>0x0</run_address>
         <size>0x26c</size>
         <input_file_ref idref="fl-3"/>
      </object_component>
      <object_component id="oc-2a3">
         <name>.text:LCD_displayChar</name>
         <load_address>0x26c</load_address>
         <run_address>0x26c</run_address>
         <size>0x1cc</size>
         <input_file_ref idref="fl-8"/>
      </object_component>
      <object_component id="oc-36f">
         <name>.text:LCD_sendCommand</name>
         <load_address>0x438</load_address>
         <run_address>0x438</run_address>
         <size>0x1bc</size>
         <input_file_ref idref="fl-8"/>
      </object_component>
      <object_component id="oc-e9">
         <name>.text:main</name>
         <load_address>0x5f4</load_address>
         <run_address>0x5f4</run_address>
         <size>0x190</size>
         <input_file_ref idref="fl-2"/>
      </object_component>
      <object_component id="oc-9e">
         <name>.text:xTaskIncrementTick</name>
         <load_address>0x784</load_address>
         <run_address>0x784</run_address>
         <size>0x144</size>
         <input_file_ref idref="fl-10"/>
      </object_component>
      <object_component id="oc-151">
         <name>.text:xTaskGenericCreate</name>
         <load_address>0x8c8</load_address>
         <run_address>0x8c8</run_address>
         <size>0x138</size>
         <input_file_ref idref="fl-10"/>
      </object_component>
      <object_component id="oc-26c">
         <name>.text:CANMessageSet</name>
         <load_address>0xa00</load_address>
         <run_address>0xa00</run_address>
         <size>0x136</size>
         <input_file_ref idref="fl-de"/>
      </object_component>
      <object_component id="oc-361">
         <name>.text:GPIOPadConfigSet</name>
         <load_address>0xb36</load_address>
         <run_address>0xb36</run_address>
         <size>0x132</size>
         <input_file_ref idref="fl-df"/>
      </object_component>
      <object_component id="oc-24a">
         <name>.text:LCD_init</name>
         <load_address>0xc68</load_address>
         <run_address>0xc68</run_address>
         <size>0x110</size>
         <input_file_ref idref="fl-8"/>
      </object_component>
      <object_component id="oc-33c">
         <name>.text:SysCtlClockGet</name>
         <load_address>0xd78</load_address>
         <run_address>0xd78</run_address>
         <size>0x110</size>
         <input_file_ref idref="fl-e1"/>
      </object_component>
      <object_component id="oc-27b">
         <name>.text:CANMessageGet</name>
         <load_address>0xe88</load_address>
         <run_address>0xe88</run_address>
         <size>0x10e</size>
         <input_file_ref idref="fl-de"/>
      </object_component>
      <object_component id="oc-30">
         <name>.text:FaultISR</name>
         <load_address>0xf96</load_address>
         <run_address>0xf96</run_address>
         <size>0x2</size>
         <input_file_ref idref="fl-3"/>
      </object_component>
      <object_component id="oc-2d6">
         <name>.text:pvPortMalloc</name>
         <load_address>0xf98</load_address>
         <run_address>0xf98</run_address>
         <size>0x108</size>
         <input_file_ref idref="fl-13"/>
      </object_component>
      <object_component id="oc-394">
         <name>.text:xTaskResumeAll</name>
         <load_address>0x10a0</load_address>
         <run_address>0x10a0</run_address>
         <size>0xfc</size>
         <input_file_ref idref="fl-10"/>
      </object_component>
      <object_component id="oc-3c">
         <name>.text</name>
         <load_address>0x119c</load_address>
         <run_address>0x119c</run_address>
         <size>0xd2</size>
         <input_file_ref idref="fl-12"/>
      </object_component>
      <object_component id="oc-36">
         <name>.text:IntDefaultHandler</name>
         <load_address>0x126e</load_address>
         <run_address>0x126e</run_address>
         <size>0x2</size>
         <input_file_ref idref="fl-3"/>
      </object_component>
      <object_component id="oc-250">
         <name>.text:vTaskSuspend</name>
         <load_address>0x1270</load_address>
         <run_address>0x1270</run_address>
         <size>0xcc</size>
         <input_file_ref idref="fl-10"/>
      </object_component>
      <object_component id="oc-16f">
         <name>.text:slave_transmit_on_task</name>
         <load_address>0x133c</load_address>
         <run_address>0x133c</run_address>
         <size>0xa8</size>
         <input_file_ref idref="fl-d"/>
      </object_component>
      <object_component id="oc-206">
         <name>.text:prvInitialiseTCBVariables</name>
         <load_address>0x13e4</load_address>
         <run_address>0x13e4</run_address>
         <size>0x9c</size>
         <input_file_ref idref="fl-10"/>
      </object_component>
      <object_component id="oc-5b">
         <name>.text</name>
         <load_address>0x1480</load_address>
         <run_address>0x1480</run_address>
         <size>0x9c</size>
         <input_file_ref idref="fl-d1"/>
      </object_component>
      <object_component id="oc-281">
         <name>.text:vTaskResume</name>
         <load_address>0x151c</load_address>
         <run_address>0x151c</run_address>
         <size>0x8c</size>
         <input_file_ref idref="fl-10"/>
      </object_component>
      <object_component id="oc-244">
         <name>.text:mailbox_init</name>
         <load_address>0x15a8</load_address>
         <run_address>0x15a8</run_address>
         <size>0x88</size>
         <input_file_ref idref="fl-d"/>
      </object_component>
      <object_component id="oc-163">
         <name>.text:button1_task</name>
         <load_address>0x1630</load_address>
         <run_address>0x1630</run_address>
         <size>0x84</size>
         <input_file_ref idref="fl-5"/>
      </object_component>
      <object_component id="oc-182">
         <name>.text:lcd_task</name>
         <load_address>0x16b4</load_address>
         <run_address>0x16b4</run_address>
         <size>0x84</size>
         <input_file_ref idref="fl-d"/>
      </object_component>
      <object_component id="oc-2a9">
         <name>.text:LCD_displayData</name>
         <load_address>0x1738</load_address>
         <run_address>0x1738</run_address>
         <size>0x7e</size>
         <input_file_ref idref="fl-d"/>
      </object_component>
      <object_component id="oc-2a">
         <name>.text:NmiSR</name>
         <load_address>0x17b6</load_address>
         <run_address>0x17b6</run_address>
         <size>0x2</size>
         <input_file_ref idref="fl-3"/>
      </object_component>
      <object_component id="oc-47">
         <name>.text:CANIntHandler</name>
         <load_address>0x17b8</load_address>
         <run_address>0x17b8</run_address>
         <size>0x7c</size>
         <input_file_ref idref="fl-6"/>
      </object_component>
      <object_component id="oc-238">
         <name>.text:Can_init</name>
         <load_address>0x1834</load_address>
         <run_address>0x1834</run_address>
         <size>0x7c</size>
         <input_file_ref idref="fl-6"/>
      </object_component>
      <object_component id="oc-dd">
         <name>.text</name>
         <load_address>0x18b0</load_address>
         <run_address>0x18b0</run_address>
         <size>0x7a</size>
         <input_file_ref idref="fl-d2"/>
      </object_component>
      <object_component id="oc-261">
         <name>.text:vTaskDelay</name>
         <load_address>0x192c</load_address>
         <run_address>0x192c</run_address>
         <size>0x78</size>
         <input_file_ref idref="fl-10"/>
      </object_component>
      <object_component id="oc-97">
         <name>.text:vTaskSwitchContext</name>
         <load_address>0x19a4</load_address>
         <run_address>0x19a4</run_address>
         <size>0x78</size>
         <input_file_ref idref="fl-10"/>
      </object_component>
      <object_component id="oc-218">
         <name>.text:prvInitialiseTaskLists</name>
         <load_address>0x1a1c</load_address>
         <run_address>0x1a1c</run_address>
         <size>0x74</size>
         <input_file_ref idref="fl-10"/>
      </object_component>
      <object_component id="oc-157">
         <name>.text:vTaskStartScheduler</name>
         <load_address>0x1a90</load_address>
         <run_address>0x1a90</run_address>
         <size>0x70</size>
         <input_file_ref idref="fl-10"/>
      </object_component>
      <object_component id="oc-439">
         <name>.text:vListInsert</name>
         <load_address>0x1b00</load_address>
         <run_address>0x1b00</run_address>
         <size>0x6e</size>
         <input_file_ref idref="fl-e"/>
      </object_component>
      <object_component id="oc-342">
         <name>.text:CANBitRateSet</name>
         <load_address>0x1b70</load_address>
         <run_address>0x1b70</run_address>
         <size>0x6c</size>
         <input_file_ref idref="fl-de"/>
      </object_component>
      <object_component id="oc-34e">
         <name>.text:IntEnable</name>
         <load_address>0x1bdc</load_address>
         <run_address>0x1bdc</run_address>
         <size>0x68</size>
         <input_file_ref idref="fl-e0"/>
      </object_component>
      <object_component id="oc-12">
         <name>.text:decompress:lzss:__TI_decompress_lzss</name>
         <load_address>0x1c44</load_address>
         <run_address>0x1c44</run_address>
         <size>0x68</size>
         <input_file_ref idref="fl-d5"/>
      </object_component>
      <object_component id="oc-38e">
         <name>.text:prvAddCurrentTaskToDelayedList</name>
         <load_address>0x1cac</load_address>
         <run_address>0x1cac</run_address>
         <size>0x68</size>
         <input_file_ref idref="fl-10"/>
      </object_component>
      <object_component id="oc-313">
         <name>.text:prvCheckTasksWaitingTermination</name>
         <load_address>0x1d14</load_address>
         <run_address>0x1d14</run_address>
         <size>0x68</size>
         <input_file_ref idref="fl-10"/>
      </object_component>
      <object_component id="oc-175">
         <name>.text:slave_receive_task</name>
         <load_address>0x1d7c</load_address>
         <run_address>0x1d7c</run_address>
         <size>0x68</size>
         <input_file_ref idref="fl-d"/>
      </object_component>
      <object_component id="oc-2dc">
         <name>.text:vPortFree</name>
         <load_address>0x1de4</load_address>
         <run_address>0x1de4</run_address>
         <size>0x68</size>
         <input_file_ref idref="fl-13"/>
      </object_component>
      <object_component id="oc-188">
         <name>.text:reverse_task</name>
         <load_address>0x1e4c</load_address>
         <run_address>0x1e4c</run_address>
         <size>0x64</size>
         <input_file_ref idref="fl-d"/>
      </object_component>
      <object_component id="oc-200">
         <name>.text:prvAllocateTCBAndStack</name>
         <load_address>0x1eb0</load_address>
         <run_address>0x1eb0</run_address>
         <size>0x5e</size>
         <input_file_ref idref="fl-10"/>
      </object_component>
      <object_component id="oc-23e">
         <name>.text:Button_init</name>
         <load_address>0x1f10</load_address>
         <run_address>0x1f10</run_address>
         <size>0x5c</size>
         <input_file_ref idref="fl-4"/>
      </object_component>
      <object_component id="oc-20c">
         <name>.text:pxPortInitialiseStack</name>
         <load_address>0x1f6c</load_address>
         <run_address>0x1f6c</run_address>
         <size>0x5c</size>
         <input_file_ref idref="fl-11"/>
      </object_component>
      <object_component id="oc-297">
         <name>.text:LCD_gotoRowColumn</name>
         <load_address>0x1fc8</load_address>
         <run_address>0x1fc8</run_address>
         <size>0x54</size>
         <input_file_ref idref="fl-8"/>
      </object_component>
      <object_component id="oc-17c">
         <name>.text:tocken_received_task</name>
         <load_address>0x201c</load_address>
         <run_address>0x201c</run_address>
         <size>0x54</size>
         <input_file_ref idref="fl-d"/>
      </object_component>
      <object_component id="oc-169">
         <name>.text:Slave_init_task</name>
         <load_address>0x2070</load_address>
         <run_address>0x2070</run_address>
         <size>0x50</size>
         <input_file_ref idref="fl-d"/>
      </object_component>
      <object_component id="oc-3e5">
         <name>.text:prvHeapInit</name>
         <load_address>0x20c0</load_address>
         <run_address>0x20c0</run_address>
         <size>0x50</size>
         <input_file_ref idref="fl-13"/>
      </object_component>
      <object_component id="oc-3b3">
         <name>.text:prvTaskIsTaskSuspended</name>
         <load_address>0x2110</load_address>
         <run_address>0x2110</run_address>
         <size>0x50</size>
         <input_file_ref idref="fl-10"/>
      </object_component>
      <object_component id="oc-32a">
         <name>.text:GPIOPinConfigure</name>
         <load_address>0x2160</load_address>
         <run_address>0x2160</run_address>
         <size>0x48</size>
         <input_file_ref idref="fl-df"/>
      </object_component>
      <object_component id="oc-110">
         <name>.text:uxListRemove</name>
         <load_address>0x21a8</load_address>
         <run_address>0x21a8</run_address>
         <size>0x48</size>
         <input_file_ref idref="fl-e"/>
      </object_component>
      <object_component id="oc-28f">
         <name>.text:Led_off</name>
         <load_address>0x21f0</load_address>
         <run_address>0x21f0</run_address>
         <size>0x44</size>
         <input_file_ref idref="fl-9"/>
      </object_component>
      <object_component id="oc-289">
         <name>.text:Led_on</name>
         <load_address>0x2234</load_address>
         <run_address>0x2234</run_address>
         <size>0x44</size>
         <input_file_ref idref="fl-9"/>
      </object_component>
      <object_component id="oc-19b">
         <name>.text:__TI_auto_init_nobinit_nopinit:__TI_auto_init_nobinit_nopinit</name>
         <load_address>0x2278</load_address>
         <run_address>0x2278</run_address>
         <size>0x44</size>
         <input_file_ref idref="fl-db"/>
      </object_component>
      <object_component id="oc-225">
         <name>.text:xPortStartScheduler</name>
         <load_address>0x22bc</load_address>
         <run_address>0x22bc</run_address>
         <size>0x44</size>
         <input_file_ref idref="fl-11"/>
      </object_component>
      <object_component id="oc-29d">
         <name>.text:LCD_displayString</name>
         <load_address>0x2300</load_address>
         <run_address>0x2300</run_address>
         <size>0x42</size>
         <input_file_ref idref="fl-8"/>
      </object_component>
      <object_component id="oc-ab">
         <name>.text:CANStatusGet</name>
         <load_address>0x2342</load_address>
         <run_address>0x2342</run_address>
         <size>0x40</size>
         <input_file_ref idref="fl-de"/>
      </object_component>
      <object_component id="oc-232">
         <name>.text:Led_init</name>
         <load_address>0x2384</load_address>
         <run_address>0x2384</run_address>
         <size>0x40</size>
         <input_file_ref idref="fl-9"/>
      </object_component>
      <object_component id="oc-25b">
         <name>.text:get_key</name>
         <load_address>0x23c4</load_address>
         <run_address>0x23c4</run_address>
         <size>0x3c</size>
         <input_file_ref idref="fl-4"/>
      </object_component>
      <object_component id="oc-10a">
         <name>.text:prvResetNextTaskUnblockTime</name>
         <load_address>0x2400</load_address>
         <run_address>0x2400</run_address>
         <size>0x3c</size>
         <input_file_ref idref="fl-10"/>
      </object_component>
      <object_component id="oc-116">
         <name>.text:vListInsertEnd</name>
         <load_address>0x243c</load_address>
         <run_address>0x243c</run_address>
         <size>0x3c</size>
         <input_file_ref idref="fl-e"/>
      </object_component>
      <object_component id="oc-336">
         <name>.text:CANInit</name>
         <load_address>0x2478</load_address>
         <run_address>0x2478</run_address>
         <size>0x3a</size>
         <input_file_ref idref="fl-de"/>
      </object_component>
      <object_component id="oc-79">
         <name>.text:_c_int00_noargs:_c_int00_noargs</name>
         <load_address>0x24b4</load_address>
         <run_address>0x24b4</run_address>
         <size>0x38</size>
         <input_file_ref idref="fl-d6"/>
      </object_component>
      <object_component id="oc-31a">
         <name>.text:SysCtlPeripheralEnable</name>
         <load_address>0x24ec</load_address>
         <run_address>0x24ec</run_address>
         <size>0x34</size>
         <input_file_ref idref="fl-e1"/>
      </object_component>
      <object_component id="oc-2f5">
         <name>.text:vListInitialise</name>
         <load_address>0x2520</load_address>
         <run_address>0x2520</run_address>
         <size>0x30</size>
         <input_file_ref idref="fl-e"/>
      </object_component>
      <object_component id="oc-15d">
         <name>.text:init_task</name>
         <load_address>0x2550</load_address>
         <run_address>0x2550</run_address>
         <size>0x2c</size>
         <input_file_ref idref="fl-7"/>
      </object_component>
      <object_component id="oc-41">
         <name>.text:xPortSysTickHandler</name>
         <load_address>0x257c</load_address>
         <run_address>0x257c</run_address>
         <size>0x2c</size>
         <input_file_ref idref="fl-11"/>
      </object_component>
      <object_component id="oc-410">
         <name>.text:GPIODirModeSet</name>
         <load_address>0x25a8</load_address>
         <run_address>0x25a8</run_address>
         <size>0x2a</size>
         <input_file_ref idref="fl-df"/>
      </object_component>
      <object_component id="oc-3ac">
         <name>.text:_CANDataRegRead</name>
         <load_address>0x25d2</load_address>
         <run_address>0x25d2</run_address>
         <size>0x2a</size>
         <input_file_ref idref="fl-de"/>
      </object_component>
      <object_component id="oc-39f">
         <name>.text:_CANDataRegWrite</name>
         <load_address>0x25fc</load_address>
         <run_address>0x25fc</run_address>
         <size>0x24</size>
         <input_file_ref idref="fl-de"/>
      </object_component>
      <object_component id="oc-212">
         <name>.text:vPortEnterCritical</name>
         <load_address>0x2620</load_address>
         <run_address>0x2620</run_address>
         <size>0x24</size>
         <input_file_ref idref="fl-11"/>
      </object_component>
      <object_component id="oc-b1">
         <name>.text:CANIntClear</name>
         <load_address>0x2644</load_address>
         <run_address>0x2644</run_address>
         <size>0x22</size>
         <input_file_ref idref="fl-de"/>
      </object_component>
      <object_component id="oc-a5">
         <name>.text:CANIntStatus</name>
         <load_address>0x2666</load_address>
         <run_address>0x2666</run_address>
         <size>0x20</size>
         <input_file_ref idref="fl-de"/>
      </object_component>
      <object_component id="oc-21e">
         <name>.text:vPortExitCritical</name>
         <load_address>0x2688</load_address>
         <run_address>0x2688</run_address>
         <size>0x1c</size>
         <input_file_ref idref="fl-11"/>
      </object_component>
      <object_component id="oc-320">
         <name>.text:GPIOPinTypeGPIOOutput</name>
         <load_address>0x26a4</load_address>
         <run_address>0x26a4</run_address>
         <size>0x18</size>
         <input_file_ref idref="fl-df"/>
      </object_component>
      <object_component id="oc-30c">
         <name>.text:vPortSetupTimerInterrupt</name>
         <load_address>0x26bc</load_address>
         <run_address>0x26bc</run_address>
         <size>0x18</size>
         <input_file_ref idref="fl-11"/>
      </object_component>
      <object_component id="oc-407">
         <name>.text:prvDeleteTCB</name>
         <load_address>0x26d4</load_address>
         <run_address>0x26d4</run_address>
         <size>0x14</size>
         <input_file_ref idref="fl-10"/>
      </object_component>
      <object_component id="oc-330">
         <name>.text:GPIOPinTypeCAN</name>
         <load_address>0x26e8</load_address>
         <run_address>0x26e8</run_address>
         <size>0x12</size>
         <input_file_ref idref="fl-df"/>
      </object_component>
      <object_component id="oc-35b">
         <name>.text:GPIOPinTypeGPIOInput</name>
         <load_address>0x26fa</load_address>
         <run_address>0x26fa</run_address>
         <size>0x12</size>
         <input_file_ref idref="fl-df"/>
      </object_component>
      <object_component id="oc-2ea">
         <name>.text:prvTaskExitError</name>
         <load_address>0x270c</load_address>
         <run_address>0x270c</run_address>
         <size>0x10</size>
         <input_file_ref idref="fl-11"/>
      </object_component>
      <object_component id="oc-2e3">
         <name>.text:vListInitialiseItem</name>
         <load_address>0x271c</load_address>
         <run_address>0x271c</run_address>
         <size>0x10</size>
         <input_file_ref idref="fl-e"/>
      </object_component>
      <object_component id="oc-388">
         <name>.text:vTaskSuspendAll</name>
         <load_address>0x272c</load_address>
         <run_address>0x272c</run_address>
         <size>0x10</size>
         <input_file_ref idref="fl-10"/>
      </object_component>
      <object_component id="oc-18">
         <name>.text:decompress:none:__TI_decompress_none</name>
         <load_address>0x273c</load_address>
         <run_address>0x273c</run_address>
         <size>0xe</size>
         <input_file_ref idref="fl-d4"/>
      </object_component>
      <object_component id="oc-6d">
         <name>.text:decompress:ZI:__TI_zero_init</name>
         <load_address>0x274a</load_address>
         <run_address>0x274a</run_address>
         <size>0xc</size>
         <input_file_ref idref="fl-d3"/>
      </object_component>
      <object_component id="oc-354">
         <name>.text:CANEnable</name>
         <load_address>0x2756</load_address>
         <run_address>0x2756</run_address>
         <size>0xa</size>
         <input_file_ref idref="fl-de"/>
      </object_component>
      <object_component id="oc-22b">
         <name>.text:prvIdleTask</name>
         <load_address>0x2760</load_address>
         <run_address>0x2760</run_address>
         <size>0xa</size>
         <input_file_ref idref="fl-10"/>
      </object_component>
      <object_component id="oc-348">
         <name>.text:CANIntEnable</name>
         <load_address>0x276a</load_address>
         <run_address>0x276a</run_address>
         <size>0x8</size>
         <input_file_ref idref="fl-de"/>
      </object_component>
      <object_component id="oc-37e">
         <name>.text:GPIOPinRead</name>
         <load_address>0x2772</load_address>
         <run_address>0x2772</run_address>
         <size>0x6</size>
         <input_file_ref idref="fl-df"/>
      </object_component>
      <object_component id="oc-369">
         <name>.text:GPIOPinWrite</name>
         <load_address>0x2778</load_address>
         <run_address>0x2778</run_address>
         <size>0x6</size>
         <input_file_ref idref="fl-df"/>
      </object_component>
      <object_component id="oc-24">
         <name>.text:ResetISR</name>
         <load_address>0x277e</load_address>
         <run_address>0x277e</run_address>
         <size>0x6</size>
         <input_file_ref idref="fl-3"/>
      </object_component>
      <object_component id="oc-e3">
         <name>.text:_system_pre_init</name>
         <load_address>0x2784</load_address>
         <run_address>0x2784</run_address>
         <size>0x4</size>
         <input_file_ref idref="fl-dc"/>
      </object_component>
      <object_component id="oc-18f">
         <name>.text:abort:abort</name>
         <load_address>0x2788</load_address>
         <run_address>0x2788</run_address>
         <size>0x4</size>
         <input_file_ref idref="fl-d7"/>
      </object_component>
      <object_component id="oc-41a">
         <name>.const:g_pui32GPIOBaseAddrs</name>
         <load_address>0x278c</load_address>
         <run_address>0x278c</run_address>
         <size>0x90</size>
         <input_file_ref idref="fl-df"/>
      </object_component>
      <object_component id="oc-429">
         <name>.const</name>
         <load_address>0x281c</load_address>
         <run_address>0x281c</run_address>
         <size>0x70</size>
         <input_file_ref idref="fl-e0"/>
      </object_component>
      <object_component id="oc-420">
         <name>.const:g_pui32Xtals</name>
         <load_address>0x288c</load_address>
         <run_address>0x288c</run_address>
         <size>0x6c</size>
         <input_file_ref idref="fl-e1"/>
      </object_component>
      <object_component id="oc-424">
         <name>.const</name>
         <load_address>0x28f8</load_address>
         <run_address>0x28f8</run_address>
         <size>0x20</size>
         <input_file_ref idref="fl-de"/>
      </object_component>
      <object_component id="oc-94">
         <name>.const</name>
         <load_address>0x2918</load_address>
         <run_address>0x2918</run_address>
         <size>0x4</size>
         <input_file_ref idref="fl-11"/>
      </object_component>
      <object_component id="oc-4a7">
         <name>.cinit..data.load</name>
         <load_address>0x2920</load_address>
         <run_address>0x2920</run_address>
         <size>0x74</size>
      </object_component>
      <object_component id="oc-4a5">
         <name>__TI_handler_table</name>
         <load_address>0x2994</load_address>
         <run_address>0x2994</run_address>
         <size>0xc</size>
      </object_component>
      <object_component id="oc-4a8">
         <name>.cinit..bss.load</name>
         <load_address>0x29a0</load_address>
         <run_address>0x29a0</run_address>
         <size>0x8</size>
      </object_component>
      <object_component id="oc-4a6">
         <name>__TI_cinit_table</name>
         <load_address>0x29a8</load_address>
         <run_address>0x29a8</run_address>
         <size>0x10</size>
      </object_component>
      <object_component id="oc-267">
         <name>.data</name>
         <load_address>0x200079f4</load_address>
         <run_address>0x200079f4</run_address>
         <size>0x4</size>
         <input_file_ref idref="fl-5"/>
      </object_component>
      <object_component id="oc-256">
         <name>.data</name>
         <load_address>0x200079fd</load_address>
         <run_address>0x200079fd</run_address>
         <size>0x1</size>
         <input_file_ref idref="fl-7"/>
      </object_component>
      <object_component id="oc-375">
         <name>.data</name>
         <load_address>0x200079fc</load_address>
         <run_address>0x200079fc</run_address>
         <size>0x1</size>
         <input_file_ref idref="fl-8"/>
      </object_component>
      <object_component id="oc-326">
         <name>.data</name>
         <load_address>0x200079eb</load_address>
         <run_address>0x200079eb</run_address>
         <size>0x1</size>
         <input_file_ref idref="fl-9"/>
      </object_component>
      <object_component id="oc-272">
         <name>.data</name>
         <load_address>0x200079e0</load_address>
         <run_address>0x200079e0</run_address>
         <size>0xb</size>
         <input_file_ref idref="fl-d"/>
      </object_component>
      <object_component id="oc-2af">
         <name>.data:massages</name>
         <load_address>0x20007940</load_address>
         <run_address>0x20007940</run_address>
         <size>0x70</size>
         <input_file_ref idref="fl-d"/>
      </object_component>
      <object_component id="oc-91">
         <name>.data</name>
         <load_address>0x200079b0</load_address>
         <run_address>0x200079b0</run_address>
         <size>0x30</size>
         <input_file_ref idref="fl-10"/>
      </object_component>
      <object_component id="oc-2f1">
         <name>.data</name>
         <load_address>0x200079f8</load_address>
         <run_address>0x200079f8</run_address>
         <size>0x4</size>
         <input_file_ref idref="fl-11"/>
      </object_component>
      <object_component id="oc-3eb">
         <name>.data</name>
         <load_address>0x200079ec</load_address>
         <run_address>0x200079ec</run_address>
         <size>0x8</size>
         <input_file_ref idref="fl-13"/>
      </object_component>
      <object_component id="oc-384">
         <name>.bss</name>
         <uninitialized>true</uninitialized>
         <run_address>0x20007734</run_address>
         <size>0x1</size>
         <input_file_ref idref="fl-4"/>
      </object_component>
      <object_component id="oc-3bf">
         <name>.bss</name>
         <uninitialized>true</uninitialized>
         <run_address>0x20007670</run_address>
         <size>0x14</size>
         <input_file_ref idref="fl-8"/>
      </object_component>
      <object_component id="oc-279">
         <name>.bss</name>
         <uninitialized>true</uninitialized>
         <run_address>0x20007735</run_address>
         <size>0x1</size>
         <input_file_ref idref="fl-d"/>
      </object_component>
      <object_component id="oc-106">
         <name>.bss:pxReadyTasksLists</name>
         <uninitialized>true</uninitialized>
         <run_address>0x20007530</run_address>
         <size>0x140</size>
         <input_file_ref idref="fl-10"/>
      </object_component>
      <object_component id="oc-2fb">
         <name>.bss:xDelayedTaskList1</name>
         <uninitialized>true</uninitialized>
         <run_address>0x20007684</run_address>
         <size>0x14</size>
         <input_file_ref idref="fl-10"/>
      </object_component>
      <object_component id="oc-2fe">
         <name>.bss:xDelayedTaskList2</name>
         <uninitialized>true</uninitialized>
         <run_address>0x20007698</run_address>
         <size>0x14</size>
         <input_file_ref idref="fl-10"/>
      </object_component>
      <object_component id="oc-11c">
         <name>.bss</name>
         <uninitialized>true</uninitialized>
         <run_address>0x20007710</run_address>
         <size>0x8</size>
         <input_file_ref idref="fl-10"/>
      </object_component>
      <object_component id="oc-301">
         <name>.bss:xPendingReadyList</name>
         <uninitialized>true</uninitialized>
         <run_address>0x200076ac</run_address>
         <size>0x14</size>
         <input_file_ref idref="fl-10"/>
      </object_component>
      <object_component id="oc-304">
         <name>.bss:xTasksWaitingTermination</name>
         <uninitialized>true</uninitialized>
         <run_address>0x200076d4</run_address>
         <size>0x14</size>
         <input_file_ref idref="fl-10"/>
      </object_component>
      <object_component id="oc-307">
         <name>.bss:xSuspendedTaskList</name>
         <uninitialized>true</uninitialized>
         <run_address>0x200076c0</run_address>
         <size>0x14</size>
         <input_file_ref idref="fl-10"/>
      </object_component>
      <object_component id="oc-455">
         <name>.bss:ucHeap</name>
         <uninitialized>true</uninitialized>
         <run_address>0x20000000</run_address>
         <size>0x7530</size>
         <input_file_ref idref="fl-13"/>
      </object_component>
      <object_component id="oc-3ee">
         <name>.bss:xStart</name>
         <uninitialized>true</uninitialized>
         <run_address>0x20007720</run_address>
         <size>0x8</size>
         <input_file_ref idref="fl-13"/>
      </object_component>
      <object_component id="oc-3f1">
         <name>.bss:xEnd</name>
         <uninitialized>true</uninitialized>
         <run_address>0x20007718</run_address>
         <size>0x8</size>
         <input_file_ref idref="fl-13"/>
      </object_component>
      <object_component id="oc-17b">
         <name>.common:tocken_task_handle</name>
         <uninitialized>true</uninitialized>
         <run_address>0x20007730</run_address>
         <size>0x4</size>
      </object_component>
      <object_component id="oc-b7">
         <name>.common:error_flag</name>
         <uninitialized>true</uninitialized>
         <run_address>0x20007736</run_address>
         <size>0x1</size>
      </object_component>
      <object_component id="oc-ba">
         <name>.common:receive_flag</name>
         <uninitialized>true</uninitialized>
         <run_address>0x20007737</run_address>
         <size>0x1</size>
      </object_component>
      <object_component id="oc-275">
         <name>.common:send_mailbox</name>
         <uninitialized>true</uninitialized>
         <run_address>0x200076fc</run_address>
         <size>0x14</size>
      </object_component>
      <object_component id="oc-287">
         <name>.common:receive_mailbox</name>
         <uninitialized>true</uninitialized>
         <run_address>0x200076e8</run_address>
         <size>0x14</size>
      </object_component>
      <object_component id="oc-3a6">
         <name>.common:send_mailbox_buffer</name>
         <uninitialized>true</uninitialized>
         <run_address>0x2000772c</run_address>
         <size>0x4</size>
      </object_component>
      <object_component id="oc-3a7">
         <name>.common:receive_mailbox_buffer</name>
         <uninitialized>true</uninitialized>
         <run_address>0x20007728</run_address>
         <size>0x4</size>
      </object_component>
      <object_component id="oc-295">
         <name>.common:tocken</name>
         <uninitialized>true</uninitialized>
         <run_address>0x20007738</run_address>
         <size>0x1</size>
      </object_component>
      <object_component id="oc-21">
         <name>.stack</name>
         <uninitialized>true</uninitialized>
         <run_address>0x20007740</run_address>
         <size>0x4</size>
         <input_file_ref idref="fl-d6"/>
      </object_component>
      <object_component id="oc-4a9">
         <name>.stack</name>
         <uninitialized>true</uninitialized>
         <run_address>0x20007740</run_address>
         <size>0x0</size>
      </object_component>
      <object_component id="oc-13f">
         <name>.debug_info</name>
         <load_address>0x0</load_address>
         <run_address>0x0</run_address>
         <size>0x548</size>
         <input_file_ref idref="fl-2"/>
      </object_component>
      <object_component id="oc-ea">
         <name>.debug_info</name>
         <load_address>0x548</load_address>
         <run_address>0x548</run_address>
         <size>0x1e3</size>
         <input_file_ref idref="fl-2"/>
      </object_component>
      <object_component id="oc-1d4">
         <name>.debug_info</name>
         <load_address>0x72b</load_address>
         <run_address>0x72b</run_address>
         <size>0x2ef</size>
         <input_file_ref idref="fl-2"/>
      </object_component>
      <object_component id="oc-c3">
         <name>.debug_info</name>
         <load_address>0xa1a</load_address>
         <run_address>0xa1a</run_address>
         <size>0x26b</size>
         <input_file_ref idref="fl-2"/>
      </object_component>
      <object_component id="oc-56">
         <name>.debug_info</name>
         <load_address>0xc85</load_address>
         <run_address>0xc85</run_address>
         <size>0x84</size>
         <input_file_ref idref="fl-2"/>
      </object_component>
      <object_component id="oc-1d9">
         <name>.debug_info</name>
         <load_address>0xd09</load_address>
         <run_address>0xd09</run_address>
         <size>0x46</size>
         <input_file_ref idref="fl-2"/>
      </object_component>
      <object_component id="oc-1e8">
         <name>.debug_info</name>
         <load_address>0xd4f</load_address>
         <run_address>0xd4f</run_address>
         <size>0x2c</size>
         <input_file_ref idref="fl-2"/>
      </object_component>
      <object_component id="oc-13a">
         <name>.debug_info</name>
         <load_address>0xd7b</load_address>
         <run_address>0xd7b</run_address>
         <size>0x297</size>
         <input_file_ref idref="fl-2"/>
      </object_component>
      <object_component id="oc-bc">
         <name>.debug_info</name>
         <load_address>0x1012</load_address>
         <run_address>0x1012</run_address>
         <size>0xbb</size>
         <input_file_ref idref="fl-2"/>
      </object_component>
      <object_component id="oc-130">
         <name>.debug_info</name>
         <load_address>0x10cd</load_address>
         <run_address>0x10cd</run_address>
         <size>0xfc</size>
         <input_file_ref idref="fl-2"/>
      </object_component>
      <object_component id="oc-fe">
         <name>.debug_info</name>
         <load_address>0x11c9</load_address>
         <run_address>0x11c9</run_address>
         <size>0x53</size>
         <input_file_ref idref="fl-2"/>
      </object_component>
      <object_component id="oc-1de">
         <name>.debug_info</name>
         <load_address>0x121c</load_address>
         <run_address>0x121c</run_address>
         <size>0x14c</size>
         <input_file_ref idref="fl-2"/>
      </object_component>
      <object_component id="oc-4f">
         <name>.debug_info</name>
         <load_address>0x1368</load_address>
         <run_address>0x1368</run_address>
         <size>0x340</size>
         <input_file_ref idref="fl-3"/>
      </object_component>
      <object_component id="oc-10">
         <name>.debug_info</name>
         <load_address>0x16a8</load_address>
         <run_address>0x16a8</run_address>
         <size>0xdd</size>
         <input_file_ref idref="fl-3"/>
      </object_component>
      <object_component id="oc-25">
         <name>.debug_info</name>
         <load_address>0x1785</load_address>
         <run_address>0x1785</run_address>
         <size>0x10d</size>
         <input_file_ref idref="fl-3"/>
      </object_component>
      <object_component id="oc-2b">
         <name>.debug_info</name>
         <load_address>0x1892</load_address>
         <run_address>0x1892</run_address>
         <size>0xfe</size>
         <input_file_ref idref="fl-3"/>
      </object_component>
      <object_component id="oc-31">
         <name>.debug_info</name>
         <load_address>0x1990</load_address>
         <run_address>0x1990</run_address>
         <size>0x104</size>
         <input_file_ref idref="fl-3"/>
      </object_component>
      <object_component id="oc-37">
         <name>.debug_info</name>
         <load_address>0x1a94</load_address>
         <run_address>0x1a94</run_address>
         <size>0x116</size>
         <input_file_ref idref="fl-3"/>
      </object_component>
      <object_component id="oc-385">
         <name>.debug_info</name>
         <load_address>0x1baa</load_address>
         <run_address>0x1baa</run_address>
         <size>0xe0</size>
         <input_file_ref idref="fl-4"/>
      </object_component>
      <object_component id="oc-23f">
         <name>.debug_info</name>
         <load_address>0x1c8a</load_address>
         <run_address>0x1c8a</run_address>
         <size>0x1b7</size>
         <input_file_ref idref="fl-4"/>
      </object_component>
      <object_component id="oc-25c">
         <name>.debug_info</name>
         <load_address>0x1e41</load_address>
         <run_address>0x1e41</run_address>
         <size>0x174</size>
         <input_file_ref idref="fl-4"/>
      </object_component>
      <object_component id="oc-26b">
         <name>.debug_info</name>
         <load_address>0x1fb5</load_address>
         <run_address>0x1fb5</run_address>
         <size>0x363</size>
         <input_file_ref idref="fl-5"/>
      </object_component>
      <object_component id="oc-268">
         <name>.debug_info</name>
         <load_address>0x2318</load_address>
         <run_address>0x2318</run_address>
         <size>0x172</size>
         <input_file_ref idref="fl-5"/>
      </object_component>
      <object_component id="oc-164">
         <name>.debug_info</name>
         <load_address>0x248a</load_address>
         <run_address>0x248a</run_address>
         <size>0x1bd</size>
         <input_file_ref idref="fl-5"/>
      </object_component>
      <object_component id="oc-b8">
         <name>.debug_info</name>
         <load_address>0x2647</load_address>
         <run_address>0x2647</run_address>
         <size>0x4ed</size>
         <input_file_ref idref="fl-6"/>
      </object_component>
      <object_component id="oc-239">
         <name>.debug_info</name>
         <load_address>0x2b34</load_address>
         <run_address>0x2b34</run_address>
         <size>0x227</size>
         <input_file_ref idref="fl-6"/>
      </object_component>
      <object_component id="oc-48">
         <name>.debug_info</name>
         <load_address>0x2d5b</load_address>
         <run_address>0x2d5b</run_address>
         <size>0x185</size>
         <input_file_ref idref="fl-6"/>
      </object_component>
      <object_component id="oc-135">
         <name>.debug_info</name>
         <load_address>0x2ee0</load_address>
         <run_address>0x2ee0</run_address>
         <size>0x1b3</size>
         <input_file_ref idref="fl-6"/>
      </object_component>
      <object_component id="oc-25a">
         <name>.debug_info</name>
         <load_address>0x3093</load_address>
         <run_address>0x3093</run_address>
         <size>0x381</size>
         <input_file_ref idref="fl-7"/>
      </object_component>
      <object_component id="oc-257">
         <name>.debug_info</name>
         <load_address>0x3414</load_address>
         <run_address>0x3414</run_address>
         <size>0xdf</size>
         <input_file_ref idref="fl-7"/>
      </object_component>
      <object_component id="oc-15e">
         <name>.debug_info</name>
         <load_address>0x34f3</load_address>
         <run_address>0x34f3</run_address>
         <size>0x1c9</size>
         <input_file_ref idref="fl-7"/>
      </object_component>
      <object_component id="oc-3be">
         <name>.debug_info</name>
         <load_address>0x36bc</load_address>
         <run_address>0x36bc</run_address>
         <size>0x3a0</size>
         <input_file_ref idref="fl-8"/>
      </object_component>
      <object_component id="oc-376">
         <name>.debug_info</name>
         <load_address>0x3a5c</load_address>
         <run_address>0x3a5c</run_address>
         <size>0xd3</size>
         <input_file_ref idref="fl-8"/>
      </object_component>
      <object_component id="oc-24b">
         <name>.debug_info</name>
         <load_address>0x3b2f</load_address>
         <run_address>0x3b2f</run_address>
         <size>0x3f3</size>
         <input_file_ref idref="fl-8"/>
      </object_component>
      <object_component id="oc-370">
         <name>.debug_info</name>
         <load_address>0x3f22</load_address>
         <run_address>0x3f22</run_address>
         <size>0x3b1</size>
         <input_file_ref idref="fl-8"/>
      </object_component>
      <object_component id="oc-2a4">
         <name>.debug_info</name>
         <load_address>0x42d3</load_address>
         <run_address>0x42d3</run_address>
         <size>0x3a6</size>
         <input_file_ref idref="fl-8"/>
      </object_component>
      <object_component id="oc-29e">
         <name>.debug_info</name>
         <load_address>0x4679</load_address>
         <run_address>0x4679</run_address>
         <size>0x1c8</size>
         <input_file_ref idref="fl-8"/>
      </object_component>
      <object_component id="oc-298">
         <name>.debug_info</name>
         <load_address>0x4841</load_address>
         <run_address>0x4841</run_address>
         <size>0x1b8</size>
         <input_file_ref idref="fl-8"/>
      </object_component>
      <object_component id="oc-327">
         <name>.debug_info</name>
         <load_address>0x49f9</load_address>
         <run_address>0x49f9</run_address>
         <size>0xd3</size>
         <input_file_ref idref="fl-9"/>
      </object_component>
      <object_component id="oc-233">
         <name>.debug_info</name>
         <load_address>0x4acc</load_address>
         <run_address>0x4acc</run_address>
         <size>0x1ac</size>
         <input_file_ref idref="fl-9"/>
      </object_component>
      <object_component id="oc-28a">
         <name>.debug_info</name>
         <load_address>0x4c78</load_address>
         <run_address>0x4c78</run_address>
         <size>0x155</size>
         <input_file_ref idref="fl-9"/>
      </object_component>
      <object_component id="oc-290">
         <name>.debug_info</name>
         <load_address>0x4dcd</load_address>
         <run_address>0x4dcd</run_address>
         <size>0x157</size>
         <input_file_ref idref="fl-9"/>
      </object_component>
      <object_component id="oc-276">
         <name>.debug_info</name>
         <load_address>0x4f24</load_address>
         <run_address>0x4f24</run_address>
         <size>0x66f</size>
         <input_file_ref idref="fl-d"/>
      </object_component>
      <object_component id="oc-273">
         <name>.debug_info</name>
         <load_address>0x5593</load_address>
         <run_address>0x5593</run_address>
         <size>0x18a</size>
         <input_file_ref idref="fl-d"/>
      </object_component>
      <object_component id="oc-2b0">
         <name>.debug_info</name>
         <load_address>0x571d</load_address>
         <run_address>0x571d</run_address>
         <size>0xde</size>
         <input_file_ref idref="fl-d"/>
      </object_component>
      <object_component id="oc-245">
         <name>.debug_info</name>
         <load_address>0x57fb</load_address>
         <run_address>0x57fb</run_address>
         <size>0x147</size>
         <input_file_ref idref="fl-d"/>
      </object_component>
      <object_component id="oc-16a">
         <name>.debug_info</name>
         <load_address>0x5942</load_address>
         <run_address>0x5942</run_address>
         <size>0x19b</size>
         <input_file_ref idref="fl-d"/>
      </object_component>
      <object_component id="oc-189">
         <name>.debug_info</name>
         <load_address>0x5add</load_address>
         <run_address>0x5add</run_address>
         <size>0x195</size>
         <input_file_ref idref="fl-d"/>
      </object_component>
      <object_component id="oc-17d">
         <name>.debug_info</name>
         <load_address>0x5c72</load_address>
         <run_address>0x5c72</run_address>
         <size>0x1bf</size>
         <input_file_ref idref="fl-d"/>
      </object_component>
      <object_component id="oc-170">
         <name>.debug_info</name>
         <load_address>0x5e31</load_address>
         <run_address>0x5e31</run_address>
         <size>0x1f7</size>
         <input_file_ref idref="fl-d"/>
      </object_component>
      <object_component id="oc-176">
         <name>.debug_info</name>
         <load_address>0x6028</load_address>
         <run_address>0x6028</run_address>
         <size>0x1b3</size>
         <input_file_ref idref="fl-d"/>
      </object_component>
      <object_component id="oc-183">
         <name>.debug_info</name>
         <load_address>0x61db</load_address>
         <run_address>0x61db</run_address>
         <size>0x241</size>
         <input_file_ref idref="fl-d"/>
      </object_component>
      <object_component id="oc-2aa">
         <name>.debug_info</name>
         <load_address>0x641c</load_address>
         <run_address>0x641c</run_address>
         <size>0x1b6</size>
         <input_file_ref idref="fl-d"/>
      </object_component>
      <object_component id="oc-1f7">
         <name>.debug_info</name>
         <load_address>0x65d2</load_address>
         <run_address>0x65d2</run_address>
         <size>0x8b</size>
         <input_file_ref idref="fl-d"/>
      </object_component>
      <object_component id="oc-1f3">
         <name>.debug_info</name>
         <load_address>0x665d</load_address>
         <run_address>0x665d</run_address>
         <size>0x2fb</size>
         <input_file_ref idref="fl-e"/>
      </object_component>
      <object_component id="oc-2f6">
         <name>.debug_info</name>
         <load_address>0x6958</load_address>
         <run_address>0x6958</run_address>
         <size>0x1e2</size>
         <input_file_ref idref="fl-e"/>
      </object_component>
      <object_component id="oc-2e4">
         <name>.debug_info</name>
         <load_address>0x6b3a</load_address>
         <run_address>0x6b3a</run_address>
         <size>0x1ea</size>
         <input_file_ref idref="fl-e"/>
      </object_component>
      <object_component id="oc-117">
         <name>.debug_info</name>
         <load_address>0x6d24</load_address>
         <run_address>0x6d24</run_address>
         <size>0x23f</size>
         <input_file_ref idref="fl-e"/>
      </object_component>
      <object_component id="oc-43a">
         <name>.debug_info</name>
         <load_address>0x6f63</load_address>
         <run_address>0x6f63</run_address>
         <size>0x26b</size>
         <input_file_ref idref="fl-e"/>
      </object_component>
      <object_component id="oc-111">
         <name>.debug_info</name>
         <load_address>0x71ce</load_address>
         <run_address>0x71ce</run_address>
         <size>0x216</size>
         <input_file_ref idref="fl-e"/>
      </object_component>
      <object_component id="oc-1e3">
         <name>.debug_info</name>
         <load_address>0x73e4</load_address>
         <run_address>0x73e4</run_address>
         <size>0x110</size>
         <input_file_ref idref="fl-e"/>
      </object_component>
      <object_component id="oc-fd">
         <name>.debug_info</name>
         <load_address>0x74f4</load_address>
         <run_address>0x74f4</run_address>
         <size>0x6c6</size>
         <input_file_ref idref="fl-10"/>
      </object_component>
      <object_component id="oc-92">
         <name>.debug_info</name>
         <load_address>0x7bba</load_address>
         <run_address>0x7bba</run_address>
         <size>0x31f</size>
         <input_file_ref idref="fl-10"/>
      </object_component>
      <object_component id="oc-107">
         <name>.debug_info</name>
         <load_address>0x7ed9</load_address>
         <run_address>0x7ed9</run_address>
         <size>0x11b</size>
         <input_file_ref idref="fl-10"/>
      </object_component>
      <object_component id="oc-2fc">
         <name>.debug_info</name>
         <load_address>0x7ff4</load_address>
         <run_address>0x7ff4</run_address>
         <size>0x11b</size>
         <input_file_ref idref="fl-10"/>
      </object_component>
      <object_component id="oc-2ff">
         <name>.debug_info</name>
         <load_address>0x810f</load_address>
         <run_address>0x810f</run_address>
         <size>0x11b</size>
         <input_file_ref idref="fl-10"/>
      </object_component>
      <object_component id="oc-11d">
         <name>.debug_info</name>
         <load_address>0x822a</load_address>
         <run_address>0x822a</run_address>
         <size>0x15d</size>
         <input_file_ref idref="fl-10"/>
      </object_component>
      <object_component id="oc-302">
         <name>.debug_info</name>
         <load_address>0x8387</load_address>
         <run_address>0x8387</run_address>
         <size>0x11b</size>
         <input_file_ref idref="fl-10"/>
      </object_component>
      <object_component id="oc-305">
         <name>.debug_info</name>
         <load_address>0x84a2</load_address>
         <run_address>0x84a2</run_address>
         <size>0x129</size>
         <input_file_ref idref="fl-10"/>
      </object_component>
      <object_component id="oc-308">
         <name>.debug_info</name>
         <load_address>0x85cb</load_address>
         <run_address>0x85cb</run_address>
         <size>0x11d</size>
         <input_file_ref idref="fl-10"/>
      </object_component>
      <object_component id="oc-152">
         <name>.debug_info</name>
         <load_address>0x86e8</load_address>
         <run_address>0x86e8</run_address>
         <size>0x445</size>
         <input_file_ref idref="fl-10"/>
      </object_component>
      <object_component id="oc-262">
         <name>.debug_info</name>
         <load_address>0x8b2d</load_address>
         <run_address>0x8b2d</run_address>
         <size>0x2a5</size>
         <input_file_ref idref="fl-10"/>
      </object_component>
      <object_component id="oc-251">
         <name>.debug_info</name>
         <load_address>0x8dd2</load_address>
         <run_address>0x8dd2</run_address>
         <size>0x2ee</size>
         <input_file_ref idref="fl-10"/>
      </object_component>
      <object_component id="oc-3b4">
         <name>.debug_info</name>
         <load_address>0x90c0</load_address>
         <run_address>0x90c0</run_address>
         <size>0x221</size>
         <input_file_ref idref="fl-10"/>
      </object_component>
      <object_component id="oc-282">
         <name>.debug_info</name>
         <load_address>0x92e1</load_address>
         <run_address>0x92e1</run_address>
         <size>0x286</size>
         <input_file_ref idref="fl-10"/>
      </object_component>
      <object_component id="oc-158">
         <name>.debug_info</name>
         <load_address>0x9567</load_address>
         <run_address>0x9567</run_address>
         <size>0x210</size>
         <input_file_ref idref="fl-10"/>
      </object_component>
      <object_component id="oc-389">
         <name>.debug_info</name>
         <load_address>0x9777</load_address>
         <run_address>0x9777</run_address>
         <size>0x1bd</size>
         <input_file_ref idref="fl-10"/>
      </object_component>
      <object_component id="oc-395">
         <name>.debug_info</name>
         <load_address>0x9934</load_address>
         <run_address>0x9934</run_address>
         <size>0x280</size>
         <input_file_ref idref="fl-10"/>
      </object_component>
      <object_component id="oc-9f">
         <name>.debug_info</name>
         <load_address>0x9bb4</load_address>
         <run_address>0x9bb4</run_address>
         <size>0x2f4</size>
         <input_file_ref idref="fl-10"/>
      </object_component>
      <object_component id="oc-98">
         <name>.debug_info</name>
         <load_address>0x9ea8</load_address>
         <run_address>0x9ea8</run_address>
         <size>0x231</size>
         <input_file_ref idref="fl-10"/>
      </object_component>
      <object_component id="oc-22c">
         <name>.debug_info</name>
         <load_address>0xa0d9</load_address>
         <run_address>0xa0d9</run_address>
         <size>0x217</size>
         <input_file_ref idref="fl-10"/>
      </object_component>
      <object_component id="oc-207">
         <name>.debug_info</name>
         <load_address>0xa2f0</load_address>
         <run_address>0xa2f0</run_address>
         <size>0x2f2</size>
         <input_file_ref idref="fl-10"/>
      </object_component>
      <object_component id="oc-219">
         <name>.debug_info</name>
         <load_address>0xa5e2</load_address>
         <run_address>0xa5e2</run_address>
         <size>0x26c</size>
         <input_file_ref idref="fl-10"/>
      </object_component>
      <object_component id="oc-314">
         <name>.debug_info</name>
         <load_address>0xa84e</load_address>
         <run_address>0xa84e</run_address>
         <size>0x2be</size>
         <input_file_ref idref="fl-10"/>
      </object_component>
      <object_component id="oc-38f">
         <name>.debug_info</name>
         <load_address>0xab0c</load_address>
         <run_address>0xab0c</run_address>
         <size>0x23d</size>
         <input_file_ref idref="fl-10"/>
      </object_component>
      <object_component id="oc-201">
         <name>.debug_info</name>
         <load_address>0xad49</load_address>
         <run_address>0xad49</run_address>
         <size>0x2df</size>
         <input_file_ref idref="fl-10"/>
      </object_component>
      <object_component id="oc-408">
         <name>.debug_info</name>
         <load_address>0xb028</load_address>
         <run_address>0xb028</run_address>
         <size>0x1fd</size>
         <input_file_ref idref="fl-10"/>
      </object_component>
      <object_component id="oc-10b">
         <name>.debug_info</name>
         <load_address>0xb225</load_address>
         <run_address>0xb225</run_address>
         <size>0x1e8</size>
         <input_file_ref idref="fl-10"/>
      </object_component>
      <object_component id="oc-1cf">
         <name>.debug_info</name>
         <load_address>0xb40d</load_address>
         <run_address>0xb40d</run_address>
         <size>0x169</size>
         <input_file_ref idref="fl-10"/>
      </object_component>
      <object_component id="oc-105">
         <name>.debug_info</name>
         <load_address>0xb576</load_address>
         <run_address>0xb576</run_address>
         <size>0x390</size>
         <input_file_ref idref="fl-11"/>
      </object_component>
      <object_component id="oc-95">
         <name>.debug_info</name>
         <load_address>0xb906</load_address>
         <run_address>0xb906</run_address>
         <size>0x149</size>
         <input_file_ref idref="fl-11"/>
      </object_component>
      <object_component id="oc-2f2">
         <name>.debug_info</name>
         <load_address>0xba4f</load_address>
         <run_address>0xba4f</run_address>
         <size>0x130</size>
         <input_file_ref idref="fl-11"/>
      </object_component>
      <object_component id="oc-20d">
         <name>.debug_info</name>
         <load_address>0xbb7f</load_address>
         <run_address>0xbb7f</run_address>
         <size>0x2ba</size>
         <input_file_ref idref="fl-11"/>
      </object_component>
      <object_component id="oc-2eb">
         <name>.debug_info</name>
         <load_address>0xbe39</load_address>
         <run_address>0xbe39</run_address>
         <size>0x1f0</size>
         <input_file_ref idref="fl-11"/>
      </object_component>
      <object_component id="oc-226">
         <name>.debug_info</name>
         <load_address>0xc029</load_address>
         <run_address>0xc029</run_address>
         <size>0x256</size>
         <input_file_ref idref="fl-11"/>
      </object_component>
      <object_component id="oc-213">
         <name>.debug_info</name>
         <load_address>0xc27f</load_address>
         <run_address>0xc27f</run_address>
         <size>0x202</size>
         <input_file_ref idref="fl-11"/>
      </object_component>
      <object_component id="oc-21f">
         <name>.debug_info</name>
         <load_address>0xc481</load_address>
         <run_address>0xc481</run_address>
         <size>0x200</size>
         <input_file_ref idref="fl-11"/>
      </object_component>
      <object_component id="oc-42">
         <name>.debug_info</name>
         <load_address>0xc681</load_address>
         <run_address>0xc681</run_address>
         <size>0x21d</size>
         <input_file_ref idref="fl-11"/>
      </object_component>
      <object_component id="oc-30d">
         <name>.debug_info</name>
         <load_address>0xc89e</load_address>
         <run_address>0xc89e</run_address>
         <size>0x20e</size>
         <input_file_ref idref="fl-11"/>
      </object_component>
      <object_component id="oc-3d">
         <name>.debug_info</name>
         <load_address>0xcaac</load_address>
         <run_address>0xcaac</run_address>
         <size>0x281</size>
         <input_file_ref idref="fl-12"/>
      </object_component>
      <object_component id="oc-3f5">
         <name>.debug_info</name>
         <load_address>0xcd2d</load_address>
         <run_address>0xcd2d</run_address>
         <size>0x39f</size>
         <input_file_ref idref="fl-13"/>
      </object_component>
      <object_component id="oc-456">
         <name>.debug_info</name>
         <load_address>0xd0cc</load_address>
         <run_address>0xd0cc</run_address>
         <size>0x117</size>
         <input_file_ref idref="fl-13"/>
      </object_component>
      <object_component id="oc-3ef">
         <name>.debug_info</name>
         <load_address>0xd1e3</load_address>
         <run_address>0xd1e3</run_address>
         <size>0x117</size>
         <input_file_ref idref="fl-13"/>
      </object_component>
      <object_component id="oc-3f2">
         <name>.debug_info</name>
         <load_address>0xd2fa</load_address>
         <run_address>0xd2fa</run_address>
         <size>0x113</size>
         <input_file_ref idref="fl-13"/>
      </object_component>
      <object_component id="oc-3ec">
         <name>.debug_info</name>
         <load_address>0xd40d</load_address>
         <run_address>0xd40d</run_address>
         <size>0x131</size>
         <input_file_ref idref="fl-13"/>
      </object_component>
      <object_component id="oc-2d7">
         <name>.debug_info</name>
         <load_address>0xd53e</load_address>
         <run_address>0xd53e</run_address>
         <size>0x3a9</size>
         <input_file_ref idref="fl-13"/>
      </object_component>
      <object_component id="oc-2dd">
         <name>.debug_info</name>
         <load_address>0xd8e7</load_address>
         <run_address>0xd8e7</run_address>
         <size>0x2b7</size>
         <input_file_ref idref="fl-13"/>
      </object_component>
      <object_component id="oc-3e6">
         <name>.debug_info</name>
         <load_address>0xdb9e</load_address>
         <run_address>0xdb9e</run_address>
         <size>0x23a</size>
         <input_file_ref idref="fl-13"/>
      </object_component>
      <object_component id="oc-45d">
         <name>.debug_info</name>
         <load_address>0xddd8</load_address>
         <run_address>0xddd8</run_address>
         <size>0x62</size>
         <input_file_ref idref="fl-13"/>
      </object_component>
      <object_component id="oc-5d">
         <name>.debug_info</name>
         <load_address>0xde3a</load_address>
         <run_address>0xde3a</run_address>
         <size>0x111</size>
         <input_file_ref idref="fl-d1"/>
      </object_component>
      <object_component id="oc-e0">
         <name>.debug_info</name>
         <load_address>0xdf4b</load_address>
         <run_address>0xdf4b</run_address>
         <size>0x13f</size>
         <input_file_ref idref="fl-d2"/>
      </object_component>
      <object_component id="oc-dc">
         <name>.debug_info</name>
         <load_address>0xe08a</load_address>
         <run_address>0xe08a</run_address>
         <size>0x313</size>
         <input_file_ref idref="fl-d3"/>
      </object_component>
      <object_component id="oc-6e">
         <name>.debug_info</name>
         <load_address>0xe39d</load_address>
         <run_address>0xe39d</run_address>
         <size>0x1aa</size>
         <input_file_ref idref="fl-d3"/>
      </object_component>
      <object_component id="oc-d7">
         <name>.debug_info</name>
         <load_address>0xe547</load_address>
         <run_address>0xe547</run_address>
         <size>0x46</size>
         <input_file_ref idref="fl-d3"/>
      </object_component>
      <object_component id="oc-148">
         <name>.debug_info</name>
         <load_address>0xe58d</load_address>
         <run_address>0xe58d</run_address>
         <size>0x2c</size>
         <input_file_ref idref="fl-d3"/>
      </object_component>
      <object_component id="oc-66">
         <name>.debug_info</name>
         <load_address>0xe5b9</load_address>
         <run_address>0xe5b9</run_address>
         <size>0x29d</size>
         <input_file_ref idref="fl-d4"/>
      </object_component>
      <object_component id="oc-19">
         <name>.debug_info</name>
         <load_address>0xe856</load_address>
         <run_address>0xe856</run_address>
         <size>0x1df</size>
         <input_file_ref idref="fl-d4"/>
      </object_component>
      <object_component id="oc-61">
         <name>.debug_info</name>
         <load_address>0xea35</load_address>
         <run_address>0xea35</run_address>
         <size>0x46</size>
         <input_file_ref idref="fl-d4"/>
      </object_component>
      <object_component id="oc-cf">
         <name>.debug_info</name>
         <load_address>0xea7b</load_address>
         <run_address>0xea7b</run_address>
         <size>0x2c</size>
         <input_file_ref idref="fl-d4"/>
      </object_component>
      <object_component id="oc-cd">
         <name>.debug_info</name>
         <load_address>0xeaa7</load_address>
         <run_address>0xeaa7</run_address>
         <size>0x293</size>
         <input_file_ref idref="fl-d5"/>
      </object_component>
      <object_component id="oc-13">
         <name>.debug_info</name>
         <load_address>0xed3a</load_address>
         <run_address>0xed3a</run_address>
         <size>0x245</size>
         <input_file_ref idref="fl-d5"/>
      </object_component>
      <object_component id="oc-51">
         <name>.debug_info</name>
         <load_address>0xef7f</load_address>
         <run_address>0xef7f</run_address>
         <size>0x60</size>
         <input_file_ref idref="fl-d5"/>
      </object_component>
      <object_component id="oc-141">
         <name>.debug_info</name>
         <load_address>0xefdf</load_address>
         <run_address>0xefdf</run_address>
         <size>0x46</size>
         <input_file_ref idref="fl-d5"/>
      </object_component>
      <object_component id="oc-c8">
         <name>.debug_info</name>
         <load_address>0xf025</load_address>
         <run_address>0xf025</run_address>
         <size>0x39</size>
         <input_file_ref idref="fl-d5"/>
      </object_component>
      <object_component id="oc-22">
         <name>.debug_info</name>
         <load_address>0xf05e</load_address>
         <run_address>0xf05e</run_address>
         <size>0x100</size>
         <input_file_ref idref="fl-d6"/>
      </object_component>
      <object_component id="oc-7a">
         <name>.debug_info</name>
         <load_address>0xf15e</load_address>
         <run_address>0xf15e</run_address>
         <size>0x1a4</size>
         <input_file_ref idref="fl-d6"/>
      </object_component>
      <object_component id="oc-190">
         <name>.debug_info</name>
         <load_address>0xf302</load_address>
         <run_address>0xf302</run_address>
         <size>0x117</size>
         <input_file_ref idref="fl-d7"/>
      </object_component>
      <object_component id="oc-2bf">
         <name>.debug_info</name>
         <load_address>0xf419</load_address>
         <run_address>0xf419</run_address>
         <size>0x547</size>
         <input_file_ref idref="fl-db"/>
      </object_component>
      <object_component id="oc-19f">
         <name>.debug_info</name>
         <load_address>0xf960</load_address>
         <run_address>0xf960</run_address>
         <size>0x19b</size>
         <input_file_ref idref="fl-db"/>
      </object_component>
      <object_component id="oc-3d4">
         <name>.debug_info</name>
         <load_address>0xfafb</load_address>
         <run_address>0xfafb</run_address>
         <size>0x39</size>
         <input_file_ref idref="fl-db"/>
      </object_component>
      <object_component id="oc-449">
         <name>.debug_info</name>
         <load_address>0xfb34</load_address>
         <run_address>0xfb34</run_address>
         <size>0x39</size>
         <input_file_ref idref="fl-db"/>
      </object_component>
      <object_component id="oc-3d9">
         <name>.debug_info</name>
         <load_address>0xfb6d</load_address>
         <run_address>0xfb6d</run_address>
         <size>0x39</size>
         <input_file_ref idref="fl-db"/>
      </object_component>
      <object_component id="oc-3de">
         <name>.debug_info</name>
         <load_address>0xfba6</load_address>
         <run_address>0xfba6</run_address>
         <size>0xcd</size>
         <input_file_ref idref="fl-db"/>
      </object_component>
      <object_component id="oc-e6">
         <name>.debug_info</name>
         <load_address>0xfc73</load_address>
         <run_address>0xfc73</run_address>
         <size>0x148</size>
         <input_file_ref idref="fl-dc"/>
      </object_component>
      <object_component id="oc-12b">
         <name>.debug_info</name>
         <load_address>0xfdbb</load_address>
         <run_address>0xfdbb</run_address>
         <size>0x227</size>
         <input_file_ref idref="fl-de"/>
      </object_component>
      <object_component id="oc-425">
         <name>.debug_info</name>
         <load_address>0xffe2</load_address>
         <run_address>0xffe2</run_address>
         <size>0x156</size>
         <input_file_ref idref="fl-de"/>
      </object_component>
      <object_component id="oc-ac">
         <name>.debug_info</name>
         <load_address>0x10138</load_address>
         <run_address>0x10138</run_address>
         <size>0x286</size>
         <input_file_ref idref="fl-de"/>
      </object_component>
      <object_component id="oc-3a0">
         <name>.debug_info</name>
         <load_address>0x103be</load_address>
         <run_address>0x103be</run_address>
         <size>0x2dd</size>
         <input_file_ref idref="fl-de"/>
      </object_component>
      <object_component id="oc-26d">
         <name>.debug_info</name>
         <load_address>0x1069b</load_address>
         <run_address>0x1069b</run_address>
         <size>0x413</size>
         <input_file_ref idref="fl-de"/>
      </object_component>
      <object_component id="oc-3ad">
         <name>.debug_info</name>
         <load_address>0x10aae</load_address>
         <run_address>0x10aae</run_address>
         <size>0x2de</size>
         <input_file_ref idref="fl-de"/>
      </object_component>
      <object_component id="oc-27c">
         <name>.debug_info</name>
         <load_address>0x10d8c</load_address>
         <run_address>0x10d8c</run_address>
         <size>0x3e8</size>
         <input_file_ref idref="fl-de"/>
      </object_component>
      <object_component id="oc-a6">
         <name>.debug_info</name>
         <load_address>0x11174</load_address>
         <run_address>0x11174</run_address>
         <size>0x28c</size>
         <input_file_ref idref="fl-de"/>
      </object_component>
      <object_component id="oc-349">
         <name>.debug_info</name>
         <load_address>0x11400</load_address>
         <run_address>0x11400</run_address>
         <size>0x28a</size>
         <input_file_ref idref="fl-de"/>
      </object_component>
      <object_component id="oc-b2">
         <name>.debug_info</name>
         <load_address>0x1168a</load_address>
         <run_address>0x1168a</run_address>
         <size>0x286</size>
         <input_file_ref idref="fl-de"/>
      </object_component>
      <object_component id="oc-337">
         <name>.debug_info</name>
[...]
            <available_space>
               <start_address>0x200079fe</start_address>
               <size>0x602</size>
            </available_space>
         </usage_details>
      </memory_area>
   </placement_map>
   <cptbl_list>
      <cptbl>
         <name>__TI_cinit_table</name>
         <cprec>
            <name>.data</name>
            <load_address>0x2920</load_address>
            <load_size>0x74</load_size>
            <run_address>0x20007940</run_address>
            <run_size>0xbe</run_size>
            <compression>lzss</compression>
         </cprec>
         <cprec>
            <name>.bss</name>
            <load_address>0x29a0</load_address>
            <load_size>0x8</load_size>
            <run_address>0x20000000</run_address>
            <run_size>0x7739</run_size>
            <compression>zero_init</compression>
         </cprec>
      </cptbl>
   </cptbl_list>
   <handler_table>
      <handler_table_name>__TI_handler_table</handler_table_name>
      <handler>
         <index>0x0</index>
         <name>__TI_decompress_lzss</name>
      </handler>
      <handler>
         <index>0x1</index>
         <name>__TI_decompress_none</name>
      </handler>
      <handler>
         <index>0x2</index>
         <name>__TI_zero_init</name>
      </handler>
   </handler_table>
   <symbol_table>
      <symbol id="sm-1">
         <name>__STACK_TOP</name>
         <value>0x20007940</value>
      </symbol>
      <symbol id="sm-2">
         <name>__TI_CINIT_Base</name>
         <value>0x29a8</value>
      </symbol>
      <symbol id="sm-3">
         <name>__TI_CINIT_Limit</name>
         <value>0x29b8</value>
      </symbol>
      <symbol id="sm-4">
         <name>__TI_Handler_Table_Base</name>
         <value>0x2994</value>
      </symbol>
      <symbol id="sm-5">
         <name>__TI_Handler_Table_Limit</name>
         <value>0x29a0</value>
      </symbol>
      <symbol id="sm-6">
         <name>binit</name>
         <value>0xffffffff</value>
      </symbol>
      <symbol id="sm-7">
         <name>__binit__</name>
         <value>0xffffffff</value>
      </symbol>
      <symbol id="sm-8">
         <name>__STACK_SIZE</name>
         <value>0x200</value>
      </symbol>
      <symbol id="sm-9">
         <name>__STACK_END</name>
         <value>0x20007940</value>
      </symbol>
      <symbol id="sm-a">
         <name>__c_args__</name>
         <value>0xffffffff</value>
      </symbol>
      <symbol id="sm-b">
         <name>__TI_pprof_out_hndl</name>
         <value>0xffffffff</value>
      </symbol>
      <symbol id="sm-c">
         <name>__TI_prof_data_start</name>
         <value>0xffffffff</value>
      </symbol>
      <symbol id="sm-d">
         <name>__TI_prof_data_size</name>
         <value>0xffffffff</value>
      </symbol>
      <symbol id="sm-78">
         <name>tocken_task_handle</name>
         <value>0x20007730</value>
      </symbol>
      <symbol id="sm-79">
         <name>main</name>
         <value>0x5f5</value>
         <object_component_ref idref="oc-e9"/>
      </symbol>
      <symbol id="sm-aa">
         <name>ResetISR</name>
         <value>0x277f</value>
         <object_component_ref idref="oc-24"/>
      </symbol>
      <symbol id="sm-ab">
         <name>g_pfnVectors</name>
         <value>0x0</value>
         <object_component_ref idref="oc-f"/>
      </symbol>
      <symbol id="sm-ce">
         <name>Button_init</name>
         <value>0x1f11</value>
         <object_component_ref idref="oc-23e"/>
      </symbol>
      <symbol id="sm-cf">
         <name>get_key</name>
         <value>0x23c5</value>
         <object_component_ref idref="oc-25b"/>
      </symbol>
      <symbol id="sm-f3">
         <name>button1_task</name>
         <value>0x1631</value>
         <object_component_ref idref="oc-163"/>
      </symbol>
      <symbol id="sm-f4">
         <name>button1_pressed</name>
         <value>0x200079f5</value>
         <object_component_ref idref="oc-267"/>
      </symbol>
      <symbol id="sm-f5">
         <name>system_on</name>
         <value>0x200079f4</value>
         <object_component_ref idref="oc-267"/>
      </symbol>
      <symbol id="sm-123">
         <name>error_flag</name>
         <value>0x20007736</value>
      </symbol>
      <symbol id="sm-124">
         <name>receive_flag</name>
         <value>0x20007737</value>
      </symbol>
      <symbol id="sm-125">
         <name>CANIntHandler</name>
         <value>0x17b9</value>
         <object_component_ref idref="oc-47"/>
      </symbol>
      <symbol id="sm-126">
         <name>Can_init</name>
         <value>0x1835</value>
         <object_component_ref idref="oc-238"/>
      </symbol>
      <symbol id="sm-13c">
         <name>init_task</name>
         <value>0x2551</value>
         <object_component_ref idref="oc-15d"/>
      </symbol>
      <symbol id="sm-13d">
         <name>init_flag</name>
         <value>0x200079fd</value>
         <object_component_ref idref="oc-256"/>
      </symbol>
      <symbol id="sm-1b3">
         <name>LCD_gotoRowColumn</name>
         <value>0x1fc9</value>
         <object_component_ref idref="oc-297"/>
      </symbol>
      <symbol id="sm-1b4">
         <name>LCD_displayChar</name>
         <value>0x26d</value>
         <object_component_ref idref="oc-2a3"/>
      </symbol>
      <symbol id="sm-1b5">
         <name>LCD_displayString</name>
         <value>0x2301</value>
         <object_component_ref idref="oc-29d"/>
      </symbol>
      <symbol id="sm-1b6">
         <name>LCD_sendCommand</name>
         <value>0x439</value>
         <object_component_ref idref="oc-36f"/>
      </symbol>
      <symbol id="sm-1b7">
         <name>LCD_init</name>
         <value>0xc69</value>
         <object_component_ref idref="oc-24a"/>
      </symbol>
      <symbol id="sm-1b8">
         <name>LCD_ready</name>
         <value>0x200079fc</value>
         <object_component_ref idref="oc-375"/>
      </symbol>
      <symbol id="sm-1ea">
         <name>Led_ready</name>
         <value>0x200079eb</value>
         <object_component_ref idref="oc-326"/>
      </symbol>
      <symbol id="sm-1eb">
         <name>Led_on</name>
         <value>0x2235</value>
         <object_component_ref idref="oc-289"/>
      </symbol>
      <symbol id="sm-1ec">
         <name>Led_off</name>
         <value>0x21f1</value>
         <object_component_ref idref="oc-28f"/>
      </symbol>
      <symbol id="sm-1ed">
         <name>Led_init</name>
         <value>0x2385</value>
         <object_component_ref idref="oc-232"/>
      </symbol>
      <symbol id="sm-2a1">
         <name>send_mailbox</name>
         <value>0x200076fc</value>
      </symbol>
      <symbol id="sm-2a2">
         <name>receive_mailbox</name>
         <value>0x200076e8</value>
      </symbol>
      <symbol id="sm-2a3">
         <name>send_mailbox_buffer</name>
         <value>0x2000772c</value>
      </symbol>
      <symbol id="sm-2a4">
         <name>receive_mailbox_buffer</name>
         <value>0x20007728</value>
      </symbol>
      <symbol id="sm-2a5">
         <name>tocken</name>
         <value>0x20007738</value>
      </symbol>
      <symbol id="sm-2a6">
         <name>slave_transmit_on_task</name>
         <value>0x133d</value>
         <object_component_ref idref="oc-16f"/>
      </symbol>
      <symbol id="sm-2a7">
         <name>slave_receive_task</name>
         <value>0x1d7d</value>
         <object_component_ref idref="oc-175"/>
      </symbol>
      <symbol id="sm-2a8">
         <name>Slave_init_task</name>
         <value>0x2071</value>
         <object_component_ref idref="oc-169"/>
      </symbol>
      <symbol id="sm-2a9">
         <name>receive_mailbox_buffer_ptr</name>
         <value>0x200079e4</value>
         <object_component_ref idref="oc-272"/>
      </symbol>
      <symbol id="sm-2aa">
         <name>tocken_received_task</name>
         <value>0x201d</value>
         <object_component_ref idref="oc-17c"/>
      </symbol>
      <symbol id="sm-2ab">
         <name>send_mailbox_buffer_ptr</name>
         <value>0x200079e0</value>
         <object_component_ref idref="oc-272"/>
      </symbol>
      <symbol id="sm-2ac">
         <name>mailbox_init</name>
         <value>0x15a9</value>
         <object_component_ref idref="oc-244"/>
      </symbol>
      <symbol id="sm-2ad">
         <name>lcd_task</name>
         <value>0x16b5</value>
         <object_component_ref idref="oc-182"/>
      </symbol>
      <symbol id="sm-2ae">
         <name>reverse_task</name>
         <value>0x1e4d</value>
         <object_component_ref idref="oc-188"/>
      </symbol>
      <symbol id="sm-2e5">
         <name>uxListRemove</name>
         <value>0x21a9</value>
         <object_component_ref idref="oc-110"/>
      </symbol>
      <symbol id="sm-2e6">
         <name>vListInsert</name>
         <value>0x1b01</value>
         <object_component_ref idref="oc-439"/>
      </symbol>
      <symbol id="sm-2e7">
         <name>vListInitialiseItem</name>
         <value>0x271d</value>
         <object_component_ref idref="oc-2e3"/>
      </symbol>
      <symbol id="sm-2e8">
         <name>vListInsertEnd</name>
         <value>0x243d</value>
         <object_component_ref idref="oc-116"/>
      </symbol>
      <symbol id="sm-2e9">
         <name>vListInitialise</name>
         <value>0x2521</value>
         <object_component_ref idref="oc-2f5"/>
      </symbol>
      <symbol id="sm-470">
         <name>vTaskDelay</name>
         <value>0x192d</value>
         <object_component_ref idref="oc-261"/>
      </symbol>
      <symbol id="sm-471">
         <name>vTaskSuspendAll</name>
         <value>0x272d</value>
         <object_component_ref idref="oc-388"/>
      </symbol>
      <symbol id="sm-472">
         <name>vTaskStartScheduler</name>
         <value>0x1a91</value>
         <object_component_ref idref="oc-157"/>
      </symbol>
      <symbol id="sm-473">
         <name>xTaskResumeAll</name>
         <value>0x10a1</value>
         <object_component_ref idref="oc-394"/>
      </symbol>
      <symbol id="sm-474">
         <name>xTaskGenericCreate</name>
         <value>0x8c9</value>
         <object_component_ref idref="oc-151"/>
      </symbol>
      <symbol id="sm-475">
         <name>pxCurrentTCB</name>
         <value>0x200079b0</value>
         <object_component_ref idref="oc-91"/>
      </symbol>
      <symbol id="sm-476">
         <name>vTaskSuspend</name>
         <value>0x1271</value>
         <object_component_ref idref="oc-250"/>
      </symbol>
      <symbol id="sm-477">
         <name>vTaskResume</name>
         <value>0x151d</value>
         <object_component_ref idref="oc-281"/>
      </symbol>
      <symbol id="sm-478">
         <name>xTaskIncrementTick</name>
         <value>0x785</value>
         <object_component_ref idref="oc-9e"/>
      </symbol>
      <symbol id="sm-479">
         <name>vTaskSwitchContext</name>
         <value>0x19a5</value>
         <object_component_ref idref="oc-97"/>
      </symbol>
      <symbol id="sm-4d7">
         <name>ulMaxSyscallInterruptPriority</name>
         <value>0x2918</value>
         <object_component_ref idref="oc-94"/>
      </symbol>
      <symbol id="sm-4d8">
         <name>vPortSetupTimerInterrupt</name>
         <value>0x26bd</value>
         <object_component_ref idref="oc-30c"/>
      </symbol>
      <symbol id="sm-4d9">
         <name>xPortSysTickHandler</name>
         <value>0x257d</value>
         <object_component_ref idref="oc-41"/>
      </symbol>
      <symbol id="sm-4da">
         <name>pxPortInitialiseStack</name>
         <value>0x1f6d</value>
         <object_component_ref idref="oc-20c"/>
      </symbol>
      <symbol id="sm-4db">
         <name>vPortExitCritical</name>
         <value>0x2689</value>
         <object_component_ref idref="oc-21e"/>
      </symbol>
      <symbol id="sm-4dc">
         <name>xPortStartScheduler</name>
         <value>0x22bd</value>
         <object_component_ref idref="oc-225"/>
      </symbol>
      <symbol id="sm-4dd">
         <name>vPortEnterCritical</name>
         <value>0x2621</value>
         <object_component_ref idref="oc-212"/>
      </symbol>
      <symbol id="sm-4ec">
         <name>vPortStartFirstTask</name>
         <value>0x1245</value>
         <object_component_ref idref="oc-3c"/>
      </symbol>
      <symbol id="sm-4ed">
         <name>ulPortGetIPSR</name>
         <value>0x11ad</value>
         <object_component_ref idref="oc-3c"/>
      </symbol>
      <symbol id="sm-4ee">
         <name>vPortEnableVFP</name>
         <value>0x1261</value>
         <object_component_ref idref="oc-3c"/>
      </symbol>
      <symbol id="sm-4ef">
         <name>xPortPendSVHandler</name>
         <value>0x11c5</value>
         <object_component_ref idref="oc-3c"/>
      </symbol>
      <symbol id="sm-4f0">
         <name>vPortSVCHandler</name>
         <value>0x1225</value>
         <object_component_ref idref="oc-3c"/>
      </symbol>
      <symbol id="sm-549">
         <name>pvPortMalloc</name>
         <value>0xf99</value>
         <object_component_ref idref="oc-2d6"/>
      </symbol>
      <symbol id="sm-54a">
         <name>vPortFree</name>
         <value>0x1de5</value>
         <object_component_ref idref="oc-2dc"/>
      </symbol>
      <symbol id="sm-568">
         <name>memcpy</name>
         <value>0x1481</value>
         <object_component_ref idref="oc-5b"/>
      </symbol>
      <symbol id="sm-569">
         <name>__aeabi_memcpy</name>
         <value>0x1481</value>
         <object_component_ref idref="oc-5b"/>
      </symbol>
      <symbol id="sm-56a">
         <name>__aeabi_memcpy8</name>
         <value>0x1481</value>
         <object_component_ref idref="oc-5b"/>
      </symbol>
      <symbol id="sm-56b">
         <name>__aeabi_memcpy4</name>
         <value>0x1481</value>
         <object_component_ref idref="oc-5b"/>
      </symbol>
      <symbol id="sm-57a">
         <name>__aeabi_memset</name>
         <value>0x18b3</value>
         <object_component_ref idref="oc-dd"/>
      </symbol>
      <symbol id="sm-57b">
         <name>memset</name>
         <value>0x18b9</value>
         <object_component_ref idref="oc-dd"/>
      </symbol>
      <symbol id="sm-57c">
         <name>__aeabi_memset8</name>
         <value>0x18b3</value>
         <object_component_ref idref="oc-dd"/>
      </symbol>
      <symbol id="sm-57d">
         <name>__aeabi_memset4</name>
         <value>0x18b3</value>
         <object_component_ref idref="oc-dd"/>
      </symbol>
      <symbol id="sm-57e">
         <name>__aeabi_memclr8</name>
         <value>0x18b1</value>
         <object_component_ref idref="oc-dd"/>
      </symbol>
      <symbol id="sm-57f">
         <name>__aeabi_memclr4</name>
         <value>0x18b1</value>
         <object_component_ref idref="oc-dd"/>
      </symbol>
      <symbol id="sm-580">
         <name>__aeabi_memclr</name>
         <value>0x18b1</value>
         <object_component_ref idref="oc-dd"/>
      </symbol>
      <symbol id="sm-597">
         <name>__TI_zero_init</name>
         <value>0x274b</value>
         <object_component_ref idref="oc-6d"/>
      </symbol>
      <symbol id="sm-5ae">
         <name>__TI_decompress_none</name>
         <value>0x273d</value>
         <object_component_ref idref="oc-18"/>
      </symbol>
      <symbol id="sm-5d1">
         <name>__TI_decompress_lzss</name>
         <value>0x1c45</value>
         <object_component_ref idref="oc-12"/>
      </symbol>
      <symbol id="sm-5e4">
         <name>__stack</name>
         <value>0x20007740</value>
         <object_component_ref idref="oc-21"/>
      </symbol>
      <symbol id="sm-5e5">
         <name>_c_int00_noargs</name>
         <value>0x24b5</value>
         <object_component_ref idref="oc-79"/>
      </symbol>
      <symbol id="sm-5f0">
         <name>C$$EXIT</name>
         <value>0x2789</value>
         <object_component_ref idref="oc-18f"/>
      </symbol>
      <symbol id="sm-5f1">
         <name>abort</name>
         <value>0x2789</value>
         <object_component_ref idref="oc-18f"/>
      </symbol>
      <symbol id="sm-61c">
         <name>__TI_auto_init_nobinit_nopinit</name>
         <value>0x2279</value>
         <object_component_ref idref="oc-19b"/>
      </symbol>
      <symbol id="sm-626">
         <name>_system_pre_init</name>
         <value>0x2785</value>
         <object_component_ref idref="oc-e3"/>
      </symbol>
      <symbol id="sm-6ce">
         <name>CANMessageGet</name>
         <value>0xe89</value>
         <object_component_ref idref="oc-27b"/>
      </symbol>
      <symbol id="sm-6cf">
         <name>CANBitRateSet</name>
         <value>0x1b71</value>
         <object_component_ref idref="oc-342"/>
      </symbol>
      <symbol id="sm-6d0">
         <name>CANEnable</name>
         <value>0x2757</value>
         <object_component_ref idref="oc-354"/>
      </symbol>
      <symbol id="sm-6d1">
         <name>CANStatusGet</name>
         <value>0x2343</value>
         <object_component_ref idref="oc-ab"/>
      </symbol>
      <symbol id="sm-6d2">
         <name>CANMessageSet</name>
         <value>0xa01</value>
         <object_component_ref idref="oc-26c"/>
      </symbol>
      <symbol id="sm-6d3">
         <name>CANIntClear</name>
         <value>0x2645</value>
         <object_component_ref idref="oc-b1"/>
      </symbol>
      <symbol id="sm-6d4">
         <name>CANIntStatus</name>
         <value>0x2667</value>
         <object_component_ref idref="oc-a5"/>
      </symbol>
      <symbol id="sm-6d5">
         <name>CANInit</name>
         <value>0x2479</value>
         <object_component_ref idref="oc-336"/>
      </symbol>
      <symbol id="sm-6d6">
         <name>CANIntEnable</name>
         <value>0x276b</value>
         <object_component_ref idref="oc-348"/>
      </symbol>
      <symbol id="sm-728">
         <name>GPIOPinConfigure</name>
         <value>0x2161</value>
         <object_component_ref idref="oc-32a"/>
      </symbol>
      <symbol id="sm-729">
         <name>GPIOPinTypeGPIOInput</name>
         <value>0x26fb</value>
         <object_component_ref idref="oc-35b"/>
      </symbol>
      <symbol id="sm-72a">
         <name>GPIOPinTypeGPIOOutput</name>
         <value>0x26a5</value>
         <object_component_ref idref="oc-320"/>
      </symbol>
      <symbol id="sm-72b">
         <name>GPIOPinRead</name>
         <value>0x2773</value>
         <object_component_ref idref="oc-37e"/>
      </symbol>
      <symbol id="sm-72c">
         <name>GPIODirModeSet</name>
         <value>0x25a9</value>
         <object_component_ref idref="oc-410"/>
      </symbol>
      <symbol id="sm-72d">
         <name>GPIOPinWrite</name>
         <value>0x2779</value>
         <object_component_ref idref="oc-369"/>
      </symbol>
      <symbol id="sm-72e">
         <name>GPIOPadConfigSet</name>
         <value>0xb37</value>
         <object_component_ref idref="oc-361"/>
      </symbol>
      <symbol id="sm-72f">
         <name>GPIOPinTypeCAN</name>
         <value>0x26e9</value>
         <object_component_ref idref="oc-330"/>
      </symbol>
      <symbol id="sm-756">
         <name>IntEnable</name>
         <value>0x1bdd</value>
         <object_component_ref idref="oc-34e"/>
      </symbol>
      <symbol id="sm-790">
         <name>SysCtlPeripheralEnable</name>
         <value>0x24ed</value>
         <object_component_ref idref="oc-31a"/>
      </symbol>
      <symbol id="sm-791">
         <name>SysCtlClockGet</name>
         <value>0xd79</value>
         <object_component_ref idref="oc-33c"/>
      </symbol>
      <symbol id="sm-793">
         <name>__TI_static_base__</name>
         <value>0x0</value>
      </symbol>
      <symbol id="sm-796">
         <name>__mpu_init</name>
         <value>0x0</value>
      </symbol>
      <symbol id="sm-797">
         <name>_system_post_cinit</name>
         <value>0x0</value>
      </symbol>
   </symbol_table>
   <title>Link successful</title>
</link_info>
