<?xml version="1.0" encoding="ISO-8859-1" ?>
<link_info>
   <banner>TI ARM Linker PC v18.1.1.LTS</banner>
   <copyright>Copyright (c) 1996-2017 Texas Instruments Incorporated</copyright>
   <link_time>0x5cab3459</link_time>
   <link_errors>0x0</link_errors>
   <output_file>CAN_Project.out</output_file>
   <entry_point>
      <name>_c_int00_noargs</name>
      <address>0x3819</address>
   </entry_point>
   <input_file_list>
      <input_file id="fl-2">
         <path>.\</path>
         <kind>object</kind>
         <file>main.obj</file>
         <name>main.obj</name>
      </input_file>
      <input_file id="fl-3">
         <path>.\</path>
         <kind>object</kind>
         <file>tm4c123gh6pm_startup_ccs.obj</file>
         <name>tm4c123gh6pm_startup_ccs.obj</name>
      </input_file>
      <input_file id="fl-4">
         <path>.\</path>
         <kind>object</kind>
         <file>uartstdio.obj</file>
         <name>uartstdio.obj</name>
      </input_file>
      <input_file id="fl-5">
         <path>.\APP\Sources\</path>
         <kind>object</kind>
         <file>CAN_APP.obj</file>
         <name>CAN_APP.obj</name>
      </input_file>
      <input_file id="fl-6">
         <path>.\HAL\Sources\</path>
         <kind>object</kind>
         <file>LED.obj</file>
         <name>LED.obj</name>
      </input_file>
      <input_file id="fl-7">
         <path>.\HAL\Sources\</path>
         <kind>object</kind>
         <file>Push_Button.obj</file>
         <name>Push_Button.obj</name>
      </input_file>
      <input_file id="fl-8">
         <path>.\MCAL\Sources\</path>
         <kind>object</kind>
         <file>CAN.obj</file>
         <name>CAN.obj</name>
      </input_file>
      <input_file id="fl-9">
         <path>.\OS_Tasks\Sources\</path>
         <kind>object</kind>
         <file>CAN_TASKS.obj</file>
         <name>CAN_TASKS.obj</name>
      </input_file>
      <input_file id="fl-a">
         <path>.\portable\CCS\ARM_CM4F\</path>
         <kind>object</kind>
         <file>port.obj</file>
         <name>port.obj</name>
      </input_file>
      <input_file id="fl-b">
         <path>.\portable\CCS\ARM_CM4F\</path>
         <kind>object</kind>
         <file>portasm.obj</file>
         <name>portasm.obj</name>
      </input_file>
      <input_file id="fl-c">
         <path>.\portable\MemMang\</path>
         <kind>object</kind>
         <file>heap_1.obj</file>
         <name>heap_1.obj</name>
      </input_file>
      <input_file id="fl-d">
         <path>.\source\</path>
         <kind>object</kind>
         <file>croutine.obj</file>
         <name>croutine.obj</name>
      </input_file>
      <input_file id="fl-e">
         <path>.\source\</path>
         <kind>object</kind>
         <file>event_groups.obj</file>
         <name>event_groups.obj</name>
      </input_file>
      <input_file id="fl-f">
         <path>.\source\</path>
         <kind>object</kind>
         <file>list.obj</file>
         <name>list.obj</name>
      </input_file>
      <input_file id="fl-10">
         <path>.\source\</path>
         <kind>object</kind>
         <file>queue.obj</file>
         <name>queue.obj</name>
      </input_file>
      <input_file id="fl-11">
         <path>.\source\</path>
         <kind>object</kind>
         <file>stream_buffer.obj</file>
         <name>stream_buffer.obj</name>
      </input_file>
      <input_file id="fl-12">
         <path>.\source\</path>
         <kind>object</kind>
         <file>tasks.obj</file>
         <name>tasks.obj</name>
      </input_file>
      <input_file id="fl-13">
         <path>.\source\</path>
         <kind>object</kind>
         <file>timers.obj</file>
         <name>timers.obj</name>
      </input_file>
      <input_file id="fl-18">
         <kind>object</kind>
         <file>&lt;internal&gt;</file>
         <name>&lt;internal&gt;</name>
      </input_file>
      <input_file id="fl-ce">
         <path>C:\ti\ccsv8\tools\compiler\ti-cgt-arm_18.1.1.LTS\lib\</path>
         <kind>archive</kind>
         <file>rtsv7M4_T_le_v4SPD16_eabi.lib</file>
         <name>u_divt2.asm.obj</name>
      </input_file>
      <input_file id="fl-cf">
         <path>C:\ti\ccsv8\tools\compiler\ti-cgt-arm_18.1.1.LTS\lib\</path>
         <kind>archive</kind>
         <file>rtsv7M4_T_le_v4SPD16_eabi.lib</file>
         <name>memcpy_t2.asm.obj</name>
      </input_file>
      <input_file id="fl-d0">
         <path>C:\ti\ccsv8\tools\compiler\ti-cgt-arm_18.1.1.LTS\lib\</path>
         <kind>archive</kind>
         <file>rtsv7M4_T_le_v4SPD16_eabi.lib</file>
         <name>memset_t2.asm.obj</name>
      </input_file>
      <input_file id="fl-d1">
         <path>C:\ti\ccsv8\tools\compiler\ti-cgt-arm_18.1.1.LTS\lib\</path>
         <kind>archive</kind>
         <file>rtsv7M4_T_le_v4SPD16_eabi.lib</file>
         <name>copy_zero_init.c.obj</name>
      </input_file>
      <input_file id="fl-d2">
         <path>C:\ti\ccsv8\tools\compiler\ti-cgt-arm_18.1.1.LTS\lib\</path>
         <kind>archive</kind>
         <file>rtsv7M4_T_le_v4SPD16_eabi.lib</file>
         <name>copy_decompress_none.c.obj</name>
      </input_file>
      <input_file id="fl-d3">
         <path>C:\ti\ccsv8\tools\compiler\ti-cgt-arm_18.1.1.LTS\lib\</path>
         <kind>archive</kind>
         <file>rtsv7M4_T_le_v4SPD16_eabi.lib</file>
         <name>copy_decompress_lzss.c.obj</name>
      </input_file>
      <input_file id="fl-d4">
         <path>C:\ti\ccsv8\tools\compiler\ti-cgt-arm_18.1.1.LTS\lib\</path>
         <kind>archive</kind>
         <file>rtsv7M4_T_le_v4SPD16_eabi.lib</file>
         <name>boot_cortex_m.c.obj</name>
      </input_file>
      <input_file id="fl-d5">
         <path>C:\ti\ccsv8\tools\compiler\ti-cgt-arm_18.1.1.LTS\lib\</path>
         <kind>archive</kind>
         <file>rtsv7M4_T_le_v4SPD16_eabi.lib</file>
         <name>exit.c.obj</name>
      </input_file>
      <input_file id="fl-d6">
         <path>C:\ti\ccsv8\tools\compiler\ti-cgt-arm_18.1.1.LTS\lib\</path>
         <kind>archive</kind>
         <file>rtsv7M4_T_le_v4SPD16_eabi.lib</file>
         <name>_lock.c.obj</name>
      </input_file>
      <input_file id="fl-d7">
         <path>C:\ti\ccsv8\tools\compiler\ti-cgt-arm_18.1.1.LTS\lib\</path>
         <kind>archive</kind>
         <file>rtsv7M4_T_le_v4SPD16_eabi.lib</file>
         <name>args_main.c.obj</name>
      </input_file>
      <input_file id="fl-d8">
         <path>C:\ti\ccsv8\tools\compiler\ti-cgt-arm_18.1.1.LTS\lib\</path>
         <kind>archive</kind>
         <file>rtsv7M4_T_le_v4SPD16_eabi.lib</file>
         <name>div0.asm.obj</name>
      </input_file>
      <input_file id="fl-d9">
         <path>C:\ti\ccsv8\tools\compiler\ti-cgt-arm_18.1.1.LTS\lib\</path>
         <kind>archive</kind>
         <file>rtsv7M4_T_le_v4SPD16_eabi.lib</file>
         <name>autoinit.c.obj</name>
      </input_file>
      <input_file id="fl-da">
         <path>C:\ti\ccsv8\tools\compiler\ti-cgt-arm_18.1.1.LTS\lib\</path>
         <kind>archive</kind>
         <file>rtsv7M4_T_le_v4SPD16_eabi.lib</file>
         <name>pre_init.c.obj</name>
      </input_file>
      <input_file id="fl-db">
         <path>C:\ti\ccsv8\tools\compiler\ti-cgt-arm_18.1.1.LTS\lib\</path>
         <kind>archive</kind>
         <file>rtsv7M4_T_le_v4SPD16_eabi.lib</file>
         <name>cpy_tbl.c.obj</name>
      </input_file>
      <input_file id="fl-dc">
         <path>C:\ti\TivaWare_C_Series-2.1.4.178\driverlib\ccs\Debug\</path>
         <kind>archive</kind>
         <file>driverlib.lib</file>
         <name>can.obj</name>
      </input_file>
      <input_file id="fl-dd">
         <path>C:\ti\TivaWare_C_Series-2.1.4.178\driverlib\ccs\Debug\</path>
         <kind>archive</kind>
         <file>driverlib.lib</file>
         <name>gpio.obj</name>
      </input_file>
      <input_file id="fl-de">
         <path>C:\ti\TivaWare_C_Series-2.1.4.178\driverlib\ccs\Debug\</path>
         <kind>archive</kind>
         <file>driverlib.lib</file>
         <name>interrupt.obj</name>
      </input_file>
      <input_file id="fl-df">
         <path>C:\ti\TivaWare_C_Series-2.1.4.178\driverlib\ccs\Debug\</path>
         <kind>archive</kind>
         <file>driverlib.lib</file>
         <name>sysctl.obj</name>
      </input_file>
      <input_file id="fl-e0">
         <path>C:\ti\TivaWare_C_Series-2.1.4.178\driverlib\ccs\Debug\</path>
         <kind>archive</kind>
         <file>driverlib.lib</file>
         <name>uart.obj</name>
      </input_file>
      <input_file id="fl-e1">
         <path>C:\ti\TivaWare_C_Series-2.1.4.178\driverlib\ccs\Debug\</path>
         <kind>archive</kind>
         <file>driverlib.lib</file>
         <name>cpu.obj</name>
      </input_file>
   </input_file_list>
   <object_component_list>
      <object_component id="oc-f">
         <name>.intvecs</name>
         <load_address>0x0</load_address>
         <run_address>0x0</run_address>
         <size>0x26c</size>
         <input_file_ref idref="fl-3"/>
      </object_component>
      <object_component id="oc-82">
         <name>.text</name>
         <load_address>0x26c</load_address>
         <run_address>0x26c</run_address>
         <size>0x180c</size>
         <input_file_ref idref="fl-12"/>
      </object_component>
      <object_component id="oc-b0">
         <name>.text</name>
         <load_address>0x1a78</load_address>
         <run_address>0x1a78</run_address>
         <size>0x4dc</size>
         <input_file_ref idref="fl-4"/>
      </object_component>
      <object_component id="oc-19b">
         <name>.text</name>
         <load_address>0x1f54</load_address>
         <run_address>0x1f54</run_address>
         <size>0x3c8</size>
         <input_file_ref idref="fl-e"/>
      </object_component>
      <object_component id="oc-195">
         <name>.text</name>
         <load_address>0x231c</load_address>
         <run_address>0x231c</run_address>
         <size>0x2b8</size>
         <input_file_ref idref="fl-5"/>
      </object_component>
      <object_component id="oc-35">
         <name>.text</name>
         <load_address>0x25d4</load_address>
         <run_address>0x25d4</run_address>
         <size>0x1a4</size>
         <input_file_ref idref="fl-2"/>
      </object_component>
      <object_component id="oc-278">
         <name>.text</name>
         <load_address>0x2778</load_address>
         <run_address>0x2778</run_address>
         <size>0x15c</size>
         <input_file_ref idref="fl-8"/>
      </object_component>
      <object_component id="oc-2f">
         <name>.text</name>
         <load_address>0x28d4</load_address>
         <run_address>0x28d4</run_address>
         <size>0x13c</size>
         <input_file_ref idref="fl-a"/>
      </object_component>
      <object_component id="oc-27e">
         <name>.text:CANMessageSet</name>
         <load_address>0x2a10</load_address>
         <run_address>0x2a10</run_address>
         <size>0x136</size>
         <input_file_ref idref="fl-dc"/>
      </object_component>
      <object_component id="oc-16b">
         <name>.text:GPIOPadConfigSet</name>
         <load_address>0x2b46</load_address>
         <run_address>0x2b46</run_address>
         <size>0x132</size>
         <input_file_ref idref="fl-dd"/>
      </object_component>
      <object_component id="oc-121">
         <name>.text</name>
         <load_address>0x2c78</load_address>
         <run_address>0x2c78</run_address>
         <size>0x12a</size>
         <input_file_ref idref="fl-f"/>
      </object_component>
      <object_component id="oc-265">
         <name>.text</name>
         <load_address>0x2da2</load_address>
         <run_address>0x2da2</run_address>
         <size>0x2</size>
         <input_file_ref idref="fl-d8"/>
      </object_component>
      <object_component id="oc-2f6">
         <name>.text:SysCtlClockGet</name>
         <load_address>0x2da4</load_address>
         <run_address>0x2da4</run_address>
         <size>0x110</size>
         <input_file_ref idref="fl-df"/>
      </object_component>
      <object_component id="oc-284">
         <name>.text:CANMessageGet</name>
         <load_address>0x2eb4</load_address>
         <run_address>0x2eb4</run_address>
         <size>0x10e</size>
         <input_file_ref idref="fl-dc"/>
      </object_component>
      <object_component id="oc-cc">
         <name>.text</name>
         <load_address>0x2fc4</load_address>
         <run_address>0x2fc4</run_address>
         <size>0xf4</size>
         <input_file_ref idref="fl-9"/>
      </object_component>
      <object_component id="oc-272">
         <name>.text:SysCtlClockSet</name>
         <load_address>0x30b8</load_address>
         <run_address>0x30b8</run_address>
         <size>0xf4</size>
         <input_file_ref idref="fl-df"/>
      </object_component>
      <object_component id="oc-1a7">
         <name>.text</name>
         <load_address>0x31ac</load_address>
         <run_address>0x31ac</run_address>
         <size>0xe0</size>
         <input_file_ref idref="fl-7"/>
      </object_component>
      <object_component id="oc-2a">
         <name>.text</name>
         <load_address>0x328c</load_address>
         <run_address>0x328c</run_address>
         <size>0xda</size>
         <input_file_ref idref="fl-b"/>
      </object_component>
      <object_component id="oc-11b">
         <name>.text</name>
         <load_address>0x3368</load_address>
         <run_address>0x3368</run_address>
         <size>0x9c</size>
         <input_file_ref idref="fl-c"/>
      </object_component>
      <object_component id="oc-49">
         <name>.text</name>
         <load_address>0x3404</load_address>
         <run_address>0x3404</run_address>
         <size>0x9c</size>
         <input_file_ref idref="fl-cf"/>
      </object_component>
      <object_component id="oc-f9">
         <name>.text</name>
         <load_address>0x34a0</load_address>
         <run_address>0x34a0</run_address>
         <size>0x7a</size>
         <input_file_ref idref="fl-d0"/>
      </object_component>
      <object_component id="oc-2fc">
         <name>.text:CANBitRateSet</name>
         <load_address>0x351c</load_address>
         <run_address>0x351c</run_address>
         <size>0x6c</size>
         <input_file_ref idref="fl-dc"/>
      </object_component>
      <object_component id="oc-308">
         <name>.text:IntEnable</name>
         <load_address>0x3588</load_address>
         <run_address>0x3588</run_address>
         <size>0x68</size>
         <input_file_ref idref="fl-de"/>
      </object_component>
      <object_component id="oc-12">
         <name>.text:decompress:lzss:__TI_decompress_lzss</name>
         <load_address>0x35f0</load_address>
         <run_address>0x35f0</run_address>
         <size>0x68</size>
         <input_file_ref idref="fl-d3"/>
      </object_component>
      <object_component id="oc-9e">
         <name>.text:GPIOPinConfigure</name>
         <load_address>0x3658</load_address>
         <run_address>0x3658</run_address>
         <size>0x48</size>
         <input_file_ref idref="fl-dd"/>
      </object_component>
      <object_component id="oc-1da">
         <name>.text:__TI_auto_init_nobinit_nopinit:__TI_auto_init_nobinit_nopinit</name>
         <load_address>0x36a0</load_address>
         <run_address>0x36a0</run_address>
         <size>0x44</size>
         <input_file_ref idref="fl-d9"/>
      </object_component>
      <object_component id="oc-1a1">
         <name>.text</name>
         <load_address>0x36e4</load_address>
         <run_address>0x36e4</run_address>
         <size>0x42</size>
         <input_file_ref idref="fl-6"/>
      </object_component>
      <object_component id="oc-bd">
         <name>.text:CANStatusGet</name>
         <load_address>0x3726</load_address>
         <run_address>0x3726</run_address>
         <size>0x40</size>
         <input_file_ref idref="fl-dc"/>
      </object_component>
      <object_component id="oc-17b">
         <name>.text</name>
         <load_address>0x3766</load_address>
         <run_address>0x3766</run_address>
         <size>0x40</size>
         <input_file_ref idref="fl-ce"/>
      </object_component>
      <object_component id="oc-2f0">
         <name>.text:CANInit</name>
         <load_address>0x37a6</load_address>
         <run_address>0x37a6</run_address>
         <size>0x3a</size>
         <input_file_ref idref="fl-dc"/>
      </object_component>
      <object_component id="oc-29a">
         <name>.text:SysCtlPeripheralReady</name>
         <load_address>0x37e0</load_address>
         <run_address>0x37e0</run_address>
         <size>0x38</size>
         <input_file_ref idref="fl-df"/>
      </object_component>
      <object_component id="oc-67">
         <name>.text:_c_int00_noargs:_c_int00_noargs</name>
         <load_address>0x3818</load_address>
         <run_address>0x3818</run_address>
         <size>0x38</size>
         <input_file_ref idref="fl-d4"/>
      </object_component>
      <object_component id="oc-98">
         <name>.text:SysCtlPeripheralEnable</name>
         <load_address>0x3850</load_address>
         <run_address>0x3850</run_address>
         <size>0x34</size>
         <input_file_ref idref="fl-df"/>
      </object_component>
      <object_component id="oc-165">
         <name>.text:GPIODirModeSet</name>
         <load_address>0x3884</load_address>
         <run_address>0x3884</run_address>
         <size>0x2a</size>
         <input_file_ref idref="fl-dd"/>
      </object_component>
      <object_component id="oc-31c">
         <name>.text:_CANDataRegRead</name>
         <load_address>0x38ae</load_address>
         <run_address>0x38ae</run_address>
         <size>0x2a</size>
         <input_file_ref idref="fl-dc"/>
      </object_component>
      <object_component id="oc-315">
         <name>.text:_CANDataRegWrite</name>
         <load_address>0x38d8</load_address>
         <run_address>0x38d8</run_address>
         <size>0x24</size>
         <input_file_ref idref="fl-dc"/>
      </object_component>
      <object_component id="oc-c3">
         <name>.text:CANIntClear</name>
         <load_address>0x38fc</load_address>
         <run_address>0x38fc</run_address>
         <size>0x22</size>
         <input_file_ref idref="fl-dc"/>
      </object_component>
      <object_component id="oc-b7">
         <name>.text:CANIntStatus</name>
         <load_address>0x391e</load_address>
         <run_address>0x391e</run_address>
         <size>0x20</size>
         <input_file_ref idref="fl-dc"/>
      </object_component>
      <object_component id="oc-2a0">
         <name>.text:GPIOPinTypeGPIOOutput</name>
         <load_address>0x393e</load_address>
         <run_address>0x393e</run_address>
         <size>0x18</size>
         <input_file_ref idref="fl-dd"/>
      </object_component>
      <object_component id="oc-2ea">
         <name>.text:GPIOPinTypeCAN</name>
         <load_address>0x3956</load_address>
         <run_address>0x3956</run_address>
         <size>0x12</size>
         <input_file_ref idref="fl-dd"/>
      </object_component>
      <object_component id="oc-2ad">
         <name>.text:GPIOPinTypeGPIOInput</name>
         <load_address>0x3968</load_address>
         <run_address>0x3968</run_address>
         <size>0x12</size>
         <input_file_ref idref="fl-dd"/>
      </object_component>
      <object_component id="oc-aa">
         <name>.text:GPIOPinTypeUART</name>
         <load_address>0x397a</load_address>
         <run_address>0x397a</run_address>
         <size>0x12</size>
         <input_file_ref idref="fl-dd"/>
      </object_component>
      <object_component id="oc-18">
         <name>.text:decompress:none:__TI_decompress_none</name>
         <load_address>0x398c</load_address>
         <run_address>0x398c</run_address>
         <size>0xe</size>
         <input_file_ref idref="fl-d2"/>
      </object_component>
      <object_component id="oc-5b">
         <name>.text:decompress:ZI:__TI_zero_init</name>
         <load_address>0x399a</load_address>
         <run_address>0x399a</run_address>
         <size>0xc</size>
         <input_file_ref idref="fl-d1"/>
      </object_component>
      <object_component id="oc-24">
         <name>.text</name>
         <load_address>0x39a6</load_address>
         <run_address>0x39a6</run_address>
         <size>0xc</size>
         <input_file_ref idref="fl-3"/>
      </object_component>
      <object_component id="oc-30e">
         <name>.text:CANEnable</name>
         <load_address>0x39b2</load_address>
         <run_address>0x39b2</run_address>
         <size>0xa</size>
         <input_file_ref idref="fl-dc"/>
      </object_component>
      <object_component id="oc-302">
         <name>.text:CANIntEnable</name>
         <load_address>0x39bc</load_address>
         <run_address>0x39bc</run_address>
         <size>0x8</size>
         <input_file_ref idref="fl-dc"/>
      </object_component>
      <object_component id="oc-2b3">
         <name>.text:GPIOPinRead</name>
         <load_address>0x39c4</load_address>
         <run_address>0x39c4</run_address>
         <size>0x6</size>
         <input_file_ref idref="fl-dd"/>
      </object_component>
      <object_component id="oc-2a6">
         <name>.text:GPIOPinWrite</name>
         <load_address>0x39ca</load_address>
         <run_address>0x39ca</run_address>
         <size>0x6</size>
         <input_file_ref idref="fl-dd"/>
      </object_component>
      <object_component id="oc-b6">
         <name>.text:SysCtlDelay</name>
         <load_address>0x39d0</load_address>
         <run_address>0x39d0</run_address>
         <size>0x6</size>
         <input_file_ref idref="fl-df"/>
      </object_component>
      <object_component id="oc-a4">
         <name>.text:UARTClockSourceSet</name>
         <load_address>0x39d6</load_address>
         <run_address>0x39d6</run_address>
         <size>0x6</size>
         <input_file_ref idref="fl-e0"/>
      </object_component>
      <object_component id="oc-ff">
         <name>.text:_system_pre_init</name>
         <load_address>0x39dc</load_address>
         <run_address>0x39dc</run_address>
         <size>0x4</size>
         <input_file_ref idref="fl-da"/>
      </object_component>
      <object_component id="oc-1ce">
         <name>.text:abort:abort</name>
         <load_address>0x39e0</load_address>
         <run_address>0x39e0</run_address>
         <size>0x4</size>
         <input_file_ref idref="fl-d5"/>
      </object_component>
      <object_component id="oc-15e">
         <name>.const:g_pui32GPIOBaseAddrs</name>
         <load_address>0x39e4</load_address>
         <run_address>0x39e4</run_address>
         <size>0x90</size>
         <input_file_ref idref="fl-dd"/>
      </object_component>
      <object_component id="oc-35f">
         <name>.const</name>
         <load_address>0x3a74</load_address>
         <run_address>0x3a74</run_address>
         <size>0x70</size>
         <input_file_ref idref="fl-de"/>
      </object_component>
      <object_component id="oc-356">
         <name>.const:g_pui32Xtals</name>
         <load_address>0x3ae4</load_address>
         <run_address>0x3ae4</run_address>
         <size>0x6c</size>
         <input_file_ref idref="fl-df"/>
      </object_component>
      <object_component id="oc-35a">
         <name>.const</name>
         <load_address>0x3b50</load_address>
         <run_address>0x3b50</run_address>
         <size>0x20</size>
         <input_file_ref idref="fl-dc"/>
      </object_component>
      <object_component id="oc-26b">
         <name>.const:.string</name>
         <load_address>0x3b70</load_address>
         <run_address>0x3b70</run_address>
         <size>0x12</size>
         <input_file_ref idref="fl-4"/>
      </object_component>
      <object_component id="oc-178">
         <name>.const:g_ui32UARTBase</name>
         <load_address>0x3b84</load_address>
         <run_address>0x3b84</run_address>
         <size>0xc</size>
         <input_file_ref idref="fl-4"/>
      </object_component>
      <object_component id="oc-172">
         <name>.const:g_ui32UARTPeriph</name>
         <load_address>0x3b90</load_address>
         <run_address>0x3b90</run_address>
         <size>0xc</size>
         <input_file_ref idref="fl-4"/>
      </object_component>
      <object_component id="oc-7f">
         <name>.const</name>
         <load_address>0x3b9c</load_address>
         <run_address>0x3b9c</run_address>
         <size>0x4</size>
         <input_file_ref idref="fl-a"/>
      </object_component>
      <object_component id="oc-180">
         <name>.const</name>
         <load_address>0x3ba0</load_address>
         <run_address>0x3ba0</run_address>
         <size>0x4</size>
         <input_file_ref idref="fl-4"/>
      </object_component>
      <object_component id="oc-3a7">
         <name>.cinit..data.load</name>
         <load_address>0x3ba8</load_address>
         <run_address>0x3ba8</run_address>
         <size>0x10</size>
      </object_component>
      <object_component id="oc-3a5">
         <name>__TI_handler_table</name>
         <load_address>0x3bb8</load_address>
         <run_address>0x3bb8</run_address>
         <size>0xc</size>
      </object_component>
      <object_component id="oc-3a8">
         <name>.cinit..bss.load</name>
         <load_address>0x3bc8</load_address>
         <run_address>0x3bc8</run_address>
         <size>0x8</size>
      </object_component>
      <object_component id="oc-3a6">
         <name>__TI_cinit_table</name>
         <load_address>0x3bd0</load_address>
         <run_address>0x3bd0</run_address>
         <size>0x10</size>
      </object_component>
      <object_component id="oc-c9">
         <name>.data</name>
         <load_address>0x20007954</load_address>
         <run_address>0x20007954</run_address>
         <size>0x9</size>
         <input_file_ref idref="fl-2"/>
      </object_component>
      <object_component id="oc-175">
         <name>.data</name>
         <load_address>0x20007968</load_address>
         <run_address>0x20007968</run_address>
         <size>0x5</size>
         <input_file_ref idref="fl-4"/>
      </object_component>
      <object_component id="oc-28e">
         <name>.data</name>
         <load_address>0x2000795d</load_address>
         <run_address>0x2000795d</run_address>
         <size>0x1</size>
         <input_file_ref idref="fl-5"/>
      </object_component>
      <object_component id="oc-28b">
         <name>.data</name>
         <load_address>0x2000795e</load_address>
         <run_address>0x2000795e</run_address>
         <size>0x1</size>
         <input_file_ref idref="fl-9"/>
      </object_component>
      <object_component id="oc-89">
         <name>.data</name>
         <load_address>0x20007970</load_address>
         <run_address>0x20007970</run_address>
         <size>0x4</size>
         <input_file_ref idref="fl-a"/>
      </object_component>
      <object_component id="oc-222">
         <name>.data</name>
         <load_address>0x20007960</load_address>
         <run_address>0x20007960</run_address>
         <size>0x8</size>
         <input_file_ref idref="fl-c"/>
      </object_component>
      <object_component id="oc-7c">
         <name>.data</name>
         <load_address>0x20007920</load_address>
         <run_address>0x20007920</run_address>
         <size>0x34</size>
         <input_file_ref idref="fl-12"/>
      </object_component>
      <object_component id="oc-225">
         <name>.bss:ucHeap</name>
         <uninitialized>true</uninitialized>
         <run_address>0x20000000</run_address>
         <size>0x7530</size>
         <input_file_ref idref="fl-c"/>
      </object_component>
      <object_component id="oc-127">
         <name>.bss:pxReadyTasksLists</name>
         <uninitialized>true</uninitialized>
         <run_address>0x20007530</run_address>
         <size>0x140</size>
         <input_file_ref idref="fl-12"/>
      </object_component>
      <object_component id="oc-136">
         <name>.bss:xDelayedTaskList1</name>
         <uninitialized>true</uninitialized>
         <run_address>0x20007670</run_address>
         <size>0x14</size>
         <input_file_ref idref="fl-12"/>
      </object_component>
      <object_component id="oc-139">
         <name>.bss:xDelayedTaskList2</name>
         <uninitialized>true</uninitialized>
         <run_address>0x20007684</run_address>
         <size>0x14</size>
         <input_file_ref idref="fl-12"/>
      </object_component>
      <object_component id="oc-12d">
         <name>.bss</name>
         <uninitialized>true</uninitialized>
         <run_address>0x200076fc</run_address>
         <size>0x8</size>
         <input_file_ref idref="fl-12"/>
      </object_component>
      <object_component id="oc-133">
         <name>.bss:xPendingReadyList</name>
         <uninitialized>true</uninitialized>
         <run_address>0x20007698</run_address>
         <size>0x14</size>
         <input_file_ref idref="fl-12"/>
      </object_component>
      <object_component id="oc-12a">
         <name>.bss:xTasksWaitingTermination</name>
         <uninitialized>true</uninitialized>
         <run_address>0x200076c0</run_address>
         <size>0x14</size>
         <input_file_ref idref="fl-12"/>
      </object_component>
      <object_component id="oc-130">
         <name>.bss:xSuspendedTaskList</name>
         <uninitialized>true</uninitialized>
         <run_address>0x200076ac</run_address>
         <size>0x14</size>
         <input_file_ref idref="fl-12"/>
      </object_component>
      <object_component id="oc-28a">
         <name>.common:sMsgObjectRx</name>
         <uninitialized>true</uninitialized>
         <run_address>0x200076d4</run_address>
         <size>0x14</size>
      </object_component>
      <object_component id="oc-291">
         <name>.common:sMsgObjectTx</name>
         <uninitialized>true</uninitialized>
         <run_address>0x200076e8</run_address>
         <size>0x14</size>
      </object_component>
      <object_component id="oc-1b4">
         <name>.common:can_messages_tx_arr</name>
         <uninitialized>true</uninitialized>
         <run_address>0x2000770c</run_address>
         <size>0x8</size>
      </object_component>
      <object_component id="oc-1ad">
         <name>.common:can_messages_rx_arr</name>
         <uninitialized>true</uninitialized>
         <run_address>0x20007704</run_address>
         <size>0x8</size>
      </object_component>
      <object_component id="oc-1b5">
         <name>.common:led_event_gp</name>
         <uninitialized>true</uninitialized>
         <run_address>0x20007714</run_address>
         <size>0x4</size>
      </object_component>
      <object_component id="oc-1b6">
         <name>.common:uxBits</name>
         <uninitialized>true</uninitialized>
         <run_address>0x20007718</run_address>
         <size>0x4</size>
      </object_component>
      <object_component id="oc-1b7">
         <name>.common:Action_Switch_State</name>
         <uninitialized>true</uninitialized>
         <run_address>0x2000771c</run_address>
         <size>0x1</size>
      </object_component>
      <object_component id="oc-21">
         <name>.stack</name>
         <uninitialized>true</uninitialized>
         <run_address>0x20007720</run_address>
         <size>0x4</size>
         <input_file_ref idref="fl-d4"/>
      </object_component>
      <object_component id="oc-3a9">
         <name>.stack</name>
         <uninitialized>true</uninitialized>
         <run_address>0x20007720</run_address>
         <size>0x0</size>
      </object_component>
      <object_component id="oc-155">
         <name>.debug_info</name>
         <load_address>0x0</load_address>
         <run_address>0x0</run_address>
         <size>0x896</size>
         <input_file_ref idref="fl-2"/>
      </object_component>
      <object_component id="oc-ca">
         <name>.debug_info</name>
         <load_address>0x896</load_address>
         <run_address>0x896</run_address>
         <size>0x14d</size>
         <input_file_ref idref="fl-2"/>
      </object_component>
      <object_component id="oc-36">
         <name>.debug_info</name>
         <load_address>0x9e3</load_address>
         <run_address>0x9e3</run_address>
         <size>0x388</size>
         <input_file_ref idref="fl-2"/>
      </object_component>
      <object_component id="oc-146">
         <name>.debug_info</name>
         <load_address>0xd6b</load_address>
         <run_address>0xd6b</run_address>
         <size>0x315</size>
         <input_file_ref idref="fl-2"/>
      </object_component>
      <object_component id="oc-24b">
         <name>.debug_info</name>
         <load_address>0x1080</load_address>
         <run_address>0x1080</run_address>
         <size>0x1b3</size>
         <input_file_ref idref="fl-2"/>
      </object_component>
      <object_component id="oc-df">
         <name>.debug_info</name>
         <load_address>0x1233</load_address>
         <run_address>0x1233</run_address>
         <size>0x26b</size>
         <input_file_ref idref="fl-2"/>
      </object_component>
      <object_component id="oc-150">
         <name>.debug_info</name>
         <load_address>0x149e</load_address>
         <run_address>0x149e</run_address>
         <size>0x461</size>
         <input_file_ref idref="fl-2"/>
      </object_component>
      <object_component id="oc-23c">
         <name>.debug_info</name>
         <load_address>0x18ff</load_address>
         <run_address>0x18ff</run_address>
         <size>0x42</size>
         <input_file_ref idref="fl-2"/>
      </object_component>
      <object_component id="oc-241">
         <name>.debug_info</name>
         <load_address>0x1941</load_address>
         <run_address>0x1941</run_address>
         <size>0x4f</size>
         <input_file_ref idref="fl-2"/>
      </object_component>
      <object_component id="oc-246">
         <name>.debug_info</name>
         <load_address>0x1990</load_address>
         <run_address>0x1990</run_address>
         <size>0x35</size>
         <input_file_ref idref="fl-2"/>
      </object_component>
      <object_component id="oc-d8">
         <name>.debug_info</name>
         <load_address>0x19c5</load_address>
         <run_address>0x19c5</run_address>
         <size>0x8b</size>
         <input_file_ref idref="fl-2"/>
      </object_component>
      <object_component id="oc-8e">
         <name>.debug_info</name>
         <load_address>0x1a50</load_address>
         <run_address>0x1a50</run_address>
         <size>0x2c</size>
         <input_file_ref idref="fl-2"/>
      </object_component>
      <object_component id="oc-20e">
         <name>.debug_info</name>
         <load_address>0x1a7c</load_address>
         <run_address>0x1a7c</run_address>
         <size>0x4f</size>
         <input_file_ref idref="fl-2"/>
      </object_component>
      <object_component id="oc-1b9">
         <name>.debug_info</name>
         <load_address>0x1acb</load_address>
         <run_address>0x1acb</run_address>
         <size>0x297</size>
         <input_file_ref idref="fl-2"/>
      </object_component>
      <object_component id="oc-d3">
         <name>.debug_info</name>
         <load_address>0x1d62</load_address>
         <run_address>0x1d62</run_address>
         <size>0xbb</size>
         <input_file_ref idref="fl-2"/>
      </object_component>
      <object_component id="oc-141">
         <name>.debug_info</name>
         <load_address>0x1e1d</load_address>
         <run_address>0x1e1d</run_address>
         <size>0x53</size>
         <input_file_ref idref="fl-2"/>
      </object_component>
      <object_component id="oc-93">
         <name>.debug_info</name>
         <load_address>0x1e70</load_address>
         <run_address>0x1e70</run_address>
         <size>0x53</size>
         <input_file_ref idref="fl-2"/>
      </object_component>
      <object_component id="oc-185">
         <name>.debug_info</name>
         <load_address>0x1ec3</load_address>
         <run_address>0x1ec3</run_address>
         <size>0x2c</size>
         <input_file_ref idref="fl-2"/>
      </object_component>
      <object_component id="oc-14b">
         <name>.debug_info</name>
         <load_address>0x1eef</load_address>
         <run_address>0x1eef</run_address>
         <size>0x14c</size>
         <input_file_ref idref="fl-2"/>
      </object_component>
      <object_component id="oc-3d">
         <name>.debug_info</name>
         <load_address>0x203b</load_address>
         <run_address>0x203b</run_address>
         <size>0x351</size>
         <input_file_ref idref="fl-3"/>
      </object_component>
      <object_component id="oc-10">
         <name>.debug_info</name>
         <load_address>0x238c</load_address>
         <run_address>0x238c</run_address>
         <size>0xee</size>
         <input_file_ref idref="fl-3"/>
      </object_component>
      <object_component id="oc-25">
         <name>.debug_info</name>
         <load_address>0x247a</load_address>
         <run_address>0x247a</run_address>
         <size>0x26a</size>
         <input_file_ref idref="fl-3"/>
      </object_component>
      <object_component id="oc-44">
         <name>.debug_info</name>
         <load_address>0x26e4</load_address>
         <run_address>0x26e4</run_address>
         <size>0x84</size>
         <input_file_ref idref="fl-3"/>
      </object_component>
      <object_component id="oc-184">
         <name>.debug_info</name>
         <load_address>0x2768</load_address>
         <run_address>0x2768</run_address>
         <size>0x299</size>
         <input_file_ref idref="fl-4"/>
      </object_component>
      <object_component id="oc-176">
         <name>.debug_info</name>
         <load_address>0x2a01</load_address>
         <run_address>0x2a01</run_address>
         <size>0xda</size>
         <input_file_ref idref="fl-4"/>
      </object_component>
      <object_component id="oc-181">
         <name>.debug_info</name>
         <load_address>0x2adb</load_address>
         <run_address>0x2adb</run_address>
         <size>0xd4</size>
         <input_file_ref idref="fl-4"/>
      </object_component>
      <object_component id="oc-179">
         <name>.debug_info</name>
         <load_address>0x2baf</load_address>
         <run_address>0x2baf</run_address>
         <size>0xe2</size>
         <input_file_ref idref="fl-4"/>
      </object_component>
      <object_component id="oc-173">
         <name>.debug_info</name>
         <load_address>0x2c91</load_address>
         <run_address>0x2c91</run_address>
         <size>0xe6</size>
         <input_file_ref idref="fl-4"/>
      </object_component>
      <object_component id="oc-b1">
         <name>.debug_info</name>
         <load_address>0x2d77</load_address>
         <run_address>0x2d77</run_address>
         <size>0x702</size>
         <input_file_ref idref="fl-4"/>
      </object_component>
      <object_component id="oc-1ae">
         <name>.debug_info</name>
         <load_address>0x3479</load_address>
         <run_address>0x3479</run_address>
         <size>0x7ec</size>
         <input_file_ref idref="fl-5"/>
      </object_component>
      <object_component id="oc-28f">
         <name>.debug_info</name>
         <load_address>0x3c65</load_address>
         <run_address>0x3c65</run_address>
         <size>0xe4</size>
         <input_file_ref idref="fl-5"/>
      </object_component>
      <object_component id="oc-196">
         <name>.debug_info</name>
         <load_address>0x3d49</load_address>
         <run_address>0x3d49</run_address>
         <size>0x811</size>
         <input_file_ref idref="fl-5"/>
      </object_component>
      <object_component id="oc-1a2">
         <name>.debug_info</name>
         <load_address>0x455a</load_address>
         <run_address>0x455a</run_address>
         <size>0x3b2</size>
         <input_file_ref idref="fl-6"/>
      </object_component>
      <object_component id="oc-1a8">
         <name>.debug_info</name>
         <load_address>0x490c</load_address>
         <run_address>0x490c</run_address>
         <size>0x372</size>
         <input_file_ref idref="fl-7"/>
      </object_component>
      <object_component id="oc-1b0">
         <name>.debug_info</name>
         <load_address>0x4c7e</load_address>
         <run_address>0x4c7e</run_address>
         <size>0x628</size>
         <input_file_ref idref="fl-8"/>
      </object_component>
      <object_component id="oc-279">
         <name>.debug_info</name>
         <load_address>0x52a6</load_address>
         <run_address>0x52a6</run_address>
         <size>0x613</size>
         <input_file_ref idref="fl-8"/>
      </object_component>
      <object_component id="oc-1b2">
         <name>.debug_info</name>
         <load_address>0x58b9</load_address>
         <run_address>0x58b9</run_address>
         <size>0x873</size>
         <input_file_ref idref="fl-9"/>
      </object_component>
      <object_component id="oc-28c">
         <name>.debug_info</name>
         <load_address>0x612c</load_address>
         <run_address>0x612c</run_address>
         <size>0xf0</size>
         <input_file_ref idref="fl-9"/>
      </object_component>
      <object_component id="oc-d0">
         <name>.debug_info</name>
         <load_address>0x621c</load_address>
         <run_address>0x621c</run_address>
         <size>0x4b7</size>
         <input_file_ref idref="fl-9"/>
      </object_component>
      <object_component id="oc-8d">
         <name>.debug_info</name>
         <load_address>0x66d3</load_address>
         <run_address>0x66d3</run_address>
         <size>0x3f6</size>
         <input_file_ref idref="fl-a"/>
      </object_component>
      <object_component id="oc-80">
         <name>.debug_info</name>
         <load_address>0x6ac9</load_address>
         <run_address>0x6ac9</run_address>
         <size>0x112</size>
         <input_file_ref idref="fl-a"/>
      </object_component>
      <object_component id="oc-8a">
         <name>.debug_info</name>
         <load_address>0x6bdb</load_address>
         <run_address>0x6bdb</run_address>
         <size>0xf9</size>
         <input_file_ref idref="fl-a"/>
      </object_component>
      <object_component id="oc-30">
         <name>.debug_info</name>
         <load_address>0x6cd4</load_address>
         <run_address>0x6cd4</run_address>
         <size>0x619</size>
         <input_file_ref idref="fl-a"/>
      </object_component>
      <object_component id="oc-2b">
         <name>.debug_info</name>
         <load_address>0x72ed</load_address>
         <run_address>0x72ed</run_address>
         <size>0x24a</size>
         <input_file_ref idref="fl-b"/>
      </object_component>
      <object_component id="oc-229">
         <name>.debug_info</name>
         <load_address>0x7537</load_address>
         <run_address>0x7537</run_address>
         <size>0x3f9</size>
         <input_file_ref idref="fl-c"/>
      </object_component>
      <object_component id="oc-226">
         <name>.debug_info</name>
         <load_address>0x7930</load_address>
         <run_address>0x7930</run_address>
         <size>0xe0</size>
         <input_file_ref idref="fl-c"/>
      </object_component>
      <object_component id="oc-223">
         <name>.debug_info</name>
         <load_address>0x7a10</load_address>
         <run_address>0x7a10</run_address>
         <size>0xee</size>
         <input_file_ref idref="fl-c"/>
      </object_component>
      <object_component id="oc-11c">
         <name>.debug_info</name>
         <load_address>0x7afe</load_address>
         <run_address>0x7afe</run_address>
         <size>0x37e</size>
         <input_file_ref idref="fl-c"/>
      </object_component>
      <object_component id="oc-213">
         <name>.debug_info</name>
         <load_address>0x7e7c</load_address>
         <run_address>0x7e7c</run_address>
         <size>0x110</size>
         <input_file_ref idref="fl-c"/>
      </object_component>
      <object_component id="oc-21d">
         <name>.debug_info</name>
         <load_address>0x7f8c</load_address>
         <run_address>0x7f8c</run_address>
         <size>0x461</size>
         <input_file_ref idref="fl-c"/>
      </object_component>
      <object_component id="oc-299">
         <name>.debug_info</name>
         <load_address>0x83ed</load_address>
         <run_address>0x83ed</run_address>
         <size>0x630</size>
         <input_file_ref idref="fl-e"/>
      </object_component>
      <object_component id="oc-19c">
         <name>.debug_info</name>
         <load_address>0x8a1d</load_address>
         <run_address>0x8a1d</run_address>
         <size>0x14af</size>
         <input_file_ref idref="fl-e"/>
      </object_component>
      <object_component id="oc-329">
         <name>.debug_info</name>
         <load_address>0x9ecc</load_address>
         <run_address>0x9ecc</run_address>
         <size>0x76</size>
         <input_file_ref idref="fl-e"/>
      </object_component>
      <object_component id="oc-294">
         <name>.debug_info</name>
         <load_address>0x9f42</load_address>
         <run_address>0x9f42</run_address>
         <size>0x39</size>
         <input_file_ref idref="fl-e"/>
      </object_component>
      <object_component id="oc-22b">
         <name>.debug_info</name>
         <load_address>0x9f7b</load_address>
         <run_address>0x9f7b</run_address>
         <size>0x362</size>
         <input_file_ref idref="fl-f"/>
      </object_component>
      <object_component id="oc-122">
         <name>.debug_info</name>
         <load_address>0xa2dd</load_address>
         <run_address>0xa2dd</run_address>
         <size>0x494</size>
         <input_file_ref idref="fl-f"/>
      </object_component>
      <object_component id="oc-1c5">
         <name>.debug_info</name>
         <load_address>0xa771</load_address>
         <run_address>0xa771</run_address>
         <size>0x2c</size>
         <input_file_ref idref="fl-11"/>
      </object_component>
      <object_component id="oc-113">
         <name>.debug_info</name>
         <load_address>0xa79d</load_address>
         <run_address>0xa79d</run_address>
         <size>0x734</size>
         <input_file_ref idref="fl-12"/>
      </object_component>
      <object_component id="oc-7d">
         <name>.debug_info</name>
         <load_address>0xaed1</load_address>
         <run_address>0xaed1</run_address>
         <size>0x345</size>
         <input_file_ref idref="fl-12"/>
      </object_component>
      <object_component id="oc-128">
         <name>.debug_info</name>
         <load_address>0xb216</load_address>
         <run_address>0xb216</run_address>
         <size>0xec</size>
         <input_file_ref idref="fl-12"/>
      </object_component>
      <object_component id="oc-137">
         <name>.debug_info</name>
         <load_address>0xb302</load_address>
         <run_address>0xb302</run_address>
         <size>0xec</size>
         <input_file_ref idref="fl-12"/>
      </object_component>
      <object_component id="oc-13a">
         <name>.debug_info</name>
         <load_address>0xb3ee</load_address>
         <run_address>0xb3ee</run_address>
         <size>0xec</size>
         <input_file_ref idref="fl-12"/>
      </object_component>
      <object_component id="oc-12e">
         <name>.debug_info</name>
         <load_address>0xb4da</load_address>
         <run_address>0xb4da</run_address>
         <size>0x12f</size>
         <input_file_ref idref="fl-12"/>
      </object_component>
      <object_component id="oc-134">
         <name>.debug_info</name>
         <load_address>0xb609</load_address>
         <run_address>0xb609</run_address>
         <size>0xec</size>
         <input_file_ref idref="fl-12"/>
      </object_component>
      <object_component id="oc-12b">
         <name>.debug_info</name>
         <load_address>0xb6f5</load_address>
         <run_address>0xb6f5</run_address>
         <size>0xfa</size>
         <input_file_ref idref="fl-12"/>
      </object_component>
      <object_component id="oc-131">
         <name>.debug_info</name>
         <load_address>0xb7ef</load_address>
         <run_address>0xb7ef</run_address>
         <size>0xee</size>
         <input_file_ref idref="fl-12"/>
      </object_component>
      <object_component id="oc-83">
         <name>.debug_info</name>
         <load_address>0xb8dd</load_address>
         <run_address>0xb8dd</run_address>
         <size>0x47a5</size>
         <input_file_ref idref="fl-12"/>
      </object_component>
      <object_component id="oc-114">
         <name>.debug_info</name>
         <load_address>0x10082</load_address>
         <run_address>0x10082</run_address>
         <size>0x30c</size>
         <input_file_ref idref="fl-12"/>
      </object_component>
      <object_component id="oc-218">
         <name>.debug_info</name>
         <load_address>0x1038e</load_address>
         <run_address>0x1038e</run_address>
         <size>0x144</size>
         <input_file_ref idref="fl-12"/>
      </object_component>
      <object_component id="oc-17c">
         <name>.debug_info</name>
         <load_address>0x104d2</load_address>
         <run_address>0x104d2</run_address>
         <size>0x13a</size>
         <input_file_ref idref="fl-ce"/>
      </object_component>
      <object_component id="oc-4a">
         <name>.debug_info</name>
         <load_address>0x1060c</load_address>
         <run_address>0x1060c</run_address>
         <size>0x111</size>
         <input_file_ref idref="fl-cf"/>
      </object_component>
      <object_component id="oc-fb">
         <name>.debug_info</name>
         <load_address>0x1071d</load_address>
         <run_address>0x1071d</run_address>
         <size>0x13f</size>
         <input_file_ref idref="fl-d0"/>
      </object_component>
      <object_component id="oc-f8">
         <name>.debug_info</name>
         <load_address>0x1085c</load_address>
         <run_address>0x1085c</run_address>
         <size>0x313</size>
         <input_file_ref idref="fl-d1"/>
      </object_component>
      <object_component id="oc-5f">
         <name>.debug_info</name>
         <load_address>0x10b6f</load_address>
         <run_address>0x10b6f</run_address>
         <size>0x1aa</size>
         <input_file_ref idref="fl-d1"/>
      </object_component>
      <object_component id="oc-f3">
         <name>.debug_info</name>
         <load_address>0x10d19</load_address>
         <run_address>0x10d19</run_address>
         <size>0x46</size>
         <input_file_ref idref="fl-d1"/>
      </object_component>
      <object_component id="oc-54">
         <name>.debug_info</name>
         <load_address>0x10d5f</load_address>
         <run_address>0x10d5f</run_address>
         <size>0x29d</size>
         <input_file_ref idref="fl-d2"/>
      </object_component>
      <object_component id="oc-1c">
         <name>.debug_info</name>
         <load_address>0x10ffc</load_address>
         <run_address>0x10ffc</run_address>
         <size>0x1df</size>
         <input_file_ref idref="fl-d2"/>
      </object_component>
      <object_component id="oc-4f">
         <name>.debug_info</name>
         <load_address>0x111db</load_address>
         <run_address>0x111db</run_address>
         <size>0x46</size>
         <input_file_ref idref="fl-d2"/>
      </object_component>
      <object_component id="oc-eb">
         <name>.debug_info</name>
         <load_address>0x11221</load_address>
         <run_address>0x11221</run_address>
         <size>0x2c</size>
         <input_file_ref idref="fl-d2"/>
      </object_component>
      <object_component id="oc-e9">
         <name>.debug_info</name>
         <load_address>0x1124d</load_address>
         <run_address>0x1124d</run_address>
         <size>0x293</size>
         <input_file_ref idref="fl-d3"/>
      </object_component>
      <object_component id="oc-15">
         <name>.debug_info</name>
         <load_address>0x114e0</load_address>
         <run_address>0x114e0</run_address>
         <size>0x245</size>
         <input_file_ref idref="fl-d3"/>
      </object_component>
      <object_component id="oc-3f">
         <name>.debug_info</name>
         <load_address>0x11725</load_address>
         <run_address>0x11725</run_address>
         <size>0x60</size>
         <input_file_ref idref="fl-d3"/>
      </object_component>
      <object_component id="oc-1be">
         <name>.debug_info</name>
         <load_address>0x11785</load_address>
         <run_address>0x11785</run_address>
         <size>0x46</size>
         <input_file_ref idref="fl-d3"/>
      </object_component>
      <object_component id="oc-e4">
         <name>.debug_info</name>
         <load_address>0x117cb</load_address>
         <run_address>0x117cb</run_address>
         <size>0x39</size>
         <input_file_ref idref="fl-d3"/>
      </object_component>
      <object_component id="oc-22">
         <name>.debug_info</name>
         <load_address>0x11804</load_address>
         <run_address>0x11804</run_address>
         <size>0x100</size>
         <input_file_ref idref="fl-d4"/>
      </object_component>
      <object_component id="oc-68">
         <name>.debug_info</name>
         <load_address>0x11904</load_address>
         <run_address>0x11904</run_address>
         <size>0x1a4</size>
         <input_file_ref idref="fl-d4"/>
      </object_component>
      <object_component id="oc-1cf">
         <name>.debug_info</name>
         <load_address>0x11aa8</load_address>
         <run_address>0x11aa8</run_address>
         <size>0x117</size>
         <input_file_ref idref="fl-d5"/>
      </object_component>
      <object_component id="oc-266">
         <name>.debug_info</name>
         <load_address>0x11bbf</load_address>
         <run_address>0x11bbf</run_address>
         <size>0x10d</size>
         <input_file_ref idref="fl-d8"/>
      </object_component>
      <object_component id="oc-2cb">
         <name>.debug_info</name>
         <load_address>0x11ccc</load_address>
         <run_address>0x11ccc</run_address>
         <size>0x547</size>
         <input_file_ref idref="fl-d9"/>
      </object_component>
      <object_component id="oc-1dc">
         <name>.debug_info</name>
         <load_address>0x12213</load_address>
         <run_address>0x12213</run_address>
         <size>0x19b</size>
         <input_file_ref idref="fl-d9"/>
      </object_component>
      <object_component id="oc-343">
         <name>.debug_info</name>
         <load_address>0x123ae</load_address>
         <run_address>0x123ae</run_address>
         <size>0x39</size>
         <input_file_ref idref="fl-d9"/>
      </object_component>
      <object_component id="oc-36a">
         <name>.debug_info</name>
         <load_address>0x123e7</load_address>
         <run_address>0x123e7</run_address>
         <size>0x39</size>
         <input_file_ref idref="fl-d9"/>
      </object_component>
      <object_component id="oc-348">
         <name>.debug_info</name>
         <load_address>0x12420</load_address>
         <run_address>0x12420</run_address>
         <size>0x39</size>
         <input_file_ref idref="fl-d9"/>
      </object_component>
      <object_component id="oc-34d">
         <name>.debug_info</name>
         <load_address>0x12459</load_address>
         <run_address>0x12459</run_address>
         <size>0xcd</size>
         <input_file_ref idref="fl-d9"/>
      </object_component>
      <object_component id="oc-101">
         <name>.debug_info</name>
         <load_address>0x12526</load_address>
         <run_address>0x12526</run_address>
         <size>0x148</size>
         <input_file_ref idref="fl-da"/>
      </object_component>
      <object_component id="oc-190">
         <name>.debug_info</name>
         <load_address>0x1266e</load_address>
         <run_address>0x1266e</run_address>
         <size>0x227</size>
         <input_file_ref idref="fl-dc"/>
      </object_component>
      <object_component id="oc-35b">
         <name>.debug_info</name>
         <load_address>0x12895</load_address>
         <run_address>0x12895</run_address>
         <size>0x156</size>
         <input_file_ref idref="fl-dc"/>
      </object_component>
      <object_component id="oc-be">
         <name>.debug_info</name>
         <load_address>0x129eb</load_address>
         <run_address>0x129eb</run_address>
         <size>0x286</size>
         <input_file_ref idref="fl-dc"/>
      </object_component>
      <object_component id="oc-316">
         <name>.debug_info</name>
         <load_address>0x12c71</load_address>
         <run_address>0x12c71</run_address>
         <size>0x2dd</size>
         <input_file_ref idref="fl-dc"/>
      </object_component>
      <object_component id="oc-27f">
         <name>.debug_info</name>
         <load_address>0x12f4e</load_address>
         <run_address>0x12f4e</run_address>
         <size>0x413</size>
         <input_file_ref idref="fl-dc"/>
      </object_component>
      <object_component id="oc-31d">
         <name>.debug_info</name>
         <load_address>0x13361</load_address>
         <run_address>0x13361</run_address>
         <size>0x2de</size>
         <input_file_ref idref="fl-dc"/>
      </object_component>
      <object_component id="oc-285">
         <name>.debug_info</name>
         <load_address>0x1363f</load_address>
         <run_address>0x1363f</run_address>
         <size>0x3e8</size>
         <input_file_ref idref="fl-dc"/>
      </object_component>
      <object_component id="oc-b9">
         <name>.debug_info</name>
         <load_address>0x13a27</load_address>
         <run_address>0x13a27</run_address>
         <size>0x28c</size>
         <input_file_ref idref="fl-dc"/>
      </object_component>
      <object_component id="oc-304">
         <name>.debug_info</name>
         <load_address>0x13cb3</load_address>
         <run_address>0x13cb3</run_address>
         <size>0x28a</size>
         <input_file_ref idref="fl-dc"/>
      </object_component>
      <object_component id="oc-c5">
         <name>.debug_info</name>
         <load_address>0x13f3d</load_address>
         <run_address>0x13f3d</run_address>
         <size>0x286</size>
         <input_file_ref idref="fl-dc"/>
      </object_component>
      <object_component id="oc-2f2">
         <name>.debug_info</name>
         <load_address>0x141c3</load_address>
         <run_address>0x141c3</run_address>
         <size>0x26c</size>
         <input_file_ref idref="fl-dc"/>
      </object_component>
      <object_component id="oc-310">
         <name>.debug_info</name>
         <load_address>0x1442f</load_address>
         <run_address>0x1442f</run_address>
         <size>0x242</size>
         <input_file_ref idref="fl-dc"/>
      </object_component>
      <object_component id="oc-2ff">
         <name>.debug_info</name>
         <load_address>0x14671</load_address>
         <run_address>0x14671</run_address>
         <size>0x360</size>
         <input_file_ref idref="fl-dc"/>
      </object_component>
      <object_component id="oc-18b">
         <name>.debug_info</name>
         <load_address>0x149d1</load_address>
         <run_address>0x149d1</run_address>
         <size>0x1b3</size>
         <input_file_ref idref="fl-dc"/>
      </object_component>
      <object_component id="oc-158">
         <name>.debug_info</name>
         <load_address>0x14b84</load_address>
         <run_address>0x14b84</run_address>
         <size>0x18b</size>
         <input_file_ref idref="fl-dc"/>
      </object_component>
      <object_component id="oc-162">
         <name>.debug_info</name>
         <load_address>0x14d0f</load_address>
         <run_address>0x14d0f</run_address>
         <size>0x240</size>
         <input_file_ref idref="fl-dd"/>
      </object_component>
      <object_component id="oc-15f">
         <name>.debug_info</name>
         <load_address>0x14f4f</load_address>
         <run_address>0x14f4f</run_address>
         <size>0x15b</size>
         <input_file_ref idref="fl-dd"/>
      </object_component>
      <object_component id="oc-2a9">
         <name>.debug_info</name>
         <load_address>0x150aa</load_address>
         <run_address>0x150aa</run_address>
         <size>0x2a3</size>
         <input_file_ref idref="fl-dd"/>
      </object_component>
      <object_component id="oc-167">
         <name>.debug_info</name>
         <load_address>0x1534d</load_address>
         <run_address>0x1534d</run_address>
         <size>0x2b3</size>
         <input_file_ref idref="fl-dd"/>
      </object_component>
      <object_component id="oc-16d">
         <name>.debug_info</name>
         <load_address>0x15600</load_address>
         <run_address>0x15600</run_address>
         <size>0x316</size>
         <input_file_ref idref="fl-dd"/>
      </object_component>
      <object_component id="oc-ac">
         <name>.debug_info</name>
         <load_address>0x15916</load_address>
         <run_address>0x15916</run_address>
         <size>0x27b</size>
         <input_file_ref idref="fl-dd"/>
      </object_component>
      <object_component id="oc-2a2">
         <name>.debug_info</name>
         <load_address>0x15b91</load_address>
         <run_address>0x15b91</run_address>
         <size>0x2b7</size>
         <input_file_ref idref="fl-dd"/>
      </object_component>
      <object_component id="oc-2af">
         <name>.debug_info</name>
         <load_address>0x15e48</load_address>
         <run_address>0x15e48</run_address>
         <size>0x285</size>
         <input_file_ref idref="fl-dd"/>
      </object_component>
      <object_component id="oc-2ec">
         <name>.debug_info</name>
         <load_address>0x160cd</load_address>
         <run_address>0x160cd</run_address>
         <size>0x279</size>
         <input_file_ref idref="fl-dd"/>
      </object_component>
      <object_component id="oc-2b5">
         <name>.debug_info</name>
         <load_address>0x16346</load_address>
         <run_address>0x16346</run_address>
         <size>0x27b</size>
         <input_file_ref idref="fl-dd"/>
      </object_component>
      <object_component id="oc-a0">
         <name>.debug_info</name>
         <load_address>0x165c1</load_address>
         <run_address>0x165c1</run_address>
         <size>0x280</size>
         <input_file_ref idref="fl-dd"/>
      </object_component>
      <object_component id="oc-363">
         <name>.debug_info</name>
         <load_address>0x16841</load_address>
         <run_address>0x16841</run_address>
         <size>0x20e</size>
         <input_file_ref idref="fl-de"/>
      </object_component>
      <object_component id="oc-360">
         <name>.debug_info</name>
         <load_address>0x16a4f</load_address>
         <run_address>0x16a4f</run_address>
         <size>0x210</size>
         <input_file_ref idref="fl-de"/>
      </object_component>
      <object_component id="oc-309">
         <name>.debug_info</name>
         <load_address>0x16c5f</load_address>
         <run_address>0x16c5f</run_address>
         <size>0x268</size>
         <input_file_ref idref="fl-de"/>
      </object_component>
      <object_component id="oc-15d">
         <name>.debug_info</name>
         <load_address>0x16ec7</load_address>
         <run_address>0x16ec7</run_address>
         <size>0x298</size>
         <input_file_ref idref="fl-df"/>
      </object_component>
      <object_component id="oc-357">
         <name>.debug_info</name>
         <load_address>0x1715f</load_address>
         <run_address>0x1715f</run_address>
         <size>0x14d</size>
         <input_file_ref idref="fl-df"/>
      </object_component>
      <object_component id="oc-29b">
         <name>.debug_info</name>
         <load_address>0x172ac</load_address>
         <run_address>0x172ac</run_address>
         <size>0x27f</size>
         <input_file_ref idref="fl-df"/>
      </object_component>
      <object_component id="oc-99">
         <name>.debug_info</name>
         <load_address>0x1752b</load_address>
         <run_address>0x1752b</run_address>
         <size>0x27d</size>
         <input_file_ref idref="fl-df"/>
      </object_component>
      <object_component id="oc-273">
         <name>.debug_info</name>
         <load_address>0x177a8</load_address>
         <run_address>0x177a8</run_address>
         <size>0x2db</size>
         <input_file_ref idref="fl-df"/>
      </object_component>
      <object_component id="oc-2f7">
         <name>.debug_info</name>
         <load_address>0x17a83</load_address>
         <run_address>0x17a83</run_address>
         <size>0x2b5</size>
         <input_file_ref idref="fl-df"/>
      </object_component>
      <object_component id="oc-252">
         <name>.debug_info</name>
         <load_address>0x17d38</load_address>
         <run_address>0x17d38</run_address>
         <size>0x5f</size>
         <input_file_ref idref="fl-df"/>
      </object_component>
      <object_component id="oc-164">
         <name>.debug_info</name>
         <load_address>0x17d97</load_address>
         <run_address>0x17d97</run_address>
         <size>0x227</size>
         <input_file_ref idref="fl-e0"/>
      </object_component>
      <object_component id="oc-a5">
         <name>.debug_info</name>
         <load_address>0x17fbe</load_address>
         <run_address>0x17fbe</run_address>
         <size>0x291</size>
         <input_file_ref idref="fl-e0"/>
      </object_component>
      <object_component id="oc-3aa">
         <name>.debug_info</name>
         <load_address>0x1824f</load_address>
         <run_address>0x1824f</run_address>
         <size>0xa4</size>
      </object_component>
      <object_component id="oc-23b">
         <name>.debug_line</name>
         <load_address>0x0</load_address>
         <run_address>0x0</run_address>
         <size>0x251</size>
         <input_file_ref idref="fl-2"/>
      </object_component>
      <object_component id="oc-194">
         <name>.debug_line</name>
         <load_address>0x251</load_address>
         <run_address>0x251</run_address>
         <size>0x2d</size>
         <input_file_ref idref="fl-2"/>
      </object_component>
      <object_component id="oc-39">
         <name>.debug_line</name>
         <load_address>0x27e</load_address>
         <run_address>0x27e</run_address>
         <size>0xbf</size>
         <input_file_ref idref="fl-2"/>
      </object_component>
      <object_component id="oc-149">
         <name>.debug_line</name>
         <load_address>0x33d</load_address>
         <run_address>0x33d</run_address>
         <size>0x62</size>
         <input_file_ref idref="fl-2"/>
      </object_component>
      <object_component id="oc-24e">
         <name>.debug_line</name>
         <load_address>0x39f</load_address>
         <run_address>0x39f</run_address>
         <size>0x55</size>
         <input_file_ref idref="fl-2"/>
      </object_component>
      <object_component id="oc-e2">
         <name>.debug_line</name>
         <load_address>0x3f4</load_address>
         <run_address>0x3f4</run_address>
         <size>0x69</size>
         <input_file_ref idref="fl-2"/>
      </object_component>
      <object_component id="oc-153">
         <name>.debug_line</name>
         <load_address>0x45d</load_address>
         <run_address>0x45d</run_address>
         <size>0x66</size>
         <input_file_ref idref="fl-2"/>
      </object_component>
      <object_component id="oc-23f">
         <name>.debug_line</name>
         <load_address>0x4c3</load_address>
         <run_address>0x4c3</run_address>
         <size>0x6a</size>
         <input_file_ref idref="fl-2"/>
      </object_component>
      <object_component id="oc-244">
         <name>.debug_line</name>
         <load_address>0x52d</load_address>
         <run_address>0x52d</run_address>
         <size>0x63</size>
         <input_file_ref idref="fl-2"/>
      </object_component>
      <object_component id="oc-249">
         <name>.debug_line</name>
         <load_address>0x590</load_address>
         <run_address>0x590</run_address>
         <size>0x6b</size>
         <input_file_ref idref="fl-2"/>
      </object_component>
      <object_component id="oc-db">
         <name>.debug_line</name>
         <load_address>0x5fb</load_address>
         <run_address>0x5fb</run_address>
         <size>0x20</size>
         <input_file_ref idref="fl-2"/>
      </object_component>
      <object_component id="oc-91">
         <name>.debug_line</name>
         <load_address>0x61b</load_address>
         <run_address>0x61b</run_address>
         <size>0x66</size>
         <input_file_ref idref="fl-2"/>
      </object_component>
      <object_component id="oc-211">
         <name>.debug_line</name>
         <load_address>0x681</load_address>
         <run_address>0x681</run_address>
         <size>0x64</size>
         <input_file_ref idref="fl-2"/>
      </object_component>
      <object_component id="oc-1bc">
         <name>.debug_line</name>
         <load_address>0x6e5</load_address>
         <run_address>0x6e5</run_address>
         <size>0x6d</size>
         <input_file_ref idref="fl-2"/>
      </object_component>
      <object_component id="oc-d6">
         <name>.debug_line</name>
         <load_address>0x752</load_address>
         <run_address>0x752</run_address>
         <size>0x6a</size>
         <input_file_ref idref="fl-2"/>
      </object_component>
      <object_component id="oc-144">
         <name>.debug_line</name>
         <load_address>0x7bc</load_address>
         <run_address>0x7bc</run_address>
         <size>0x65</size>
         <input_file_ref idref="fl-2"/>
      </object_component>
      <object_component id="oc-96">
         <name>.debug_line</name>
         <load_address>0x821</load_address>
         <run_address>0x821</run_address>
         <size>0x77</size>
         <input_file_ref idref="fl-2"/>
      </object_component>
      <object_component id="oc-188">
         <name>.debug_line</name>
         <load_address>0x898</load_address>
         <run_address>0x898</run_address>
         <size>0x65</size>
         <input_file_ref idref="fl-2"/>
      </object_component>
      <object_component id="oc-14e">
         <name>.debug_line</name>
         <load_address>0x8fd</load_address>
         <run_address>0x8fd</run_address>
         <size>0x62</size>
         <input_file_ref idref="fl-2"/>
      </object_component>
      <object_component id="oc-de">
         <name>.debug_line</name>
         <load_address>0x95f</load_address>
         <run_address>0x95f</run_address>
         <size>0x41</size>
         <input_file_ref idref="fl-3"/>
      </object_component>
      <object_component id="oc-3c">
         <name>.debug_line</name>
         <load_address>0x9a0</load_address>
         <run_address>0x9a0</run_address>
         <size>0x41</size>
         <input_file_ref idref="fl-3"/>
      </object_component>
      <object_component id="oc-28">
         <name>.debug_line</name>
         <load_address>0x9e1</load_address>
         <run_address>0x9e1</run_address>
         <size>0xa1</size>
         <input_file_ref idref="fl-3"/>
      </object_component>
      <object_component id="oc-47">
         <name>.debug_line</name>
         <load_address>0xa82</load_address>
         <run_address>0xa82</run_address>
         <size>0x20</size>
         <input_file_ref idref="fl-3"/>
      </object_component>
      <object_component id="oc-26f">
         <name>.debug_line</name>
         <load_address>0xaa2</load_address>
         <run_address>0xaa2</run_address>
         <size>0x20</size>
         <input_file_ref idref="fl-4"/>
      </object_component>
      <object_component id="oc-262">
         <name>.debug_line</name>
         <load_address>0xac2</load_address>
         <run_address>0xac2</run_address>
         <size>0x32</size>
         <input_file_ref idref="fl-4"/>
      </object_component>
      <object_component id="oc-26d">
         <name>.debug_line</name>
         <load_address>0xaf4</load_address>
         <run_address>0xaf4</run_address>
         <size>0x32</size>
         <input_file_ref idref="fl-4"/>
      </object_component>
      <object_component id="oc-264">
         <name>.debug_line</name>
         <load_address>0xb26</load_address>
         <run_address>0xb26</run_address>
         <size>0x32</size>
         <input_file_ref idref="fl-4"/>
      </object_component>
      <object_component id="oc-260">
         <name>.debug_line</name>
         <load_address>0xb58</load_address>
         <run_address>0xb58</run_address>
         <size>0x32</size>
         <input_file_ref idref="fl-4"/>
      </object_component>
      <object_component id="oc-b4">
         <name>.debug_line</name>
         <load_address>0xb8a</load_address>
         <run_address>0xb8a</run_address>
         <size>0x283</size>
         <input_file_ref idref="fl-4"/>
      </object_component>
      <object_component id="oc-2bb">
         <name>.debug_line</name>
         <load_address>0xe0d</load_address>
         <run_address>0xe0d</run_address>
         <size>0x20d</size>
         <input_file_ref idref="fl-5"/>
      </object_component>
      <object_component id="oc-326">
         <name>.debug_line</name>
         <load_address>0x101a</load_address>
         <run_address>0x101a</run_address>
         <size>0x3c</size>
         <input_file_ref idref="fl-5"/>
      </object_component>
      <object_component id="oc-199">
         <name>.debug_line</name>
         <load_address>0x1056</load_address>
         <run_address>0x1056</run_address>
         <size>0x1ae</size>
         <input_file_ref idref="fl-5"/>
      </object_component>
      <object_component id="oc-1a5">
         <name>.debug_line</name>
         <load_address>0x1204</load_address>
         <run_address>0x1204</run_address>
         <size>0x6e</size>
         <input_file_ref idref="fl-6"/>
      </object_component>
      <object_component id="oc-1ab">
         <name>.debug_line</name>
         <load_address>0x1272</load_address>
         <run_address>0x1272</run_address>
         <size>0xa9</size>
         <input_file_ref idref="fl-7"/>
      </object_component>
      <object_component id="oc-2bd">
         <name>.debug_line</name>
         <load_address>0x131b</load_address>
         <run_address>0x131b</run_address>
         <size>0x144</size>
         <input_file_ref idref="fl-8"/>
      </object_component>
      <object_component id="oc-27c">
         <name>.debug_line</name>
         <load_address>0x145f</load_address>
         <run_address>0x145f</run_address>
         <size>0x12e</size>
         <input_file_ref idref="fl-8"/>
      </object_component>
      <object_component id="oc-2bf">
         <name>.debug_line</name>
         <load_address>0x158d</load_address>
         <run_address>0x158d</run_address>
         <size>0x240</size>
         <input_file_ref idref="fl-9"/>
      </object_component>
      <object_component id="oc-324">
         <name>.debug_line</name>
         <load_address>0x17cd</load_address>
         <run_address>0x17cd</run_address>
         <size>0x43</size>
         <input_file_ref idref="fl-9"/>
      </object_component>
      <object_component id="oc-cd">
         <name>.debug_line</name>
         <load_address>0x1810</load_address>
         <run_address>0x1810</run_address>
         <size>0x10a</size>
         <input_file_ref idref="fl-9"/>
      </object_component>
      <object_component id="oc-140">
         <name>.debug_line</name>
         <load_address>0x191a</load_address>
         <run_address>0x191a</run_address>
         <size>0x85</size>
         <input_file_ref idref="fl-a"/>
      </object_component>
      <object_component id="oc-11a">
         <name>.debug_line</name>
         <load_address>0x199f</load_address>
         <run_address>0x199f</run_address>
         <size>0x43</size>
         <input_file_ref idref="fl-a"/>
      </object_component>
      <object_component id="oc-13e">
         <name>.debug_line</name>
         <load_address>0x19e2</load_address>
         <run_address>0x19e2</run_address>
         <size>0x43</size>
         <input_file_ref idref="fl-a"/>
      </object_component>
      <object_component id="oc-33">
         <name>.debug_line</name>
         <load_address>0x1a25</load_address>
         <run_address>0x1a25</run_address>
         <size>0x145</size>
         <input_file_ref idref="fl-a"/>
      </object_component>
      <object_component id="oc-2e">
         <name>.debug_line</name>
         <load_address>0x1b6a</load_address>
         <run_address>0x1b6a</run_address>
         <size>0xd8</size>
         <input_file_ref idref="fl-b"/>
      </object_component>
      <object_component id="oc-2e5">
         <name>.debug_line</name>
         <load_address>0x1c42</load_address>
         <run_address>0x1c42</run_address>
         <size>0x62</size>
         <input_file_ref idref="fl-c"/>
      </object_component>
      <object_component id="oc-2e3">
         <name>.debug_line</name>
         <load_address>0x1ca4</load_address>
         <run_address>0x1ca4</run_address>
         <size>0x40</size>
         <input_file_ref idref="fl-c"/>
      </object_component>
      <object_component id="oc-2e1">
         <name>.debug_line</name>
         <load_address>0x1ce4</load_address>
         <run_address>0x1ce4</run_address>
         <size>0x40</size>
         <input_file_ref idref="fl-c"/>
      </object_component>
      <object_component id="oc-11f">
         <name>.debug_line</name>
         <load_address>0x1d24</load_address>
         <run_address>0x1d24</run_address>
         <size>0xc3</size>
         <input_file_ref idref="fl-c"/>
      </object_component>
      <object_component id="oc-216">
         <name>.debug_line</name>
         <load_address>0x1de7</load_address>
         <run_address>0x1de7</run_address>
         <size>0x65</size>
         <input_file_ref idref="fl-c"/>
      </object_component>
      <object_component id="oc-220">
         <name>.debug_line</name>
         <load_address>0x1e4c</load_address>
         <run_address>0x1e4c</run_address>
         <size>0x66</size>
         <input_file_ref idref="fl-c"/>
      </object_component>
      <object_component id="oc-328">
         <name>.debug_line</name>
         <load_address>0x1eb2</load_address>
         <run_address>0x1eb2</run_address>
         <size>0x141</size>
         <input_file_ref idref="fl-e"/>
      </object_component>
      <object_component id="oc-19f">
         <name>.debug_line</name>
         <load_address>0x1ff3</load_address>
         <run_address>0x1ff3</run_address>
         <size>0x327</size>
         <input_file_ref idref="fl-e"/>
      </object_component>
      <object_component id="oc-32c">
         <name>.debug_line</name>
         <load_address>0x231a</load_address>
         <run_address>0x231a</run_address>
         <size>0x3c</size>
         <input_file_ref idref="fl-e"/>
      </object_component>
      <object_component id="oc-297">
         <name>.debug_line</name>
         <load_address>0x2356</load_address>
         <run_address>0x2356</run_address>
         <size>0x6a</size>
         <input_file_ref idref="fl-e"/>
      </object_component>
      <object_component id="oc-2e7">
         <name>.debug_line</name>
         <load_address>0x23c0</load_address>
         <run_address>0x23c0</run_address>
         <size>0x20</size>
         <input_file_ref idref="fl-f"/>
      </object_component>
      <object_component id="oc-125">
         <name>.debug_line</name>
         <load_address>0x23e0</load_address>
         <run_address>0x23e0</run_address>
         <size>0xea</size>
         <input_file_ref idref="fl-f"/>
      </object_component>
      <object_component id="oc-1c8">
         <name>.debug_line</name>
         <load_address>0x24ca</load_address>
         <run_address>0x24ca</run_address>
         <size>0x65</size>
         <input_file_ref idref="fl-11"/>
      </object_component>
      <object_component id="oc-20d">
         <name>.debug_line</name>
         <load_address>0x252f</load_address>
         <run_address>0x252f</run_address>
         <size>0x144</size>
[...]
         <value>0x2977</value>
         <object_component_ref idref="oc-2f"/>
      </symbol>
      <symbol id="sm-26e">
         <name>vPortStartFirstTask</name>
         <value>0x3335</value>
         <object_component_ref idref="oc-2a"/>
      </symbol>
      <symbol id="sm-26f">
         <name>ulPortGetIPSR</name>
         <value>0x329d</value>
         <object_component_ref idref="oc-2a"/>
      </symbol>
      <symbol id="sm-270">
         <name>vPortEnableVFP</name>
         <value>0x3359</value>
         <object_component_ref idref="oc-2a"/>
      </symbol>
      <symbol id="sm-271">
         <name>xPortPendSVHandler</name>
         <value>0x32b5</value>
         <object_component_ref idref="oc-2a"/>
      </symbol>
      <symbol id="sm-272">
         <name>vPortSVCHandler</name>
         <value>0x3315</value>
         <object_component_ref idref="oc-2a"/>
      </symbol>
      <symbol id="sm-2a2">
         <name>vPortInitialiseBlocks</name>
         <value>0x33e3</value>
         <object_component_ref idref="oc-11b"/>
      </symbol>
      <symbol id="sm-2a3">
         <name>xPortGetFreeHeapSize</name>
         <value>0x33eb</value>
         <object_component_ref idref="oc-11b"/>
      </symbol>
      <symbol id="sm-2a4">
         <name>pvPortMalloc</name>
         <value>0x3369</value>
         <object_component_ref idref="oc-11b"/>
      </symbol>
      <symbol id="sm-2a5">
         <name>vPortFree</name>
         <value>0x33d9</value>
         <object_component_ref idref="oc-11b"/>
      </symbol>
      <symbol id="sm-2e8">
         <name>uxEventGroupGetNumber</name>
         <value>0x22eb</value>
         <object_component_ref idref="oc-19b"/>
      </symbol>
      <symbol id="sm-2e9">
         <name>xEventGroupSetBits</name>
         <value>0x2195</value>
         <object_component_ref idref="oc-19b"/>
      </symbol>
      <symbol id="sm-2ea">
         <name>xEventGroupCreate</name>
         <value>0x1f55</value>
         <object_component_ref idref="oc-19b"/>
      </symbol>
      <symbol id="sm-2eb">
         <name>vEventGroupSetNumber</name>
         <value>0x230b</value>
         <object_component_ref idref="oc-19b"/>
      </symbol>
      <symbol id="sm-2ec">
         <name>vEventGroupSetBitsCallback</name>
         <value>0x2295</value>
         <object_component_ref idref="oc-19b"/>
      </symbol>
      <symbol id="sm-2ed">
         <name>xEventGroupWaitBits</name>
         <value>0x2049</value>
         <object_component_ref idref="oc-19b"/>
      </symbol>
      <symbol id="sm-2ee">
         <name>xEventGroupSync</name>
         <value>0x1f75</value>
         <object_component_ref idref="oc-19b"/>
      </symbol>
      <symbol id="sm-2ef">
         <name>vEventGroupDelete</name>
         <value>0x2261</value>
         <object_component_ref idref="oc-19b"/>
      </symbol>
      <symbol id="sm-2f0">
         <name>xEventGroupGetBitsFromISR</name>
         <value>0x2165</value>
         <object_component_ref idref="oc-19b"/>
      </symbol>
      <symbol id="sm-2f1">
         <name>vEventGroupClearBitsCallback</name>
         <value>0x22a5</value>
         <object_component_ref idref="oc-19b"/>
      </symbol>
      <symbol id="sm-2f2">
         <name>xEventGroupClearBits</name>
         <value>0x2139</value>
         <object_component_ref idref="oc-19b"/>
      </symbol>
      <symbol id="sm-308">
         <name>uxListRemove</name>
         <value>0x2d5b</value>
         <object_component_ref idref="oc-121"/>
      </symbol>
      <symbol id="sm-309">
         <name>vListInsert</name>
         <value>0x2cf5</value>
         <object_component_ref idref="oc-121"/>
      </symbol>
      <symbol id="sm-30a">
         <name>vListInitialiseItem</name>
         <value>0x2ca9</value>
         <object_component_ref idref="oc-121"/>
      </symbol>
      <symbol id="sm-30b">
         <name>vListInsertEnd</name>
         <value>0x2cb9</value>
         <object_component_ref idref="oc-121"/>
      </symbol>
      <symbol id="sm-30c">
         <name>vListInitialise</name>
         <value>0x2c79</value>
         <object_component_ref idref="oc-121"/>
      </symbol>
      <symbol id="sm-4f8">
         <name>vTaskDelay</name>
         <value>0x5a3</value>
         <object_component_ref idref="oc-82"/>
      </symbol>
      <symbol id="sm-4f9">
         <name>vTaskSuspendAll</name>
         <value>0xa81</value>
         <object_component_ref idref="oc-82"/>
      </symbol>
      <symbol id="sm-4fa">
         <name>vTaskPlaceOnEventList</name>
         <value>0xdf9</value>
         <object_component_ref idref="oc-82"/>
      </symbol>
      <symbol id="sm-4fb">
         <name>vTaskSetTaskNumber</name>
         <value>0x101b</value>
         <object_component_ref idref="oc-82"/>
      </symbol>
      <symbol id="sm-4fc">
         <name>uxTaskPriorityGetFromISR</name>
         <value>0x6b9</value>
         <object_component_ref idref="oc-82"/>
      </symbol>
      <symbol id="sm-4fd">
         <name>ulTaskNotifyTake</name>
         <value>0x15c9</value>
         <object_component_ref idref="oc-82"/>
      </symbol>
      <symbol id="sm-4fe">
         <name>pcTaskGetName</name>
         <value>0xb99</value>
         <object_component_ref idref="oc-82"/>
      </symbol>
      <symbol id="sm-4ff">
         <name>xTaskCheckForTimeOut</name>
         <value>0xf75</value>
         <object_component_ref idref="oc-82"/>
      </symbol>
      <symbol id="sm-500">
         <name>vTaskRemoveFromUnorderedEventList</name>
         <value>0xec9</value>
         <object_component_ref idref="oc-82"/>
      </symbol>
      <symbol id="sm-501">
         <name>vTaskPrioritySet</name>
         <value>0x705</value>
         <object_component_ref idref="oc-82"/>
      </symbol>
      <symbol id="sm-502">
         <name>xTaskPriorityDisinherit</name>
         <value>0x1415</value>
         <object_component_ref idref="oc-82"/>
      </symbol>
      <symbol id="sm-503">
         <name>vTaskStartScheduler</name>
         <value>0xa15</value>
         <object_component_ref idref="oc-82"/>
      </symbol>
      <symbol id="sm-504">
         <name>vTaskInternalSetTimeOutState</name>
         <value>0xf4f</value>
         <object_component_ref idref="oc-82"/>
      </symbol>
      <symbol id="sm-505">
         <name>xTaskNotifyStateClear</name>
         <value>0x197d</value>
         <object_component_ref idref="oc-82"/>
      </symbol>
      <symbol id="sm-506">
         <name>pvTaskIncrementMutexHeldCount</name>
         <value>0x15ab</value>
         <object_component_ref idref="oc-82"/>
      </symbol>
      <symbol id="sm-507">
         <name>uxTaskGetStackHighWaterMark</name>
         <value>0x1285</value>
         <object_component_ref idref="oc-82"/>
      </symbol>
      <symbol id="sm-508">
         <name>xTaskGenericNotify</name>
         <value>0x16eb</value>
         <object_component_ref idref="oc-82"/>
      </symbol>
      <symbol id="sm-509">
         <name>vTaskPriorityDisinheritAfterTimeout</name>
         <value>0x14b3</value>
         <object_component_ref idref="oc-82"/>
      </symbol>
      <symbol id="sm-50a">
         <name>xTaskCreate</name>
         <value>0x26d</value>
         <object_component_ref idref="oc-82"/>
      </symbol>
      <symbol id="sm-50b">
         <name>vTaskDelayUntil</name>
         <value>0x513</value>
         <object_component_ref idref="oc-82"/>
      </symbol>
      <symbol id="sm-50c">
         <name>uxTaskGetTaskNumber</name>
         <value>0xffb</value>
         <object_component_ref idref="oc-82"/>
      </symbol>
      <symbol id="sm-50d">
         <name>vTaskEndScheduler</name>
         <value>0xa65</value>
         <object_component_ref idref="oc-82"/>
      </symbol>
      <symbol id="sm-50e">
         <name>xTaskNotifyWait</name>
         <value>0x1649</value>
         <object_component_ref idref="oc-82"/>
      </symbol>
      <symbol id="sm-50f">
         <name>vTaskMissedYield</name>
         <value>0xff3</value>
         <object_component_ref idref="oc-82"/>
      </symbol>
      <symbol id="sm-510">
         <name>uxTaskGetNumberOfTasks</name>
         <value>0xb8d</value>
         <object_component_ref idref="oc-82"/>
      </symbol>
      <symbol id="sm-511">
         <name>xTaskGenericNotifyFromISR</name>
         <value>0x17c5</value>
         <object_component_ref idref="oc-82"/>
      </symbol>
      <symbol id="sm-512">
         <name>vTaskGetInfo</name>
         <value>0x10f9</value>
         <object_component_ref idref="oc-82"/>
      </symbol>
      <symbol id="sm-513">
         <name>uxTaskPriorityGet</name>
         <value>0x68d</value>
         <object_component_ref idref="oc-82"/>
      </symbol>
      <symbol id="sm-514">
         <name>xTaskResumeAll</name>
         <value>0xa99</value>
         <object_component_ref idref="oc-82"/>
      </symbol>
      <symbol id="sm-515">
         <name>xTaskGetTickCount</name>
         <value>0xb69</value>
         <object_component_ref idref="oc-82"/>
      </symbol>
      <symbol id="sm-516">
         <name>uxTaskGetSystemState</name>
         <value>0xbbd</value>
         <object_component_ref idref="oc-82"/>
      </symbol>
      <symbol id="sm-517">
         <name>vTaskDelete</name>
         <value>0x465</value>
         <object_component_ref idref="oc-82"/>
      </symbol>
      <symbol id="sm-518">
         <name>pxCurrentTCB</name>
         <value>0x20007920</value>
         <object_component_ref idref="oc-7c"/>
      </symbol>
      <symbol id="sm-519">
         <name>vTaskNotifyGiveFromISR</name>
         <value>0x18d1</value>
         <object_component_ref idref="oc-82"/>
      </symbol>
      <symbol id="sm-51a">
         <name>eTaskGetState</name>
         <value>0x5dd</value>
         <object_component_ref idref="oc-82"/>
      </symbol>
      <symbol id="sm-51b">
         <name>vTaskSuspend</name>
         <value>0x811</value>
         <object_component_ref idref="oc-82"/>
      </symbol>
      <symbol id="sm-51c">
         <name>xTaskGetTickCountFromISR</name>
         <value>0xb79</value>
         <object_component_ref idref="oc-82"/>
      </symbol>
      <symbol id="sm-51d">
         <name>vTaskResume</name>
         <value>0x925</value>
         <object_component_ref idref="oc-82"/>
      </symbol>
      <symbol id="sm-51e">
         <name>vTaskSetTimeOutState</name>
         <value>0xf31</value>
         <object_component_ref idref="oc-82"/>
      </symbol>
      <symbol id="sm-51f">
         <name>xTaskIncrementTick</name>
         <value>0xca5</value>
         <object_component_ref idref="oc-82"/>
      </symbol>
      <symbol id="sm-520">
         <name>vTaskSwitchContext</name>
         <value>0xd91</value>
         <object_component_ref idref="oc-82"/>
      </symbol>
      <symbol id="sm-521">
         <name>uxTaskResetEventItemValue</name>
         <value>0x1589</value>
         <object_component_ref idref="oc-82"/>
      </symbol>
      <symbol id="sm-522">
         <name>xTaskResumeFromISR</name>
         <value>0x98b</value>
         <object_component_ref idref="oc-82"/>
      </symbol>
      <symbol id="sm-523">
         <name>xTaskGetCurrentTaskHandle</name>
         <value>0x1301</value>
         <object_component_ref idref="oc-82"/>
      </symbol>
      <symbol id="sm-524">
         <name>vTaskPlaceOnUnorderedEventList</name>
         <value>0xe15</value>
         <object_component_ref idref="oc-82"/>
      </symbol>
      <symbol id="sm-525">
         <name>xTaskRemoveFromEventList</name>
         <value>0xe45</value>
         <object_component_ref idref="oc-82"/>
      </symbol>
      <symbol id="sm-526">
         <name>xTaskPriorityInherit</name>
         <value>0x1335</value>
         <object_component_ref idref="oc-82"/>
      </symbol>
      <symbol id="sm-536">
         <name>__aeabi_uidivmod</name>
         <value>0x3767</value>
         <object_component_ref idref="oc-17b"/>
      </symbol>
      <symbol id="sm-537">
         <name>__aeabi_uidiv</name>
         <value>0x3767</value>
         <object_component_ref idref="oc-17b"/>
      </symbol>
      <symbol id="sm-552">
         <name>memcpy</name>
         <value>0x3405</value>
         <object_component_ref idref="oc-49"/>
      </symbol>
      <symbol id="sm-553">
         <name>__aeabi_memcpy</name>
         <value>0x3405</value>
         <object_component_ref idref="oc-49"/>
      </symbol>
      <symbol id="sm-554">
         <name>__aeabi_memcpy8</name>
         <value>0x3405</value>
         <object_component_ref idref="oc-49"/>
      </symbol>
      <symbol id="sm-555">
         <name>__aeabi_memcpy4</name>
         <value>0x3405</value>
         <object_component_ref idref="oc-49"/>
      </symbol>
      <symbol id="sm-564">
         <name>__aeabi_memset</name>
         <value>0x34a3</value>
         <object_component_ref idref="oc-f9"/>
      </symbol>
      <symbol id="sm-565">
         <name>memset</name>
         <value>0x34a9</value>
         <object_component_ref idref="oc-f9"/>
      </symbol>
      <symbol id="sm-566">
         <name>__aeabi_memset8</name>
         <value>0x34a3</value>
         <object_component_ref idref="oc-f9"/>
      </symbol>
      <symbol id="sm-567">
         <name>__aeabi_memset4</name>
         <value>0x34a3</value>
         <object_component_ref idref="oc-f9"/>
      </symbol>
      <symbol id="sm-568">
         <name>__aeabi_memclr8</name>
         <value>0x34a1</value>
         <object_component_ref idref="oc-f9"/>
      </symbol>
      <symbol id="sm-569">
         <name>__aeabi_memclr4</name>
         <value>0x34a1</value>
         <object_component_ref idref="oc-f9"/>
      </symbol>
      <symbol id="sm-56a">
         <name>__aeabi_memclr</name>
         <value>0x34a1</value>
         <object_component_ref idref="oc-f9"/>
      </symbol>
      <symbol id="sm-57c">
         <name>__TI_zero_init</name>
         <value>0x399b</value>
         <object_component_ref idref="oc-5b"/>
      </symbol>
      <symbol id="sm-593">
         <name>__TI_decompress_none</name>
         <value>0x398d</value>
         <object_component_ref idref="oc-18"/>
      </symbol>
      <symbol id="sm-5b6">
         <name>__TI_decompress_lzss</name>
         <value>0x35f1</value>
         <object_component_ref idref="oc-12"/>
      </symbol>
      <symbol id="sm-5c9">
         <name>__stack</name>
         <value>0x20007720</value>
         <object_component_ref idref="oc-21"/>
      </symbol>
      <symbol id="sm-5ca">
         <name>_c_int00_noargs</name>
         <value>0x3819</value>
         <object_component_ref idref="oc-67"/>
      </symbol>
      <symbol id="sm-5d5">
         <name>C$$EXIT</name>
         <value>0x39e1</value>
         <object_component_ref idref="oc-1ce"/>
      </symbol>
      <symbol id="sm-5d6">
         <name>abort</name>
         <value>0x39e1</value>
         <object_component_ref idref="oc-1ce"/>
      </symbol>
      <symbol id="sm-5e2">
         <name>__aeabi_idiv0</name>
         <value>0x2da3</value>
         <object_component_ref idref="oc-265"/>
      </symbol>
      <symbol id="sm-5e3">
         <name>__aeabi_ldiv0</name>
         <value>0x2da3</value>
         <object_component_ref idref="oc-265"/>
      </symbol>
      <symbol id="sm-60b">
         <name>__TI_auto_init_nobinit_nopinit</name>
         <value>0x36a1</value>
         <object_component_ref idref="oc-1da"/>
      </symbol>
      <symbol id="sm-615">
         <name>_system_pre_init</name>
         <value>0x39dd</value>
         <object_component_ref idref="oc-ff"/>
      </symbol>
      <symbol id="sm-6bd">
         <name>CANMessageGet</name>
         <value>0x2eb5</value>
         <object_component_ref idref="oc-284"/>
      </symbol>
      <symbol id="sm-6be">
         <name>CANBitRateSet</name>
         <value>0x351d</value>
         <object_component_ref idref="oc-2fc"/>
      </symbol>
      <symbol id="sm-6bf">
         <name>CANEnable</name>
         <value>0x39b3</value>
         <object_component_ref idref="oc-30e"/>
      </symbol>
      <symbol id="sm-6c0">
         <name>CANStatusGet</name>
         <value>0x3727</value>
         <object_component_ref idref="oc-bd"/>
      </symbol>
      <symbol id="sm-6c1">
         <name>CANMessageSet</name>
         <value>0x2a11</value>
         <object_component_ref idref="oc-27e"/>
      </symbol>
      <symbol id="sm-6c2">
         <name>CANIntClear</name>
         <value>0x38fd</value>
         <object_component_ref idref="oc-c3"/>
      </symbol>
      <symbol id="sm-6c3">
         <name>CANIntStatus</name>
         <value>0x391f</value>
         <object_component_ref idref="oc-b7"/>
      </symbol>
      <symbol id="sm-6c4">
         <name>CANInit</name>
         <value>0x37a7</value>
         <object_component_ref idref="oc-2f0"/>
      </symbol>
      <symbol id="sm-6c5">
         <name>CANIntEnable</name>
         <value>0x39bd</value>
         <object_component_ref idref="oc-302"/>
      </symbol>
      <symbol id="sm-71f">
         <name>GPIOPinConfigure</name>
         <value>0x3659</value>
         <object_component_ref idref="oc-9e"/>
      </symbol>
      <symbol id="sm-720">
         <name>GPIOPinTypeGPIOInput</name>
         <value>0x3969</value>
         <object_component_ref idref="oc-2ad"/>
      </symbol>
      <symbol id="sm-721">
         <name>GPIOPinTypeUART</name>
         <value>0x397b</value>
         <object_component_ref idref="oc-aa"/>
      </symbol>
      <symbol id="sm-722">
         <name>GPIOPinTypeGPIOOutput</name>
         <value>0x393f</value>
         <object_component_ref idref="oc-2a0"/>
      </symbol>
      <symbol id="sm-723">
         <name>GPIOPinRead</name>
         <value>0x39c5</value>
         <object_component_ref idref="oc-2b3"/>
      </symbol>
      <symbol id="sm-724">
         <name>GPIODirModeSet</name>
         <value>0x3885</value>
         <object_component_ref idref="oc-165"/>
      </symbol>
      <symbol id="sm-725">
         <name>GPIOPinWrite</name>
         <value>0x39cb</value>
         <object_component_ref idref="oc-2a6"/>
      </symbol>
      <symbol id="sm-726">
         <name>GPIOPadConfigSet</name>
         <value>0x2b47</value>
         <object_component_ref idref="oc-16b"/>
      </symbol>
      <symbol id="sm-727">
         <name>GPIOPinTypeCAN</name>
         <value>0x3957</value>
         <object_component_ref idref="oc-2ea"/>
      </symbol>
      <symbol id="sm-74e">
         <name>IntEnable</name>
         <value>0x3589</value>
         <object_component_ref idref="oc-308"/>
      </symbol>
      <symbol id="sm-7ab">
         <name>SysCtlClockSet</name>
         <value>0x30b9</value>
         <object_component_ref idref="oc-272"/>
      </symbol>
      <symbol id="sm-7ac">
         <name>SysCtlDelay</name>
         <value>0x39d1</value>
         <object_component_ref idref="oc-b6"/>
      </symbol>
      <symbol id="sm-7ad">
         <name>SysCtlPeripheralEnable</name>
         <value>0x3851</value>
         <object_component_ref idref="oc-98"/>
      </symbol>
      <symbol id="sm-7ae">
         <name>SysCtlClockGet</name>
         <value>0x2da5</value>
         <object_component_ref idref="oc-2f6"/>
      </symbol>
      <symbol id="sm-7af">
         <name>SysCtlPeripheralReady</name>
         <value>0x37e1</value>
         <object_component_ref idref="oc-29a"/>
      </symbol>
      <symbol id="sm-7bc">
         <name>UARTClockSourceSet</name>
         <value>0x39d7</value>
         <object_component_ref idref="oc-a4"/>
      </symbol>
      <symbol id="sm-7be">
         <name>__TI_static_base__</name>
         <value>0x0</value>
      </symbol>
      <symbol id="sm-7c1">
         <name>__mpu_init</name>
         <value>0x0</value>
      </symbol>
      <symbol id="sm-7c2">
         <name>_system_post_cinit</name>
         <value>0x0</value>
      </symbol>
   </symbol_table>
   <title>Link successful</title>
</link_info>
