******************************************************************************
                  TI ARM Linker PC v18.1.1                     
******************************************************************************
>> Linked Mon Apr  8 10:06:50 2019

OUTPUT FILE NAME:   <CANtokenRing.out>
ENTRY POINT SYMBOL: "_c_int00_noargs"  address: 000049ad


MEMORY CONFIGURATION

         name            origin    length      used     unused   attr    fill
----------------------  --------  ---------  --------  --------  ----  --------
  FLASH                 00000000   00040000  00004d7c  0003b284  R  X
  SRAM                  20000000   00008000  000051dd  00002e23  RW X


SEGMENT ALLOCATION MAP

run origin  load origin   length   init length attrs members
----------  ----------- ---------- ----------- ----- -------
00000000    00000000    00004d80   00004d80    r-x
  00000000    00000000    0000026c   0000026c    r-- .intvecs
  0000026c    0000026c    0000490c   0000490c    r-x .text
  00004b78    00004b78    000001c4   000001c4    r-- .const
  00004d40    00004d40    00000040   00000040    r-- .cinit
20000000    20000000    000051e1   00000000    rw-
  20000000    20000000    00004f74   00000000    rw- .bss
  20004f78    20004f78    00000200   00000000    rw- .stack
  20005178    20005178    00000069   00000000    rw- .data


SECTION ALLOCATION MAP

 output                                  attributes/
section   page    origin      length       input sections
--------  ----  ----------  ----------   ----------------
.intvecs   0    00000000    0000026c     
                  00000000    0000026c     tm4c123gh6pm_startup_ccs.obj (.intvecs)

.text      0    0000026c    0000490c     
                  0000026c    00001abc     tasks.obj (.text)
                  00001d28    00000cf4     queue.obj (.text)
                  00002a1c    000006c8     timers.obj (.text)
                  000030e4    000004dc     uartstdio.obj (.text)
                  000035c0    0000032c     CAN.obj (.text)
                  000038ec    00000284     TASK.obj (.text)
                  00003b70    000001c4     port.obj (.text)
                  00003d34    00000136     driverlib.lib : can.obj (.text:CANMessageSet)
                  00003e6a    00000132                   : gpio.obj (.text:GPIOPadConfigSet)
                  00003f9c    00000132     list.obj (.text)
                  000040ce    00000002     rtsv7M4_T_le_v4SPD16_eabi.lib : div0.asm.obj (.text)
                  000040d0    00000110     driverlib.lib : sysctl.obj (.text:SysCtlClockGet)
                  000041e0    0000010e                   : can.obj (.text:CANMessageGet)
                  000042ee    00000002     --HOLE-- [fill = 0]
                  000042f0    000000f4                   : sysctl.obj (.text:SysCtlClockSet)
                  000043e4    000000da     portasm.obj (.text)
                  000044be    00000002     --HOLE-- [fill = 0]
                  000044c0    0000009c     heap_1.obj (.text)
                  0000455c    0000009c     rtsv7M4_T_le_v4SPD16_eabi.lib : memcpy_t2.asm.obj (.text)
                  000045f8    0000007c     main.obj (.text)
                  00004674    0000007a     rtsv7M4_T_le_v4SPD16_eabi.lib : memset_t2.asm.obj (.text)
                  000046ee    00000002     --HOLE-- [fill = 0]
                  000046f0    0000006c     driverlib.lib : can.obj (.text:CANBitRateSet)
                  0000475c    00000068                   : interrupt.obj (.text:IntEnable)
                  000047c4    00000068     rtsv7M4_T_le_v4SPD16_eabi.lib : copy_decompress_lzss.c.obj (.text:decompress:lzss:__TI_decompress_lzss)
                  0000482c    00000048     driverlib.lib : gpio.obj (.text:GPIOPinConfigure)
                  00004874    00000044     rtsv7M4_T_le_v4SPD16_eabi.lib : autoinit.c.obj (.text:__TI_auto_init_nobinit_nopinit:__TI_auto_init_nobinit_nopinit)
                  000048b8    00000040     driverlib.lib : can.obj (.text:CANStatusGet)
                  000048f8    00000040     rtsv7M4_T_le_v4SPD16_eabi.lib : u_divt2.asm.obj (.text)
                  00004938    0000003a     driverlib.lib : can.obj (.text:CANInit)
                  00004972    00000002     --HOLE-- [fill = 0]
                  00004974    00000038                   : sysctl.obj (.text:SysCtlPeripheralReady)
                  000049ac    00000038     rtsv7M4_T_le_v4SPD16_eabi.lib : boot_cortex_m.c.obj (.text:_c_int00_noargs:_c_int00_noargs)
                  000049e4    00000034     driverlib.lib : sysctl.obj (.text:SysCtlPeripheralEnable)
                  00004a18    0000002a                   : gpio.obj (.text:GPIODirModeSet)
                  00004a42    0000002a                   : can.obj (.text:_CANDataRegRead)
                  00004a6c    00000024                   : can.obj (.text:_CANDataRegWrite)
                  00004a90    00000022                   : can.obj (.text:CANIntClear)
                  00004ab2    00000020                   : can.obj (.text:CANIntStatus)
                  00004ad2    00000018                   : gpio.obj (.text:GPIOPinTypeGPIOOutput)
                  00004aea    00000012                   : gpio.obj (.text:GPIOPinTypeCAN)
                  00004afc    00000012                   : gpio.obj (.text:GPIOPinTypeGPIOInput)
                  00004b0e    00000012                   : gpio.obj (.text:GPIOPinTypeUART)
                  00004b20    0000000e     rtsv7M4_T_le_v4SPD16_eabi.lib : copy_decompress_none.c.obj (.text:decompress:none:__TI_decompress_none)
                  00004b2e    0000000c                                   : copy_zero_init.c.obj (.text:decompress:ZI:__TI_zero_init)
                  00004b3a    0000000c     tm4c123gh6pm_startup_ccs.obj (.text)
                  00004b46    0000000a     driverlib.lib : can.obj (.text:CANEnable)
                  00004b50    00000008                   : can.obj (.text:CANIntEnable)
                  00004b58    00000006                   : gpio.obj (.text:GPIOPinRead)
                  00004b5e    00000006                   : gpio.obj (.text:GPIOPinWrite)
                  00004b64    00000006                   : sysctl.obj (.text:SysCtlDelay)
                  00004b6a    00000006                   : uart.obj (.text:UARTClockSourceSet)
                  00004b70    00000004     rtsv7M4_T_le_v4SPD16_eabi.lib : pre_init.c.obj (.text:_system_pre_init)
                  00004b74    00000004                                   : exit.c.obj (.text:abort:abort)

.const     0    00004b78    000001c4     
                  00004b78    00000090     driverlib.lib : gpio.obj (.const:g_pui32GPIOBaseAddrs)
                  00004c08    00000070                   : interrupt.obj (.const)
                  00004c78    0000006c                   : sysctl.obj (.const:g_pui32Xtals)
                  00004ce4    00000020                   : can.obj (.const)
                  00004d04    00000012     uartstdio.obj (.const:.string)
                  00004d16    00000002     --HOLE-- [fill = 0]
                  00004d18    0000000c     uartstdio.obj (.const:g_ui32UARTBase)
                  00004d24    0000000c     uartstdio.obj (.const:g_ui32UARTPeriph)
                  00004d30    00000008     port.obj (.const)
                  00004d38    00000004     uartstdio.obj (.const)

.cinit     0    00004d40    00000040     
                  00004d40    0000001b     (.cinit..data.load) [load image, compression = lzss]
                  00004d5b    00000001     --HOLE-- [fill = 0]
                  00004d5c    0000000c     (__TI_handler_table)
                  00004d68    00000008     (.cinit..bss.load) [load image, compression = zero_init]
                  00004d70    00000010     (__TI_cinit_table)

.init_array 
*          0    00000000    00000000     UNINITIALIZED

.bss       0    20000000    00004f74     UNINITIALIZED
                  20000000    00004e20     heap_1.obj (.bss:ucHeap)
                  20004e20    00000064     tasks.obj (.bss:pxReadyTasksLists)
                  20004e84    00000050     (.common:xQueueRegistry)
                  20004ed4    00000014     timers.obj (.bss:xActiveTimerList1)
                  20004ee8    00000014     timers.obj (.bss:xActiveTimerList2)
                  20004efc    00000014     tasks.obj (.bss:xDelayedTaskList1)
                  20004f10    00000014     tasks.obj (.bss:xDelayedTaskList2)
                  20004f24    00000014     tasks.obj (.bss:xPendingReadyList)
                  20004f38    00000014     tasks.obj (.bss:xSuspendedTaskList)
                  20004f4c    00000014     tasks.obj (.bss:xTasksWaitingTermination)
                  20004f60    00000008     tasks.obj (.bss)
                  20004f68    00000008     timers.obj (.bss)
                  20004f70    00000004     (.common:x)

.data      0    20005178    00000069     UNINITIALIZED
                  20005178    00000034     tasks.obj (.data)
                  200051ac    0000000c     port.obj (.data)
                  200051b8    0000000a     timers.obj (.data)
                  200051c2    00000002     --HOLE--
                  200051c4    00000008     CAN.obj (.data)
                  200051cc    00000008     heap_1.obj (.data)
                  200051d4    00000005     TASK.obj (.data)
                  200051d9    00000003     --HOLE--
                  200051dc    00000005     uartstdio.obj (.data)

.stack     0    20004f78    00000200     UNINITIALIZED
                  20004f78    00000004     rtsv7M4_T_le_v4SPD16_eabi.lib : boot_cortex_m.c.obj (.stack)
                  20004f7c    000001fc     --HOLE--

MODULE SUMMARY

       Module                         code    ro data   rw data
       ------                         ----    -------   -------
    .\
       heap_1.obj                     156     0         20008  
       tasks.obj                      6844    0         260    
       queue.obj                      3316    0         80     
       timers.obj                     1736    0         58     
       uartstdio.obj                  1244    46        5      
       TASK.obj                       644     0         9      
       tm4c123gh6pm_startup_ccs.obj   12      620       0      
       port.obj                       452     8         12     
       list.obj                       306     0         0      
       portasm.obj                    218     0         0      
       main.obj                       124     0         0      
    +--+------------------------------+-------+---------+---------+
       Total:                         15052   674       20432  
                                                               
    .\CAN\
       CAN.obj                        812     0         8      
    +--+------------------------------+-------+---------+---------+
       Total:                         812     0         8      
                                                               
    C:/ti/TivaWare_C_Series-2.1.4.178/driverlib/ccs/Debug/driverlib.lib
       can.obj                        972     32        0      
       sysctl.obj                     630     108       0      
       gpio.obj                       510     144       0      
       interrupt.obj                  104     112       0      
       uart.obj                       6       0         0      
    +--+------------------------------+-------+---------+---------+
       Total:                         2222    396       0      
                                                               
    C:\ti\ccsv8\tools\compiler\ti-cgt-arm_18.1.1.LTS\lib\rtsv7M4_T_le_v4SPD16_eabi.lib
       memcpy_t2.asm.obj              156     0         0      
       memset_t2.asm.obj              122     0         0      
       copy_decompress_lzss.c.obj     104     0         0      
       autoinit.c.obj                 68      0         0      
       u_divt2.asm.obj                64      0         0      
       boot_cortex_m.c.obj            56      0         0      
       copy_decompress_none.c.obj     14      0         0      
       copy_zero_init.c.obj           12      0         0      
       exit.c.obj                     4       0         0      
       pre_init.c.obj                 4       0         0      
       div0.asm.obj                   2       0         0      
    +--+------------------------------+-------+---------+---------+
       Total:                         606     0         0      
                                                               
       Stack:                         0       0         512    
       Linker Generated:              0       63        0      
    +--+------------------------------+-------+---------+---------+
       Grand Total:                   18692   1133      20952  


LINKER GENERATED COPY TABLES

__TI_cinit_table @ 00004d70 records: 2, size/record: 8, table size: 16
	.data: load addr=00004d40, load size=0000001b bytes, run addr=20005178, run size=00000069 bytes, compression=lzss
	.bss: load addr=00004d68, load size=00000008 bytes, run addr=20000000, run size=00004f74 bytes, compression=zero_init


LINKER GENERATED HANDLER TABLE

__TI_handler_table @ 00004d5c records: 3, size/record: 4, table size: 12
	index: 0, handler: __TI_decompress_lzss
	index: 1, handler: __TI_decompress_none
	index: 2, handler: __TI_zero_init


GLOBAL SYMBOLS: SORTED ALPHABETICALLY BY Name 

address   name                               
-------   ----                               
00004b75  C$$EXIT                            
000037ff  CAN0RX_INIT                        
00003677  CAN0TX_INIT                        
000036cd  CAN0_TX_node1                      
00003733  CAN0_TX_node2                      
00003799  CAN0_TX_node3                      
000046f1  CANBitRateSet                      
00004b47  CANEnable                          
00004939  CANInit                            
00004a91  CANIntClear                        
00004b51  CANIntEnable                       
00003607  CANIntHandler                      
00004ab3  CANIntStatus                       
000041e1  CANMessageGet                      
00003d35  CANMessageSet                      
000048b9  CANStatusGet                       
000039bd  CAN_RX_TASK                        
000039ab  CAN_TX_TASK                        
0000398f  CAN_startup_TASK                   
00004a19  GPIODirModeSet                     
00003e6b  GPIOPadConfigSet                   
0000482d  GPIOPinConfigure                   
00004b59  GPIOPinRead                        
00004aeb  GPIOPinTypeCAN                     
00004afd  GPIOPinTypeGPIOInput               
00004ad3  GPIOPinTypeGPIOOutput              
00004b0f  GPIOPinTypeUART                    
00004b5f  GPIOPinWrite                       
000035c1  InitConsole                        
0000475d  IntEnable                          
000038ed  LED1_Blinking                      
200051d8  PB                                 
00004b3b  ResetISR                           
000035fd  SimpleDelay                        
000040d1  SysCtlClockGet                     
000042f1  SysCtlClockSet                     
00004b65  SysCtlDelay                        
000049e5  SysCtlPeripheralEnable             
00004975  SysCtlPeripheralReady              
00003903  Tasks_Init                         
00004b6b  UARTClockSourceSet                 
000030e5  UARTStdioConfig                    
0000325d  UARTgetc                           
00003197  UARTgets                           
0000358b  UARTprintf                         
00003291  UARTvprintf                        
00003145  UARTwrite                          
20005178  __STACK_END                        
00000200  __STACK_SIZE                       
20005178  __STACK_TOP                        
00004d70  __TI_CINIT_Base                    
00004d80  __TI_CINIT_Limit                   
00004d5c  __TI_Handler_Table_Base            
00004d68  __TI_Handler_Table_Limit           
00004875  __TI_auto_init_nobinit_nopinit     
000047c5  __TI_decompress_lzss               
00004b21  __TI_decompress_none               
ffffffff  __TI_pprof_out_hndl                
ffffffff  __TI_prof_data_size                
ffffffff  __TI_prof_data_start               
00000000  __TI_static_base__                 
00004b2f  __TI_zero_init                     
000040cf  __aeabi_idiv0                      
000040cf  __aeabi_ldiv0                      
00004675  __aeabi_memclr                     
00004675  __aeabi_memclr4                    
00004675  __aeabi_memclr8                    
0000455d  __aeabi_memcpy                     
0000455d  __aeabi_memcpy4                    
0000455d  __aeabi_memcpy8                    
00004677  __aeabi_memset                     
00004677  __aeabi_memset4                    
00004677  __aeabi_memset8                    
000048f9  __aeabi_uidiv                      
000048f9  __aeabi_uidivmod                   
ffffffff  __binit__                          
ffffffff  __c_args__                         
UNDEFED   __mpu_init                         
20004f78  __stack                            
000049ad  _c_int00_noargs                    
UNDEFED   _system_post_cinit                 
00004b71  _system_pre_init                   
00004b75  abort                              
ffffffff  binit                              
200051d7  count                              
000005ef  eTaskGetState                      
200051d4  flag                               
200051d5  flag1                              
200051c8  g_bErrFlag                         
200051c9  g_bRXFlag                          
200051ca  g_bRXFlag1                         
200051cb  g_bRXFlag2                         
00000000  g_pfnVectors                       
200051c4  g_ui32MsgCount                     
00004603  main                               
0000455d  memcpy                             
0000467d  memset                             
00002931  pcQueueGetName                     
00000bd1  pcTaskGetName                      
00002bb3  pcTimerGetName                     
00003945  pushBUTTON                         
000044c1  pvPortMalloc                       
00001821  pvTaskIncrementMutexHeldCount      
00003073  pvTimerGetTimerID                  
20005178  pxCurrentTCB                       
00003b71  pxPortInitialiseStack              
200051d6  token                              
00002687  ucQueueGetQueueType                
00004d30  ulMaxSyscallInterruptPriority      
000043f5  ulPortGetIPSR                      
00001841  ulTaskNotifyTake                   
00004087  uxListRemove                       
00002667  uxQueueGetQueueNumber              
000025ff  uxQueueMessagesWaiting             
00002635  uxQueueMessagesWaitingFromISR      
00002615  uxQueueSpacesAvailable             
00000bcb  uxTaskGetNumberOfTasks             
00001529  uxTaskGetStackHighWaterMark        
00000d61  uxTaskGetSystemState               
0000129f  uxTaskGetTaskNumber                
0000069d  uxTaskPriorityGet                  
000006cd  uxTaskPriorityGetFromISR           
000017f7  uxTaskResetEventItemValue          
000030a7  uxTimerGetTimerNumber              
000045f9  vApplicationStackOverflowHook      
00003f9d  vListInitialise                    
00003fcd  vListInitialiseItem                
00004019  vListInsert                        
00003fdd  vListInsertEnd                     
000044b1  vPortEnableVFP                     
00003c6f  vPortEndScheduler                  
00003c71  vPortEnterCritical                 
00003c91  vPortExitCritical                  
00004531  vPortFree                          
0000453b  vPortInitialiseBlocks              
0000446d  vPortSVCHandler                    
00003ccd  vPortSetupTimerInterrupt           
0000448d  vPortStartFirstTask                
00003ce9  vPortValidateInterruptPriority     
000028ef  vQueueAddToRegistry                
00002651  vQueueDelete                       
00002675  vQueueSetQueueNumber               
00002971  vQueueUnregisterQueue              
000029b5  vQueueWaitForMessageRestricted     
000005b1  vTaskDelay                         
00000503  vTaskDelayUntil                    
00000473  vTaskDelete                        
00000a79  vTaskEndScheduler                  
00001399  vTaskGetInfo                       
000011cd  vTaskInternalSetTimeOutState       
00001297  vTaskMissedYield                   
00001b6d  vTaskNotifyGiveFromISR             
0000102d  vTaskPlaceOnEventList              
00001083  vTaskPlaceOnEventListRestricted    
00001051  vTaskPlaceOnUnorderedEventList     
0000173f  vTaskPriorityDisinheritAfterTimeout
0000071d  vTaskPrioritySet                   
0000113d  vTaskRemoveFromUnorderedEventList  
00000911  vTaskResume                        
000012bf  vTaskSetTaskNumber                 
000011a9  vTaskSetTimeOutState               
00000a1d  vTaskStartScheduler                
00000821  vTaskSuspend                       
00000a95  vTaskSuspendAll                    
00000fad  vTaskSwitchContext                 
00002b63  vTimerSetReloadMode                
0000308d  vTimerSetTimerID                   
000030b5  vTimerSetTimerNumber               
20004f70  x                                  
00004543  xPortGetFreeHeapSize               
0000440d  xPortPendSVHandler                 
00003bdb  xPortStartScheduler                
00003ca7  xPortSysTickHandler                
00001f27  xQueueCreateCountingSemaphore      
00001e77  xQueueCreateMutex                  
00001db9  xQueueGenericCreate                
00001d29  xQueueGenericReset                 
00001f47  xQueueGenericSend                  
00002059  xQueueGenericSendFromISR           
000020f9  xQueueGiveFromISR                  
00001ea3  xQueueGiveMutexRecursive           
00002883  xQueueIsQueueEmptyFromISR          
000028c9  xQueueIsQueueFullFromISR           
000023f7  xQueuePeek                         
000025a9  xQueuePeekFromISR                  
00002191  xQueueReceive                      
0000250b  xQueueReceiveFromISR               
20004e84  xQueueRegistry                     
000022a5  xQueueSemaphoreTake                
00001edf  xQueueTakeMutexRecursive           
00000e3d  xTaskAbortDelay                    
000011f1  xTaskCheckForTimeOut               
0000026d  xTaskCreate                        
0000197b  xTaskGenericNotify                 
00001a59  xTaskGenericNotifyFromISR          
000015a1  xTaskGetCurrentTaskHandle          
00000cd9  xTaskGetHandle                     
00000e33  xTaskGetIdleTaskHandle             
000015cd  xTaskGetSchedulerState             
00000b85  xTaskGetTickCount                  
00000b9d  xTaskGetTickCountFromISR           
00000eb5  xTaskIncrementTick                 
00001c21  xTaskNotifyStateClear              
000018c9  xTaskNotifyWait                    
000016bf  xTaskPriorityDisinherit            
000015fd  xTaskPriorityInherit               
000010b5  xTaskRemoveFromEventList           
00000aad  xTaskResumeAll                     
00000985  xTaskResumeFromISR                 
00002a47  xTimerCreate                       
00002a1d  xTimerCreateTimerTask              
00002ad7  xTimerGenericCommand               
00002b99  xTimerGetExpiryTime                
00002b51  xTimerGetPeriod                    
00002b4b  xTimerGetTimerDaemonTaskHandle     
0000304b  xTimerIsTimerActive                


GLOBAL SYMBOLS: SORTED BY Symbol Address 

address   name                               
-------   ----                               
00000000  __TI_static_base__                 
00000000  g_pfnVectors                       
00000200  __STACK_SIZE                       
0000026d  xTaskCreate                        
00000473  vTaskDelete                        
00000503  vTaskDelayUntil                    
000005b1  vTaskDelay                         
000005ef  eTaskGetState                      
0000069d  uxTaskPriorityGet                  
000006cd  uxTaskPriorityGetFromISR           
0000071d  vTaskPrioritySet                   
00000821  vTaskSuspend                       
00000911  vTaskResume                        
00000985  xTaskResumeFromISR                 
00000a1d  vTaskStartScheduler                
00000a79  vTaskEndScheduler                  
00000a95  vTaskSuspendAll                    
00000aad  xTaskResumeAll                     
00000b85  xTaskGetTickCount                  
00000b9d  xTaskGetTickCountFromISR           
00000bcb  uxTaskGetNumberOfTasks             
00000bd1  pcTaskGetName                      
00000cd9  xTaskGetHandle                     
00000d61  uxTaskGetSystemState               
00000e33  xTaskGetIdleTaskHandle             
00000e3d  xTaskAbortDelay                    
00000eb5  xTaskIncrementTick                 
00000fad  vTaskSwitchContext                 
0000102d  vTaskPlaceOnEventList              
00001051  vTaskPlaceOnUnorderedEventList     
00001083  vTaskPlaceOnEventListRestricted    
000010b5  xTaskRemoveFromEventList           
0000113d  vTaskRemoveFromUnorderedEventList  
000011a9  vTaskSetTimeOutState               
000011cd  vTaskInternalSetTimeOutState       
000011f1  xTaskCheckForTimeOut               
00001297  vTaskMissedYield                   
0000129f  uxTaskGetTaskNumber                
000012bf  vTaskSetTaskNumber                 
00001399  vTaskGetInfo                       
00001529  uxTaskGetStackHighWaterMark        
000015a1  xTaskGetCurrentTaskHandle          
000015cd  xTaskGetSchedulerState             
000015fd  xTaskPriorityInherit               
000016bf  xTaskPriorityDisinherit            
0000173f  vTaskPriorityDisinheritAfterTimeout
000017f7  uxTaskResetEventItemValue          
00001821  pvTaskIncrementMutexHeldCount      
00001841  ulTaskNotifyTake                   
000018c9  xTaskNotifyWait                    
0000197b  xTaskGenericNotify                 
00001a59  xTaskGenericNotifyFromISR          
00001b6d  vTaskNotifyGiveFromISR             
00001c21  xTaskNotifyStateClear              
00001d29  xQueueGenericReset                 
00001db9  xQueueGenericCreate                
00001e77  xQueueCreateMutex                  
00001ea3  xQueueGiveMutexRecursive           
00001edf  xQueueTakeMutexRecursive           
00001f27  xQueueCreateCountingSemaphore      
00001f47  xQueueGenericSend                  
00002059  xQueueGenericSendFromISR           
000020f9  xQueueGiveFromISR                  
00002191  xQueueReceive                      
000022a5  xQueueSemaphoreTake                
000023f7  xQueuePeek                         
0000250b  xQueueReceiveFromISR               
000025a9  xQueuePeekFromISR                  
000025ff  uxQueueMessagesWaiting             
00002615  uxQueueSpacesAvailable             
00002635  uxQueueMessagesWaitingFromISR      
00002651  vQueueDelete                       
00002667  uxQueueGetQueueNumber              
00002675  vQueueSetQueueNumber               
00002687  ucQueueGetQueueType                
00002883  xQueueIsQueueEmptyFromISR          
000028c9  xQueueIsQueueFullFromISR           
000028ef  vQueueAddToRegistry                
00002931  pcQueueGetName                     
00002971  vQueueUnregisterQueue              
000029b5  vQueueWaitForMessageRestricted     
00002a1d  xTimerCreateTimerTask              
00002a47  xTimerCreate                       
00002ad7  xTimerGenericCommand               
00002b4b  xTimerGetTimerDaemonTaskHandle     
00002b51  xTimerGetPeriod                    
00002b63  vTimerSetReloadMode                
00002b99  xTimerGetExpiryTime                
00002bb3  pcTimerGetName                     
0000304b  xTimerIsTimerActive                
00003073  pvTimerGetTimerID                  
0000308d  vTimerSetTimerID                   
000030a7  uxTimerGetTimerNumber              
000030b5  vTimerSetTimerNumber               
000030e5  UARTStdioConfig                    
00003145  UARTwrite                          
00003197  UARTgets                           
0000325d  UARTgetc                           
00003291  UARTvprintf                        
0000358b  UARTprintf                         
000035c1  InitConsole                        
000035fd  SimpleDelay                        
00003607  CANIntHandler                      
00003677  CAN0TX_INIT                        
000036cd  CAN0_TX_node1                      
00003733  CAN0_TX_node2                      
00003799  CAN0_TX_node3                      
000037ff  CAN0RX_INIT                        
000038ed  LED1_Blinking                      
00003903  Tasks_Init                         
00003945  pushBUTTON                         
0000398f  CAN_startup_TASK                   
000039ab  CAN_TX_TASK                        
000039bd  CAN_RX_TASK                        
00003b71  pxPortInitialiseStack              
00003bdb  xPortStartScheduler                
00003c6f  vPortEndScheduler                  
00003c71  vPortEnterCritical                 
00003c91  vPortExitCritical                  
00003ca7  xPortSysTickHandler                
00003ccd  vPortSetupTimerInterrupt           
00003ce9  vPortValidateInterruptPriority     
00003d35  CANMessageSet                      
00003e6b  GPIOPadConfigSet                   
00003f9d  vListInitialise                    
00003fcd  vListInitialiseItem                
00003fdd  vListInsertEnd                     
00004019  vListInsert                        
00004087  uxListRemove                       
000040cf  __aeabi_idiv0                      
000040cf  __aeabi_ldiv0                      
000040d1  SysCtlClockGet                     
000041e1  CANMessageGet                      
000042f1  SysCtlClockSet                     
000043f5  ulPortGetIPSR                      
0000440d  xPortPendSVHandler                 
0000446d  vPortSVCHandler                    
0000448d  vPortStartFirstTask                
000044b1  vPortEnableVFP                     
000044c1  pvPortMalloc                       
00004531  vPortFree                          
0000453b  vPortInitialiseBlocks              
00004543  xPortGetFreeHeapSize               
0000455d  __aeabi_memcpy                     
0000455d  __aeabi_memcpy4                    
0000455d  __aeabi_memcpy8                    
0000455d  memcpy                             
000045f9  vApplicationStackOverflowHook      
00004603  main                               
00004675  __aeabi_memclr                     
00004675  __aeabi_memclr4                    
00004675  __aeabi_memclr8                    
00004677  __aeabi_memset                     
00004677  __aeabi_memset4                    
00004677  __aeabi_memset8                    
0000467d  memset                             
000046f1  CANBitRateSet                      
0000475d  IntEnable                          
000047c5  __TI_decompress_lzss               
0000482d  GPIOPinConfigure                   
00004875  __TI_auto_init_nobinit_nopinit     
000048b9  CANStatusGet                       
000048f9  __aeabi_uidiv                      
000048f9  __aeabi_uidivmod                   
00004939  CANInit                            
00004975  SysCtlPeripheralReady              
000049ad  _c_int00_noargs                    
000049e5  SysCtlPeripheralEnable             
00004a19  GPIODirModeSet                     
00004a91  CANIntClear                        
00004ab3  CANIntStatus                       
00004ad3  GPIOPinTypeGPIOOutput              
00004aeb  GPIOPinTypeCAN                     
00004afd  GPIOPinTypeGPIOInput               
00004b0f  GPIOPinTypeUART                    
00004b21  __TI_decompress_none               
00004b2f  __TI_zero_init                     
00004b3b  ResetISR                           
00004b47  CANEnable                          
00004b51  CANIntEnable                       
00004b59  GPIOPinRead                        
00004b5f  GPIOPinWrite                       
00004b65  SysCtlDelay                        
00004b6b  UARTClockSourceSet                 
00004b71  _system_pre_init                   
00004b75  C$$EXIT                            
00004b75  abort                              
00004d30  ulMaxSyscallInterruptPriority      
00004d5c  __TI_Handler_Table_Base            
00004d68  __TI_Handler_Table_Limit           
00004d70  __TI_CINIT_Base                    
00004d80  __TI_CINIT_Limit                   
20004e84  xQueueRegistry                     
20004f70  x                                  
20004f78  __stack                            
20005178  __STACK_END                        
20005178  __STACK_TOP                        
20005178  pxCurrentTCB                       
200051c4  g_ui32MsgCount                     
200051c8  g_bErrFlag                         
200051c9  g_bRXFlag                          
200051ca  g_bRXFlag1                         
200051cb  g_bRXFlag2                         
200051d4  flag                               
200051d5  flag1                              
200051d6  token                              
200051d7  count                              
200051d8  PB                                 
ffffffff  __TI_pprof_out_hndl                
ffffffff  __TI_prof_data_size                
ffffffff  __TI_prof_data_start               
ffffffff  __binit__                          
ffffffff  __c_args__                         
ffffffff  binit                              
UNDEFED   __mpu_init                         
UNDEFED   _system_post_cinit                 

[216 symbols]
