******************************************************************************
                  TI ARM Linker PC v18.1.1                     
******************************************************************************
>> Linked Thu Mar 21 17:16:04 2019

OUTPUT FILE NAME:   <portFreeRTOS.out>
ENTRY POINT SYMBOL: "_c_int00_noargs"  address: 00004109


MEMORY CONFIGURATION

         name            origin    length      used     unused   attr    fill
----------------------  --------  ---------  --------  --------  ----  --------
  FLASH                 00000000   00040000  0000439c  0003bc64  R  X
  SRAM                  20000000   00008000  000051d0  00002e30  RW X


SEGMENT ALLOCATION MAP

run origin  load origin   length   init length attrs members
----------  ----------- ---------- ----------- ----- -------
00000000    00000000    000043a0   000043a0    r-x
  00000000    00000000    0000026c   0000026c    r-- .intvecs
  0000026c    0000026c    00003fb2   00003fb2    r-x .text
  00004220    00004220    0000013e   0000013e    r-- .const
  00004360    00004360    00000040   00000040    r-- .cinit
20000000    20000000    000051d4   00000000    rw-
  20000000    20000000    00004f7c   00000000    rw- .bss
  20004f80    20004f80    00000200   00000000    rw- .stack
  20005180    20005180    00000054   00000000    rw- .data


SECTION ALLOCATION MAP

 output                                  attributes/
section   page    origin      length       input sections
--------  ----  ----------  ----------   ----------------
.intvecs   0    00000000    0000026c     
                  00000000    0000026c     tm4c123gh6pm_startup_ccs.obj (.intvecs)

.text      0    0000026c    00003fb2     
                  0000026c    00001abc     tasks.obj (.text)
                  00001d28    00000cf4     queue.obj (.text)
                  00002a1c    000006c8     timers.obj (.text)
                  000030e4    000003a4     LCD.obj (.text)
                  00003488    00000234     TASK.obj (.text)
                  000036bc    000001c4     port.obj (.text)
                  00003880    00000132     driverlib.lib : gpio.obj (.text:GPIOPadConfigSet)
                  000039b2    00000132     list.obj (.text)
                  00003ae4    00000110     driverlib.lib : sysctl.obj (.text:SysCtlClockGet)
                  00003bf4    000000da     portasm.obj (.text)
                  00003cce    00000002     --HOLE-- [fill = 0]
                  00003cd0    000000b0     SPI.obj (.text)
                  00003d80    0000009c     heap_1.obj (.text)
                  00003e1c    0000009c     rtsv7M4_T_le_v4SPD16_eabi.lib : memcpy_t2.asm.obj (.text)
                  00003eb8    0000007a                                   : memset_t2.asm.obj (.text)
                  00003f32    00000002     --HOLE-- [fill = 0]
                  00003f34    0000006c     main.obj (.text)
                  00003fa0    00000068     rtsv7M4_T_le_v4SPD16_eabi.lib : copy_decompress_lzss.c.obj (.text:decompress:lzss:__TI_decompress_lzss)
                  00004008    00000048     driverlib.lib : gpio.obj (.text:GPIOPinConfigure)
                  00004050    00000044     rtsv7M4_T_le_v4SPD16_eabi.lib : autoinit.c.obj (.text:__TI_auto_init_nobinit_nopinit:__TI_auto_init_nobinit_nopinit)
                  00004094    0000003c     driverlib.lib : ssi.obj (.text:SSIConfigSetExpClk)
                  000040d0    00000038                   : sysctl.obj (.text:SysCtlPeripheralReady)
                  00004108    00000038     rtsv7M4_T_le_v4SPD16_eabi.lib : boot_cortex_m.c.obj (.text:_c_int00_noargs:_c_int00_noargs)
                  00004140    00000034     driverlib.lib : sysctl.obj (.text:SysCtlPeripheralEnable)
                  00004174    0000002a                   : gpio.obj (.text:GPIODirModeSet)
                  0000419e    00000018                   : gpio.obj (.text:GPIOPinTypeGPIOOutput)
                  000041b6    00000012                   : gpio.obj (.text:GPIOPinTypeSSI)
                  000041c8    00000012                   : ssi.obj (.text:SSIDataGetNonBlocking)
                  000041da    0000000e     rtsv7M4_T_le_v4SPD16_eabi.lib : copy_decompress_none.c.obj (.text:decompress:none:__TI_decompress_none)
                  000041e8    0000000c                                   : copy_zero_init.c.obj (.text:decompress:ZI:__TI_zero_init)
                  000041f4    0000000c     tm4c123gh6pm_startup_ccs.obj (.text)
                  00004200    0000000a     driverlib.lib : ssi.obj (.text:SSIEnable)
                  0000420a    00000006                   : gpio.obj (.text:GPIOPinWrite)
                  00004210    00000006                   : sysctl.obj (.text:SysCtlDelay)
                  00004216    00000004     rtsv7M4_T_le_v4SPD16_eabi.lib : pre_init.c.obj (.text:_system_pre_init)
                  0000421a    00000004                                   : exit.c.obj (.text:abort:abort)

.const     0    00004220    0000013e     
                  00004220    00000090     driverlib.lib : gpio.obj (.const:g_pui32GPIOBaseAddrs)
                  000042b0    0000006c                   : sysctl.obj (.const:g_pui32Xtals)
                  0000431c    0000000d     TASK.obj (.const:.string:$P$T1$2)
                  00004329    0000000a     TASK.obj (.const:.string:$P$T2$3)
                  00004333    0000000a     TASK.obj (.const:.string:$P$T4$5)
                  0000433d    00000009     TASK.obj (.const:.string:$P$T3$4)
                  00004346    00000002     --HOLE-- [fill = 0]
                  00004348    00000008     port.obj (.const)
                  00004350    00000007     TASK.obj (.const:.string:$P$T0$1)
                  00004357    00000007     TASK.obj (.const:.string:$P$T5$6)

.cinit     0    00004360    00000040     
                  00004360    00000018     (.cinit..data.load) [load image, compression = lzss]
                  00004378    0000000c     (__TI_handler_table)
                  00004384    00000004     --HOLE-- [fill = 0]
                  00004388    00000008     (.cinit..bss.load) [load image, compression = zero_init]
                  00004390    00000010     (__TI_cinit_table)

.init_array 
*          0    00000000    00000000     UNINITIALIZED

.bss       0    20000000    00004f7c     UNINITIALIZED
                  20000000    00004e20     heap_1.obj (.bss:ucHeap)
                  20004e20    00000064     tasks.obj (.bss:pxReadyTasksLists)
                  20004e84    00000050     (.common:xQueueRegistry)
                  20004ed4    00000014     timers.obj (.bss:xActiveTimerList1)
                  20004ee8    00000014     timers.obj (.bss:xActiveTimerList2)
                  20004efc    00000014     tasks.obj (.bss:xDelayedTaskList1)
                  20004f10    00000014     tasks.obj (.bss:xDelayedTaskList2)
                  20004f24    00000014     tasks.obj (.bss:xPendingReadyList)
                  20004f38    00000014     tasks.obj (.bss:xSuspendedTaskList)
                  20004f4c    00000014     tasks.obj (.bss:xTasksWaitingTermination)
                  20004f60    00000008     tasks.obj (.bss)
                  20004f68    00000008     timers.obj (.bss)
                  20004f70    00000004     (.common:SPI_RECIEVE_H)
                  20004f74    00000004     (.common:x)
                  20004f78    00000004     (.common:xQueue)

.data      0    20005180    00000054     UNINITIALIZED
                  20005180    00000034     tasks.obj (.data)
                  200051b4    0000000c     port.obj (.data)
                  200051c0    0000000a     timers.obj (.data)
                  200051ca    00000002     --HOLE--
                  200051cc    00000008     heap_1.obj (.data)

.stack     0    20004f80    00000200     UNINITIALIZED
                  20004f80    00000004     rtsv7M4_T_le_v4SPD16_eabi.lib : boot_cortex_m.c.obj (.stack)
                  20004f84    000001fc     --HOLE--

MODULE SUMMARY

       Module                         code    ro data   rw data
       ------                         ----    -------   -------
    .\
       heap_1.obj                     156     0         20008  
       tasks.obj                      6844    0         260    
       queue.obj                      3316    0         80     
       timers.obj                     1736    0         58     
       TASK.obj                       564     56        12     
       tm4c123gh6pm_startup_ccs.obj   12      620       0      
       port.obj                       452     8         12     
       list.obj                       306     0         0      
       portasm.obj                    218     0         0      
       main.obj                       108     0         0      
    +--+------------------------------+-------+---------+---------+
       Total:                         13712   684       20430  
                                                               
    .\LCD\
       LCD.obj                        932     0         0      
    +--+------------------------------+-------+---------+---------+
       Total:                         932     0         0      
                                                               
    .\SPI_FILE\
       SPI.obj                        176     0         0      
    +--+------------------------------+-------+---------+---------+
       Total:                         176     0         0      
                                                               
    C:/ti/TivaWare_C_Series-2.1.4.178/driverlib/ccs/Debug/driverlib.lib
       gpio.obj                       468     144       0      
       sysctl.obj                     386     108       0      
       ssi.obj                        88      0         0      
    +--+------------------------------+-------+---------+---------+
       Total:                         942     252       0      
                                                               
    C:\ti\ccsv8\tools\compiler\ti-cgt-arm_18.1.1.LTS\lib\rtsv7M4_T_le_v4SPD16_eabi.lib
       memcpy_t2.asm.obj              156     0         0      
       memset_t2.asm.obj              122     0         0      
       copy_decompress_lzss.c.obj     104     0         0      
       autoinit.c.obj                 68      0         0      
       boot_cortex_m.c.obj            56      0         0      
       copy_decompress_none.c.obj     14      0         0      
       copy_zero_init.c.obj           12      0         0      
       exit.c.obj                     4       0         0      
       pre_init.c.obj                 4       0         0      
    +--+------------------------------+-------+---------+---------+
       Total:                         540     0         0      
                                                               
       Stack:                         0       0         512    
       Linker Generated:              0       60        0      
    +--+------------------------------+-------+---------+---------+
       Grand Total:                   16302   996       20942  


LINKER GENERATED COPY TABLES

__TI_cinit_table @ 00004390 records: 2, size/record: 8, table size: 16
	.data: load addr=00004360, load size=00000018 bytes, run addr=20005180, run size=00000054 bytes, compression=lzss
	.bss: load addr=00004388, load size=00000008 bytes, run addr=20000000, run size=00004f7c bytes, compression=zero_init


LINKER GENERATED HANDLER TABLE

__TI_handler_table @ 00004378 records: 3, size/record: 4, table size: 12
	index: 0, handler: __TI_decompress_lzss
	index: 1, handler: __TI_decompress_none
	index: 2, handler: __TI_zero_init


GLOBAL SYMBOLS: SORTED ALPHABETICALLY BY Name 

address   name                               
-------   ----                               
0000421b  C$$EXIT                            
00004175  GPIODirModeSet                     
00003881  GPIOPadConfigSet                   
00004009  GPIOPinConfigure                   
0000419f  GPIOPinTypeGPIOOutput              
000041b7  GPIOPinTypeSSI                     
0000420b  GPIOPinWrite                       
000034eb  LCD                                
000030e5  LCD_INIT                           
00003161  LCD_Send_Command                   
0000325b  LCD_Send_Data                      
00003355  LCD_displayString                  
00003391  LCD_gotoRowColumn                  
000033d9  PrintDecimalNum                    
000041f5  ResetISR                           
000034ad  SPI_R                              
00003d2f  SPI_RECIEVE                        
20004f70  SPI_RECIEVE_H                      
00003cd1  SPI_RECIEVE_INIT                   
00004095  SSIConfigSetExpClk                 
000041c9  SSIDataGetNonBlocking              
00004201  SSIEnable                          
00003ae5  SysCtlClockGet                     
00004211  SysCtlDelay                        
00004141  SysCtlPeripheralEnable             
000040d1  SysCtlPeripheralReady              
00003489  Tasks_Init                         
20005180  __STACK_END                        
00000200  __STACK_SIZE                       
20005180  __STACK_TOP                        
00004390  __TI_CINIT_Base                    
000043a0  __TI_CINIT_Limit                   
00004378  __TI_Handler_Table_Base            
00004384  __TI_Handler_Table_Limit           
00004051  __TI_auto_init_nobinit_nopinit     
00003fa1  __TI_decompress_lzss               
000041db  __TI_decompress_none               
ffffffff  __TI_pprof_out_hndl                
ffffffff  __TI_prof_data_size                
ffffffff  __TI_prof_data_start               
00000000  __TI_static_base__                 
000041e9  __TI_zero_init                     
00003eb9  __aeabi_memclr                     
00003eb9  __aeabi_memclr4                    
00003eb9  __aeabi_memclr8                    
00003e1d  __aeabi_memcpy                     
00003e1d  __aeabi_memcpy4                    
00003e1d  __aeabi_memcpy8                    
00003ebb  __aeabi_memset                     
00003ebb  __aeabi_memset4                    
00003ebb  __aeabi_memset8                    
ffffffff  __binit__                          
ffffffff  __c_args__                         
UNDEFED   __mpu_init                         
20004f80  __stack                            
00004109  _c_int00_noargs                    
UNDEFED   _system_post_cinit                 
00004217  _system_pre_init                   
0000421b  abort                              
ffffffff  binit                              
000005ef  eTaskGetState                      
00000000  g_pfnVectors                       
00003f3f  main                               
00003e1d  memcpy                             
00003ec1  memset                             
00002931  pcQueueGetName                     
00000bd1  pcTaskGetName                      
00002bb3  pcTimerGetName                     
00003d81  pvPortMalloc                       
00001821  pvTaskIncrementMutexHeldCount      
00003073  pvTimerGetTimerID                  
20005180  pxCurrentTCB                       
000036bd  pxPortInitialiseStack              
00002687  ucQueueGetQueueType                
00004348  ulMaxSyscallInterruptPriority      
00003c05  ulPortGetIPSR                      
00001841  ulTaskNotifyTake                   
00003a9d  uxListRemove                       
00002667  uxQueueGetQueueNumber              
000025ff  uxQueueMessagesWaiting             
00002635  uxQueueMessagesWaitingFromISR      
00002615  uxQueueSpacesAvailable             
00000bcb  uxTaskGetNumberOfTasks             
00001529  uxTaskGetStackHighWaterMark        
00000d61  uxTaskGetSystemState               
0000129f  uxTaskGetTaskNumber                
0000069d  uxTaskPriorityGet                  
000006cd  uxTaskPriorityGetFromISR           
000017f7  uxTaskResetEventItemValue          
000030a7  uxTimerGetTimerNumber              
00003f35  vApplicationStackOverflowHook      
000039b3  vListInitialise                    
000039e3  vListInitialiseItem                
00003a2f  vListInsert                        
000039f3  vListInsertEnd                     
00003cc1  vPortEnableVFP                     
000037bb  vPortEndScheduler                  
000037bd  vPortEnterCritical                 
000037dd  vPortExitCritical                  
00003df1  vPortFree                          
00003dfb  vPortInitialiseBlocks              
00003c7d  vPortSVCHandler                    
00003819  vPortSetupTimerInterrupt           
00003c9d  vPortStartFirstTask                
00003835  vPortValidateInterruptPriority     
000028ef  vQueueAddToRegistry                
00002651  vQueueDelete                       
00002675  vQueueSetQueueNumber               
00002971  vQueueUnregisterQueue              
000029b5  vQueueWaitForMessageRestricted     
000005b1  vTaskDelay                         
00000503  vTaskDelayUntil                    
00000473  vTaskDelete                        
00000a79  vTaskEndScheduler                  
00001399  vTaskGetInfo                       
000011cd  vTaskInternalSetTimeOutState       
00001297  vTaskMissedYield                   
00001b6d  vTaskNotifyGiveFromISR             
0000102d  vTaskPlaceOnEventList              
00001083  vTaskPlaceOnEventListRestricted    
00001051  vTaskPlaceOnUnorderedEventList     
0000173f  vTaskPriorityDisinheritAfterTimeout
0000071d  vTaskPrioritySet                   
0000113d  vTaskRemoveFromUnorderedEventList  
00000911  vTaskResume                        
000012bf  vTaskSetTaskNumber                 
000011a9  vTaskSetTimeOutState               
00000a1d  vTaskStartScheduler                
00000821  vTaskSuspend                       
00000a95  vTaskSuspendAll                    
00000fad  vTaskSwitchContext                 
00002b63  vTimerSetReloadMode                
0000308d  vTimerSetTimerID                   
000030b5  vTimerSetTimerNumber               
20004f74  x                                  
00003e03  xPortGetFreeHeapSize               
00003c1d  xPortPendSVHandler                 
00003727  xPortStartScheduler                
000037f3  xPortSysTickHandler                
20004f78  xQueue                             
00001f27  xQueueCreateCountingSemaphore      
00001e77  xQueueCreateMutex                  
00001db9  xQueueGenericCreate                
00001d29  xQueueGenericReset                 
00001f47  xQueueGenericSend                  
00002059  xQueueGenericSendFromISR           
000020f9  xQueueGiveFromISR                  
00001ea3  xQueueGiveMutexRecursive           
00002883  xQueueIsQueueEmptyFromISR          
000028c9  xQueueIsQueueFullFromISR           
000023f7  xQueuePeek                         
000025a9  xQueuePeekFromISR                  
00002191  xQueueReceive                      
0000250b  xQueueReceiveFromISR               
20004e84  xQueueRegistry                     
000022a5  xQueueSemaphoreTake                
00001edf  xQueueTakeMutexRecursive           
00000e3d  xTaskAbortDelay                    
000011f1  xTaskCheckForTimeOut               
0000026d  xTaskCreate                        
0000197b  xTaskGenericNotify                 
00001a59  xTaskGenericNotifyFromISR          
000015a1  xTaskGetCurrentTaskHandle          
00000cd9  xTaskGetHandle                     
00000e33  xTaskGetIdleTaskHandle             
000015cd  xTaskGetSchedulerState             
00000b85  xTaskGetTickCount                  
00000b9d  xTaskGetTickCountFromISR           
00000eb5  xTaskIncrementTick                 
00001c21  xTaskNotifyStateClear              
000018c9  xTaskNotifyWait                    
000016bf  xTaskPriorityDisinherit            
000015fd  xTaskPriorityInherit               
000010b5  xTaskRemoveFromEventList           
00000aad  xTaskResumeAll                     
00000985  xTaskResumeFromISR                 
00002a47  xTimerCreate                       
00002a1d  xTimerCreateTimerTask              
00002ad7  xTimerGenericCommand               
00002b99  xTimerGetExpiryTime                
00002b51  xTimerGetPeriod                    
00002b4b  xTimerGetTimerDaemonTaskHandle     
0000304b  xTimerIsTimerActive                


GLOBAL SYMBOLS: SORTED BY Symbol Address 

address   name                               
-------   ----                               
00000000  __TI_static_base__                 
00000000  g_pfnVectors                       
00000200  __STACK_SIZE                       
0000026d  xTaskCreate                        
00000473  vTaskDelete                        
00000503  vTaskDelayUntil                    
000005b1  vTaskDelay                         
000005ef  eTaskGetState                      
0000069d  uxTaskPriorityGet                  
000006cd  uxTaskPriorityGetFromISR           
0000071d  vTaskPrioritySet                   
00000821  vTaskSuspend                       
00000911  vTaskResume                        
00000985  xTaskResumeFromISR                 
00000a1d  vTaskStartScheduler                
00000a79  vTaskEndScheduler                  
00000a95  vTaskSuspendAll                    
00000aad  xTaskResumeAll                     
00000b85  xTaskGetTickCount                  
00000b9d  xTaskGetTickCountFromISR           
00000bcb  uxTaskGetNumberOfTasks             
00000bd1  pcTaskGetName                      
00000cd9  xTaskGetHandle                     
00000d61  uxTaskGetSystemState               
00000e33  xTaskGetIdleTaskHandle             
00000e3d  xTaskAbortDelay                    
00000eb5  xTaskIncrementTick                 
00000fad  vTaskSwitchContext                 
0000102d  vTaskPlaceOnEventList              
00001051  vTaskPlaceOnUnorderedEventList     
00001083  vTaskPlaceOnEventListRestricted    
000010b5  xTaskRemoveFromEventList           
0000113d  vTaskRemoveFromUnorderedEventList  
000011a9  vTaskSetTimeOutState               
000011cd  vTaskInternalSetTimeOutState       
000011f1  xTaskCheckForTimeOut               
00001297  vTaskMissedYield                   
0000129f  uxTaskGetTaskNumber                
000012bf  vTaskSetTaskNumber                 
00001399  vTaskGetInfo                       
00001529  uxTaskGetStackHighWaterMark        
000015a1  xTaskGetCurrentTaskHandle          
000015cd  xTaskGetSchedulerState             
000015fd  xTaskPriorityInherit               
000016bf  xTaskPriorityDisinherit            
0000173f  vTaskPriorityDisinheritAfterTimeout
000017f7  uxTaskResetEventItemValue          
00001821  pvTaskIncrementMutexHeldCount      
00001841  ulTaskNotifyTake                   
000018c9  xTaskNotifyWait                    
0000197b  xTaskGenericNotify                 
00001a59  xTaskGenericNotifyFromISR          
00001b6d  vTaskNotifyGiveFromISR             
00001c21  xTaskNotifyStateClear              
00001d29  xQueueGenericReset                 
00001db9  xQueueGenericCreate                
00001e77  xQueueCreateMutex                  
00001ea3  xQueueGiveMutexRecursive           
00001edf  xQueueTakeMutexRecursive           
00001f27  xQueueCreateCountingSemaphore      
00001f47  xQueueGenericSend                  
00002059  xQueueGenericSendFromISR           
000020f9  xQueueGiveFromISR                  
00002191  xQueueReceive                      
000022a5  xQueueSemaphoreTake                
000023f7  xQueuePeek                         
0000250b  xQueueReceiveFromISR               
000025a9  xQueuePeekFromISR                  
000025ff  uxQueueMessagesWaiting             
00002615  uxQueueSpacesAvailable             
00002635  uxQueueMessagesWaitingFromISR      
00002651  vQueueDelete                       
00002667  uxQueueGetQueueNumber              
00002675  vQueueSetQueueNumber               
00002687  ucQueueGetQueueType                
00002883  xQueueIsQueueEmptyFromISR          
000028c9  xQueueIsQueueFullFromISR           
000028ef  vQueueAddToRegistry                
00002931  pcQueueGetName                     
00002971  vQueueUnregisterQueue              
000029b5  vQueueWaitForMessageRestricted     
00002a1d  xTimerCreateTimerTask              
00002a47  xTimerCreate                       
00002ad7  xTimerGenericCommand               
00002b4b  xTimerGetTimerDaemonTaskHandle     
00002b51  xTimerGetPeriod                    
00002b63  vTimerSetReloadMode                
00002b99  xTimerGetExpiryTime                
00002bb3  pcTimerGetName                     
0000304b  xTimerIsTimerActive                
00003073  pvTimerGetTimerID                  
0000308d  vTimerSetTimerID                   
000030a7  uxTimerGetTimerNumber              
000030b5  vTimerSetTimerNumber               
000030e5  LCD_INIT                           
00003161  LCD_Send_Command                   
0000325b  LCD_Send_Data                      
00003355  LCD_displayString                  
00003391  LCD_gotoRowColumn                  
000033d9  PrintDecimalNum                    
00003489  Tasks_Init                         
000034ad  SPI_R                              
000034eb  LCD                                
000036bd  pxPortInitialiseStack              
00003727  xPortStartScheduler                
000037bb  vPortEndScheduler                  
000037bd  vPortEnterCritical                 
000037dd  vPortExitCritical                  
000037f3  xPortSysTickHandler                
00003819  vPortSetupTimerInterrupt           
00003835  vPortValidateInterruptPriority     
00003881  GPIOPadConfigSet                   
000039b3  vListInitialise                    
000039e3  vListInitialiseItem                
000039f3  vListInsertEnd                     
00003a2f  vListInsert                        
00003a9d  uxListRemove                       
00003ae5  SysCtlClockGet                     
00003c05  ulPortGetIPSR                      
00003c1d  xPortPendSVHandler                 
00003c7d  vPortSVCHandler                    
00003c9d  vPortStartFirstTask                
00003cc1  vPortEnableVFP                     
00003cd1  SPI_RECIEVE_INIT                   
00003d2f  SPI_RECIEVE                        
00003d81  pvPortMalloc                       
00003df1  vPortFree                          
00003dfb  vPortInitialiseBlocks              
00003e03  xPortGetFreeHeapSize               
00003e1d  __aeabi_memcpy                     
00003e1d  __aeabi_memcpy4                    
00003e1d  __aeabi_memcpy8                    
00003e1d  memcpy                             
00003eb9  __aeabi_memclr                     
00003eb9  __aeabi_memclr4                    
00003eb9  __aeabi_memclr8                    
00003ebb  __aeabi_memset                     
00003ebb  __aeabi_memset4                    
00003ebb  __aeabi_memset8                    
00003ec1  memset                             
00003f35  vApplicationStackOverflowHook      
00003f3f  main                               
00003fa1  __TI_decompress_lzss               
00004009  GPIOPinConfigure                   
00004051  __TI_auto_init_nobinit_nopinit     
00004095  SSIConfigSetExpClk                 
000040d1  SysCtlPeripheralReady              
00004109  _c_int00_noargs                    
00004141  SysCtlPeripheralEnable             
00004175  GPIODirModeSet                     
0000419f  GPIOPinTypeGPIOOutput              
000041b7  GPIOPinTypeSSI                     
000041c9  SSIDataGetNonBlocking              
000041db  __TI_decompress_none               
000041e9  __TI_zero_init                     
000041f5  ResetISR                           
00004201  SSIEnable                          
0000420b  GPIOPinWrite                       
00004211  SysCtlDelay                        
00004217  _system_pre_init                   
0000421b  C$$EXIT                            
0000421b  abort                              
00004348  ulMaxSyscallInterruptPriority      
00004378  __TI_Handler_Table_Base            
00004384  __TI_Handler_Table_Limit           
00004390  __TI_CINIT_Base                    
000043a0  __TI_CINIT_Limit                   
20004e84  xQueueRegistry                     
20004f70  SPI_RECIEVE_H                      
20004f74  x                                  
20004f78  xQueue                             
20004f80  __stack                            
20005180  __STACK_END                        
20005180  __STACK_TOP                        
20005180  pxCurrentTCB                       
ffffffff  __TI_pprof_out_hndl                
ffffffff  __TI_prof_data_size                
ffffffff  __TI_prof_data_start               
ffffffff  __binit__                          
ffffffff  __c_args__                         
ffffffff  binit                              
UNDEFED   __mpu_init                         
UNDEFED   _system_post_cinit                 

[183 symbols]
