******************************************************************************
                  TI ARM Linker PC v18.1.1                     
******************************************************************************
>> Linked Mon Apr  8 18:16:24 2019

OUTPUT FILE NAME:   <CAN_Project.out>
ENTRY POINT SYMBOL: "_c_int00_noargs"  address: 00003381


MEMORY CONFIGURATION

         name            origin    length      used     unused   attr    fill
----------------------  --------  ---------  --------  --------  ----  --------
  FLASH                 00000000   00040000  00003744  0003c8bc  R  X
  SRAM                  20000000   00008000  0000796c  00000694  RW X


SEGMENT ALLOCATION MAP

run origin  load origin   length   init length attrs members
----------  ----------- ---------- ----------- ----- -------
00000000    00000000    00003748   00003748    r-x
  00000000    00000000    0000026c   0000026c    r-- .intvecs
  0000026c    0000026c    000032e0   000032e0    r-x .text
  0000354c    0000354c    000001c0   000001c0    r-- .const
  00003710    00003710    00000038   00000038    r-- .cinit
20000000    20000000    00007970   00000000    rw-
  20000000    20000000    00007704   00000000    rw- .bss
  20007708    20007708    00000200   00000000    rw- .stack
  20007908    20007908    00000068   00000000    rw- .data


SECTION ALLOCATION MAP

 output                                  attributes/
section   page    origin      length       input sections
--------  ----  ----------  ----------   ----------------
.intvecs   0    00000000    0000026c     
                  00000000    0000026c     tm4c123gh6pm_startup_ccs.obj (.intvecs)

.text      0    0000026c    000032e0     
                  0000026c    0000180c     tasks.obj (.text)
                  00001a78    00000518     CAN.obj (.text)
                  00001f90    000004dc     uartstdio.obj (.text)
                  0000246c    0000013c     port.obj (.text)
                  000025a8    00000136     driverlib.lib : can.obj (.text:CANMessageSet)
                  000026de    00000132                   : gpio.obj (.text:GPIOPadConfigSet)
                  00002810    0000012a     list.obj (.text)
                  0000293a    00000002     rtsv7M4_T_le_v4SPD16_eabi.lib : div0.asm.obj (.text)
                  0000293c    00000124     leds_tasks.obj (.text)
                  00002a60    00000110     driverlib.lib : sysctl.obj (.text:SysCtlClockGet)
                  00002b70    0000010e                   : can.obj (.text:CANMessageGet)
                  00002c7e    00000002     --HOLE-- [fill = 0]
                  00002c80    000000f4                   : sysctl.obj (.text:SysCtlClockSet)
                  00002d74    000000da     portasm.obj (.text)
                  00002e4e    00000002     --HOLE-- [fill = 0]
                  00002e50    000000c0     main.obj (.text)
                  00002f10    0000009c     heap_1.obj (.text)
                  00002fac    0000009c     rtsv7M4_T_le_v4SPD16_eabi.lib : memcpy_t2.asm.obj (.text)
                  00003048    0000007a                                   : memset_t2.asm.obj (.text)
                  000030c2    00000002     --HOLE-- [fill = 0]
                  000030c4    0000006c     driverlib.lib : can.obj (.text:CANBitRateSet)
                  00003130    00000068                   : interrupt.obj (.text:IntEnable)
                  00003198    00000068     rtsv7M4_T_le_v4SPD16_eabi.lib : copy_decompress_lzss.c.obj (.text:decompress:lzss:__TI_decompress_lzss)
                  00003200    00000048     driverlib.lib : gpio.obj (.text:GPIOPinConfigure)
                  00003248    00000044     rtsv7M4_T_le_v4SPD16_eabi.lib : autoinit.c.obj (.text:__TI_auto_init_nobinit_nopinit:__TI_auto_init_nobinit_nopinit)
                  0000328c    00000040     driverlib.lib : can.obj (.text:CANStatusGet)
                  000032cc    00000040     rtsv7M4_T_le_v4SPD16_eabi.lib : u_divt2.asm.obj (.text)
                  0000330c    0000003a     driverlib.lib : can.obj (.text:CANInit)
                  00003346    00000002     --HOLE-- [fill = 0]
                  00003348    00000038                   : sysctl.obj (.text:SysCtlPeripheralReady)
                  00003380    00000038     rtsv7M4_T_le_v4SPD16_eabi.lib : boot_cortex_m.c.obj (.text:_c_int00_noargs:_c_int00_noargs)
                  000033b8    00000034     driverlib.lib : sysctl.obj (.text:SysCtlPeripheralEnable)
                  000033ec    0000002a                   : gpio.obj (.text:GPIODirModeSet)
                  00003416    0000002a                   : can.obj (.text:_CANDataRegRead)
                  00003440    00000024                   : can.obj (.text:_CANDataRegWrite)
                  00003464    00000022                   : can.obj (.text:CANIntClear)
                  00003486    00000020                   : can.obj (.text:CANIntStatus)
                  000034a6    00000018                   : gpio.obj (.text:GPIOPinTypeGPIOOutput)
                  000034be    00000012                   : gpio.obj (.text:GPIOPinTypeCAN)
                  000034d0    00000012                   : gpio.obj (.text:GPIOPinTypeGPIOInput)
                  000034e2    00000012                   : gpio.obj (.text:GPIOPinTypeUART)
                  000034f4    0000000e     rtsv7M4_T_le_v4SPD16_eabi.lib : copy_decompress_none.c.obj (.text:decompress:none:__TI_decompress_none)
                  00003502    0000000c                                   : copy_zero_init.c.obj (.text:decompress:ZI:__TI_zero_init)
                  0000350e    0000000c     tm4c123gh6pm_startup_ccs.obj (.text)
                  0000351a    0000000a     driverlib.lib : can.obj (.text:CANEnable)
                  00003524    00000008                   : can.obj (.text:CANIntEnable)
                  0000352c    00000006                   : gpio.obj (.text:GPIOPinRead)
                  00003532    00000006                   : gpio.obj (.text:GPIOPinWrite)
                  00003538    00000006                   : sysctl.obj (.text:SysCtlDelay)
                  0000353e    00000006                   : uart.obj (.text:UARTClockSourceSet)
                  00003544    00000004     rtsv7M4_T_le_v4SPD16_eabi.lib : pre_init.c.obj (.text:_system_pre_init)
                  00003548    00000004                                   : exit.c.obj (.text:abort:abort)

.const     0    0000354c    000001c0     
                  0000354c    00000090     driverlib.lib : gpio.obj (.const:g_pui32GPIOBaseAddrs)
                  000035dc    00000070                   : interrupt.obj (.const)
                  0000364c    0000006c                   : sysctl.obj (.const:g_pui32Xtals)
                  000036b8    00000020                   : can.obj (.const)
                  000036d8    00000012     uartstdio.obj (.const:.string)
                  000036ea    00000002     --HOLE-- [fill = 0]
                  000036ec    0000000c     uartstdio.obj (.const:g_ui32UARTBase)
                  000036f8    0000000c     uartstdio.obj (.const:g_ui32UARTPeriph)
                  00003704    00000004     port.obj (.const)
                  00003708    00000004     uartstdio.obj (.const)

.cinit     0    00003710    00000038     
                  00003710    00000010     (.cinit..data.load) [load image, compression = lzss]
                  00003720    0000000c     (__TI_handler_table)
                  0000372c    00000004     --HOLE-- [fill = 0]
                  00003730    00000008     (.cinit..bss.load) [load image, compression = zero_init]
                  00003738    00000010     (__TI_cinit_table)

.init_array 
*          0    00000000    00000000     UNINITIALIZED

.bss       0    20000000    00007704     UNINITIALIZED
                  20000000    00007530     heap_1.obj (.bss:ucHeap)
                  20007530    00000140     tasks.obj (.bss:pxReadyTasksLists)
                  20007670    00000014     tasks.obj (.bss:xDelayedTaskList1)
                  20007684    00000014     tasks.obj (.bss:xDelayedTaskList2)
                  20007698    00000014     tasks.obj (.bss:xPendingReadyList)
                  200076ac    00000014     tasks.obj (.bss:xSuspendedTaskList)
                  200076c0    00000014     tasks.obj (.bss:xTasksWaitingTermination)
                  200076d4    00000014     (.common:sCAN_ReceiveMessage)
                  200076e8    00000014     (.common:sCAN_TransmitMessage)
                  200076fc    00000008     tasks.obj (.bss)

.data      0    20007908    00000068     UNINITIALIZED
                  20007908    00000034     tasks.obj (.data)
                  2000793c    0000000e     CAN.obj (.data)
                  2000794a    00000002     switchs_tasks.obj (.data)
                  2000794c    00000008     heap_1.obj (.data)
                  20007954    00000008     CAN.obj (.data:pui8ReceiveMsgData)
                  2000795c    00000008     CAN.obj (.data:pui8TransmitMsgData)
                  20007964    00000005     uartstdio.obj (.data)
                  20007969    00000003     --HOLE--
                  2000796c    00000004     port.obj (.data)

.stack     0    20007708    00000200     UNINITIALIZED
                  20007708    00000004     rtsv7M4_T_le_v4SPD16_eabi.lib : boot_cortex_m.c.obj (.stack)
                  2000770c    000001fc     --HOLE--

MODULE SUMMARY

       Module                         code    ro data   rw data
       ------                         ----    -------   -------
    .\
       heap_1.obj                     156     0         30008  
       tasks.obj                      6156    0         480    
       CAN.obj                        1304    0         70     
       uartstdio.obj                  1244    46        5      
       tm4c123gh6pm_startup_ccs.obj   12      620       0      
       port.obj                       316     4         4      
       list.obj                       298     0         0      
       leds_tasks.obj                 292     0         0      
       portasm.obj                    218     0         0      
       main.obj                       192     0         0      
       switchs_tasks.obj              0       0         2      
    +--+------------------------------+-------+---------+---------+
       Total:                         10188   670       30569  
                                                               
    C:/ti/TivaWare_C_Series-2.1.4.178/driverlib/ccs/Debug/driverlib.lib
       can.obj                        972     32        0      
       sysctl.obj                     630     108       0      
       gpio.obj                       510     144       0      
       interrupt.obj                  104     112       0      
       uart.obj                       6       0         0      
    +--+------------------------------+-------+---------+---------+
       Total:                         2222    396       0      
                                                               
    C:\ti\ccsv8\tools\compiler\ti-cgt-arm_18.1.1.LTS\lib\rtsv7M4_T_le_v4SPD16_eabi.lib
       memcpy_t2.asm.obj              156     0         0      
       memset_t2.asm.obj              122     0         0      
       copy_decompress_lzss.c.obj     104     0         0      
       autoinit.c.obj                 68      0         0      
       u_divt2.asm.obj                64      0         0      
       boot_cortex_m.c.obj            56      0         0      
       copy_decompress_none.c.obj     14      0         0      
       copy_zero_init.c.obj           12      0         0      
       exit.c.obj                     4       0         0      
       pre_init.c.obj                 4       0         0      
       div0.asm.obj                   2       0         0      
    +--+------------------------------+-------+---------+---------+
       Total:                         606     0         0      
                                                               
       Stack:                         0       0         512    
       Linker Generated:              0       52        0      
    +--+------------------------------+-------+---------+---------+
       Grand Total:                   13016   1118      31081  


LINKER GENERATED COPY TABLES

__TI_cinit_table @ 00003738 records: 2, size/record: 8, table size: 16
	.data: load addr=00003710, load size=00000010 bytes, run addr=20007908, run size=00000068 bytes, compression=lzss
	.bss: load addr=00003730, load size=00000008 bytes, run addr=20000000, run size=00007704 bytes, compression=zero_init


LINKER GENERATED HANDLER TABLE

__TI_handler_table @ 00003720 records: 3, size/record: 4, table size: 12
	index: 0, handler: __TI_decompress_lzss
	index: 1, handler: __TI_decompress_none
	index: 2, handler: __TI_zero_init


GLOBAL SYMBOLS: SORTED ALPHABETICALLY BY Name 

address   name                               
-------   ----                               
00003549  C$$EXIT                            
00001b61  CAN0_Receive_task                  
00001b1b  CAN0_Transmit_task                 
00001c8d  CAN0_Upgraded_Tranceive_task       
00001a83  CAN0_init                          
000030c5  CANBitRateSet                      
0000351b  CANEnable                          
0000330d  CANInit                            
00003465  CANIntClear                        
00003525  CANIntEnable                       
00001bdf  CANIntHandler                      
00003487  CANIntStatus                       
00002b71  CANMessageGet                      
000025a9  CANMessageSet                      
0000328d  CANStatusGet                       
000033ed  GPIODirModeSet                     
000026df  GPIOPadConfigSet                   
00003201  GPIOPinConfigure                   
0000352d  GPIOPinRead                        
000034bf  GPIOPinTypeCAN                     
000034d1  GPIOPinTypeGPIOInput               
000034a7  GPIOPinTypeGPIOOutput              
000034e3  GPIOPinTypeUART                    
00003533  GPIOPinWrite                       
00002e5b  InitConsole                        
00003131  IntEnable                          
000029dd  LED_BLUE_Enable                    
000029ff  LED_GREEN_Enable                   
000029bb  LED_RED_Enable                     
00002991  LED_RED_task                       
00002a21  LED_WHITE_Enable                   
0000293d  LEDs_tasks_init                    
0000350f  ResetISR                           
00001a79  SimpleDelay                        
00002a61  SysCtlClockGet                     
00002c81  SysCtlClockSet                     
00003539  SysCtlDelay                        
000033b9  SysCtlPeripheralEnable             
00003349  SysCtlPeripheralReady              
0000353f  UARTClockSourceSet                 
00001f91  UARTStdioConfig                    
00002109  UARTgetc                           
00002043  UARTgets                           
00002437  UARTprintf                         
0000213d  UARTvprintf                        
00001ff1  UARTwrite                          
20007908  __STACK_END                        
00000200  __STACK_SIZE                       
20007908  __STACK_TOP                        
00003738  __TI_CINIT_Base                    
00003748  __TI_CINIT_Limit                   
00003720  __TI_Handler_Table_Base            
0000372c  __TI_Handler_Table_Limit           
00003249  __TI_auto_init_nobinit_nopinit     
00003199  __TI_decompress_lzss               
000034f5  __TI_decompress_none               
ffffffff  __TI_pprof_out_hndl                
ffffffff  __TI_prof_data_size                
ffffffff  __TI_prof_data_start               
00000000  __TI_static_base__                 
00003503  __TI_zero_init                     
0000293b  __aeabi_idiv0                      
0000293b  __aeabi_ldiv0                      
00003049  __aeabi_memclr                     
00003049  __aeabi_memclr4                    
00003049  __aeabi_memclr8                    
00002fad  __aeabi_memcpy                     
00002fad  __aeabi_memcpy4                    
00002fad  __aeabi_memcpy8                    
0000304b  __aeabi_memset                     
0000304b  __aeabi_memset4                    
0000304b  __aeabi_memset8                    
000032cd  __aeabi_uidiv                      
000032cd  __aeabi_uidivmod                   
ffffffff  __binit__                          
ffffffff  __c_args__                         
UNDEFED   __mpu_init                         
20007708  __stack                            
00003381  _c_int00_noargs                    
UNDEFED   _system_post_cinit                 
00003545  _system_pre_init                   
00003549  abort                              
ffffffff  binit                              
2000794a  button1_status                     
2000794b  button2_status                     
2000793c  direction_LED                      
000005dd  eTaskGetState                      
20007948  g_bErrFlag                         
20007949  g_bRXFlag                          
00000000  g_pfnVectors                       
20007944  g_ui32ReceiveMsgCount              
20007940  g_ui32TransmitMsgCount             
00002e97  main                               
00002fad  memcpy                             
00003051  memset                             
00000b99  pcTaskGetName                      
20007954  pui8ReceiveMsgData                 
2000795c  pui8TransmitMsgData                
00002f11  pvPortMalloc                       
000015ab  pvTaskIncrementMutexHeldCount      
20007908  pxCurrentTCB                       
0000246d  pxPortInitialiseStack              
00001e65  read_button1                       
200076d4  sCAN_ReceiveMessage                
200076e8  sCAN_TransmitMessage               
00003704  ulMaxSyscallInterruptPriority      
00002d85  ulPortGetIPSR                      
000015c9  ulTaskNotifyTake                   
000028f3  uxListRemove                       
00000b8d  uxTaskGetNumberOfTasks             
00001285  uxTaskGetStackHighWaterMark        
00000bbd  uxTaskGetSystemState               
00000ffb  uxTaskGetTaskNumber                
0000068d  uxTaskPriorityGet                  
000006b9  uxTaskPriorityGetFromISR           
00001589  uxTaskResetEventItemValue          
00002e51  vApplicationStackOverflowHook      
00002811  vListInitialise                    
00002841  vListInitialiseItem                
0000288d  vListInsert                        
00002851  vListInsertEnd                     
00002e41  vPortEnableVFP                     
0000250d  vPortEndScheduler                  
0000250f  vPortEnterCritical                 
0000252f  vPortExitCritical                  
00002f81  vPortFree                          
00002f8b  vPortInitialiseBlocks              
00002dfd  vPortSVCHandler                    
0000256b  vPortSetupTimerInterrupt           
00002e1d  vPortStartFirstTask                
000005a3  vTaskDelay                         
00000513  vTaskDelayUntil                    
00000465  vTaskDelete                        
00000a65  vTaskEndScheduler                  
000010f9  vTaskGetInfo                       
00000f4f  vTaskInternalSetTimeOutState       
00000ff3  vTaskMissedYield                   
000018d1  vTaskNotifyGiveFromISR             
00000df9  vTaskPlaceOnEventList              
00000e15  vTaskPlaceOnUnorderedEventList     
000014b3  vTaskPriorityDisinheritAfterTimeout
00000705  vTaskPrioritySet                   
00000ec9  vTaskRemoveFromUnorderedEventList  
00000925  vTaskResume                        
0000101b  vTaskSetTaskNumber                 
00000f31  vTaskSetTimeOutState               
00000a15  vTaskStartScheduler                
00000811  vTaskSuspend                       
00000a81  vTaskSuspendAll                    
00000d91  vTaskSwitchContext                 
00002f93  xPortGetFreeHeapSize               
00002d9d  xPortPendSVHandler                 
000024d7  xPortStartScheduler                
00002545  xPortSysTickHandler                
00000f75  xTaskCheckForTimeOut               
0000026d  xTaskCreate                        
000016eb  xTaskGenericNotify                 
000017c5  xTaskGenericNotifyFromISR          
00001301  xTaskGetCurrentTaskHandle          
00000b69  xTaskGetTickCount                  
00000b79  xTaskGetTickCountFromISR           
00000ca5  xTaskIncrementTick                 
0000197d  xTaskNotifyStateClear              
00001649  xTaskNotifyWait                    
00001415  xTaskPriorityDisinherit            
00001335  xTaskPriorityInherit               
00000e45  xTaskRemoveFromEventList           
00000a99  xTaskResumeAll                     
0000098b  xTaskResumeFromISR                 


GLOBAL SYMBOLS: SORTED BY Symbol Address 

address   name                               
-------   ----                               
00000000  __TI_static_base__                 
00000000  g_pfnVectors                       
00000200  __STACK_SIZE                       
0000026d  xTaskCreate                        
00000465  vTaskDelete                        
00000513  vTaskDelayUntil                    
000005a3  vTaskDelay                         
000005dd  eTaskGetState                      
0000068d  uxTaskPriorityGet                  
000006b9  uxTaskPriorityGetFromISR           
00000705  vTaskPrioritySet                   
00000811  vTaskSuspend                       
00000925  vTaskResume                        
0000098b  xTaskResumeFromISR                 
00000a15  vTaskStartScheduler                
00000a65  vTaskEndScheduler                  
00000a81  vTaskSuspendAll                    
00000a99  xTaskResumeAll                     
00000b69  xTaskGetTickCount                  
00000b79  xTaskGetTickCountFromISR           
00000b8d  uxTaskGetNumberOfTasks             
00000b99  pcTaskGetName                      
00000bbd  uxTaskGetSystemState               
00000ca5  xTaskIncrementTick                 
00000d91  vTaskSwitchContext                 
00000df9  vTaskPlaceOnEventList              
00000e15  vTaskPlaceOnUnorderedEventList     
00000e45  xTaskRemoveFromEventList           
00000ec9  vTaskRemoveFromUnorderedEventList  
00000f31  vTaskSetTimeOutState               
00000f4f  vTaskInternalSetTimeOutState       
00000f75  xTaskCheckForTimeOut               
00000ff3  vTaskMissedYield                   
00000ffb  uxTaskGetTaskNumber                
0000101b  vTaskSetTaskNumber                 
000010f9  vTaskGetInfo                       
00001285  uxTaskGetStackHighWaterMark        
00001301  xTaskGetCurrentTaskHandle          
00001335  xTaskPriorityInherit               
00001415  xTaskPriorityDisinherit            
000014b3  vTaskPriorityDisinheritAfterTimeout
00001589  uxTaskResetEventItemValue          
000015ab  pvTaskIncrementMutexHeldCount      
000015c9  ulTaskNotifyTake                   
00001649  xTaskNotifyWait                    
000016eb  xTaskGenericNotify                 
000017c5  xTaskGenericNotifyFromISR          
000018d1  vTaskNotifyGiveFromISR             
0000197d  xTaskNotifyStateClear              
00001a79  SimpleDelay                        
00001a83  CAN0_init                          
00001b1b  CAN0_Transmit_task                 
00001b61  CAN0_Receive_task                  
00001bdf  CANIntHandler                      
00001c8d  CAN0_Upgraded_Tranceive_task       
00001e65  read_button1                       
00001f91  UARTStdioConfig                    
00001ff1  UARTwrite                          
00002043  UARTgets                           
00002109  UARTgetc                           
0000213d  UARTvprintf                        
00002437  UARTprintf                         
0000246d  pxPortInitialiseStack              
000024d7  xPortStartScheduler                
0000250d  vPortEndScheduler                  
0000250f  vPortEnterCritical                 
0000252f  vPortExitCritical                  
00002545  xPortSysTickHandler                
0000256b  vPortSetupTimerInterrupt           
000025a9  CANMessageSet                      
000026df  GPIOPadConfigSet                   
00002811  vListInitialise                    
00002841  vListInitialiseItem                
00002851  vListInsertEnd                     
0000288d  vListInsert                        
000028f3  uxListRemove                       
0000293b  __aeabi_idiv0                      
0000293b  __aeabi_ldiv0                      
0000293d  LEDs_tasks_init                    
00002991  LED_RED_task                       
000029bb  LED_RED_Enable                     
000029dd  LED_BLUE_Enable                    
000029ff  LED_GREEN_Enable                   
00002a21  LED_WHITE_Enable                   
00002a61  SysCtlClockGet                     
00002b71  CANMessageGet                      
00002c81  SysCtlClockSet                     
00002d85  ulPortGetIPSR                      
00002d9d  xPortPendSVHandler                 
00002dfd  vPortSVCHandler                    
00002e1d  vPortStartFirstTask                
00002e41  vPortEnableVFP                     
00002e51  vApplicationStackOverflowHook      
00002e5b  InitConsole                        
00002e97  main                               
00002f11  pvPortMalloc                       
00002f81  vPortFree                          
00002f8b  vPortInitialiseBlocks              
00002f93  xPortGetFreeHeapSize               
00002fad  __aeabi_memcpy                     
00002fad  __aeabi_memcpy4                    
00002fad  __aeabi_memcpy8                    
00002fad  memcpy                             
00003049  __aeabi_memclr                     
00003049  __aeabi_memclr4                    
00003049  __aeabi_memclr8                    
0000304b  __aeabi_memset                     
0000304b  __aeabi_memset4                    
0000304b  __aeabi_memset8                    
00003051  memset                             
000030c5  CANBitRateSet                      
00003131  IntEnable                          
00003199  __TI_decompress_lzss               
00003201  GPIOPinConfigure                   
00003249  __TI_auto_init_nobinit_nopinit     
0000328d  CANStatusGet                       
000032cd  __aeabi_uidiv                      
000032cd  __aeabi_uidivmod                   
0000330d  CANInit                            
00003349  SysCtlPeripheralReady              
00003381  _c_int00_noargs                    
000033b9  SysCtlPeripheralEnable             
000033ed  GPIODirModeSet                     
00003465  CANIntClear                        
00003487  CANIntStatus                       
000034a7  GPIOPinTypeGPIOOutput              
000034bf  GPIOPinTypeCAN                     
000034d1  GPIOPinTypeGPIOInput               
000034e3  GPIOPinTypeUART                    
000034f5  __TI_decompress_none               
00003503  __TI_zero_init                     
0000350f  ResetISR                           
0000351b  CANEnable                          
00003525  CANIntEnable                       
0000352d  GPIOPinRead                        
00003533  GPIOPinWrite                       
00003539  SysCtlDelay                        
0000353f  UARTClockSourceSet                 
00003545  _system_pre_init                   
00003549  C$$EXIT                            
00003549  abort                              
00003704  ulMaxSyscallInterruptPriority      
00003720  __TI_Handler_Table_Base            
0000372c  __TI_Handler_Table_Limit           
00003738  __TI_CINIT_Base                    
00003748  __TI_CINIT_Limit                   
200076d4  sCAN_ReceiveMessage                
200076e8  sCAN_TransmitMessage               
20007708  __stack                            
20007908  __STACK_END                        
20007908  __STACK_TOP                        
20007908  pxCurrentTCB                       
2000793c  direction_LED                      
20007940  g_ui32TransmitMsgCount             
20007944  g_ui32ReceiveMsgCount              
20007948  g_bErrFlag                         
20007949  g_bRXFlag                          
2000794a  button1_status                     
2000794b  button2_status                     
20007954  pui8ReceiveMsgData                 
2000795c  pui8TransmitMsgData                
ffffffff  __TI_pprof_out_hndl                
ffffffff  __TI_prof_data_size                
ffffffff  __TI_prof_data_start               
ffffffff  __binit__                          
ffffffff  __c_args__                         
ffffffff  binit                              
UNDEFED   __mpu_init                         
UNDEFED   _system_post_cinit                 

[169 symbols]
