******************************************************************************
                  TI ARM Linker PC v18.1.1                     
******************************************************************************
>> Linked Wed Mar 20 13:08:23 2019

OUTPUT FILE NAME:   <porting_FR.out>
ENTRY POINT SYMBOL: "_c_int00_noargs"  address: 00002a25


MEMORY CONFIGURATION

         name            origin    length      used     unused   attr    fill
----------------------  --------  ---------  --------  --------  ----  --------
  FLASH                 00000000   00040000  00002b78  0003d488  R  X
  SRAM                  20000000   00008000  00007954  000006ac  RW X


SEGMENT ALLOCATION MAP

run origin  load origin   length   init length attrs members
----------  ----------- ---------- ----------- ----- -------
00000000    00000000    00002b78   00002b78    r-x
  00000000    00000000    0000026c   0000026c    r-- .intvecs
  0000026c    0000026c    000028b8   000028b8    r-x .text
  00002b24    00002b24    00000004   00000004    r-- .const
  00002b28    00002b28    00000050   00000050    r-- .cinit
20000000    20000000    00007958   00000000    rw-
  20000000    20000000    000076dc   00000000    rw- .bss
  200076e0    200076e0    00000200   00000000    rw- .stack
  200078e0    200078e0    00000078   00000000    rw- .data


SECTION ALLOCATION MAP

 output                                  attributes/
section   page    origin      length       input sections
--------  ----  ----------  ----------   ----------------
.intvecs   0    00000000    0000026c     
                  00000000    0000026c     tm4c123gh6pm_startup_ccs.obj (.intvecs)

.text      0    0000026c    000028b8     
                  0000026c    000018d4     tasks.obj (.text)
                  00001b40    0000057c     LCD.obj (.text)
                  000020bc    0000013c     port.obj (.text)
                  000021f8    00000132     driverlib.lib : gpio.obj (.text:GPIOPadConfigSet)
                  0000232a    00000002     --HOLE-- [fill = 0]
                  0000232c    00000130     leds_tasks.obj (.text)
                  0000245c    0000012a     list.obj (.text)
                  00002586    00000002     --HOLE-- [fill = 0]
                  00002588    000000e0     main.obj (.text)
                  00002668    000000da     portasm.obj (.text)
                  00002742    00000002     --HOLE-- [fill = 0]
                  00002744    0000009c     heap_1.obj (.text)
                  000027e0    0000009c     rtsv7M4_T_le_v4SPD16_eabi.lib : memcpy_t2.asm.obj (.text)
                  0000287c    0000007a                                   : memset_t2.asm.obj (.text)
                  000028f6    00000068                                   : copy_decompress_lzss.c.obj (.text:decompress:lzss:__TI_decompress_lzss)
                  0000295e    00000002     --HOLE-- [fill = 0]
                  00002960    00000048     switchs_tasks.obj (.text)
                  000029a8    00000044     rtsv7M4_T_le_v4SPD16_eabi.lib : autoinit.c.obj (.text:__TI_auto_init_nobinit_nopinit:__TI_auto_init_nobinit_nopinit)
                  000029ec    00000038     driverlib.lib : sysctl.obj (.text:SysCtlPeripheralReady)
                  00002a24    00000038     rtsv7M4_T_le_v4SPD16_eabi.lib : boot_cortex_m.c.obj (.text:_c_int00_noargs:_c_int00_noargs)
                  00002a5c    00000034     driverlib.lib : sysctl.obj (.text:SysCtlPeripheralEnable)
                  00002a90    0000002a                   : gpio.obj (.text:GPIODirModeSet)
                  00002aba    00000018                   : gpio.obj (.text:GPIOPinTypeGPIOOutput)
                  00002ad2    00000012                   : gpio.obj (.text:GPIOPinTypeGPIOInput)
                  00002ae4    0000000e     rtsv7M4_T_le_v4SPD16_eabi.lib : copy_decompress_none.c.obj (.text:decompress:none:__TI_decompress_none)
                  00002af2    0000000c                                   : copy_zero_init.c.obj (.text:decompress:ZI:__TI_zero_init)
                  00002afe    0000000c     tm4c123gh6pm_startup_ccs.obj (.text)
                  00002b0a    00000006     driverlib.lib : gpio.obj (.text:GPIOPinRead)
                  00002b10    00000006                   : gpio.obj (.text:GPIOPinWrite)
                  00002b16    00000006                   : sysctl.obj (.text:SysCtlDelay)
                  00002b1c    00000004     rtsv7M4_T_le_v4SPD16_eabi.lib : pre_init.c.obj (.text:_system_pre_init)
                  00002b20    00000004                                   : exit.c.obj (.text:abort:abort)

.const     0    00002b24    00000004     
                  00002b24    00000004     port.obj (.const)

.cinit     0    00002b28    00000050     
                  00002b28    0000002c     (.cinit..data.load) [load image, compression = lzss]
                  00002b54    0000000c     (__TI_handler_table)
                  00002b60    00000008     (.cinit..bss.load) [load image, compression = zero_init]
                  00002b68    00000010     (__TI_cinit_table)

.init_array 
*          0    00000000    00000000     UNINITIALIZED

.bss       0    20000000    000076dc     UNINITIALIZED
                  20000000    00007530     heap_1.obj (.bss:ucHeap)
                  20007530    00000140     tasks.obj (.bss:pxReadyTasksLists)
                  20007670    00000014     tasks.obj (.bss:xDelayedTaskList1)
                  20007684    00000014     tasks.obj (.bss:xDelayedTaskList2)
                  20007698    00000014     tasks.obj (.bss:xPendingReadyList)
                  200076ac    00000014     tasks.obj (.bss:xSuspendedTaskList)
                  200076c0    00000014     tasks.obj (.bss:xTasksWaitingTermination)
                  200076d4    00000008     tasks.obj (.bss)

.data      0    200078e0    00000078     UNINITIALIZED
                  200078e0    00000034     tasks.obj (.data)
                  20007914    00000030     LCD.obj (.data:LCD_msg)
                  20007944    00000008     heap_1.obj (.data)
                  2000794c    00000006     LCD.obj (.data)
                  20007952    00000002     switchs_tasks.obj (.data)
                  20007954    00000004     port.obj (.data)

.stack     0    200076e0    00000200     UNINITIALIZED
                  200076e0    00000004     rtsv7M4_T_le_v4SPD16_eabi.lib : boot_cortex_m.c.obj (.stack)
                  200076e4    000001fc     --HOLE--

MODULE SUMMARY

       Module                         code    ro data   rw data
       ------                         ----    -------   -------
    .\
       heap_1.obj                     156     0         30008  
       tasks.obj                      6356    0         480    
       LCD.obj                        1404    0         54     
       tm4c123gh6pm_startup_ccs.obj   12      620       0      
       port.obj                       316     4         4      
       leds_tasks.obj                 304     0         0      
       list.obj                       298     0         0      
       main.obj                       224     0         0      
       portasm.obj                    218     0         0      
       switchs_tasks.obj              72      0         2      
    +--+------------------------------+-------+---------+---------+
       Total:                         9360    624       30548  
                                                               
    C:/ti/TivaWare_C_Series-2.1.4.178/driverlib/ccs/Debug/driverlib.lib
       gpio.obj                       402     0         0      
       sysctl.obj                     114     0         0      
    +--+------------------------------+-------+---------+---------+
       Total:                         516     0         0      
                                                               
    C:\ti\ccsv8\tools\compiler\ti-cgt-arm_18.1.1.LTS\lib\rtsv7M4_T_le_v4SPD16_eabi.lib
       memcpy_t2.asm.obj              156     0         0      
       memset_t2.asm.obj              122     0         0      
       copy_decompress_lzss.c.obj     104     0         0      
       autoinit.c.obj                 68      0         0      
       boot_cortex_m.c.obj            56      0         0      
       copy_decompress_none.c.obj     14      0         0      
       copy_zero_init.c.obj           12      0         0      
       exit.c.obj                     4       0         0      
       pre_init.c.obj                 4       0         0      
    +--+------------------------------+-------+---------+---------+
       Total:                         540     0         0      
                                                               
       Stack:                         0       0         512    
       Linker Generated:              0       80        0      
    +--+------------------------------+-------+---------+---------+
       Grand Total:                   10416   704       31060  


LINKER GENERATED COPY TABLES

__TI_cinit_table @ 00002b68 records: 2, size/record: 8, table size: 16
	.data: load addr=00002b28, load size=0000002c bytes, run addr=200078e0, run size=00000078 bytes, compression=lzss
	.bss: load addr=00002b60, load size=00000008 bytes, run addr=20000000, run size=000076dc bytes, compression=zero_init


LINKER GENERATED HANDLER TABLE

__TI_handler_table @ 00002b54 records: 3, size/record: 4, table size: 12
	index: 0, handler: __TI_decompress_lzss
	index: 1, handler: __TI_decompress_none
	index: 2, handler: __TI_zero_init


GLOBAL SYMBOLS: SORTED ALPHABETICALLY BY Name 

address   name                               
-------   ----                               
00002b21  C$$EXIT                            
00002a91  GPIODirModeSet                     
000021f9  GPIOPadConfigSet                   
00002b0b  GPIOPinRead                        
00002ad3  GPIOPinTypeGPIOInput               
00002abb  GPIOPinTypeGPIOOutput              
00002b11  GPIOPinWrite                       
00001e57  LCD_Task_button                    
00001eb1  LCD_Task_print_msg                 
00001e1d  LCD_clear                          
00001d15  LCD_displayChar                    
00001b41  LCD_init                           
20007914  LCD_msg                            
2000794c  LCD_msg_ID                         
00001c0d  LCD_sendCommand                    
00002417  LED0_Disable                       
000023ed  LED0_Enable                        
000023b3  LED0_task                          
00002425  LED1_Disable                       
000023fb  LED1_Enable                        
000023d9  LED1_task                          
00002433  LED2_Disable                       
00002409  LED2_Enable                        
000023e3  LED2_task                          
0000232d  LEDs_tasks_init                    
00002aff  ResetISR                           
00002961  SwitchTask                         
00002b17  SysCtlDelay                        
00002a5d  SysCtlPeripheralEnable             
000029ed  SysCtlPeripheralReady              
200078e0  __STACK_END                        
00000200  __STACK_SIZE                       
200078e0  __STACK_TOP                        
00002b68  __TI_CINIT_Base                    
00002b78  __TI_CINIT_Limit                   
00002b54  __TI_Handler_Table_Base            
00002b60  __TI_Handler_Table_Limit           
000029a9  __TI_auto_init_nobinit_nopinit     
000028f7  __TI_decompress_lzss               
00002ae5  __TI_decompress_none               
ffffffff  __TI_pprof_out_hndl                
ffffffff  __TI_prof_data_size                
ffffffff  __TI_prof_data_start               
00000000  __TI_static_base__                 
00002af3  __TI_zero_init                     
0000287d  __aeabi_memclr                     
0000287d  __aeabi_memclr4                    
0000287d  __aeabi_memclr8                    
000027e1  __aeabi_memcpy                     
000027e1  __aeabi_memcpy4                    
000027e1  __aeabi_memcpy8                    
0000287f  __aeabi_memset                     
0000287f  __aeabi_memset4                    
0000287f  __aeabi_memset8                    
ffffffff  __binit__                          
ffffffff  __c_args__                         
UNDEFED   __mpu_init                         
200076e0  __stack                            
00002a25  _c_int00_noargs                    
UNDEFED   _system_post_cinit                 
00002b1d  _system_pre_init                   
00002b21  abort                              
ffffffff  binit                              
20007952  button1_status                     
20007953  button2_status                     
00001e27  display_string                     
000005f1  eTaskGetState                      
00000000  g_pfnVectors                       
00002593  main                               
000027e1  memcpy                             
00002885  memset                             
00000bdb  pcTaskGetName                      
00002745  pvPortMalloc                       
00001663  pvTaskIncrementMutexHeldCount      
200078e0  pxCurrentTCB                       
000020bd  pxPortInitialiseStack              
00002b24  ulMaxSyscallInterruptPriority      
00002679  ulPortGetIPSR                      
00001681  ulTaskNotifyTake                   
0000253f  uxListRemove                       
00000bd5  uxTaskGetNumberOfTasks             
00001341  uxTaskGetStackHighWaterMark        
00000c01  uxTaskGetSystemState               
000010d5  uxTaskGetTaskNumber                
000006a1  uxTaskPriorityGet                  
000006cd  uxTaskPriorityGetFromISR           
00001641  uxTaskResetEventItemValue          
00002589  vApplicationStackOverflowHook      
0000245d  vListInitialise                    
0000248d  vListInitialiseItem                
000024d9  vListInsert                        
0000249d  vListInsertEnd                     
00002735  vPortEnableVFP                     
0000215d  vPortEndScheduler                  
0000215f  vPortEnterCritical                 
0000217f  vPortExitCritical                  
000027b5  vPortFree                          
000027bf  vPortInitialiseBlocks              
000026f1  vPortSVCHandler                    
000021bb  vPortSetupTimerInterrupt           
00002711  vPortStartFirstTask                
000005b3  vTaskDelay                         
00000523  vTaskDelayUntil                    
00000475  vTaskDelete                        
00000a99  vTaskEndScheduler                  
000011b1  vTaskGetInfo                       
0000101f  vTaskInternalSetTimeOutState       
000010c7  vTaskMissedYield                   
00001999  vTaskNotifyGiveFromISR             
00000ec3  vTaskPlaceOnEventList              
00000edf  vTaskPlaceOnUnorderedEventList     
0000156b  vTaskPriorityDisinheritAfterTimeout
00000715  vTaskPrioritySet                   
00000f99  vTaskRemoveFromUnorderedEventList  
00000941  vTaskResume                        
000010f5  vTaskSetTaskNumber                 
00001001  vTaskSetTimeOutState               
00000a49  vTaskStartScheduler                
0000082d  vTaskSuspend                       
00000ab5  vTaskSuspendAll                    
00000e21  vTaskSwitchContext                 
000027c7  xPortGetFreeHeapSize               
00002691  xPortPendSVHandler                 
00002127  xPortStartScheduler                
00002195  xPortSysTickHandler                
00001049  xTaskCheckForTimeOut               
0000026d  xTaskCreate                        
000017a3  xTaskGenericNotify                 
0000188d  xTaskGenericNotifyFromISR          
000013b9  xTaskGetCurrentTaskHandle          
00000bab  xTaskGetTickCount                  
00000bc1  xTaskGetTickCountFromISR           
00000cf5  xTaskIncrementTick                 
00001a45  xTaskNotifyStateClear              
00001701  xTaskNotifyWait                    
000014cd  xTaskPriorityDisinherit            
000013ed  xTaskPriorityInherit               
00000f19  xTaskRemoveFromEventList           
00000ac9  xTaskResumeAll                     
000009bb  xTaskResumeFromISR                 


GLOBAL SYMBOLS: SORTED BY Symbol Address 

address   name                               
-------   ----                               
00000000  __TI_static_base__                 
00000000  g_pfnVectors                       
00000200  __STACK_SIZE                       
0000026d  xTaskCreate                        
00000475  vTaskDelete                        
00000523  vTaskDelayUntil                    
000005b3  vTaskDelay                         
000005f1  eTaskGetState                      
000006a1  uxTaskPriorityGet                  
000006cd  uxTaskPriorityGetFromISR           
00000715  vTaskPrioritySet                   
0000082d  vTaskSuspend                       
00000941  vTaskResume                        
000009bb  xTaskResumeFromISR                 
00000a49  vTaskStartScheduler                
00000a99  vTaskEndScheduler                  
00000ab5  vTaskSuspendAll                    
00000ac9  xTaskResumeAll                     
00000bab  xTaskGetTickCount                  
00000bc1  xTaskGetTickCountFromISR           
00000bd5  uxTaskGetNumberOfTasks             
00000bdb  pcTaskGetName                      
00000c01  uxTaskGetSystemState               
00000cf5  xTaskIncrementTick                 
00000e21  vTaskSwitchContext                 
00000ec3  vTaskPlaceOnEventList              
00000edf  vTaskPlaceOnUnorderedEventList     
00000f19  xTaskRemoveFromEventList           
00000f99  vTaskRemoveFromUnorderedEventList  
00001001  vTaskSetTimeOutState               
0000101f  vTaskInternalSetTimeOutState       
00001049  xTaskCheckForTimeOut               
000010c7  vTaskMissedYield                   
000010d5  uxTaskGetTaskNumber                
000010f5  vTaskSetTaskNumber                 
000011b1  vTaskGetInfo                       
00001341  uxTaskGetStackHighWaterMark        
000013b9  xTaskGetCurrentTaskHandle          
000013ed  xTaskPriorityInherit               
000014cd  xTaskPriorityDisinherit            
0000156b  vTaskPriorityDisinheritAfterTimeout
00001641  uxTaskResetEventItemValue          
00001663  pvTaskIncrementMutexHeldCount      
00001681  ulTaskNotifyTake                   
00001701  xTaskNotifyWait                    
000017a3  xTaskGenericNotify                 
0000188d  xTaskGenericNotifyFromISR          
00001999  vTaskNotifyGiveFromISR             
00001a45  xTaskNotifyStateClear              
00001b41  LCD_init                           
00001c0d  LCD_sendCommand                    
00001d15  LCD_displayChar                    
00001e1d  LCD_clear                          
00001e27  display_string                     
00001e57  LCD_Task_button                    
00001eb1  LCD_Task_print_msg                 
000020bd  pxPortInitialiseStack              
00002127  xPortStartScheduler                
0000215d  vPortEndScheduler                  
0000215f  vPortEnterCritical                 
0000217f  vPortExitCritical                  
00002195  xPortSysTickHandler                
000021bb  vPortSetupTimerInterrupt           
000021f9  GPIOPadConfigSet                   
0000232d  LEDs_tasks_init                    
000023b3  LED0_task                          
000023d9  LED1_task                          
000023e3  LED2_task                          
000023ed  LED0_Enable                        
000023fb  LED1_Enable                        
00002409  LED2_Enable                        
00002417  LED0_Disable                       
00002425  LED1_Disable                       
00002433  LED2_Disable                       
0000245d  vListInitialise                    
0000248d  vListInitialiseItem                
0000249d  vListInsertEnd                     
000024d9  vListInsert                        
0000253f  uxListRemove                       
00002589  vApplicationStackOverflowHook      
00002593  main                               
00002679  ulPortGetIPSR                      
00002691  xPortPendSVHandler                 
000026f1  vPortSVCHandler                    
00002711  vPortStartFirstTask                
00002735  vPortEnableVFP                     
00002745  pvPortMalloc                       
000027b5  vPortFree                          
000027bf  vPortInitialiseBlocks              
000027c7  xPortGetFreeHeapSize               
000027e1  __aeabi_memcpy                     
000027e1  __aeabi_memcpy4                    
000027e1  __aeabi_memcpy8                    
000027e1  memcpy                             
0000287d  __aeabi_memclr                     
0000287d  __aeabi_memclr4                    
0000287d  __aeabi_memclr8                    
0000287f  __aeabi_memset                     
0000287f  __aeabi_memset4                    
0000287f  __aeabi_memset8                    
00002885  memset                             
000028f7  __TI_decompress_lzss               
00002961  SwitchTask                         
000029a9  __TI_auto_init_nobinit_nopinit     
000029ed  SysCtlPeripheralReady              
00002a25  _c_int00_noargs                    
00002a5d  SysCtlPeripheralEnable             
00002a91  GPIODirModeSet                     
00002abb  GPIOPinTypeGPIOOutput              
00002ad3  GPIOPinTypeGPIOInput               
00002ae5  __TI_decompress_none               
00002af3  __TI_zero_init                     
00002aff  ResetISR                           
00002b0b  GPIOPinRead                        
00002b11  GPIOPinWrite                       
00002b17  SysCtlDelay                        
00002b1d  _system_pre_init                   
00002b21  C$$EXIT                            
00002b21  abort                              
00002b24  ulMaxSyscallInterruptPriority      
00002b54  __TI_Handler_Table_Base            
00002b60  __TI_Handler_Table_Limit           
00002b68  __TI_CINIT_Base                    
00002b78  __TI_CINIT_Limit                   
200076e0  __stack                            
200078e0  __STACK_END                        
200078e0  __STACK_TOP                        
200078e0  pxCurrentTCB                       
20007914  LCD_msg                            
2000794c  LCD_msg_ID                         
20007952  button1_status                     
20007953  button2_status                     
ffffffff  __TI_pprof_out_hndl                
ffffffff  __TI_prof_data_size                
ffffffff  __TI_prof_data_start               
ffffffff  __binit__                          
ffffffff  __c_args__                         
ffffffff  binit                              
UNDEFED   __mpu_init                         
UNDEFED   _system_post_cinit                 

[140 symbols]
