******************************************************************************
                  TI ARM Linker PC v18.1.1                     
******************************************************************************
>> Linked Mon Apr  8 17:42:07 2019

OUTPUT FILE NAME:   <CAN.out>
ENTRY POINT SYMBOL: "_c_int00_noargs"  address: 00003359


MEMORY CONFIGURATION

         name            origin    length      used     unused   attr    fill
----------------------  --------  ---------  --------  --------  ----  --------
  FLASH                 00000000   00040000  00003714  0003c8ec  R  X
  SRAM                  20000000   00008000  0000797d  00000683  RW X


SEGMENT ALLOCATION MAP

run origin  load origin   length   init length attrs members
----------  ----------- ---------- ----------- ----- -------
00000000    00000000    00003718   00003718    r-x
  00000000    00000000    0000026c   0000026c    r-- .intvecs
  0000026c    0000026c    000032b8   000032b8    r-x .text
  00003524    00003524    000001c0   000001c0    r-- .const
  000036e8    000036e8    00000030   00000030    r-- .cinit
20000000    20000000    00007984   00000000    rw-
  20000000    20000000    00007729   00000000    rw- .bss
  20007730    20007730    00000200   00000000    rw- .stack
  20007930    20007930    00000054   00000000    rw- .data


SECTION ALLOCATION MAP

 output                                  attributes/
section   page    origin      length       input sections
--------  ----  ----------  ----------   ----------------
.intvecs   0    00000000    0000026c     
                  00000000    0000026c     tm4c123gh6pm_startup_ccs.obj (.intvecs)

.text      0    0000026c    000032b8     
                  0000026c    000018d4     tasks.obj (.text)
                  00001b40    000004dc     uartstdio.obj (.text)
                  0000201c    00000274     Tasks.obj (.text)
                  00002290    00000198     CAN.obj (.text)
                  00002428    0000015c     main.obj (.text)
                  00002584    0000013c     port.obj (.text)
                  000026c0    00000136     driverlib.lib : can.obj (.text:CANMessageSet)
                  000027f6    00000132                   : gpio.obj (.text:GPIOPadConfigSet)
                  00002928    0000012a     list.obj (.text)
                  00002a52    00000002     rtsv7M4_T_le_v4SPD16_eabi.lib : div0.asm.obj (.text)
                  00002a54    00000110     driverlib.lib : sysctl.obj (.text:SysCtlClockGet)
                  00002b64    0000010e                   : can.obj (.text:CANMessageGet)
                  00002c72    00000002     --HOLE-- [fill = 0]
                  00002c74    000000f4     LEDs.obj (.text)
                  00002d68    000000da     portasm.obj (.text)
                  00002e42    00000002     --HOLE-- [fill = 0]
                  00002e44    000000a4     Switch.obj (.text)
                  00002ee8    0000009c     heap_1.obj (.text)
                  00002f84    0000009c     rtsv7M4_T_le_v4SPD16_eabi.lib : memcpy_t2.asm.obj (.text)
                  00003020    0000007a                                   : memset_t2.asm.obj (.text)
                  0000309a    00000002     --HOLE-- [fill = 0]
                  0000309c    0000006c     driverlib.lib : can.obj (.text:CANBitRateSet)
                  00003108    00000068                   : interrupt.obj (.text:IntEnable)
                  00003170    00000068     rtsv7M4_T_le_v4SPD16_eabi.lib : copy_decompress_lzss.c.obj (.text:decompress:lzss:__TI_decompress_lzss)
                  000031d8    00000048     driverlib.lib : gpio.obj (.text:GPIOPinConfigure)
                  00003220    00000044     rtsv7M4_T_le_v4SPD16_eabi.lib : autoinit.c.obj (.text:__TI_auto_init_nobinit_nopinit:__TI_auto_init_nobinit_nopinit)
                  00003264    00000040     driverlib.lib : can.obj (.text:CANStatusGet)
                  000032a4    00000040     rtsv7M4_T_le_v4SPD16_eabi.lib : u_divt2.asm.obj (.text)
                  000032e4    0000003a     driverlib.lib : can.obj (.text:CANInit)
                  0000331e    00000002     --HOLE-- [fill = 0]
                  00003320    00000038                   : sysctl.obj (.text:SysCtlPeripheralReady)
                  00003358    00000038     rtsv7M4_T_le_v4SPD16_eabi.lib : boot_cortex_m.c.obj (.text:_c_int00_noargs:_c_int00_noargs)
                  00003390    00000034     driverlib.lib : sysctl.obj (.text:SysCtlPeripheralEnable)
                  000033c4    0000002a                   : gpio.obj (.text:GPIODirModeSet)
                  000033ee    0000002a                   : can.obj (.text:_CANDataRegRead)
                  00003418    00000024                   : can.obj (.text:_CANDataRegWrite)
                  0000343c    00000022                   : can.obj (.text:CANIntClear)
                  0000345e    00000020                   : can.obj (.text:CANIntStatus)
                  0000347e    00000018                   : gpio.obj (.text:GPIOPinTypeGPIOOutput)
                  00003496    00000012                   : gpio.obj (.text:GPIOPinTypeCAN)
                  000034a8    00000012                   : gpio.obj (.text:GPIOPinTypeGPIOInput)
                  000034ba    00000012                   : gpio.obj (.text:GPIOPinTypeUART)
                  000034cc    0000000e     rtsv7M4_T_le_v4SPD16_eabi.lib : copy_decompress_none.c.obj (.text:decompress:none:__TI_decompress_none)
                  000034da    0000000c                                   : copy_zero_init.c.obj (.text:decompress:ZI:__TI_zero_init)
                  000034e6    0000000c     tm4c123gh6pm_startup_ccs.obj (.text)
                  000034f2    0000000a     driverlib.lib : can.obj (.text:CANEnable)
                  000034fc    00000008                   : can.obj (.text:CANIntEnable)
                  00003504    00000006                   : gpio.obj (.text:GPIOPinRead)
                  0000350a    00000006                   : gpio.obj (.text:GPIOPinWrite)
                  00003510    00000006                   : sysctl.obj (.text:SysCtlDelay)
                  00003516    00000006                   : uart.obj (.text:UARTClockSourceSet)
                  0000351c    00000004     rtsv7M4_T_le_v4SPD16_eabi.lib : pre_init.c.obj (.text:_system_pre_init)
                  00003520    00000004                                   : exit.c.obj (.text:abort:abort)

.const     0    00003524    000001c0     
                  00003524    00000090     driverlib.lib : gpio.obj (.const:g_pui32GPIOBaseAddrs)
                  000035b4    00000070                   : interrupt.obj (.const)
                  00003624    0000006c                   : sysctl.obj (.const:g_pui32Xtals)
                  00003690    00000020                   : can.obj (.const)
                  000036b0    00000012     uartstdio.obj (.const:.string)
                  000036c2    00000002     --HOLE-- [fill = 0]
                  000036c4    0000000c     uartstdio.obj (.const:g_ui32UARTBase)
                  000036d0    0000000c     uartstdio.obj (.const:g_ui32UARTPeriph)
                  000036dc    00000004     port.obj (.const)
                  000036e0    00000004     uartstdio.obj (.const)

.cinit     0    000036e8    00000030     
                  000036e8    0000000c     (__TI_handler_table)
                  000036f4    0000000b     (.cinit..data.load) [load image, compression = lzss]
                  000036ff    00000001     --HOLE-- [fill = 0]
                  00003700    00000008     (.cinit..bss.load) [load image, compression = zero_init]
                  00003708    00000010     (__TI_cinit_table)

.init_array 
*          0    00000000    00000000     UNINITIALIZED

.bss       0    20000000    00007729     UNINITIALIZED
                  20000000    00007530     heap_1.obj (.bss:ucHeap)
                  20007530    00000140     tasks.obj (.bss:pxReadyTasksLists)
                  20007670    00000014     tasks.obj (.bss:xDelayedTaskList1)
                  20007684    00000014     tasks.obj (.bss:xDelayedTaskList2)
                  20007698    00000014     tasks.obj (.bss:xPendingReadyList)
                  200076ac    00000014     tasks.obj (.bss:xSuspendedTaskList)
                  200076c0    00000014     tasks.obj (.bss:xTasksWaitingTermination)
                  200076d4    00000014     (.common:sCANMessageRX)
                  200076e8    00000014     (.common:sCANMessageRXG)
                  200076fc    00000014     (.common:sCANMessageTX)
                  20007710    00000008     tasks.obj (.bss)
                  20007718    00000008     (.common:pui8MsgDatain)
                  20007720    00000004     (.common:pui8MsgDataout)
                  20007724    00000004     (.common:ui32MsgDataout)
                  20007728    00000001     (.common:STARTUP)

.data      0    20007930    00000054     UNINITIALIZED
                  20007930    00000034     tasks.obj (.data)
                  20007964    00000008     heap_1.obj (.data)
                  2000796c    00000006     Tasks.obj (.data)
                  20007972    00000005     CAN.obj (.data)
                  20007977    00000001     Switch.obj (.data)
                  20007978    00000005     uartstdio.obj (.data)
                  2000797d    00000003     --HOLE--
                  20007980    00000004     port.obj (.data)

.stack     0    20007730    00000200     UNINITIALIZED
                  20007730    00000004     rtsv7M4_T_le_v4SPD16_eabi.lib : boot_cortex_m.c.obj (.stack)
                  20007734    000001fc     --HOLE--

MODULE SUMMARY

       Module                         code    ro data   rw data
       ------                         ----    -------   -------
    .\
       uartstdio.obj                  1244    46        5      
       Tasks.obj                      628     0         6      
       tm4c123gh6pm_startup_ccs.obj   12      620       0      
       main.obj                       348     0         0      
    +--+------------------------------+-------+---------+---------+
       Total:                         2232    666       11     
                                                               
    .\Drivers\CAN\
       CAN.obj                        408     0         82     
    +--+------------------------------+-------+---------+---------+
       Total:                         408     0         82     
                                                               
    .\Drivers\LEDs\
       LEDs.obj                       244     0         0      
    +--+------------------------------+-------+---------+---------+
       Total:                         244     0         0      
                                                               
    .\Drivers\Switch\
       Switch.obj                     164     0         1      
    +--+------------------------------+-------+---------+---------+
       Total:                         164     0         1      
                                                               
    .\FreeRTOS\
       tasks.obj                      6356    0         480    
       list.obj                       298     0         0      
    +--+------------------------------+-------+---------+---------+
       Total:                         6654    0         480    
                                                               
    .\FreeRTOS\portable\CCS\ARM_CM4F\
       port.obj                       316     4         4      
       portasm.obj                    218     0         0      
    +--+------------------------------+-------+---------+---------+
       Total:                         534     4         4      
                                                               
    .\FreeRTOS\portable\MemMang\
       heap_1.obj                     156     0         30008  
    +--+------------------------------+-------+---------+---------+
       Total:                         156     0         30008  
                                                               
    C:/ti/TivaWare_C_Series-2.1.4.178/driverlib/ccs/Debug/driverlib.lib
       can.obj                        972     32        0      
       gpio.obj                       510     144       0      
       sysctl.obj                     386     108       0      
       interrupt.obj                  104     112       0      
       uart.obj                       6       0         0      
    +--+------------------------------+-------+---------+---------+
       Total:                         1978    396       0      
                                                               
    C:\ti\ccsv8\tools\compiler\ti-cgt-arm_18.1.1.LTS\lib\rtsv7M4_T_le_v4SPD16_eabi.lib
       memcpy_t2.asm.obj              156     0         0      
       memset_t2.asm.obj              122     0         0      
       copy_decompress_lzss.c.obj     104     0         0      
       autoinit.c.obj                 68      0         0      
       u_divt2.asm.obj                64      0         0      
       boot_cortex_m.c.obj            56      0         0      
       copy_decompress_none.c.obj     14      0         0      
       copy_zero_init.c.obj           12      0         0      
       exit.c.obj                     4       0         0      
       pre_init.c.obj                 4       0         0      
       div0.asm.obj                   2       0         0      
    +--+------------------------------+-------+---------+---------+
       Total:                         606     0         0      
                                                               
       Stack:                         0       0         512    
       Linker Generated:              0       47        0      
    +--+------------------------------+-------+---------+---------+
       Grand Total:                   12976   1113      31098  


LINKER GENERATED COPY TABLES

__TI_cinit_table @ 00003708 records: 2, size/record: 8, table size: 16
	.data: load addr=000036f4, load size=0000000b bytes, run addr=20007930, run size=00000054 bytes, compression=lzss
	.bss: load addr=00003700, load size=00000008 bytes, run addr=20000000, run size=00007729 bytes, compression=zero_init


LINKER GENERATED HANDLER TABLE

__TI_handler_table @ 000036e8 records: 3, size/record: 4, table size: 12
	index: 0, handler: __TI_decompress_lzss
	index: 1, handler: __TI_decompress_none
	index: 2, handler: __TI_zero_init


GLOBAL SYMBOLS: SORTED ALPHABETICALLY BY Name 

address   name                               
-------   ----                               
00002d2f  Buzzer                             
00003521  C$$EXIT                            
00002063  CAN0_TASK                          
0000309d  CANBitRateSet                      
000034f3  CANEnable                          
000032e5  CANInit                            
0000343d  CANIntClear                        
000034fd  CANIntEnable                       
0000235f  CANIntHandler                      
0000345f  CANIntStatus                       
00002b65  CANMessageGet                      
000026c1  CANMessageSet                      
00003265  CANStatusGet                       
00002291  CAN_Init                           
000033c5  GPIODirModeSet                     
000027f7  GPIOPadConfigSet                   
000031d9  GPIOPinConfigure                   
00003505  GPIOPinRead                        
00003497  GPIOPinTypeCAN                     
000034a9  GPIOPinTypeGPIOInput               
0000347f  GPIOPinTypeGPIOOutput              
000034bb  GPIOPinTypeUART                    
0000350b  GPIOPinWrite                       
000022f1  InitConsole                        
00003109  IntEnable                          
00002c91  LED1                               
00002cc1  LED1_OFF                           
00002ccf  LED2                               
00002cff  LED3                               
00002c75  LEDs_Init                          
0000201d  MainTaskInit                       
20007971  Next                               
000021df  Nodes_CountTASK                    
2000796d  Nodes_counter                      
000034e7  ResetISR                           
2000796e  Reversed                           
20007728  STARTUP                            
00002e91  SW_1_Status                        
0000203d  SW_1_Task                          
00002eb7  SW_2_Status                        
0000232d  SimpleDelay                        
00002337  StartUpState                       
2000796f  State_NODE_2                       
20007970  State_NODE_3                       
00002e45  Switch_Init                        
00002a55  SysCtlClockGet                     
00003511  SysCtlDelay                        
00003391  SysCtlPeripheralEnable             
00003321  SysCtlPeripheralReady              
20007973  Token                              
00003517  UARTClockSourceSet                 
00001b41  UARTStdioConfig                    
00001cb9  UARTgetc                           
00001bf3  UARTgets                           
00001fe7  UARTprintf                         
00001ced  UARTvprintf                        
00001ba1  UARTwrite                          
2000796c  WS_Flag                            
20007930  __STACK_END                        
00000200  __STACK_SIZE                       
20007930  __STACK_TOP                        
00003708  __TI_CINIT_Base                    
00003718  __TI_CINIT_Limit                   
000036e8  __TI_Handler_Table_Base            
000036f4  __TI_Handler_Table_Limit           
00003221  __TI_auto_init_nobinit_nopinit     
00003171  __TI_decompress_lzss               
000034cd  __TI_decompress_none               
ffffffff  __TI_pprof_out_hndl                
ffffffff  __TI_prof_data_size                
ffffffff  __TI_prof_data_start               
00000000  __TI_static_base__                 
000034db  __TI_zero_init                     
00002a53  __aeabi_idiv0                      
00002a53  __aeabi_ldiv0                      
00003021  __aeabi_memclr                     
00003021  __aeabi_memclr4                    
00003021  __aeabi_memclr8                    
00002f85  __aeabi_memcpy                     
00002f85  __aeabi_memcpy4                    
00002f85  __aeabi_memcpy8                    
00003023  __aeabi_memset                     
00003023  __aeabi_memset4                    
00003023  __aeabi_memset8                    
000032a5  __aeabi_uidiv                      
000032a5  __aeabi_uidivmod                   
ffffffff  __binit__                          
ffffffff  __c_args__                         
UNDEFED   __mpu_init                         
20007730  __stack                            
00003359  _c_int00_noargs                    
UNDEFED   _system_post_cinit                 
0000351d  _system_pre_init                   
00003521  abort                              
ffffffff  binit                              
20007977  button_Flag                        
000005f1  eTaskGetState                      
20007972  g_bErrFlag                         
20007974  g_bRXFlag1                         
20007975  g_bRXFlag2                         
20007976  g_bRXFlag3                         
00000000  g_pfnVectors                       
00002433  main                               
00002f85  memcpy                             
00003029  memset                             
00000bdb  pcTaskGetName                      
20007718  pui8MsgDatain                      
20007720  pui8MsgDataout                     
00002ee9  pvPortMalloc                       
00001663  pvTaskIncrementMutexHeldCount      
20007930  pxCurrentTCB                       
00002585  pxPortInitialiseStack              
200076d4  sCANMessageRX                      
200076e8  sCANMessageRXG                     
200076fc  sCANMessageTX                      
20007724  ui32MsgDataout                     
000036dc  ulMaxSyscallInterruptPriority      
00002d79  ulPortGetIPSR                      
00001681  ulTaskNotifyTake                   
00002a0b  uxListRemove                       
00000bd5  uxTaskGetNumberOfTasks             
00001341  uxTaskGetStackHighWaterMark        
00000c01  uxTaskGetSystemState               
000010d5  uxTaskGetTaskNumber                
000006a1  uxTaskPriorityGet                  
000006cd  uxTaskPriorityGetFromISR           
00001641  uxTaskResetEventItemValue          
00002429  vApplicationStackOverflowHook      
00002929  vListInitialise                    
00002959  vListInitialiseItem                
000029a5  vListInsert                        
00002969  vListInsertEnd                     
00002e35  vPortEnableVFP                     
00002625  vPortEndScheduler                  
00002627  vPortEnterCritical                 
00002647  vPortExitCritical                  
00002f59  vPortFree                          
00002f63  vPortInitialiseBlocks              
00002df1  vPortSVCHandler                    
00002683  vPortSetupTimerInterrupt           
00002e11  vPortStartFirstTask                
000005b3  vTaskDelay                         
00000523  vTaskDelayUntil                    
00000475  vTaskDelete                        
00000a99  vTaskEndScheduler                  
000011b1  vTaskGetInfo                       
0000101f  vTaskInternalSetTimeOutState       
000010c7  vTaskMissedYield                   
00001999  vTaskNotifyGiveFromISR             
00000ec3  vTaskPlaceOnEventList              
00000edf  vTaskPlaceOnUnorderedEventList     
0000156b  vTaskPriorityDisinheritAfterTimeout
00000715  vTaskPrioritySet                   
00000f99  vTaskRemoveFromUnorderedEventList  
00000941  vTaskResume                        
000010f5  vTaskSetTaskNumber                 
00001001  vTaskSetTimeOutState               
00000a49  vTaskStartScheduler                
0000082d  vTaskSuspend                       
00000ab5  vTaskSuspendAll                    
00000e21  vTaskSwitchContext                 
00002f6b  xPortGetFreeHeapSize               
00002d91  xPortPendSVHandler                 
000025ef  xPortStartScheduler                
0000265d  xPortSysTickHandler                
00001049  xTaskCheckForTimeOut               
0000026d  xTaskCreate                        
000017a3  xTaskGenericNotify                 
0000188d  xTaskGenericNotifyFromISR          
000013b9  xTaskGetCurrentTaskHandle          
00000bab  xTaskGetTickCount                  
00000bc1  xTaskGetTickCountFromISR           
00000cf5  xTaskIncrementTick                 
00001a45  xTaskNotifyStateClear              
00001701  xTaskNotifyWait                    
000014cd  xTaskPriorityDisinherit            
000013ed  xTaskPriorityInherit               
00000f19  xTaskRemoveFromEventList           
00000ac9  xTaskResumeAll                     
000009bb  xTaskResumeFromISR                 


GLOBAL SYMBOLS: SORTED BY Symbol Address 

address   name                               
-------   ----                               
00000000  __TI_static_base__                 
00000000  g_pfnVectors                       
00000200  __STACK_SIZE                       
0000026d  xTaskCreate                        
00000475  vTaskDelete                        
00000523  vTaskDelayUntil                    
000005b3  vTaskDelay                         
000005f1  eTaskGetState                      
000006a1  uxTaskPriorityGet                  
000006cd  uxTaskPriorityGetFromISR           
00000715  vTaskPrioritySet                   
0000082d  vTaskSuspend                       
00000941  vTaskResume                        
000009bb  xTaskResumeFromISR                 
00000a49  vTaskStartScheduler                
00000a99  vTaskEndScheduler                  
00000ab5  vTaskSuspendAll                    
00000ac9  xTaskResumeAll                     
00000bab  xTaskGetTickCount                  
00000bc1  xTaskGetTickCountFromISR           
00000bd5  uxTaskGetNumberOfTasks             
00000bdb  pcTaskGetName                      
00000c01  uxTaskGetSystemState               
00000cf5  xTaskIncrementTick                 
00000e21  vTaskSwitchContext                 
00000ec3  vTaskPlaceOnEventList              
00000edf  vTaskPlaceOnUnorderedEventList     
00000f19  xTaskRemoveFromEventList           
00000f99  vTaskRemoveFromUnorderedEventList  
00001001  vTaskSetTimeOutState               
0000101f  vTaskInternalSetTimeOutState       
00001049  xTaskCheckForTimeOut               
000010c7  vTaskMissedYield                   
000010d5  uxTaskGetTaskNumber                
000010f5  vTaskSetTaskNumber                 
000011b1  vTaskGetInfo                       
00001341  uxTaskGetStackHighWaterMark        
000013b9  xTaskGetCurrentTaskHandle          
000013ed  xTaskPriorityInherit               
000014cd  xTaskPriorityDisinherit            
0000156b  vTaskPriorityDisinheritAfterTimeout
00001641  uxTaskResetEventItemValue          
00001663  pvTaskIncrementMutexHeldCount      
00001681  ulTaskNotifyTake                   
00001701  xTaskNotifyWait                    
000017a3  xTaskGenericNotify                 
0000188d  xTaskGenericNotifyFromISR          
00001999  vTaskNotifyGiveFromISR             
00001a45  xTaskNotifyStateClear              
00001b41  UARTStdioConfig                    
00001ba1  UARTwrite                          
00001bf3  UARTgets                           
00001cb9  UARTgetc                           
00001ced  UARTvprintf                        
00001fe7  UARTprintf                         
0000201d  MainTaskInit                       
0000203d  SW_1_Task                          
00002063  CAN0_TASK                          
000021df  Nodes_CountTASK                    
00002291  CAN_Init                           
000022f1  InitConsole                        
0000232d  SimpleDelay                        
00002337  StartUpState                       
0000235f  CANIntHandler                      
00002429  vApplicationStackOverflowHook      
00002433  main                               
00002585  pxPortInitialiseStack              
000025ef  xPortStartScheduler                
00002625  vPortEndScheduler                  
00002627  vPortEnterCritical                 
00002647  vPortExitCritical                  
0000265d  xPortSysTickHandler                
00002683  vPortSetupTimerInterrupt           
000026c1  CANMessageSet                      
000027f7  GPIOPadConfigSet                   
00002929  vListInitialise                    
00002959  vListInitialiseItem                
00002969  vListInsertEnd                     
000029a5  vListInsert                        
00002a0b  uxListRemove                       
00002a53  __aeabi_idiv0                      
00002a53  __aeabi_ldiv0                      
00002a55  SysCtlClockGet                     
00002b65  CANMessageGet                      
00002c75  LEDs_Init                          
00002c91  LED1                               
00002cc1  LED1_OFF                           
00002ccf  LED2                               
00002cff  LED3                               
00002d2f  Buzzer                             
00002d79  ulPortGetIPSR                      
00002d91  xPortPendSVHandler                 
00002df1  vPortSVCHandler                    
00002e11  vPortStartFirstTask                
00002e35  vPortEnableVFP                     
00002e45  Switch_Init                        
00002e91  SW_1_Status                        
00002eb7  SW_2_Status                        
00002ee9  pvPortMalloc                       
00002f59  vPortFree                          
00002f63  vPortInitialiseBlocks              
00002f6b  xPortGetFreeHeapSize               
00002f85  __aeabi_memcpy                     
00002f85  __aeabi_memcpy4                    
00002f85  __aeabi_memcpy8                    
00002f85  memcpy                             
00003021  __aeabi_memclr                     
00003021  __aeabi_memclr4                    
00003021  __aeabi_memclr8                    
00003023  __aeabi_memset                     
00003023  __aeabi_memset4                    
00003023  __aeabi_memset8                    
00003029  memset                             
0000309d  CANBitRateSet                      
00003109  IntEnable                          
00003171  __TI_decompress_lzss               
000031d9  GPIOPinConfigure                   
00003221  __TI_auto_init_nobinit_nopinit     
00003265  CANStatusGet                       
000032a5  __aeabi_uidiv                      
000032a5  __aeabi_uidivmod                   
000032e5  CANInit                            
00003321  SysCtlPeripheralReady              
00003359  _c_int00_noargs                    
00003391  SysCtlPeripheralEnable             
000033c5  GPIODirModeSet                     
0000343d  CANIntClear                        
0000345f  CANIntStatus                       
0000347f  GPIOPinTypeGPIOOutput              
00003497  GPIOPinTypeCAN                     
000034a9  GPIOPinTypeGPIOInput               
000034bb  GPIOPinTypeUART                    
000034cd  __TI_decompress_none               
000034db  __TI_zero_init                     
000034e7  ResetISR                           
000034f3  CANEnable                          
000034fd  CANIntEnable                       
00003505  GPIOPinRead                        
0000350b  GPIOPinWrite                       
00003511  SysCtlDelay                        
00003517  UARTClockSourceSet                 
0000351d  _system_pre_init                   
00003521  C$$EXIT                            
00003521  abort                              
000036dc  ulMaxSyscallInterruptPriority      
000036e8  __TI_Handler_Table_Base            
000036f4  __TI_Handler_Table_Limit           
00003708  __TI_CINIT_Base                    
00003718  __TI_CINIT_Limit                   
200076d4  sCANMessageRX                      
200076e8  sCANMessageRXG                     
200076fc  sCANMessageTX                      
20007718  pui8MsgDatain                      
20007720  pui8MsgDataout                     
20007724  ui32MsgDataout                     
20007728  STARTUP                            
20007730  __stack                            
20007930  __STACK_END                        
20007930  __STACK_TOP                        
20007930  pxCurrentTCB                       
2000796c  WS_Flag                            
2000796d  Nodes_counter                      
2000796e  Reversed                           
2000796f  State_NODE_2                       
20007970  State_NODE_3                       
20007971  Next                               
20007972  g_bErrFlag                         
20007973  Token                              
20007974  g_bRXFlag1                         
20007975  g_bRXFlag2                         
20007976  g_bRXFlag3                         
20007977  button_Flag                        
ffffffff  __TI_pprof_out_hndl                
ffffffff  __TI_prof_data_size                
ffffffff  __TI_prof_data_start               
ffffffff  __binit__                          
ffffffff  __c_args__                         
ffffffff  binit                              
UNDEFED   __mpu_init                         
UNDEFED   _system_post_cinit                 

[180 symbols]
