******************************************************************************
                  TI ARM Linker PC v18.1.1                     
******************************************************************************
>> Linked Tue Apr  9 12:12:08 2019

OUTPUT FILE NAME:   <CAN.out>
ENTRY POINT SYMBOL: "_c_int00_noargs"  address: 000031f9


MEMORY CONFIGURATION

         name            origin    length      used     unused   attr    fill
----------------------  --------  ---------  --------  --------  ----  --------
  FLASH                 00000000   00040000  0000358c  0003ca74  R  X
  SRAM                  20000000   00008000  00007963  0000069d  RW X


SEGMENT ALLOCATION MAP

run origin  load origin   length   init length attrs members
----------  ----------- ---------- ----------- ----- -------
00000000    00000000    00003590   00003590    r-x
  00000000    00000000    0000026c   0000026c    r-- .intvecs
  0000026c    0000026c    00003140   00003140    r-x .text
  000033ac    000033ac    00000190   00000190    r-- .const
  00003540    00003540    00000050   00000050    r-- .cinit
20000000    20000000    00007963   00000000    rw-
  20000000    20000000    000076e8   00000000    rw- .bss
  200076e8    200076e8    00000200   00000000    rw- .stack
  200078e8    200078e8    0000007b   00000000    rw- .data


SECTION ALLOCATION MAP

 output                                  attributes/
section   page    origin      length       input sections
--------  ----  ----------  ----------   ----------------
.intvecs   0    00000000    0000026c     
                  00000000    0000026c     tm4c123gh6pm_startup_ccs.obj (.intvecs)

.text      0    0000026c    00003140     
                  0000026c    00001934     tasks.obj (.text)
                  00001ba0    00000472     event_groups.obj (.text)
                  00002012    00000002     --HOLE-- [fill = 0]
                  00002014    00000198     can_task.obj (.text)
                  000021ac    00000180     can.obj (.text)
                  0000232c    0000013c     port.obj (.text)
                  00002468    00000136     driverlib.lib : can.obj (.text:CANMessageSet)
                  0000259e    00000132                   : gpio.obj (.text:GPIOPadConfigSet)
                  000026d0    00000132     list.obj (.text)
                  00002802    00000002     --HOLE-- [fill = 0]
                  00002804    00000110     driverlib.lib : sysctl.obj (.text:SysCtlClockGet)
                  00002914    0000010e                   : can.obj (.text:CANMessageGet)
                  00002a22    00000002     --HOLE-- [fill = 0]
                  00002a24    000000f4                   : sysctl.obj (.text:SysCtlClockSet)
                  00002b18    000000da     portasm.obj (.text)
                  00002bf2    00000002     --HOLE-- [fill = 0]
                  00002bf4    000000a4     LED.obj (.text)
                  00002c98    0000009c     Switch.obj (.text)
                  00002d34    0000009c     heap_1.obj (.text)
                  00002dd0    0000009c     rtsv7M4_T_le_v4SPD16_eabi.lib : memcpy_t2.asm.obj (.text)
                  00002e6c    00000094     main.obj (.text)
                  00002f00    0000007a     rtsv7M4_T_le_v4SPD16_eabi.lib : memset_t2.asm.obj (.text)
                  00002f7a    00000002     --HOLE-- [fill = 0]
                  00002f7c    0000006c     driverlib.lib : can.obj (.text:CANBitRateSet)
                  00002fe8    00000068                   : interrupt.obj (.text:IntEnable)
                  00003050    00000068     rtsv7M4_T_le_v4SPD16_eabi.lib : copy_decompress_lzss.c.obj (.text:decompress:lzss:__TI_decompress_lzss)
                  000030b8    00000048     driverlib.lib : gpio.obj (.text:GPIOPinConfigure)
                  00003100    00000044     rtsv7M4_T_le_v4SPD16_eabi.lib : autoinit.c.obj (.text:__TI_auto_init_nobinit_nopinit:__TI_auto_init_nobinit_nopinit)
                  00003144    00000040     driverlib.lib : can.obj (.text:CANStatusGet)
                  00003184    0000003a                   : can.obj (.text:CANInit)
                  000031be    00000002     --HOLE-- [fill = 0]
                  000031c0    00000038                   : sysctl.obj (.text:SysCtlPeripheralReady)
                  000031f8    00000038     rtsv7M4_T_le_v4SPD16_eabi.lib : boot_cortex_m.c.obj (.text:_c_int00_noargs:_c_int00_noargs)
                  00003230    00000034     driverlib.lib : sysctl.obj (.text:SysCtlPeripheralEnable)
                  00003264    0000002a                   : gpio.obj (.text:GPIODirModeSet)
                  0000328e    0000002a                   : can.obj (.text:_CANDataRegRead)
                  000032b8    00000024                   : can.obj (.text:_CANDataRegWrite)
                  000032dc    00000022                   : can.obj (.text:CANIntClear)
                  000032fe    00000020                   : can.obj (.text:CANIntStatus)
                  0000331e    00000018                   : gpio.obj (.text:GPIOPinTypeGPIOOutput)
                  00003336    00000012                   : gpio.obj (.text:GPIOPinTypeCAN)
                  00003348    00000012                   : gpio.obj (.text:GPIOPinTypeGPIOInput)
                  0000335a    0000000e     rtsv7M4_T_le_v4SPD16_eabi.lib : copy_decompress_none.c.obj (.text:decompress:none:__TI_decompress_none)
                  00003368    0000000c                                   : copy_zero_init.c.obj (.text:decompress:ZI:__TI_zero_init)
                  00003374    0000000c     tm4c123gh6pm_startup_ccs.obj (.text)
                  00003380    0000000a     driverlib.lib : can.obj (.text:CANEnable)
                  0000338a    00000008                   : can.obj (.text:CANIntEnable)
                  00003392    00000006                   : gpio.obj (.text:GPIOPinRead)
                  00003398    00000006                   : gpio.obj (.text:GPIOPinWrite)
                  0000339e    00000006                   : sysctl.obj (.text:SysCtlDelay)
                  000033a4    00000004     rtsv7M4_T_le_v4SPD16_eabi.lib : pre_init.c.obj (.text:_system_pre_init)
                  000033a8    00000004                                   : exit.c.obj (.text:abort:abort)

.const     0    000033ac    00000190     
                  000033ac    00000090     driverlib.lib : gpio.obj (.const:g_pui32GPIOBaseAddrs)
                  0000343c    00000070                   : interrupt.obj (.const)
                  000034ac    0000006c                   : sysctl.obj (.const:g_pui32Xtals)
                  00003518    00000020                   : can.obj (.const)
                  00003538    00000004     port.obj (.const)

.cinit     0    00003540    00000050     
                  00003540    00000027     (.cinit..data.load) [load image, compression = lzss]
                  00003567    00000001     --HOLE-- [fill = 0]
                  00003568    0000000c     (__TI_handler_table)
                  00003574    00000004     --HOLE-- [fill = 0]
                  00003578    00000008     (.cinit..bss.load) [load image, compression = zero_init]
                  00003580    00000010     (__TI_cinit_table)

.init_array 
*          0    00000000    00000000     UNINITIALIZED

.bss       0    20000000    000076e8     UNINITIALIZED
                  20000000    00007530     heap_1.obj (.bss:ucHeap)
                  20007530    00000140     tasks.obj (.bss:pxReadyTasksLists)
                  20007670    00000014     tasks.obj (.bss:xDelayedTaskList1)
                  20007684    00000014     tasks.obj (.bss:xDelayedTaskList2)
                  20007698    00000014     tasks.obj (.bss:xPendingReadyList)
                  200076ac    00000014     tasks.obj (.bss:xSuspendedTaskList)
                  200076c0    00000014     tasks.obj (.bss:xTasksWaitingTermination)
                  200076d4    00000008     can.obj (.bss:pudata$1)
                  200076dc    00000008     tasks.obj (.bss)
                  200076e4    00000004     (.common:xCreatedEventGroup_flags)

.data      0    200078e8    0000007b     UNINITIALIZED
                  200078e8    00000034     tasks.obj (.data)
                  2000791c    00000014     can_lcfg.obj (.data:sMsgObjectRx)
                  20007930    00000014     can_lcfg.obj (.data:sMsgObjectTx)
                  20007944    00000010     can_task.obj (.data)
                  20007954    00000008     heap_1.obj (.data)
                  2000795c    00000004     port.obj (.data)
                  20007960    00000003     can.obj (.data)

.stack     0    200076e8    00000200     UNINITIALIZED
                  200076e8    00000004     rtsv7M4_T_le_v4SPD16_eabi.lib : boot_cortex_m.c.obj (.stack)
                  200076ec    000001fc     --HOLE--

MODULE SUMMARY

       Module                         code    ro data   rw data
       ------                         ----    -------   -------
    .\
       heap_1.obj                     156     0         30008  
       tasks.obj                      6452    0         480    
       event_groups.obj               1138    0         0      
       tm4c123gh6pm_startup_ccs.obj   12      620       0      
       can_task.obj                   408     0         20     
       can.obj                        384     0         11     
       port.obj                       316     4         4      
       list.obj                       306     0         0      
       portasm.obj                    218     0         0      
       LED.obj                        164     0         0      
       Switch.obj                     156     0         0      
       main.obj                       148     0         0      
       can_lcfg.obj                   0       0         40     
    +--+------------------------------+-------+---------+---------+
       Total:                         9858    624       30563  
                                                               
    C:/ti/TivaWare_C_Series-2.1.4.178/driverlib/ccs/Debug/driverlib.lib
       can.obj                        972     32        0      
       sysctl.obj                     630     108       0      
       gpio.obj                       492     144       0      
       interrupt.obj                  104     112       0      
    +--+------------------------------+-------+---------+---------+
       Total:                         2198    396       0      
                                                               
    C:\ti\ccsv8\tools\compiler\ti-cgt-arm_18.1.1.LTS\lib\rtsv7M4_T_le_v4SPD16_eabi.lib
       memcpy_t2.asm.obj              156     0         0      
       memset_t2.asm.obj              122     0         0      
       copy_decompress_lzss.c.obj     104     0         0      
       autoinit.c.obj                 68      0         0      
       boot_cortex_m.c.obj            56      0         0      
       copy_decompress_none.c.obj     14      0         0      
       copy_zero_init.c.obj           12      0         0      
       exit.c.obj                     4       0         0      
       pre_init.c.obj                 4       0         0      
    +--+------------------------------+-------+---------+---------+
       Total:                         540     0         0      
                                                               
       Stack:                         0       0         512    
       Linker Generated:              0       75        0      
    +--+------------------------------+-------+---------+---------+
       Grand Total:                   12596   1095      31075  


LINKER GENERATED COPY TABLES

__TI_cinit_table @ 00003580 records: 2, size/record: 8, table size: 16
	.data: load addr=00003540, load size=00000027 bytes, run addr=200078e8, run size=0000007b bytes, compression=lzss
	.bss: load addr=00003578, load size=00000008 bytes, run addr=20000000, run size=000076e8 bytes, compression=zero_init


LINKER GENERATED HANDLER TABLE

__TI_handler_table @ 00003568 records: 3, size/record: 4, table size: 12
	index: 0, handler: __TI_decompress_lzss
	index: 1, handler: __TI_decompress_none
	index: 2, handler: __TI_zero_init


GLOBAL SYMBOLS: SORTED ALPHABETICALLY BY Name 

address   name                               
-------   ----                               
000033a9  C$$EXIT                            
00002f7d  CANBitRateSet                      
00003381  CANEnable                          
00003185  CANInit                            
000032dd  CANIntClear                        
0000338b  CANIntEnable                       
0000228b  CANIntHandler                      
000032ff  CANIntStatus                       
00002915  CANMessageGet                      
00002469  CANMessageSet                      
00003145  CANStatusGet                       
00002273  CAN_Recieve                        
00002255  CAN_Transmit                       
000021ad  CAN_init                           
00003265  GPIODirModeSet                     
0000259f  GPIOPadConfigSet                   
000030b9  GPIOPinConfigure                   
00003393  GPIOPinRead                        
00003337  GPIOPinTypeCAN                     
00003349  GPIOPinTypeGPIOInput               
0000331f  GPIOPinTypeGPIOOutput              
00003399  GPIOPinWrite                       
00002015  INIT_task                          
00002fe9  IntEnable                          
00002bf5  LED_init                           
00002c51  LED_off                            
00002c11  LED_on                             
00002245  MAILBOX_REC_init                   
20007946  REVERSED_FLAG                      
00003375  ResetISR                           
00002ce5  SW_1_Status                        
00002d03  SW_2_Status                        
00002c99  Switch_Init                        
00002805  SysCtlClockGet                     
00002a25  SysCtlClockSet                     
0000339f  SysCtlDelay                        
00003231  SysCtlPeripheralEnable             
000031c1  SysCtlPeripheralReady              
20007945  TOKEN_FLAG                         
200078e8  __STACK_END                        
00000200  __STACK_SIZE                       
200078e8  __STACK_TOP                        
00003580  __TI_CINIT_Base                    
00003590  __TI_CINIT_Limit                   
00003568  __TI_Handler_Table_Base            
00003574  __TI_Handler_Table_Limit           
00003101  __TI_auto_init_nobinit_nopinit     
00003051  __TI_decompress_lzss               
0000335b  __TI_decompress_none               
ffffffff  __TI_pprof_out_hndl                
ffffffff  __TI_prof_data_size                
ffffffff  __TI_prof_data_start               
00000000  __TI_static_base__                 
00003369  __TI_zero_init                     
00002f01  __aeabi_memclr                     
00002f01  __aeabi_memclr4                    
00002f01  __aeabi_memclr8                    
00002dd1  __aeabi_memcpy                     
00002dd1  __aeabi_memcpy4                    
00002dd1  __aeabi_memcpy8                    
00002f03  __aeabi_memset                     
00002f03  __aeabi_memset4                    
00002f03  __aeabi_memset8                    
ffffffff  __binit__                          
ffffffff  __c_args__                         
UNDEFED   __mpu_init                         
200076e8  __stack                            
000031f9  _c_int00_noargs                    
UNDEFED   _system_post_cinit                 
000033a5  _system_pre_init                   
000033a9  abort                              
ffffffff  binit                              
00000619  eTaskGetState                      
20007962  err_flag                           
00000000  g_pfnVectors                       
00002e77  main                               
00002dd1  memcpy                             
00002f09  memset                             
00000c2d  pcTaskGetName                      
00002d35  pvPortMalloc                       
0000169f  pvTaskIncrementMutexHeldCount      
200078e8  pxCurrentTCB                       
0000232d  pxPortInitialiseStack              
00002125  recieve_mode                       
20007961  rx_flag                            
2000791c  sMsgObjectRx                       
20007930  sMsgObjectTx                       
0000202f  transmit_mode                      
20007960  tx_flag                            
00003538  ulMaxSyscallInterruptPriority      
00002b29  ulPortGetIPSR                      
000016bd  ulTaskNotifyTake                   
00001fe1  uxEventGroupGetNumber              
000027bb  uxListRemove                       
00000c23  uxTaskGetNumberOfTasks             
00001379  uxTaskGetStackHighWaterMark        
00000c4d  uxTaskGetSystemState               
00001105  uxTaskGetTaskNumber                
000006c9  uxTaskPriorityGet                  
000006f5  uxTaskPriorityGetFromISR           
00001679  uxTaskResetEventItemValue          
00002e6d  vApplicationStackOverflowHook      
00001f8b  vEventGroupClearBitsCallback       
00001f45  vEventGroupDelete                  
00001f79  vEventGroupSetBitsCallback         
00002001  vEventGroupSetNumber               
000026d1  vListInitialise                    
00002701  vListInitialiseItem                
0000274d  vListInsert                        
00002711  vListInsertEnd                     
00002be5  vPortEnableVFP                     
000023cd  vPortEndScheduler                  
000023cf  vPortEnterCritical                 
000023ef  vPortExitCritical                  
00002da5  vPortFree                          
00002daf  vPortInitialiseBlocks              
00002ba1  vPortSVCHandler                    
0000242b  vPortSetupTimerInterrupt           
00002bc1  vPortStartFirstTask                
000005d3  vTaskDelay                         
00000525  vTaskDelayUntil                    
00000477  vTaskDelete                        
00000abf  vTaskEndScheduler                  
000011ed  vTaskGetInfo                       
00001045  vTaskInternalSetTimeOutState       
000010fd  vTaskMissedYield                   
000019e5  vTaskNotifyGiveFromISR             
00000edd  vTaskPlaceOnEventList              
00000f01  vTaskPlaceOnUnorderedEventList     
000015a3  vTaskPriorityDisinheritAfterTimeout
0000073d  vTaskPrioritySet                   
00000fc1  vTaskRemoveFromUnorderedEventList  
0000096d  vTaskResume                        
0000112d  vTaskSetTaskNumber                 
00001027  vTaskSetTimeOutState               
00000a75  vTaskStartScheduler                
00000859  vTaskSuspend                       
00000ae1  vTaskSuspendAll                    
00000e75  vTaskSwitchContext                 
200076e4  xCreatedEventGroup_flags           
00001df5  xEventGroupClearBits               
00001ba1  xEventGroupCreate                  
00001e23  xEventGroupGetBitsFromISR          
00001e57  xEventGroupSetBits                 
00001bc1  xEventGroupSync                    
00001cd1  xEventGroupWaitBits                
00002db7  xPortGetFreeHeapSize               
00002b41  xPortPendSVHandler                 
00002397  xPortStartScheduler                
00002405  xPortSysTickHandler                
0000106d  xTaskCheckForTimeOut               
0000026d  xTaskCreate                        
000017ef  xTaskGenericNotify                 
000018d9  xTaskGenericNotifyFromISR          
000013f1  xTaskGetCurrentTaskHandle          
00000bd7  xTaskGetTickCount                  
00000bf5  xTaskGetTickCountFromISR           
00000d45  xTaskIncrementTick                 
00001a91  xTaskNotifyStateClear              
00001745  xTaskNotifyWait                    
00001505  xTaskPriorityDisinherit            
00001425  xTaskPriorityInherit               
00000f3d  xTaskRemoveFromEventList           
00000af5  xTaskResumeAll                     
000009e7  xTaskResumeFromISR                 


GLOBAL SYMBOLS: SORTED BY Symbol Address 

address   name                               
-------   ----                               
00000000  __TI_static_base__                 
00000000  g_pfnVectors                       
00000200  __STACK_SIZE                       
0000026d  xTaskCreate                        
00000477  vTaskDelete                        
00000525  vTaskDelayUntil                    
000005d3  vTaskDelay                         
00000619  eTaskGetState                      
000006c9  uxTaskPriorityGet                  
000006f5  uxTaskPriorityGetFromISR           
0000073d  vTaskPrioritySet                   
00000859  vTaskSuspend                       
0000096d  vTaskResume                        
000009e7  xTaskResumeFromISR                 
00000a75  vTaskStartScheduler                
00000abf  vTaskEndScheduler                  
00000ae1  vTaskSuspendAll                    
00000af5  xTaskResumeAll                     
00000bd7  xTaskGetTickCount                  
00000bf5  xTaskGetTickCountFromISR           
00000c23  uxTaskGetNumberOfTasks             
00000c2d  pcTaskGetName                      
00000c4d  uxTaskGetSystemState               
00000d45  xTaskIncrementTick                 
00000e75  vTaskSwitchContext                 
00000edd  vTaskPlaceOnEventList              
00000f01  vTaskPlaceOnUnorderedEventList     
00000f3d  xTaskRemoveFromEventList           
00000fc1  vTaskRemoveFromUnorderedEventList  
00001027  vTaskSetTimeOutState               
00001045  vTaskInternalSetTimeOutState       
0000106d  xTaskCheckForTimeOut               
000010fd  vTaskMissedYield                   
00001105  uxTaskGetTaskNumber                
0000112d  vTaskSetTaskNumber                 
000011ed  vTaskGetInfo                       
00001379  uxTaskGetStackHighWaterMark        
000013f1  xTaskGetCurrentTaskHandle          
00001425  xTaskPriorityInherit               
00001505  xTaskPriorityDisinherit            
000015a3  vTaskPriorityDisinheritAfterTimeout
00001679  uxTaskResetEventItemValue          
0000169f  pvTaskIncrementMutexHeldCount      
000016bd  ulTaskNotifyTake                   
00001745  xTaskNotifyWait                    
000017ef  xTaskGenericNotify                 
000018d9  xTaskGenericNotifyFromISR          
000019e5  vTaskNotifyGiveFromISR             
00001a91  xTaskNotifyStateClear              
00001ba1  xEventGroupCreate                  
00001bc1  xEventGroupSync                    
00001cd1  xEventGroupWaitBits                
00001df5  xEventGroupClearBits               
00001e23  xEventGroupGetBitsFromISR          
00001e57  xEventGroupSetBits                 
00001f45  vEventGroupDelete                  
00001f79  vEventGroupSetBitsCallback         
00001f8b  vEventGroupClearBitsCallback       
00001fe1  uxEventGroupGetNumber              
00002001  vEventGroupSetNumber               
00002015  INIT_task                          
0000202f  transmit_mode                      
00002125  recieve_mode                       
000021ad  CAN_init                           
00002245  MAILBOX_REC_init                   
00002255  CAN_Transmit                       
00002273  CAN_Recieve                        
0000228b  CANIntHandler                      
0000232d  pxPortInitialiseStack              
00002397  xPortStartScheduler                
000023cd  vPortEndScheduler                  
000023cf  vPortEnterCritical                 
000023ef  vPortExitCritical                  
00002405  xPortSysTickHandler                
0000242b  vPortSetupTimerInterrupt           
00002469  CANMessageSet                      
0000259f  GPIOPadConfigSet                   
000026d1  vListInitialise                    
00002701  vListInitialiseItem                
00002711  vListInsertEnd                     
0000274d  vListInsert                        
000027bb  uxListRemove                       
00002805  SysCtlClockGet                     
00002915  CANMessageGet                      
00002a25  SysCtlClockSet                     
00002b29  ulPortGetIPSR                      
00002b41  xPortPendSVHandler                 
00002ba1  vPortSVCHandler                    
00002bc1  vPortStartFirstTask                
00002be5  vPortEnableVFP                     
00002bf5  LED_init                           
00002c11  LED_on                             
00002c51  LED_off                            
00002c99  Switch_Init                        
00002ce5  SW_1_Status                        
00002d03  SW_2_Status                        
00002d35  pvPortMalloc                       
00002da5  vPortFree                          
00002daf  vPortInitialiseBlocks              
00002db7  xPortGetFreeHeapSize               
00002dd1  __aeabi_memcpy                     
00002dd1  __aeabi_memcpy4                    
00002dd1  __aeabi_memcpy8                    
00002dd1  memcpy                             
00002e6d  vApplicationStackOverflowHook      
00002e77  main                               
00002f01  __aeabi_memclr                     
00002f01  __aeabi_memclr4                    
00002f01  __aeabi_memclr8                    
00002f03  __aeabi_memset                     
00002f03  __aeabi_memset4                    
00002f03  __aeabi_memset8                    
00002f09  memset                             
00002f7d  CANBitRateSet                      
00002fe9  IntEnable                          
00003051  __TI_decompress_lzss               
000030b9  GPIOPinConfigure                   
00003101  __TI_auto_init_nobinit_nopinit     
00003145  CANStatusGet                       
00003185  CANInit                            
000031c1  SysCtlPeripheralReady              
000031f9  _c_int00_noargs                    
00003231  SysCtlPeripheralEnable             
00003265  GPIODirModeSet                     
000032dd  CANIntClear                        
000032ff  CANIntStatus                       
0000331f  GPIOPinTypeGPIOOutput              
00003337  GPIOPinTypeCAN                     
00003349  GPIOPinTypeGPIOInput               
0000335b  __TI_decompress_none               
00003369  __TI_zero_init                     
00003375  ResetISR                           
00003381  CANEnable                          
0000338b  CANIntEnable                       
00003393  GPIOPinRead                        
00003399  GPIOPinWrite                       
0000339f  SysCtlDelay                        
000033a5  _system_pre_init                   
000033a9  C$$EXIT                            
000033a9  abort                              
00003538  ulMaxSyscallInterruptPriority      
00003568  __TI_Handler_Table_Base            
00003574  __TI_Handler_Table_Limit           
00003580  __TI_CINIT_Base                    
00003590  __TI_CINIT_Limit                   
200076e4  xCreatedEventGroup_flags           
200076e8  __stack                            
200078e8  __STACK_END                        
200078e8  __STACK_TOP                        
200078e8  pxCurrentTCB                       
2000791c  sMsgObjectRx                       
20007930  sMsgObjectTx                       
20007945  TOKEN_FLAG                         
20007946  REVERSED_FLAG                      
20007960  tx_flag                            
20007961  rx_flag                            
20007962  err_flag                           
ffffffff  __TI_pprof_out_hndl                
ffffffff  __TI_prof_data_size                
ffffffff  __TI_prof_data_start               
ffffffff  __binit__                          
ffffffff  __c_args__                         
ffffffff  binit                              
UNDEFED   __mpu_init                         
UNDEFED   _system_post_cinit                 

[165 symbols]
