<?xml version="1.0" encoding="ISO-8859-1" ?>
<link_info>
   <banner>TI ARM Linker PC v18.1.1.LTS</banner>
   <copyright>Copyright (c) 1996-2017 Texas Instruments Incorporated</copyright>
   <link_time>0x5cac6fcc</link_time>
   <link_errors>0x0</link_errors>
   <output_file>CAN_TESTING.out</output_file>
   <entry_point>
      <name>_c_int00_noargs</name>
      <address>0x1f59</address>
   </entry_point>
   <input_file_list>
      <input_file id="fl-2">
         <path>.\</path>
         <kind>object</kind>
         <file>BUTTON.obj</file>
         <name>BUTTON.obj</name>
      </input_file>
      <input_file id="fl-3">
         <path>.\</path>
         <kind>object</kind>
         <file>FSM.obj</file>
         <name>FSM.obj</name>
      </input_file>
      <input_file id="fl-4">
         <path>.\</path>
         <kind>object</kind>
         <file>LCD.obj</file>
         <name>LCD.obj</name>
      </input_file>
      <input_file id="fl-5">
         <path>.\</path>
         <kind>object</kind>
         <file>can.obj</file>
         <name>can.obj</name>
      </input_file>
      <input_file id="fl-6">
         <path>.\</path>
         <kind>object</kind>
         <file>main.obj</file>
         <name>main.obj</name>
      </input_file>
      <input_file id="fl-7">
         <path>.\</path>
         <kind>object</kind>
         <file>startup_ccs.obj</file>
         <name>startup_ccs.obj</name>
      </input_file>
      <input_file id="fl-8">
         <path>.\drivers\</path>
         <kind>object</kind>
         <file>buttons.obj</file>
         <name>buttons.obj</name>
      </input_file>
      <input_file id="fl-9">
         <path>.\drivers\</path>
         <kind>object</kind>
         <file>rgb.obj</file>
         <name>rgb.obj</name>
      </input_file>
      <input_file id="fl-a">
         <path>.\third_party\FreeRTOS\Source\</path>
         <kind>object</kind>
         <file>list.obj</file>
         <name>list.obj</name>
      </input_file>
      <input_file id="fl-b">
         <path>.\third_party\FreeRTOS\Source\</path>
         <kind>object</kind>
         <file>queue.obj</file>
         <name>queue.obj</name>
      </input_file>
      <input_file id="fl-c">
         <path>.\third_party\FreeRTOS\Source\</path>
         <kind>object</kind>
         <file>tasks.obj</file>
         <name>tasks.obj</name>
      </input_file>
      <input_file id="fl-d">
         <path>.\third_party\FreeRTOS\Source\portable\CCS\ARM_CM4F\</path>
         <kind>object</kind>
         <file>port.obj</file>
         <name>port.obj</name>
      </input_file>
      <input_file id="fl-e">
         <path>.\third_party\FreeRTOS\Source\portable\CCS\ARM_CM4F\</path>
         <kind>object</kind>
         <file>portasm.obj</file>
         <name>portasm.obj</name>
      </input_file>
      <input_file id="fl-f">
         <path>.\third_party\FreeRTOS\Source\portable\MemMang\</path>
         <kind>object</kind>
         <file>heap_2.obj</file>
         <name>heap_2.obj</name>
      </input_file>
      <input_file id="fl-10">
         <path>.\utils\</path>
         <kind>object</kind>
         <file>uartstdio.obj</file>
         <name>uartstdio.obj</name>
      </input_file>
      <input_file id="fl-11">
         <path>.\utils\</path>
         <kind>object</kind>
         <file>ustdlib.obj</file>
         <name>ustdlib.obj</name>
      </input_file>
      <input_file id="fl-16">
         <kind>object</kind>
         <file>&lt;internal&gt;</file>
         <name>&lt;internal&gt;</name>
      </input_file>
      <input_file id="fl-cc">
         <path>C:\ti1\ccsv8\tools\compiler\ti-cgt-arm_18.1.1.LTS\lib\</path>
         <kind>archive</kind>
         <file>rtsv7M4_T_le_v4SPD16_eabi.lib</file>
         <name>u_divt2.asm.obj</name>
      </input_file>
      <input_file id="fl-cd">
         <path>C:\ti1\ccsv8\tools\compiler\ti-cgt-arm_18.1.1.LTS\lib\</path>
         <kind>archive</kind>
         <file>rtsv7M4_T_le_v4SPD16_eabi.lib</file>
         <name>fs_toull_t2.asm.obj</name>
      </input_file>
      <input_file id="fl-ce">
         <path>C:\ti1\ccsv8\tools\compiler\ti-cgt-arm_18.1.1.LTS\lib\</path>
         <kind>archive</kind>
         <file>rtsv7M4_T_le_v4SPD16_eabi.lib</file>
         <name>memcpy_t2.asm.obj</name>
      </input_file>
      <input_file id="fl-cf">
         <path>C:\ti1\ccsv8\tools\compiler\ti-cgt-arm_18.1.1.LTS\lib\</path>
         <kind>archive</kind>
         <file>rtsv7M4_T_le_v4SPD16_eabi.lib</file>
         <name>memset_t2.asm.obj</name>
      </input_file>
      <input_file id="fl-d0">
         <path>C:\ti1\ccsv8\tools\compiler\ti-cgt-arm_18.1.1.LTS\lib\</path>
         <kind>archive</kind>
         <file>rtsv7M4_T_le_v4SPD16_eabi.lib</file>
         <name>copy_zero_init.c.obj</name>
      </input_file>
      <input_file id="fl-d1">
         <path>C:\ti1\ccsv8\tools\compiler\ti-cgt-arm_18.1.1.LTS\lib\</path>
         <kind>archive</kind>
         <file>rtsv7M4_T_le_v4SPD16_eabi.lib</file>
         <name>copy_decompress_none.c.obj</name>
      </input_file>
      <input_file id="fl-d2">
         <path>C:\ti1\ccsv8\tools\compiler\ti-cgt-arm_18.1.1.LTS\lib\</path>
         <kind>archive</kind>
         <file>rtsv7M4_T_le_v4SPD16_eabi.lib</file>
         <name>copy_decompress_lzss.c.obj</name>
      </input_file>
      <input_file id="fl-d3">
         <path>C:\ti1\ccsv8\tools\compiler\ti-cgt-arm_18.1.1.LTS\lib\</path>
         <kind>archive</kind>
         <file>rtsv7M4_T_le_v4SPD16_eabi.lib</file>
         <name>boot_cortex_m.c.obj</name>
      </input_file>
      <input_file id="fl-d4">
         <path>C:\ti1\ccsv8\tools\compiler\ti-cgt-arm_18.1.1.LTS\lib\</path>
         <kind>archive</kind>
         <file>rtsv7M4_T_le_v4SPD16_eabi.lib</file>
         <name>exit.c.obj</name>
      </input_file>
      <input_file id="fl-d5">
         <path>C:\ti1\ccsv8\tools\compiler\ti-cgt-arm_18.1.1.LTS\lib\</path>
         <kind>archive</kind>
         <file>rtsv7M4_T_le_v4SPD16_eabi.lib</file>
         <name>_lock.c.obj</name>
      </input_file>
      <input_file id="fl-d6">
         <path>C:\ti1\ccsv8\tools\compiler\ti-cgt-arm_18.1.1.LTS\lib\</path>
         <kind>archive</kind>
         <file>rtsv7M4_T_le_v4SPD16_eabi.lib</file>
         <name>args_main.c.obj</name>
      </input_file>
      <input_file id="fl-d7">
         <path>C:\ti1\ccsv8\tools\compiler\ti-cgt-arm_18.1.1.LTS\lib\</path>
         <kind>archive</kind>
         <file>rtsv7M4_T_le_v4SPD16_eabi.lib</file>
         <name>div0.asm.obj</name>
      </input_file>
      <input_file id="fl-d8">
         <path>C:\ti1\ccsv8\tools\compiler\ti-cgt-arm_18.1.1.LTS\lib\</path>
         <kind>archive</kind>
         <file>rtsv7M4_T_le_v4SPD16_eabi.lib</file>
         <name>autoinit.c.obj</name>
      </input_file>
      <input_file id="fl-d9">
         <path>C:\ti1\ccsv8\tools\compiler\ti-cgt-arm_18.1.1.LTS\lib\</path>
         <kind>archive</kind>
         <file>rtsv7M4_T_le_v4SPD16_eabi.lib</file>
         <name>pre_init.c.obj</name>
      </input_file>
      <input_file id="fl-da">
         <path>C:\ti1\ccsv8\tools\compiler\ti-cgt-arm_18.1.1.LTS\lib\</path>
         <kind>archive</kind>
         <file>rtsv7M4_T_le_v4SPD16_eabi.lib</file>
         <name>cpy_tbl.c.obj</name>
      </input_file>
      <input_file id="fl-db">
         <path>C:\ti\TivaWare_C_Series-2.1.4.178\driverlib\ccs\Debug\</path>
         <kind>archive</kind>
         <file>driverlib.lib</file>
         <name>can.obj</name>
      </input_file>
      <input_file id="fl-dc">
         <path>C:\ti\TivaWare_C_Series-2.1.4.178\driverlib\ccs\Debug\</path>
         <kind>archive</kind>
         <file>driverlib.lib</file>
         <name>gpio.obj</name>
      </input_file>
      <input_file id="fl-dd">
         <path>C:\ti\TivaWare_C_Series-2.1.4.178\driverlib\ccs\Debug\</path>
         <kind>archive</kind>
         <file>driverlib.lib</file>
         <name>interrupt.obj</name>
      </input_file>
      <input_file id="fl-de">
         <path>C:\ti\TivaWare_C_Series-2.1.4.178\driverlib\ccs\Debug\</path>
         <kind>archive</kind>
         <file>driverlib.lib</file>
         <name>sysctl.obj</name>
      </input_file>
      <input_file id="fl-df">
         <path>C:\ti\TivaWare_C_Series-2.1.4.178\driverlib\ccs\Debug\</path>
         <kind>archive</kind>
         <file>driverlib.lib</file>
         <name>uart.obj</name>
      </input_file>
      <input_file id="fl-e0">
         <path>C:\ti\TivaWare_C_Series-2.1.4.178\driverlib\ccs\Debug\</path>
         <kind>archive</kind>
         <file>driverlib.lib</file>
         <name>cpu.obj</name>
      </input_file>
   </input_file_list>
   <object_component_list>
      <object_component id="oc-f">
         <name>.intvecs</name>
         <load_address>0x0</load_address>
         <run_address>0x0</run_address>
         <size>0x26c</size>
         <input_file_ref idref="fl-7"/>
      </object_component>
      <object_component id="oc-409">
         <name>.text:UARTvprintf</name>
         <load_address>0x26c</load_address>
         <run_address>0x26c</run_address>
         <size>0x30c</size>
         <input_file_ref idref="fl-10"/>
      </object_component>
      <object_component id="oc-175">
         <name>.text:FSM_Task</name>
         <load_address>0x578</load_address>
         <run_address>0x578</run_address>
         <size>0x20c</size>
         <input_file_ref idref="fl-3"/>
      </object_component>
      <object_component id="oc-250">
         <name>.text:CANMessageSet</name>
         <load_address>0x784</load_address>
         <run_address>0x784</run_address>
         <size>0x136</size>
         <input_file_ref idref="fl-db"/>
      </object_component>
      <object_component id="oc-1ff">
         <name>.text:GPIOPadConfigSet</name>
         <load_address>0x8ba</load_address>
         <run_address>0x8ba</run_address>
         <size>0x132</size>
         <input_file_ref idref="fl-dc"/>
      </object_component>
      <object_component id="oc-169">
         <name>.text:xTaskGenericCreate</name>
         <load_address>0x9ec</load_address>
         <run_address>0x9ec</run_address>
         <size>0x120</size>
         <input_file_ref idref="fl-c"/>
      </object_component>
      <object_component id="oc-232">
         <name>.text:SysCtlClockGet</name>
         <load_address>0xb0c</load_address>
         <run_address>0xb0c</run_address>
         <size>0x110</size>
         <input_file_ref idref="fl-de"/>
      </object_component>
      <object_component id="oc-36a">
         <name>.text:CANMessageGet</name>
         <load_address>0xc1c</load_address>
         <run_address>0xc1c</run_address>
         <size>0x10e</size>
         <input_file_ref idref="fl-db"/>
      </object_component>
      <object_component id="oc-30">
         <name>.text:FaultISR</name>
         <load_address>0xd2a</load_address>
         <run_address>0xd2a</run_address>
         <size>0x2</size>
         <input_file_ref idref="fl-7"/>
      </object_component>
      <object_component id="oc-321">
         <name>.text:pvPortMalloc</name>
         <load_address>0xd2c</load_address>
         <run_address>0xd2c</run_address>
         <size>0x108</size>
         <input_file_ref idref="fl-f"/>
      </object_component>
      <object_component id="oc-9e">
         <name>.text:xTaskIncrementTick</name>
         <load_address>0xe34</load_address>
         <run_address>0xe34</run_address>
         <size>0xf8</size>
         <input_file_ref idref="fl-c"/>
      </object_component>
      <object_component id="oc-386">
         <name>.text:xTaskResumeAll</name>
         <load_address>0xf2c</load_address>
         <run_address>0xf2c</run_address>
         <size>0xe0</size>
         <input_file_ref idref="fl-c"/>
      </object_component>
      <object_component id="oc-3c">
         <name>.text</name>
         <load_address>0x100c</load_address>
         <run_address>0x100c</run_address>
         <size>0xd2</size>
         <input_file_ref idref="fl-e"/>
      </object_component>
      <object_component id="oc-36">
         <name>.text:IntDefaultHandler</name>
         <load_address>0x10de</load_address>
         <run_address>0x10de</run_address>
         <size>0x2</size>
         <input_file_ref idref="fl-7"/>
      </object_component>
      <object_component id="oc-e8">
         <name>.text:main</name>
         <load_address>0x10e0</load_address>
         <run_address>0x10e0</run_address>
         <size>0xc0</size>
         <input_file_ref idref="fl-6"/>
      </object_component>
      <object_component id="oc-97">
         <name>.text:vTaskSwitchContext</name>
         <load_address>0x11a0</load_address>
         <run_address>0x11a0</run_address>
         <size>0xb8</size>
         <input_file_ref idref="fl-c"/>
      </object_component>
      <object_component id="oc-163">
         <name>.text:Can_Init</name>
         <load_address>0x1258</load_address>
         <run_address>0x1258</run_address>
         <size>0xa0</size>
         <input_file_ref idref="fl-5"/>
      </object_component>
      <object_component id="oc-5b">
         <name>.text</name>
         <load_address>0x12f8</load_address>
         <run_address>0x12f8</run_address>
         <size>0x9c</size>
         <input_file_ref idref="fl-ce"/>
      </object_component>
      <object_component id="oc-260">
         <name>.text:prvInitialiseTCBVariables</name>
         <load_address>0x1394</load_address>
         <run_address>0x1394</run_address>
         <size>0x9a</size>
         <input_file_ref idref="fl-c"/>
      </object_component>
      <object_component id="oc-dc">
         <name>.text</name>
         <load_address>0x142e</load_address>
         <run_address>0x142e</run_address>
         <size>0x7a</size>
         <input_file_ref idref="fl-cf"/>
      </object_component>
      <object_component id="oc-2fc">
         <name>.text:UARTStdioConfig</name>
         <load_address>0x14a8</load_address>
         <run_address>0x14a8</run_address>
         <size>0x74</size>
         <input_file_ref idref="fl-10"/>
      </object_component>
      <object_component id="oc-272">
         <name>.text:prvInitialiseTaskLists</name>
         <load_address>0x151c</load_address>
         <run_address>0x151c</run_address>
         <size>0x74</size>
         <input_file_ref idref="fl-c"/>
      </object_component>
      <object_component id="oc-16f">
         <name>.text:vTaskStartScheduler</name>
         <load_address>0x1590</load_address>
         <run_address>0x1590</run_address>
         <size>0x70</size>
         <input_file_ref idref="fl-c"/>
      </object_component>
      <object_component id="oc-238">
         <name>.text:CANBitRateSet</name>
         <load_address>0x1600</load_address>
         <run_address>0x1600</run_address>
         <size>0x6c</size>
         <input_file_ref idref="fl-db"/>
      </object_component>
      <object_component id="oc-298">
         <name>.text:vTaskDelay</name>
         <load_address>0x166c</load_address>
         <run_address>0x166c</run_address>
         <size>0x6c</size>
         <input_file_ref idref="fl-c"/>
      </object_component>
      <object_component id="oc-244">
         <name>.text:IntEnable</name>
         <load_address>0x16d8</load_address>
         <run_address>0x16d8</run_address>
         <size>0x68</size>
         <input_file_ref idref="fl-dd"/>
      </object_component>
      <object_component id="oc-12">
         <name>.text:decompress:lzss:__TI_decompress_lzss</name>
         <load_address>0x1740</load_address>
         <run_address>0x1740</run_address>
         <size>0x68</size>
         <input_file_ref idref="fl-d2"/>
      </object_component>
      <object_component id="oc-35e">
         <name>.text:prvCheckTasksWaitingTermination</name>
         <load_address>0x17a8</load_address>
         <run_address>0x17a8</run_address>
         <size>0x68</size>
         <input_file_ref idref="fl-c"/>
      </object_component>
      <object_component id="oc-327">
         <name>.text:vPortFree</name>
         <load_address>0x1810</load_address>
         <run_address>0x1810</run_address>
         <size>0x68</size>
         <input_file_ref idref="fl-f"/>
      </object_component>
      <object_component id="oc-419">
         <name>.text:vListInsert</name>
         <load_address>0x1878</load_address>
         <run_address>0x1878</run_address>
         <size>0x66</size>
         <input_file_ref idref="fl-a"/>
      </object_component>
      <object_component id="oc-2a">
         <name>.text:NmiSR</name>
         <load_address>0x18de</load_address>
         <run_address>0x18de</run_address>
         <size>0x2</size>
         <input_file_ref idref="fl-7"/>
      </object_component>
      <object_component id="oc-47">
         <name>.text:CANIntHandler</name>
         <load_address>0x18e0</load_address>
         <run_address>0x18e0</run_address>
         <size>0x60</size>
         <input_file_ref idref="fl-5"/>
      </object_component>
      <object_component id="oc-25a">
         <name>.text:prvAllocateTCBAndStack</name>
         <load_address>0x1940</load_address>
         <run_address>0x1940</run_address>
         <size>0x5e</size>
         <input_file_ref idref="fl-c"/>
      </object_component>
      <object_component id="oc-463">
         <name>.text</name>
         <load_address>0x199e</load_address>
         <run_address>0x199e</run_address>
         <size>0x2</size>
         <input_file_ref idref="fl-d7"/>
      </object_component>
      <object_component id="oc-292">
         <name>.text:Can_Receive</name>
         <load_address>0x19a0</load_address>
         <run_address>0x19a0</run_address>
         <size>0x5c</size>
         <input_file_ref idref="fl-5"/>
      </object_component>
      <object_component id="oc-44e">
         <name>.text:UARTwrite</name>
         <load_address>0x19fc</load_address>
         <run_address>0x19fc</run_address>
         <size>0x5c</size>
         <input_file_ref idref="fl-10"/>
      </object_component>
      <object_component id="oc-380">
         <name>.text:prvAddCurrentTaskToDelayedList</name>
         <load_address>0x1a58</load_address>
         <run_address>0x1a58</run_address>
         <size>0x5c</size>
         <input_file_ref idref="fl-c"/>
      </object_component>
      <object_component id="oc-266">
         <name>.text:pxPortInitialiseStack</name>
         <load_address>0x1ab4</load_address>
         <run_address>0x1ab4</run_address>
         <size>0x5c</size>
         <input_file_ref idref="fl-d"/>
      </object_component>
      <object_component id="oc-28c">
         <name>.text:Can_Transmit</name>
         <load_address>0x1b10</load_address>
         <run_address>0x1b10</run_address>
         <size>0x58</size>
         <input_file_ref idref="fl-5"/>
      </object_component>
      <object_component id="oc-181">
         <name>.text:Led_Task</name>
         <load_address>0x1b68</load_address>
         <run_address>0x1b68</run_address>
         <size>0x54</size>
         <input_file_ref idref="fl-3"/>
      </object_component>
      <object_component id="oc-3d7">
         <name>.text:prvHeapInit</name>
         <load_address>0x1bbc</load_address>
         <run_address>0x1bbc</run_address>
         <size>0x50</size>
         <input_file_ref idref="fl-f"/>
      </object_component>
      <object_component id="oc-21a">
         <name>.text:InitConsole</name>
         <load_address>0x1c0c</load_address>
         <run_address>0x1c0c</run_address>
         <size>0x4c</size>
         <input_file_ref idref="fl-6"/>
      </object_component>
      <object_component id="oc-220">
         <name>.text:GPIOPinConfigure</name>
         <load_address>0x1c58</load_address>
         <run_address>0x1c58</run_address>
         <size>0x48</size>
         <input_file_ref idref="fl-dc"/>
      </object_component>
      <object_component id="oc-115">
         <name>.text:uxListRemove</name>
         <load_address>0x1ca0</load_address>
         <run_address>0x1ca0</run_address>
         <size>0x48</size>
         <input_file_ref idref="fl-a"/>
      </object_component>
      <object_component id="oc-17b">
         <name>.text:Button_Task</name>
         <load_address>0x1ce8</load_address>
         <run_address>0x1ce8</run_address>
         <size>0x44</size>
         <input_file_ref idref="fl-3"/>
      </object_component>
      <object_component id="oc-194">
         <name>.text:__TI_auto_init_nobinit_nopinit:__TI_auto_init_nobinit_nopinit</name>
         <load_address>0x1d2c</load_address>
         <run_address>0x1d2c</run_address>
         <size>0x44</size>
         <input_file_ref idref="fl-d8"/>
      </object_component>
      <object_component id="oc-27f">
         <name>.text:xPortStartScheduler</name>
         <load_address>0x1d70</load_address>
         <run_address>0x1d70</run_address>
         <size>0x44</size>
         <input_file_ref idref="fl-d"/>
      </object_component>
      <object_component id="oc-ab">
         <name>.text:CANStatusGet</name>
         <load_address>0x1db4</load_address>
         <run_address>0x1db4</run_address>
         <size>0x40</size>
         <input_file_ref idref="fl-db"/>
      </object_component>
      <object_component id="oc-454">
         <name>.text</name>
         <load_address>0x1df4</load_address>
         <run_address>0x1df4</run_address>
         <size>0x40</size>
         <input_file_ref idref="fl-cc"/>
      </object_component>
      <object_component id="oc-10f">
         <name>.text:prvResetNextTaskUnblockTime</name>
         <load_address>0x1e34</load_address>
         <run_address>0x1e34</run_address>
         <size>0x3c</size>
         <input_file_ref idref="fl-c"/>
      </object_component>
      <object_component id="oc-11b">
         <name>.text:vListInsertEnd</name>
         <load_address>0x1e70</load_address>
         <run_address>0x1e70</run_address>
         <size>0x3c</size>
         <input_file_ref idref="fl-a"/>
      </object_component>
      <object_component id="oc-22c">
         <name>.text:CANInit</name>
         <load_address>0x1eac</load_address>
         <run_address>0x1eac</run_address>
         <size>0x3a</size>
         <input_file_ref idref="fl-db"/>
      </object_component>
      <object_component id="oc-15d">
         <name>.text:BUTTON_Init</name>
         <load_address>0x1ee8</load_address>
         <run_address>0x1ee8</run_address>
         <size>0x38</size>
         <input_file_ref idref="fl-2"/>
      </object_component>
      <object_component id="oc-20d">
         <name>.text:SysCtlPeripheralReady</name>
         <load_address>0x1f20</load_address>
         <run_address>0x1f20</run_address>
         <size>0x38</size>
         <input_file_ref idref="fl-de"/>
      </object_component>
      <object_component id="oc-79">
         <name>.text:_c_int00_noargs:_c_int00_noargs</name>
         <load_address>0x1f58</load_address>
         <run_address>0x1f58</run_address>
         <size>0x38</size>
         <input_file_ref idref="fl-d3"/>
      </object_component>
      <object_component id="oc-151">
         <name>.text:SysCtlPeripheralEnable</name>
         <load_address>0x1f90</load_address>
         <run_address>0x1f90</run_address>
         <size>0x34</size>
         <input_file_ref idref="fl-de"/>
      </object_component>
      <object_component id="oc-340">
         <name>.text:vListInitialise</name>
         <load_address>0x1fc4</load_address>
         <run_address>0x1fc4</run_address>
         <size>0x30</size>
         <input_file_ref idref="fl-a"/>
      </object_component>
      <object_component id="oc-41">
         <name>.text:xPortSysTickHandler</name>
         <load_address>0x1ff4</load_address>
         <run_address>0x1ff4</run_address>
         <size>0x2c</size>
         <input_file_ref idref="fl-d"/>
      </object_component>
      <object_component id="oc-205">
         <name>.text:GPIODirModeSet</name>
         <load_address>0x2020</load_address>
         <run_address>0x2020</run_address>
         <size>0x2a</size>
         <input_file_ref idref="fl-dc"/>
      </object_component>
      <object_component id="oc-402">
         <name>.text:_CANDataRegRead</name>
         <load_address>0x204a</load_address>
         <run_address>0x204a</run_address>
         <size>0x2a</size>
         <input_file_ref idref="fl-db"/>
      </object_component>
      <object_component id="oc-2b0">
         <name>.text:Get_BUTTON</name>
         <load_address>0x2074</load_address>
         <run_address>0x2074</run_address>
         <size>0x24</size>
         <input_file_ref idref="fl-2"/>
      </object_component>
      <object_component id="oc-370">
         <name>.text:UARTprintf</name>
         <load_address>0x2098</load_address>
         <run_address>0x2098</run_address>
         <size>0x24</size>
         <input_file_ref idref="fl-10"/>
      </object_component>
      <object_component id="oc-318">
         <name>.text:_CANDataRegWrite</name>
         <load_address>0x20bc</load_address>
         <run_address>0x20bc</run_address>
         <size>0x24</size>
         <input_file_ref idref="fl-db"/>
      </object_component>
      <object_component id="oc-26c">
         <name>.text:vPortEnterCritical</name>
         <load_address>0x20e0</load_address>
         <run_address>0x20e0</run_address>
         <size>0x24</size>
         <input_file_ref idref="fl-d"/>
      </object_component>
      <object_component id="oc-b1">
         <name>.text:CANIntClear</name>
         <load_address>0x2104</load_address>
         <run_address>0x2104</run_address>
         <size>0x22</size>
         <input_file_ref idref="fl-db"/>
      </object_component>
      <object_component id="oc-a5">
         <name>.text:CANIntStatus</name>
         <load_address>0x2126</load_address>
         <run_address>0x2126</run_address>
         <size>0x20</size>
         <input_file_ref idref="fl-db"/>
      </object_component>
      <object_component id="oc-285">
         <name>.text:prvIdleTask</name>
         <load_address>0x2148</load_address>
         <run_address>0x2148</run_address>
         <size>0x20</size>
         <input_file_ref idref="fl-c"/>
      </object_component>
      <object_component id="oc-278">
         <name>.text:vPortExitCritical</name>
         <load_address>0x2168</load_address>
         <run_address>0x2168</run_address>
         <size>0x1c</size>
         <input_file_ref idref="fl-d"/>
      </object_component>
      <object_component id="oc-157">
         <name>.text:GPIOPinTypeGPIOOutput</name>
         <load_address>0x2184</load_address>
         <run_address>0x2184</run_address>
         <size>0x18</size>
         <input_file_ref idref="fl-dc"/>
      </object_component>
      <object_component id="oc-357">
         <name>.text:vPortSetupTimerInterrupt</name>
         <load_address>0x219c</load_address>
         <run_address>0x219c</run_address>
         <size>0x18</size>
         <input_file_ref idref="fl-d"/>
      </object_component>
      <object_component id="oc-3f9">
         <name>.text:prvDeleteTCB</name>
         <load_address>0x21b4</load_address>
         <run_address>0x21b4</run_address>
         <size>0x14</size>
         <input_file_ref idref="fl-c"/>
      </object_component>
      <object_component id="oc-226">
         <name>.text:GPIOPinTypeCAN</name>
         <load_address>0x21c8</load_address>
         <run_address>0x21c8</run_address>
         <size>0x12</size>
         <input_file_ref idref="fl-dc"/>
      </object_component>
      <object_component id="oc-213">
         <name>.text:GPIOPinTypeGPIOInput</name>
         <load_address>0x21da</load_address>
         <run_address>0x21da</run_address>
         <size>0x12</size>
         <input_file_ref idref="fl-dc"/>
      </object_component>
      <object_component id="oc-2f6">
         <name>.text:GPIOPinTypeUART</name>
         <load_address>0x21ec</load_address>
         <run_address>0x21ec</run_address>
         <size>0x12</size>
         <input_file_ref idref="fl-dc"/>
      </object_component>
      <object_component id="oc-335">
         <name>.text:prvTaskExitError</name>
         <load_address>0x21fe</load_address>
         <run_address>0x21fe</run_address>
         <size>0x10</size>
         <input_file_ref idref="fl-d"/>
      </object_component>
      <object_component id="oc-32e">
         <name>.text:vListInitialiseItem</name>
         <load_address>0x220e</load_address>
         <run_address>0x220e</run_address>
         <size>0x10</size>
         <input_file_ref idref="fl-a"/>
      </object_component>
      <object_component id="oc-37a">
         <name>.text:vTaskSuspendAll</name>
         <load_address>0x2220</load_address>
         <run_address>0x2220</run_address>
         <size>0x10</size>
         <input_file_ref idref="fl-c"/>
      </object_component>
      <object_component id="oc-18">
         <name>.text:decompress:none:__TI_decompress_none</name>
         <load_address>0x2230</load_address>
         <run_address>0x2230</run_address>
         <size>0xe</size>
         <input_file_ref idref="fl-d1"/>
      </object_component>
      <object_component id="oc-6d">
         <name>.text:decompress:ZI:__TI_zero_init</name>
         <load_address>0x223e</load_address>
         <run_address>0x223e</run_address>
         <size>0xc</size>
         <input_file_ref idref="fl-d0"/>
      </object_component>
      <object_component id="oc-24a">
         <name>.text:CANEnable</name>
         <load_address>0x224a</load_address>
         <run_address>0x224a</run_address>
         <size>0xa</size>
         <input_file_ref idref="fl-db"/>
      </object_component>
      <object_component id="oc-105">
         <name>.text:vApplicationStackOverflowHook</name>
         <load_address>0x2254</load_address>
         <run_address>0x2254</run_address>
         <size>0xa</size>
         <input_file_ref idref="fl-6"/>
      </object_component>
      <object_component id="oc-23e">
         <name>.text:CANIntEnable</name>
         <load_address>0x225e</load_address>
         <run_address>0x225e</run_address>
         <size>0x8</size>
         <input_file_ref idref="fl-db"/>
      </object_component>
      <object_component id="oc-391">
         <name>.text:GPIOPinRead</name>
         <load_address>0x2266</load_address>
         <run_address>0x2266</run_address>
         <size>0x6</size>
         <input_file_ref idref="fl-dc"/>
      </object_component>
      <object_component id="oc-2b7">
         <name>.text:GPIOPinWrite</name>
         <load_address>0x226c</load_address>
         <run_address>0x226c</run_address>
         <size>0x6</size>
         <input_file_ref idref="fl-dc"/>
      </object_component>
      <object_component id="oc-24">
         <name>.text:ResetISR</name>
         <load_address>0x2272</load_address>
         <run_address>0x2272</run_address>
         <size>0x6</size>
         <input_file_ref idref="fl-7"/>
      </object_component>
      <object_component id="oc-2f0">
         <name>.text:UARTClockSourceSet</name>
         <load_address>0x2278</load_address>
         <run_address>0x2278</run_address>
         <size>0x6</size>
         <input_file_ref idref="fl-df"/>
      </object_component>
      <object_component id="oc-e2">
         <name>.text:_system_pre_init</name>
         <load_address>0x227e</load_address>
         <run_address>0x227e</run_address>
         <size>0x4</size>
         <input_file_ref idref="fl-d9"/>
      </object_component>
      <object_component id="oc-188">
         <name>.text:abort:abort</name>
         <load_address>0x2282</load_address>
         <run_address>0x2282</run_address>
         <size>0x4</size>
         <input_file_ref idref="fl-d4"/>
      </object_component>
      <object_component id="oc-303">
         <name>.const:g_pui32GPIOBaseAddrs</name>
         <load_address>0x2288</load_address>
         <run_address>0x2288</run_address>
         <size>0x90</size>
         <input_file_ref idref="fl-dc"/>
      </object_component>
      <object_component id="oc-312">
         <name>.const</name>
         <load_address>0x2318</load_address>
         <run_address>0x2318</run_address>
         <size>0x70</size>
         <input_file_ref idref="fl-dd"/>
      </object_component>
      <object_component id="oc-309">
         <name>.const:g_pui32Xtals</name>
         <load_address>0x2388</load_address>
         <run_address>0x2388</run_address>
         <size>0x6c</size>
         <input_file_ref idref="fl-de"/>
      </object_component>
      <object_component id="oc-30d">
         <name>.const</name>
         <load_address>0x23f4</load_address>
         <run_address>0x23f4</run_address>
         <size>0x20</size>
         <input_file_ref idref="fl-db"/>
      </object_component>
      <object_component id="oc-469">
         <name>.const:.string</name>
         <load_address>0x2414</load_address>
         <run_address>0x2414</run_address>
         <size>0x12</size>
         <input_file_ref idref="fl-10"/>
      </object_component>
      <object_component id="oc-3c8">
         <name>.const:g_ui32UARTBase</name>
         <load_address>0x2428</load_address>
         <run_address>0x2428</run_address>
         <size>0xc</size>
         <input_file_ref idref="fl-10"/>
      </object_component>
      <object_component id="oc-3bf">
         <name>.const:g_ui32UARTPeriph</name>
         <load_address>0x2434</load_address>
         <run_address>0x2434</run_address>
         <size>0xc</size>
         <input_file_ref idref="fl-10"/>
      </object_component>
      <object_component id="oc-94">
         <name>.const</name>
         <load_address>0x2440</load_address>
         <run_address>0x2440</run_address>
         <size>0x4</size>
         <input_file_ref idref="fl-d"/>
      </object_component>
      <object_component id="oc-459">
         <name>.const</name>
         <load_address>0x2444</load_address>
         <run_address>0x2444</run_address>
         <size>0x4</size>
         <input_file_ref idref="fl-10"/>
      </object_component>
      <object_component id="oc-496">
         <name>.cinit..data.load</name>
         <load_address>0x2448</load_address>
         <run_address>0x2448</run_address>
         <size>0x16</size>
      </object_component>
      <object_component id="oc-494">
         <name>__TI_handler_table</name>
         <load_address>0x2460</load_address>
         <run_address>0x2460</run_address>
         <size>0xc</size>
      </object_component>
      <object_component id="oc-497">
         <name>.cinit..bss.load</name>
         <load_address>0x2470</load_address>
         <run_address>0x2470</run_address>
         <size>0x8</size>
      </object_component>
      <object_component id="oc-495">
         <name>__TI_cinit_table</name>
         <load_address>0x2478</load_address>
         <run_address>0x2478</run_address>
         <size>0x10</size>
      </object_component>
      <object_component id="oc-29e">
         <name>.data</name>
         <load_address>0x20007960</load_address>
         <run_address>0x20007960</run_address>
         <size>0xb</size>
         <input_file_ref idref="fl-3"/>
      </object_component>
      <object_component id="oc-2a1">
         <name>.data:Node_arr</name>
         <load_address>0x20007979</load_address>
         <run_address>0x20007979</run_address>
         <size>0x4</size>
         <input_file_ref idref="fl-3"/>
      </object_component>
      <object_component id="oc-b7">
         <name>.data</name>
         <load_address>0x2000797d</load_address>
         <run_address>0x2000797d</run_address>
         <size>0x2</size>
         <input_file_ref idref="fl-5"/>
      </object_component>
      <object_component id="oc-91">
         <name>.data</name>
         <load_address>0x20007930</load_address>
         <run_address>0x20007930</run_address>
         <size>0x30</size>
         <input_file_ref idref="fl-c"/>
      </object_component>
      <object_component id="oc-33c">
         <name>.data</name>
         <load_address>0x20007980</load_address>
         <run_address>0x20007980</run_address>
         <size>0x4</size>
         <input_file_ref idref="fl-d"/>
      </object_component>
      <object_component id="oc-3dd">
         <name>.data</name>
         <load_address>0x2000796c</load_address>
         <run_address>0x2000796c</run_address>
         <size>0x8</size>
         <input_file_ref idref="fl-f"/>
      </object_component>
      <object_component id="oc-3c2">
         <name>.data</name>
         <load_address>0x20007974</load_address>
         <run_address>0x20007974</run_address>
         <size>0x5</size>
         <input_file_ref idref="fl-10"/>
      </object_component>
      <object_component id="oc-2a4">
         <name>.bss:Received_object$3</name>
         <uninitialized>true</uninitialized>
         <run_address>0x20007708</run_address>
         <size>0xc</size>
         <input_file_ref idref="fl-3"/>
      </object_component>
      <object_component id="oc-366">
         <name>.bss:sCANMessage_tx</name>
         <uninitialized>true</uninitialized>
         <run_address>0x20007684</run_address>
         <size>0x14</size>
         <input_file_ref idref="fl-5"/>
      </object_component>
      <object_component id="oc-256">
         <name>.bss:sCANMessage_rx</name>
         <uninitialized>true</uninitialized>
         <run_address>0x20007670</run_address>
         <size>0x14</size>
         <input_file_ref idref="fl-5"/>
      </object_component>
      <object_component id="oc-376">
         <name>.bss:D_I_Str</name>
         <uninitialized>true</uninitialized>
         <run_address>0x200076fc</run_address>
         <size>0xc</size>
         <input_file_ref idref="fl-5"/>
      </object_component>
      <object_component id="oc-365">
         <name>.bss</name>
         <uninitialized>true</uninitialized>
         <run_address>0x2000772c</run_address>
         <size>0x4</size>
         <input_file_ref idref="fl-5"/>
      </object_component>
      <object_component id="oc-10b">
         <name>.bss:pxReadyTasksLists</name>
         <uninitialized>true</uninitialized>
         <run_address>0x20007530</run_address>
         <size>0x140</size>
         <input_file_ref idref="fl-c"/>
      </object_component>
      <object_component id="oc-346">
         <name>.bss:xDelayedTaskList1</name>
         <uninitialized>true</uninitialized>
         <run_address>0x20007698</run_address>
         <size>0x14</size>
         <input_file_ref idref="fl-c"/>
      </object_component>
      <object_component id="oc-349">
         <name>.bss:xDelayedTaskList2</name>
         <uninitialized>true</uninitialized>
         <run_address>0x200076ac</run_address>
         <size>0x14</size>
         <input_file_ref idref="fl-c"/>
      </object_component>
      <object_component id="oc-121">
         <name>.bss</name>
         <uninitialized>true</uninitialized>
         <run_address>0x20007714</run_address>
         <size>0x8</size>
         <input_file_ref idref="fl-c"/>
      </object_component>
      <object_component id="oc-34c">
         <name>.bss:xPendingReadyList</name>
         <uninitialized>true</uninitialized>
         <run_address>0x200076c0</run_address>
         <size>0x14</size>
         <input_file_ref idref="fl-c"/>
      </object_component>
      <object_component id="oc-34f">
         <name>.bss:xTasksWaitingTermination</name>
         <uninitialized>true</uninitialized>
         <run_address>0x200076e8</run_address>
         <size>0x14</size>
         <input_file_ref idref="fl-c"/>
      </object_component>
      <object_component id="oc-352">
         <name>.bss:xSuspendedTaskList</name>
         <uninitialized>true</uninitialized>
         <run_address>0x200076d4</run_address>
         <size>0x14</size>
         <input_file_ref idref="fl-c"/>
      </object_component>
      <object_component id="oc-43b">
         <name>.bss:ucHeap</name>
         <uninitialized>true</uninitialized>
         <run_address>0x20000000</run_address>
         <size>0x7530</size>
         <input_file_ref idref="fl-f"/>
      </object_component>
      <object_component id="oc-3e0">
         <name>.bss:xStart</name>
         <uninitialized>true</uninitialized>
         <run_address>0x20007724</run_address>
         <size>0x8</size>
         <input_file_ref idref="fl-f"/>
      </object_component>
      <object_component id="oc-3e3">
         <name>.bss:xEnd</name>
         <uninitialized>true</uninitialized>
         <run_address>0x2000771c</run_address>
         <size>0x8</size>
         <input_file_ref idref="fl-f"/>
      </object_component>
      <object_component id="oc-21">
         <name>.stack</name>
         <uninitialized>true</uninitialized>
         <run_address>0x20007730</run_address>
         <size>0x4</size>
         <input_file_ref idref="fl-d3"/>
      </object_component>
      <object_component id="oc-498">
         <name>.stack</name>
         <uninitialized>true</uninitialized>
         <run_address>0x20007730</run_address>
         <size>0x0</size>
      </object_component>
      <object_component id="oc-140">
         <name>.debug_info</name>
         <load_address>0x0</load_address>
         <run_address>0x0</run_address>
         <size>0x3c9</size>
         <input_file_ref idref="fl-2"/>
      </object_component>
      <object_component id="oc-15e">
         <name>.debug_info</name>
         <load_address>0x3c9</load_address>
         <run_address>0x3c9</run_address>
         <size>0x187</size>
         <input_file_ref idref="fl-2"/>
      </object_component>
      <object_component id="oc-2b1">
         <name>.debug_info</name>
         <load_address>0x550</load_address>
         <run_address>0x550</run_address>
         <size>0x124</size>
         <input_file_ref idref="fl-2"/>
      </object_component>
      <object_component id="oc-c2">
         <name>.debug_info</name>
         <load_address>0x674</load_address>
         <run_address>0x674</run_address>
         <size>0x26b</size>
         <input_file_ref idref="fl-2"/>
      </object_component>
      <object_component id="oc-13b">
         <name>.debug_info</name>
         <load_address>0x8df</load_address>
         <run_address>0x8df</run_address>
         <size>0x8b</size>
         <input_file_ref idref="fl-2"/>
      </object_component>
      <object_component id="oc-136">
         <name>.debug_info</name>
         <load_address>0x96a</load_address>
         <run_address>0x96a</run_address>
         <size>0x297</size>
         <input_file_ref idref="fl-2"/>
      </object_component>
      <object_component id="oc-bb">
         <name>.debug_info</name>
         <load_address>0xc01</load_address>
         <run_address>0xc01</run_address>
         <size>0xbb</size>
         <input_file_ref idref="fl-2"/>
      </object_component>
      <object_component id="oc-2de">
         <name>.debug_info</name>
         <load_address>0xcbc</load_address>
         <run_address>0xcbc</run_address>
         <size>0x3ca</size>
         <input_file_ref idref="fl-3"/>
      </object_component>
      <object_component id="oc-29f">
         <name>.debug_info</name>
         <load_address>0x1086</load_address>
         <run_address>0x1086</run_address>
         <size>0x1ce</size>
         <input_file_ref idref="fl-3"/>
      </object_component>
      <object_component id="oc-2a2">
         <name>.debug_info</name>
         <load_address>0x1254</load_address>
         <run_address>0x1254</run_address>
         <size>0xc9</size>
         <input_file_ref idref="fl-3"/>
      </object_component>
      <object_component id="oc-17c">
         <name>.debug_info</name>
         <load_address>0x131d</load_address>
         <run_address>0x131d</run_address>
         <size>0x124</size>
         <input_file_ref idref="fl-3"/>
      </object_component>
      <object_component id="oc-182">
         <name>.debug_info</name>
         <load_address>0x1441</load_address>
         <run_address>0x1441</run_address>
         <size>0x122</size>
         <input_file_ref idref="fl-3"/>
      </object_component>
      <object_component id="oc-176">
         <name>.debug_info</name>
         <load_address>0x1563</load_address>
         <run_address>0x1563</run_address>
         <size>0x237</size>
         <input_file_ref idref="fl-3"/>
      </object_component>
      <object_component id="oc-1cd">
         <name>.debug_info</name>
         <load_address>0x179a</load_address>
         <run_address>0x179a</run_address>
         <size>0x2ef</size>
         <input_file_ref idref="fl-3"/>
      </object_component>
      <object_component id="oc-2a6">
         <name>.debug_info</name>
         <load_address>0x1a89</load_address>
         <run_address>0x1a89</run_address>
         <size>0x5a</size>
         <input_file_ref idref="fl-3"/>
      </object_component>
      <object_component id="oc-1f6">
         <name>.debug_info</name>
         <load_address>0x1ae3</load_address>
         <run_address>0x1ae3</run_address>
         <size>0x1b3</size>
         <input_file_ref idref="fl-3"/>
      </object_component>
      <object_component id="oc-2ab">
         <name>.debug_info</name>
         <load_address>0x1c96</load_address>
         <run_address>0x1c96</run_address>
         <size>0x5e</size>
         <input_file_ref idref="fl-3"/>
      </object_component>
      <object_component id="oc-56">
         <name>.debug_info</name>
         <load_address>0x1cf4</load_address>
         <run_address>0x1cf4</run_address>
         <size>0x84</size>
         <input_file_ref idref="fl-3"/>
      </object_component>
      <object_component id="oc-1e1">
         <name>.debug_info</name>
         <load_address>0x1d78</load_address>
         <run_address>0x1d78</run_address>
         <size>0x2c</size>
         <input_file_ref idref="fl-3"/>
      </object_component>
      <object_component id="oc-fd">
         <name>.debug_info</name>
         <load_address>0x1da4</load_address>
         <run_address>0x1da4</run_address>
         <size>0x53</size>
         <input_file_ref idref="fl-3"/>
      </object_component>
      <object_component id="oc-411">
         <name>.debug_info</name>
         <load_address>0x1df7</load_address>
         <run_address>0x1df7</run_address>
         <size>0x2c</size>
         <input_file_ref idref="fl-3"/>
      </object_component>
      <object_component id="oc-1d7">
         <name>.debug_info</name>
         <load_address>0x1e23</load_address>
         <run_address>0x1e23</run_address>
         <size>0x14c</size>
         <input_file_ref idref="fl-3"/>
      </object_component>
      <object_component id="oc-135">
         <name>.debug_info</name>
         <load_address>0x1f6f</load_address>
         <run_address>0x1f6f</run_address>
         <size>0x5d0</size>
         <input_file_ref idref="fl-5"/>
      </object_component>
      <object_component id="oc-b8">
         <name>.debug_info</name>
         <load_address>0x253f</load_address>
         <run_address>0x253f</run_address>
         <size>0xec</size>
         <input_file_ref idref="fl-5"/>
      </object_component>
      <object_component id="oc-367">
         <name>.debug_info</name>
         <load_address>0x262b</load_address>
         <run_address>0x262b</run_address>
         <size>0xd4</size>
         <input_file_ref idref="fl-5"/>
      </object_component>
      <object_component id="oc-257">
         <name>.debug_info</name>
         <load_address>0x26ff</load_address>
         <run_address>0x26ff</run_address>
         <size>0xd4</size>
         <input_file_ref idref="fl-5"/>
      </object_component>
      <object_component id="oc-377">
         <name>.debug_info</name>
         <load_address>0x27d3</load_address>
         <run_address>0x27d3</run_address>
         <size>0xc6</size>
         <input_file_ref idref="fl-5"/>
      </object_component>
      <object_component id="oc-164">
         <name>.debug_info</name>
         <load_address>0x2899</load_address>
         <run_address>0x2899</run_address>
         <size>0x1fe</size>
         <input_file_ref idref="fl-5"/>
      </object_component>
      <object_component id="oc-28d">
         <name>.debug_info</name>
         <load_address>0x2a97</load_address>
         <run_address>0x2a97</run_address>
         <size>0x1b0</size>
         <input_file_ref idref="fl-5"/>
      </object_component>
      <object_component id="oc-293">
         <name>.debug_info</name>
         <load_address>0x2c47</load_address>
         <run_address>0x2c47</run_address>
         <size>0x120</size>
         <input_file_ref idref="fl-5"/>
      </object_component>
      <object_component id="oc-48">
         <name>.debug_info</name>
         <load_address>0x2d67</load_address>
         <run_address>0x2d67</run_address>
         <size>0x163</size>
         <input_file_ref idref="fl-5"/>
      </object_component>
      <object_component id="oc-1e9">
         <name>.debug_info</name>
         <load_address>0x2eca</load_address>
         <run_address>0x2eca</run_address>
         <size>0x564</size>
         <input_file_ref idref="fl-6"/>
      </object_component>
      <object_component id="oc-106">
         <name>.debug_info</name>
         <load_address>0x342e</load_address>
         <run_address>0x342e</run_address>
         <size>0x17e</size>
         <input_file_ref idref="fl-6"/>
      </object_component>
      <object_component id="oc-21b">
         <name>.debug_info</name>
         <load_address>0x35ac</load_address>
         <run_address>0x35ac</run_address>
         <size>0x1a7</size>
         <input_file_ref idref="fl-6"/>
      </object_component>
      <object_component id="oc-e9">
         <name>.debug_info</name>
         <load_address>0x3753</load_address>
         <run_address>0x3753</run_address>
         <size>0x1ef</size>
         <input_file_ref idref="fl-6"/>
      </object_component>
      <object_component id="oc-4f">
         <name>.debug_info</name>
         <load_address>0x3942</load_address>
         <run_address>0x3942</run_address>
         <size>0x33c</size>
         <input_file_ref idref="fl-7"/>
      </object_component>
      <object_component id="oc-10">
         <name>.debug_info</name>
         <load_address>0x3c7e</load_address>
         <run_address>0x3c7e</run_address>
         <size>0xd9</size>
         <input_file_ref idref="fl-7"/>
      </object_component>
      <object_component id="oc-25">
         <name>.debug_info</name>
         <load_address>0x3d57</load_address>
         <run_address>0x3d57</run_address>
         <size>0x109</size>
         <input_file_ref idref="fl-7"/>
      </object_component>
      <object_component id="oc-2b">
         <name>.debug_info</name>
         <load_address>0x3e60</load_address>
         <run_address>0x3e60</run_address>
         <size>0xfa</size>
         <input_file_ref idref="fl-7"/>
      </object_component>
      <object_component id="oc-31">
         <name>.debug_info</name>
         <load_address>0x3f5a</load_address>
         <run_address>0x3f5a</run_address>
         <size>0x100</size>
         <input_file_ref idref="fl-7"/>
      </object_component>
      <object_component id="oc-37">
         <name>.debug_info</name>
         <load_address>0x405a</load_address>
         <run_address>0x405a</run_address>
         <size>0x112</size>
         <input_file_ref idref="fl-7"/>
      </object_component>
      <object_component id="oc-1ee">
         <name>.debug_info</name>
         <load_address>0x416c</load_address>
         <run_address>0x416c</run_address>
         <size>0x2f7</size>
         <input_file_ref idref="fl-a"/>
      </object_component>
      <object_component id="oc-341">
         <name>.debug_info</name>
         <load_address>0x4463</load_address>
         <run_address>0x4463</run_address>
         <size>0x1de</size>
         <input_file_ref idref="fl-a"/>
      </object_component>
      <object_component id="oc-32f">
         <name>.debug_info</name>
         <load_address>0x4641</load_address>
         <run_address>0x4641</run_address>
         <size>0x1e6</size>
         <input_file_ref idref="fl-a"/>
      </object_component>
      <object_component id="oc-11c">
         <name>.debug_info</name>
         <load_address>0x4827</load_address>
         <run_address>0x4827</run_address>
         <size>0x23b</size>
         <input_file_ref idref="fl-a"/>
      </object_component>
      <object_component id="oc-41a">
         <name>.debug_info</name>
         <load_address>0x4a62</load_address>
         <run_address>0x4a62</run_address>
         <size>0x267</size>
         <input_file_ref idref="fl-a"/>
      </object_component>
      <object_component id="oc-116">
         <name>.debug_info</name>
         <load_address>0x4cc9</load_address>
         <run_address>0x4cc9</run_address>
         <size>0x212</size>
         <input_file_ref idref="fl-a"/>
      </object_component>
      <object_component id="oc-1dc">
         <name>.debug_info</name>
         <load_address>0x4edb</load_address>
         <run_address>0x4edb</run_address>
         <size>0x110</size>
         <input_file_ref idref="fl-a"/>
      </object_component>
      <object_component id="oc-fc">
         <name>.debug_info</name>
         <load_address>0x4feb</load_address>
         <run_address>0x4feb</run_address>
         <size>0x72a</size>
         <input_file_ref idref="fl-c"/>
      </object_component>
      <object_component id="oc-92">
         <name>.debug_info</name>
         <load_address>0x5715</load_address>
         <run_address>0x5715</run_address>
         <size>0x31b</size>
         <input_file_ref idref="fl-c"/>
      </object_component>
      <object_component id="oc-10c">
         <name>.debug_info</name>
         <load_address>0x5a30</load_address>
         <run_address>0x5a30</run_address>
         <size>0x117</size>
         <input_file_ref idref="fl-c"/>
      </object_component>
      <object_component id="oc-347">
         <name>.debug_info</name>
         <load_address>0x5b47</load_address>
         <run_address>0x5b47</run_address>
         <size>0x117</size>
         <input_file_ref idref="fl-c"/>
      </object_component>
      <object_component id="oc-34a">
         <name>.debug_info</name>
         <load_address>0x5c5e</load_address>
         <run_address>0x5c5e</run_address>
         <size>0x117</size>
         <input_file_ref idref="fl-c"/>
      </object_component>
      <object_component id="oc-122">
         <name>.debug_info</name>
         <load_address>0x5d75</load_address>
         <run_address>0x5d75</run_address>
         <size>0x159</size>
         <input_file_ref idref="fl-c"/>
      </object_component>
      <object_component id="oc-34d">
         <name>.debug_info</name>
         <load_address>0x5ece</load_address>
         <run_address>0x5ece</run_address>
         <size>0x117</size>
         <input_file_ref idref="fl-c"/>
      </object_component>
      <object_component id="oc-350">
         <name>.debug_info</name>
         <load_address>0x5fe5</load_address>
         <run_address>0x5fe5</run_address>
         <size>0x125</size>
         <input_file_ref idref="fl-c"/>
      </object_component>
      <object_component id="oc-353">
         <name>.debug_info</name>
         <load_address>0x610a</load_address>
         <run_address>0x610a</run_address>
         <size>0x119</size>
         <input_file_ref idref="fl-c"/>
      </object_component>
      <object_component id="oc-16a">
         <name>.debug_info</name>
         <load_address>0x6223</load_address>
         <run_address>0x6223</run_address>
         <size>0x441</size>
         <input_file_ref idref="fl-c"/>
      </object_component>
      <object_component id="oc-299">
         <name>.debug_info</name>
         <load_address>0x6664</load_address>
         <run_address>0x6664</run_address>
         <size>0x2a1</size>
         <input_file_ref idref="fl-c"/>
      </object_component>
      <object_component id="oc-170">
         <name>.debug_info</name>
         <load_address>0x6905</load_address>
         <run_address>0x6905</run_address>
         <size>0x20c</size>
         <input_file_ref idref="fl-c"/>
      </object_component>
      <object_component id="oc-37b">
         <name>.debug_info</name>
         <load_address>0x6b11</load_address>
         <run_address>0x6b11</run_address>
         <size>0x1b9</size>
         <input_file_ref idref="fl-c"/>
      </object_component>
      <object_component id="oc-387">
         <name>.debug_info</name>
         <load_address>0x6cca</load_address>
         <run_address>0x6cca</run_address>
         <size>0x27c</size>
         <input_file_ref idref="fl-c"/>
      </object_component>
      <object_component id="oc-9f">
         <name>.debug_info</name>
         <load_address>0x6f46</load_address>
         <run_address>0x6f46</run_address>
         <size>0x2f0</size>
         <input_file_ref idref="fl-c"/>
      </object_component>
      <object_component id="oc-98">
         <name>.debug_info</name>
         <load_address>0x7236</load_address>
         <run_address>0x7236</run_address>
         <size>0x29b</size>
         <input_file_ref idref="fl-c"/>
      </object_component>
      <object_component id="oc-286">
         <name>.debug_info</name>
         <load_address>0x74d1</load_address>
         <run_address>0x74d1</run_address>
         <size>0x213</size>
         <input_file_ref idref="fl-c"/>
      </object_component>
      <object_component id="oc-261">
         <name>.debug_info</name>
         <load_address>0x76e4</load_address>
         <run_address>0x76e4</run_address>
         <size>0x2ee</size>
         <input_file_ref idref="fl-c"/>
      </object_component>
      <object_component id="oc-273">
         <name>.debug_info</name>
         <load_address>0x79d2</load_address>
         <run_address>0x79d2</run_address>
         <size>0x268</size>
         <input_file_ref idref="fl-c"/>
      </object_component>
      <object_component id="oc-35f">
         <name>.debug_info</name>
         <load_address>0x7c3a</load_address>
         <run_address>0x7c3a</run_address>
         <size>0x2ba</size>
         <input_file_ref idref="fl-c"/>
      </object_component>
      <object_component id="oc-381">
         <name>.debug_info</name>
         <load_address>0x7ef4</load_address>
         <run_address>0x7ef4</run_address>
         <size>0x239</size>
         <input_file_ref idref="fl-c"/>
      </object_component>
      <object_component id="oc-25b">
         <name>.debug_info</name>
         <load_address>0x812d</load_address>
         <run_address>0x812d</run_address>
         <size>0x2db</size>
         <input_file_ref idref="fl-c"/>
      </object_component>
      <object_component id="oc-3fa">
         <name>.debug_info</name>
         <load_address>0x8408</load_address>
         <run_address>0x8408</run_address>
         <size>0x1f9</size>
         <input_file_ref idref="fl-c"/>
      </object_component>
      <object_component id="oc-110">
         <name>.debug_info</name>
         <load_address>0x8601</load_address>
         <run_address>0x8601</run_address>
         <size>0x1e4</size>
         <input_file_ref idref="fl-c"/>
      </object_component>
      <object_component id="oc-1c8">
         <name>.debug_info</name>
         <load_address>0x87e5</load_address>
         <run_address>0x87e5</run_address>
         <size>0x169</size>
         <input_file_ref idref="fl-c"/>
      </object_component>
      <object_component id="oc-1d2">
         <name>.debug_info</name>
         <load_address>0x894e</load_address>
         <run_address>0x894e</run_address>
         <size>0x46</size>
         <input_file_ref idref="fl-c"/>
      </object_component>
      <object_component id="oc-104">
         <name>.debug_info</name>
         <load_address>0x8994</load_address>
         <run_address>0x8994</run_address>
         <size>0x38c</size>
         <input_file_ref idref="fl-d"/>
      </object_component>
      <object_component id="oc-95">
         <name>.debug_info</name>
         <load_address>0x8d20</load_address>
         <run_address>0x8d20</run_address>
         <size>0x145</size>
         <input_file_ref idref="fl-d"/>
      </object_component>
      <object_component id="oc-33d">
         <name>.debug_info</name>
         <load_address>0x8e65</load_address>
         <run_address>0x8e65</run_address>
         <size>0x12c</size>
         <input_file_ref idref="fl-d"/>
      </object_component>
      <object_component id="oc-267">
         <name>.debug_info</name>
         <load_address>0x8f91</load_address>
         <run_address>0x8f91</run_address>
         <size>0x2b6</size>
         <input_file_ref idref="fl-d"/>
      </object_component>
      <object_component id="oc-336">
         <name>.debug_info</name>
         <load_address>0x9247</load_address>
         <run_address>0x9247</run_address>
         <size>0x1ec</size>
         <input_file_ref idref="fl-d"/>
      </object_component>
      <object_component id="oc-280">
         <name>.debug_info</name>
         <load_address>0x9433</load_address>
         <run_address>0x9433</run_address>
         <size>0x252</size>
         <input_file_ref idref="fl-d"/>
      </object_component>
      <object_component id="oc-26d">
         <name>.debug_info</name>
         <load_address>0x9685</load_address>
         <run_address>0x9685</run_address>
         <size>0x1fe</size>
         <input_file_ref idref="fl-d"/>
      </object_component>
      <object_component id="oc-279">
         <name>.debug_info</name>
         <load_address>0x9883</load_address>
         <run_address>0x9883</run_address>
         <size>0x1fc</size>
         <input_file_ref idref="fl-d"/>
      </object_component>
      <object_component id="oc-42">
         <name>.debug_info</name>
         <load_address>0x9a7f</load_address>
         <run_address>0x9a7f</run_address>
         <size>0x219</size>
         <input_file_ref idref="fl-d"/>
      </object_component>
      <object_component id="oc-358">
         <name>.debug_info</name>
         <load_address>0x9c98</load_address>
         <run_address>0x9c98</run_address>
         <size>0x20a</size>
         <input_file_ref idref="fl-d"/>
      </object_component>
      <object_component id="oc-3d">
         <name>.debug_info</name>
         <load_address>0x9ea2</load_address>
         <run_address>0x9ea2</run_address>
         <size>0x27d</size>
         <input_file_ref idref="fl-e"/>
      </object_component>
      <object_component id="oc-3e7">
         <name>.debug_info</name>
         <load_address>0xa11f</load_address>
         <run_address>0xa11f</run_address>
         <size>0x39b</size>
         <input_file_ref idref="fl-f"/>
      </object_component>
      <object_component id="oc-43c">
         <name>.debug_info</name>
         <load_address>0xa4ba</load_address>
         <run_address>0xa4ba</run_address>
         <size>0x113</size>
         <input_file_ref idref="fl-f"/>
      </object_component>
      <object_component id="oc-3e1">
         <name>.debug_info</name>
         <load_address>0xa5cd</load_address>
         <run_address>0xa5cd</run_address>
         <size>0x113</size>
         <input_file_ref idref="fl-f"/>
      </object_component>
      <object_component id="oc-3e4">
         <name>.debug_info</name>
         <load_address>0xa6e0</load_address>
         <run_address>0xa6e0</run_address>
         <size>0x10f</size>
         <input_file_ref idref="fl-f"/>
      </object_component>
      <object_component id="oc-3de">
         <name>.debug_info</name>
         <load_address>0xa7ef</load_address>
         <run_address>0xa7ef</run_address>
         <size>0x12d</size>
         <input_file_ref idref="fl-f"/>
      </object_component>
      <object_component id="oc-322">
         <name>.debug_info</name>
         <load_address>0xa91c</load_address>
         <run_address>0xa91c</run_address>
         <size>0x3a5</size>
         <input_file_ref idref="fl-f"/>
      </object_component>
      <object_component id="oc-328">
         <name>.debug_info</name>
         <load_address>0xacc1</load_address>
         <run_address>0xacc1</run_address>
         <size>0x2b3</size>
         <input_file_ref idref="fl-f"/>
      </object_component>
      <object_component id="oc-3d8">
         <name>.debug_info</name>
         <load_address>0xaf74</load_address>
         <run_address>0xaf74</run_address>
         <size>0x236</size>
         <input_file_ref idref="fl-f"/>
      </object_component>
      <object_component id="oc-443">
         <name>.debug_info</name>
         <load_address>0xb1aa</load_address>
         <run_address>0xb1aa</run_address>
         <size>0x62</size>
         <input_file_ref idref="fl-f"/>
      </object_component>
      <object_component id="oc-410">
         <name>.debug_info</name>
         <load_address>0xb20c</load_address>
         <run_address>0xb20c</run_address>
         <size>0x2b6</size>
         <input_file_ref idref="fl-10"/>
      </object_component>
      <object_component id="oc-3c3">
         <name>.debug_info</name>
         <load_address>0xb4c2</load_address>
         <run_address>0xb4c2</run_address>
         <size>0xf7</size>
         <input_file_ref idref="fl-10"/>
      </object_component>
      <object_component id="oc-45a">
         <name>.debug_info</name>
         <load_address>0xb5b9</load_address>
         <run_address>0xb5b9</run_address>
         <size>0xf1</size>
         <input_file_ref idref="fl-10"/>
      </object_component>
      <object_component id="oc-3c9">
         <name>.debug_info</name>
         <load_address>0xb6aa</load_address>
         <run_address>0xb6aa</run_address>
         <size>0xff</size>
         <input_file_ref idref="fl-10"/>
      </object_component>
      <object_component id="oc-3c0">
         <name>.debug_info</name>
         <load_address>0xb7a9</load_address>
         <run_address>0xb7a9</run_address>
         <size>0x103</size>
         <input_file_ref idref="fl-10"/>
      </object_component>
      <object_component id="oc-2fd">
         <name>.debug_info</name>
         <load_address>0xb8ac</load_address>
         <run_address>0xb8ac</run_address>
         <size>0x254</size>
         <input_file_ref idref="fl-10"/>
      </object_component>
      <object_component id="oc-44f">
         <name>.debug_info</name>
         <load_address>0xbb00</load_address>
         <run_address>0xbb00</run_address>
         <size>0x1f1</size>
         <input_file_ref idref="fl-10"/>
      </object_component>
      <object_component id="oc-3c5">
         <name>.debug_info</name>
         <load_address>0xbcf1</load_address>
         <run_address>0xbcf1</run_address>
         <size>0x250</size>
         <input_file_ref idref="fl-10"/>
      </object_component>
      <object_component id="oc-40a">
         <name>.debug_info</name>
         <load_address>0xbf41</load_address>
         <run_address>0xbf41</run_address>
         <size>0x351</size>
         <input_file_ref idref="fl-10"/>
      </object_component>
      <object_component id="oc-371">
         <name>.debug_info</name>
         <load_address>0xc292</load_address>
         <run_address>0xc292</run_address>
         <size>0x1bc</size>
         <input_file_ref idref="fl-10"/>
      </object_component>
      <object_component id="oc-455">
         <name>.debug_info</name>
         <load_address>0xc44e</load_address>
         <run_address>0xc44e</run_address>
         <size>0x13a</size>
         <input_file_ref idref="fl-cc"/>
      </object_component>
      <object_component id="oc-5c">
         <name>.debug_info</name>
         <load_address>0xc588</load_address>
         <run_address>0xc588</run_address>
         <size>0x111</size>
         <input_file_ref idref="fl-ce"/>
      </object_component>
      <object_component id="oc-dd">
         <name>.debug_info</name>
         <load_address>0xc699</load_address>
         <run_address>0xc699</run_address>
         <size>0x13f</size>
         <input_file_ref idref="fl-cf"/>
      </object_component>
      <object_component id="oc-db">
         <name>.debug_info</name>
         <load_address>0xc7d8</load_address>
         <run_address>0xc7d8</run_address>
         <size>0x313</size>
         <input_file_ref idref="fl-d0"/>
      </object_component>
      <object_component id="oc-6e">
         <name>.debug_info</name>
         <load_address>0xcaeb</load_address>
         <run_address>0xcaeb</run_address>
         <size>0x1aa</size>
         <input_file_ref idref="fl-d0"/>
      </object_component>
      <object_component id="oc-d6">
         <name>.debug_info</name>
         <load_address>0xcc95</load_address>
         <run_address>0xcc95</run_address>
         <size>0x46</size>
         <input_file_ref idref="fl-d0"/>
      </object_component>
      <object_component id="oc-148">
         <name>.debug_info</name>
         <load_address>0xccdb</load_address>
         <run_address>0xccdb</run_address>
         <size>0x2c</size>
         <input_file_ref idref="fl-d0"/>
      </object_component>
      <object_component id="oc-66">
         <name>.debug_info</name>
         <load_address>0xcd07</load_address>
         <run_address>0xcd07</run_address>
         <size>0x29d</size>
         <input_file_ref idref="fl-d1"/>
      </object_component>
      <object_component id="oc-19">
         <name>.debug_info</name>
         <load_address>0xcfa4</load_address>
         <run_address>0xcfa4</run_address>
         <size>0x1df</size>
         <input_file_ref idref="fl-d1"/>
      </object_component>
      <object_component id="oc-61">
         <name>.debug_info</name>
         <load_address>0xd183</load_address>
         <run_address>0xd183</run_address>
         <size>0x46</size>
         <input_file_ref idref="fl-d1"/>
      </object_component>
      <object_component id="oc-ce">
         <name>.debug_info</name>
         <load_address>0xd1c9</load_address>
         <run_address>0xd1c9</run_address>
         <size>0x2c</size>
         <input_file_ref idref="fl-d1"/>
      </object_component>
      <object_component id="oc-cc">
         <name>.debug_info</name>
         <load_address>0xd1f5</load_address>
         <run_address>0xd1f5</run_address>
         <size>0x293</size>
         <input_file_ref idref="fl-d2"/>
      </object_component>
      <object_component id="oc-13">
         <name>.debug_info</name>
         <load_address>0xd488</load_address>
         <run_address>0xd488</run_address>
         <size>0x245</size>
         <input_file_ref idref="fl-d2"/>
      </object_component>
      <object_component id="oc-51">
         <name>.debug_info</name>
         <load_address>0xd6cd</load_address>
         <run_address>0xd6cd</run_address>
         <size>0x60</size>
         <input_file_ref idref="fl-d2"/>
      </object_component>
      <object_component id="oc-141">
         <name>.debug_info</name>
         <load_address>0xd72d</load_address>
         <run_address>0xd72d</run_address>
         <size>0x46</size>
         <input_file_ref idref="fl-d2"/>
      </object_component>
      <object_component id="oc-c7">
         <name>.debug_info</name>
         <load_address>0xd773</load_address>
         <run_address>0xd773</run_address>
         <size>0x39</size>
         <input_file_ref idref="fl-d2"/>
      </object_component>
      <object_component id="oc-22">
         <name>.debug_info</name>
         <load_address>0xd7ac</load_address>
         <run_address>0xd7ac</run_address>
         <size>0x100</size>
         <input_file_ref idref="fl-d3"/>
      </object_component>
      <object_component id="oc-7b">
         <name>.debug_info</name>
         <load_address>0xd8ac</load_address>
         <run_address>0xd8ac</run_address>
         <size>0x1a4</size>
         <input_file_ref idref="fl-d3"/>
      </object_component>
      <object_component id="oc-189">
         <name>.debug_info</name>
         <load_address>0xda50</load_address>
         <run_address>0xda50</run_address>
         <size>0x117</size>
         <input_file_ref idref="fl-d4"/>
      </object_component>
      <object_component id="oc-466">
         <name>.debug_info</name>
         <load_address>0xdb67</load_address>
         <run_address>0xdb67</run_address>
         <size>0x10d</size>
         <input_file_ref idref="fl-d7"/>
      </object_component>
      <object_component id="oc-2c9">
         <name>.debug_info</name>
         <load_address>0xdc74</load_address>
         <run_address>0xdc74</run_address>
         <size>0x547</size>
         <input_file_ref idref="fl-d8"/>
      </object_component>
      <object_component id="oc-197">
         <name>.debug_info</name>
         <load_address>0xe1bb</load_address>
         <run_address>0xe1bb</run_address>
         <size>0x19b</size>
         <input_file_ref idref="fl-d8"/>
      </object_component>
      <object_component id="oc-3a9">
         <name>.debug_info</name>
         <load_address>0xe356</load_address>
         <run_address>0xe356</run_address>
         <size>0x39</size>
         <input_file_ref idref="fl-d8"/>
      </object_component>
      <object_component id="oc-425">
         <name>.debug_info</name>
         <load_address>0xe38f</load_address>
         <run_address>0xe38f</run_address>
         <size>0x39</size>
         <input_file_ref idref="fl-d8"/>
      </object_component>
      <object_component id="oc-3ae">
         <name>.debug_info</name>
         <load_address>0xe3c8</load_address>
         <run_address>0xe3c8</run_address>
         <size>0x39</size>
         <input_file_ref idref="fl-d8"/>
      </object_component>
      <object_component id="oc-3b3">
         <name>.debug_info</name>
         <load_address>0xe401</load_address>
         <run_address>0xe401</run_address>
         <size>0xcd</size>
         <input_file_ref idref="fl-d8"/>
      </object_component>
      <object_component id="oc-e6">
         <name>.debug_info</name>
         <load_address>0xe4ce</load_address>
         <run_address>0xe4ce</run_address>
         <size>0x148</size>
         <input_file_ref idref="fl-d9"/>
      </object_component>
      <object_component id="oc-130">
         <name>.debug_info</name>
         <load_address>0xe616</load_address>
         <run_address>0xe616</run_address>
         <size>0x227</size>
         <input_file_ref idref="fl-db"/>
      </object_component>
      <object_component id="oc-30e">
         <name>.debug_info</name>
         <load_address>0xe83d</load_address>
         <run_address>0xe83d</run_address>
         <size>0x156</size>
         <input_file_ref idref="fl-db"/>
      </object_component>
      <object_component id="oc-af">
         <name>.debug_info</name>
         <load_address>0xe993</load_address>
         <run_address>0xe993</run_address>
         <size>0x286</size>
         <input_file_ref idref="fl-db"/>
      </object_component>
      <object_component id="oc-31c">
         <name>.debug_info</name>
         <load_address>0xec19</load_address>
         <run_address>0xec19</run_address>
         <size>0x2dd</size>
         <input_file_ref idref="fl-db"/>
      </object_component>
      <object_component id="oc-254">
         <name>.debug_info</name>
         <load_address>0xeef6</load_address>
         <run_address>0xeef6</run_address>
         <size>0x413</size>
         <input_file_ref idref="fl-db"/>
      </object_component>
      <object_component id="oc-406">
         <name>.debug_info</name>
         <load_address>0xf309</load_address>
         <run_address>0xf309</run_address>
         <size>0x2de</size>
         <input_file_ref idref="fl-db"/>
      </object_component>
      <object_component id="oc-36e">
         <name>.debug_info</name>
         <load_address>0xf5e7</load_address>
         <run_address>0xf5e7</run_address>
         <size>0x3e8</size>
         <input_file_ref idref="fl-db"/>
      </object_component>
      <object_component id="oc-a8">
         <name>.debug_info</name>
         <load_address>0xf9cf</load_address>
         <run_address>0xf9cf</run_address>
         <size>0x28c</size>
         <input_file_ref idref="fl-db"/>
      </object_component>
      <object_component id="oc-241">
         <name>.debug_info</name>
         <load_address>0xfc5b</load_address>
         <run_address>0xfc5b</run_address>
         <size>0x28a</size>
         <input_file_ref idref="fl-db"/>
      </object_component>
      <object_component id="oc-b4">
         <name>.debug_info</name>
         <load_address>0xfee5</load_address>
         <run_address>0xfee5</run_address>
         <size>0x286</size>
         <input_file_ref idref="fl-db"/>
      </object_component>
      <object_component id="oc-230">
         <name>.debug_info</name>
         <load_address>0x1016b</load_address>
         <run_address>0x1016b</run_address>
         <size>0x26c</size>
         <input_file_ref idref="fl-db"/>
      </object_component>
      <object_component id="oc-24e">
         <name>.debug_info</name>
         <load_address>0x103d7</load_address>
         <run_address>0x103d7</run_address>
         <size>0x242</size>
         <input_file_ref idref="fl-db"/>
      </object_component>
      <object_component id="oc-23c">
         <name>.debug_info</name>
         <load_address>0x10619</load_address>
         <run_address>0x10619</run_address>
         <size>0x360</size>
         <input_file_ref idref="fl-db"/>
      </object_component>
      <object_component id="oc-12b">
         <name>.debug_info</name>
         <load_address>0x10979</load_address>
         <run_address>0x10979</run_address>
         <size>0x1b3</size>
         <input_file_ref idref="fl-db"/>
      </object_component>
      <object_component id="oc-126">
         <name>.debug_info</name>
         <load_address>0x10b2c</load_address>
         <run_address>0x10b2c</run_address>
         <size>0x18b</size>
         <input_file_ref idref="fl-db"/>
      </object_component>
      <object_component id="oc-20c">
         <name>.debug_info</name>
         <load_address>0x10cb7</load_address>
         <run_address>0x10cb7</run_address>
         <size>0x240</size>
         <input_file_ref idref="fl-dc"/>
      </object_component>
      <object_component id="oc-304">
         <name>.debug_info</name>
         <load_address>0x10ef7</load_address>
         <run_address>0x10ef7</run_address>
         <size>0x15b</size>
         <input_file_ref idref="fl-dc"/>
      </object_component>
      <object_component id="oc-2b8">
         <name>.debug_info</name>
         <load_address>0x11052</load_address>
         <run_address>0x11052</run_address>
         <size>0x2a3</size>
         <input_file_ref idref="fl-dc"/>
      </object_component>
      <object_component id="oc-206">
         <name>.debug_info</name>
         <load_address>0x112f5</load_address>
         <run_address>0x112f5</run_address>
         <size>0x2b3</size>
         <input_file_ref idref="fl-dc"/>
      </object_component>
      <object_component id="oc-200">
         <name>.debug_info</name>
         <load_address>0x115a8</load_address>
         <run_address>0x115a8</run_address>
         <size>0x316</size>
         <input_file_ref idref="fl-dc"/>
      </object_component>
      <object_component id="oc-2f7">
         <name>.debug_info</name>
         <load_address>0x118be</load_address>
         <run_address>0x118be</run_address>
         <size>0x27b</size>
         <input_file_ref idref="fl-dc"/>
      </object_component>
      <object_component id="oc-158">
         <name>.debug_info</name>
         <load_address>0x11b39</load_address>
         <run_address>0x11b39</run_address>
         <size>0x2b7</size>
         <input_file_ref idref="fl-dc"/>
      </object_component>
      <object_component id="oc-214">
         <name>.debug_info</name>
         <load_address>0x11df0</load_address>
         <run_address>0x11df0</run_address>
         <size>0x285</size>
         <input_file_ref idref="fl-dc"/>
      </object_component>
[...]
               <logical_group_ref idref="lg-b"/>
            </allocated_space>
            <allocated_space>
               <start_address>0x20007730</start_address>
               <size>0x200</size>
               <logical_group_ref idref="lg-d"/>
            </allocated_space>
            <allocated_space>
               <start_address>0x20007930</start_address>
               <size>0x54</size>
               <logical_group_ref idref="lg-a"/>
            </allocated_space>
            <available_space>
               <start_address>0x20007984</start_address>
               <size>0x67c</size>
            </available_space>
         </usage_details>
      </memory_area>
   </placement_map>
   <cptbl_list>
      <cptbl>
         <name>__TI_cinit_table</name>
         <cprec>
            <name>.data</name>
            <load_address>0x2448</load_address>
            <load_size>0x16</load_size>
            <run_address>0x20007930</run_address>
            <run_size>0x54</run_size>
            <compression>lzss</compression>
         </cprec>
         <cprec>
            <name>.bss</name>
            <load_address>0x2470</load_address>
            <load_size>0x8</load_size>
            <run_address>0x20000000</run_address>
            <run_size>0x7730</run_size>
            <compression>zero_init</compression>
         </cprec>
      </cptbl>
   </cptbl_list>
   <handler_table>
      <handler_table_name>__TI_handler_table</handler_table_name>
      <handler>
         <index>0x0</index>
         <name>__TI_decompress_lzss</name>
      </handler>
      <handler>
         <index>0x1</index>
         <name>__TI_decompress_none</name>
      </handler>
      <handler>
         <index>0x2</index>
         <name>__TI_zero_init</name>
      </handler>
   </handler_table>
   <symbol_table>
      <symbol id="sm-1">
         <name>__STACK_TOP</name>
         <value>0x20007930</value>
      </symbol>
      <symbol id="sm-2">
         <name>__TI_CINIT_Base</name>
         <value>0x2478</value>
      </symbol>
      <symbol id="sm-3">
         <name>__TI_CINIT_Limit</name>
         <value>0x2488</value>
      </symbol>
      <symbol id="sm-4">
         <name>__TI_Handler_Table_Base</name>
         <value>0x2460</value>
      </symbol>
      <symbol id="sm-5">
         <name>__TI_Handler_Table_Limit</name>
         <value>0x246c</value>
      </symbol>
      <symbol id="sm-6">
         <name>binit</name>
         <value>0xffffffff</value>
      </symbol>
      <symbol id="sm-7">
         <name>__binit__</name>
         <value>0xffffffff</value>
      </symbol>
      <symbol id="sm-8">
         <name>__STACK_SIZE</name>
         <value>0x200</value>
      </symbol>
      <symbol id="sm-9">
         <name>__STACK_END</name>
         <value>0x20007930</value>
      </symbol>
      <symbol id="sm-a">
         <name>__c_args__</name>
         <value>0xffffffff</value>
      </symbol>
      <symbol id="sm-b">
         <name>__TI_pprof_out_hndl</name>
         <value>0xffffffff</value>
      </symbol>
      <symbol id="sm-c">
         <name>__TI_prof_data_start</name>
         <value>0xffffffff</value>
      </symbol>
      <symbol id="sm-d">
         <name>__TI_prof_data_size</name>
         <value>0xffffffff</value>
      </symbol>
      <symbol id="sm-53">
         <name>Get_BUTTON</name>
         <value>0x2075</value>
         <object_component_ref idref="oc-2b0"/>
      </symbol>
      <symbol id="sm-54">
         <name>BUTTON_Init</name>
         <value>0x1ee9</value>
         <object_component_ref idref="oc-15d"/>
      </symbol>
      <symbol id="sm-de">
         <name>Button_Task</name>
         <value>0x1ce9</value>
         <object_component_ref idref="oc-17b"/>
      </symbol>
      <symbol id="sm-df">
         <name>guard_flag</name>
         <value>0x20007963</value>
         <object_component_ref idref="oc-29e"/>
      </symbol>
      <symbol id="sm-e0">
         <name>token_flag</name>
         <value>0x20007964</value>
         <object_component_ref idref="oc-29e"/>
      </symbol>
      <symbol id="sm-e1">
         <name>Led_Task</name>
         <value>0x1b69</value>
         <object_component_ref idref="oc-181"/>
      </symbol>
      <symbol id="sm-e2">
         <name>Reverse_Counter</name>
         <value>0x20007961</value>
         <object_component_ref idref="oc-29e"/>
      </symbol>
      <symbol id="sm-e3">
         <name>Led_flag</name>
         <value>0x20007965</value>
         <object_component_ref idref="oc-29e"/>
      </symbol>
      <symbol id="sm-e4">
         <name>FSM_Task</name>
         <value>0x579</value>
         <object_component_ref idref="oc-175"/>
      </symbol>
      <symbol id="sm-e5">
         <name>counter</name>
         <value>0x20007967</value>
         <object_component_ref idref="oc-29e"/>
      </symbol>
      <symbol id="sm-e6">
         <name>count</name>
         <value>0x20007962</value>
         <object_component_ref idref="oc-29e"/>
      </symbol>
      <symbol id="sm-e7">
         <name>Reverse_Sending</name>
         <value>0x20007960</value>
         <object_component_ref idref="oc-29e"/>
      </symbol>
      <symbol id="sm-e8">
         <name>Node_arr</name>
         <value>0x20007979</value>
         <object_component_ref idref="oc-2a1"/>
      </symbol>
      <symbol id="sm-e9">
         <name>send_flag</name>
         <value>0x20007966</value>
         <object_component_ref idref="oc-29e"/>
      </symbol>
      <symbol id="sm-14d">
         <name>Can_Transmit</name>
         <value>0x1b11</value>
         <object_component_ref idref="oc-28c"/>
      </symbol>
      <symbol id="sm-14e">
         <name>Can_Receive</name>
         <value>0x19a1</value>
         <object_component_ref idref="oc-292"/>
      </symbol>
      <symbol id="sm-14f">
         <name>CANIntHandler</name>
         <value>0x18e1</value>
         <object_component_ref idref="oc-47"/>
      </symbol>
      <symbol id="sm-150">
         <name>Can_Init</name>
         <value>0x1259</value>
         <object_component_ref idref="oc-163"/>
      </symbol>
      <symbol id="sm-151">
         <name>Rx_flag</name>
         <value>0x2000797e</value>
         <object_component_ref idref="oc-b7"/>
      </symbol>
      <symbol id="sm-152">
         <name>g_bErrFlag</name>
         <value>0x2000797d</value>
         <object_component_ref idref="oc-b7"/>
      </symbol>
      <symbol id="sm-181">
         <name>vApplicationStackOverflowHook</name>
         <value>0x2255</value>
         <object_component_ref idref="oc-105"/>
      </symbol>
      <symbol id="sm-182">
         <name>main</name>
         <value>0x10e1</value>
         <object_component_ref idref="oc-e8"/>
      </symbol>
      <symbol id="sm-183">
         <name>InitConsole</name>
         <value>0x1c0d</value>
         <object_component_ref idref="oc-21a"/>
      </symbol>
      <symbol id="sm-1b4">
         <name>ResetISR</name>
         <value>0x2273</value>
         <object_component_ref idref="oc-24"/>
      </symbol>
      <symbol id="sm-1b5">
         <name>g_pfnVectors</name>
         <value>0x0</value>
         <object_component_ref idref="oc-f"/>
      </symbol>
      <symbol id="sm-1ee">
         <name>uxListRemove</name>
         <value>0x1ca1</value>
         <object_component_ref idref="oc-115"/>
      </symbol>
      <symbol id="sm-1ef">
         <name>vListInsert</name>
         <value>0x1879</value>
         <object_component_ref idref="oc-419"/>
      </symbol>
      <symbol id="sm-1f0">
         <name>vListInitialiseItem</name>
         <value>0x220f</value>
         <object_component_ref idref="oc-32e"/>
      </symbol>
      <symbol id="sm-1f1">
         <name>vListInsertEnd</name>
         <value>0x1e71</value>
         <object_component_ref idref="oc-11b"/>
      </symbol>
      <symbol id="sm-1f2">
         <name>vListInitialise</name>
         <value>0x1fc5</value>
         <object_component_ref idref="oc-340"/>
      </symbol>
      <symbol id="sm-345">
         <name>vTaskDelay</name>
         <value>0x166d</value>
         <object_component_ref idref="oc-298"/>
      </symbol>
      <symbol id="sm-346">
         <name>vTaskSuspendAll</name>
         <value>0x2221</value>
         <object_component_ref idref="oc-37a"/>
      </symbol>
      <symbol id="sm-347">
         <name>vTaskStartScheduler</name>
         <value>0x1591</value>
         <object_component_ref idref="oc-16f"/>
      </symbol>
      <symbol id="sm-348">
         <name>xTaskResumeAll</name>
         <value>0xf2d</value>
         <object_component_ref idref="oc-386"/>
      </symbol>
      <symbol id="sm-349">
         <name>xTaskGenericCreate</name>
         <value>0x9ed</value>
         <object_component_ref idref="oc-169"/>
      </symbol>
      <symbol id="sm-34a">
         <name>pxCurrentTCB</name>
         <value>0x20007930</value>
         <object_component_ref idref="oc-91"/>
      </symbol>
      <symbol id="sm-34b">
         <name>xTaskIncrementTick</name>
         <value>0xe35</value>
         <object_component_ref idref="oc-9e"/>
      </symbol>
      <symbol id="sm-34c">
         <name>vTaskSwitchContext</name>
         <value>0x11a1</value>
         <object_component_ref idref="oc-97"/>
      </symbol>
      <symbol id="sm-3aa">
         <name>ulMaxSyscallInterruptPriority</name>
         <value>0x2440</value>
         <object_component_ref idref="oc-94"/>
      </symbol>
      <symbol id="sm-3ab">
         <name>vPortSetupTimerInterrupt</name>
         <value>0x219d</value>
         <object_component_ref idref="oc-357"/>
      </symbol>
      <symbol id="sm-3ac">
         <name>xPortSysTickHandler</name>
         <value>0x1ff5</value>
         <object_component_ref idref="oc-41"/>
      </symbol>
      <symbol id="sm-3ad">
         <name>pxPortInitialiseStack</name>
         <value>0x1ab5</value>
         <object_component_ref idref="oc-266"/>
      </symbol>
      <symbol id="sm-3ae">
         <name>vPortExitCritical</name>
         <value>0x2169</value>
         <object_component_ref idref="oc-278"/>
      </symbol>
      <symbol id="sm-3af">
         <name>xPortStartScheduler</name>
         <value>0x1d71</value>
         <object_component_ref idref="oc-27f"/>
      </symbol>
      <symbol id="sm-3b0">
         <name>vPortEnterCritical</name>
         <value>0x20e1</value>
         <object_component_ref idref="oc-26c"/>
      </symbol>
      <symbol id="sm-3bf">
         <name>vPortStartFirstTask</name>
         <value>0x10b5</value>
         <object_component_ref idref="oc-3c"/>
      </symbol>
      <symbol id="sm-3c0">
         <name>ulPortGetIPSR</name>
         <value>0x101d</value>
         <object_component_ref idref="oc-3c"/>
      </symbol>
      <symbol id="sm-3c1">
         <name>vPortEnableVFP</name>
         <value>0x10d1</value>
         <object_component_ref idref="oc-3c"/>
      </symbol>
      <symbol id="sm-3c2">
         <name>xPortPendSVHandler</name>
         <value>0x1035</value>
         <object_component_ref idref="oc-3c"/>
      </symbol>
      <symbol id="sm-3c3">
         <name>vPortSVCHandler</name>
         <value>0x1095</value>
         <object_component_ref idref="oc-3c"/>
      </symbol>
      <symbol id="sm-41c">
         <name>pvPortMalloc</name>
         <value>0xd2d</value>
         <object_component_ref idref="oc-321"/>
      </symbol>
      <symbol id="sm-41d">
         <name>vPortFree</name>
         <value>0x1811</value>
         <object_component_ref idref="oc-327"/>
      </symbol>
      <symbol id="sm-49f">
         <name>UARTStdioConfig</name>
         <value>0x14a9</value>
         <object_component_ref idref="oc-2fc"/>
      </symbol>
      <symbol id="sm-4a0">
         <name>UARTwrite</name>
         <value>0x19fd</value>
         <object_component_ref idref="oc-44e"/>
      </symbol>
      <symbol id="sm-4a1">
         <name>UARTprintf</name>
         <value>0x2099</value>
         <object_component_ref idref="oc-370"/>
      </symbol>
      <symbol id="sm-4a2">
         <name>UARTvprintf</name>
         <value>0x26d</value>
         <object_component_ref idref="oc-409"/>
      </symbol>
      <symbol id="sm-4b2">
         <name>__aeabi_uidivmod</name>
         <value>0x1df5</value>
         <object_component_ref idref="oc-454"/>
      </symbol>
      <symbol id="sm-4b3">
         <name>__aeabi_uidiv</name>
         <value>0x1df5</value>
         <object_component_ref idref="oc-454"/>
      </symbol>
      <symbol id="sm-4cf">
         <name>memcpy</name>
         <value>0x12f9</value>
         <object_component_ref idref="oc-5b"/>
      </symbol>
      <symbol id="sm-4d0">
         <name>__aeabi_memcpy</name>
         <value>0x12f9</value>
         <object_component_ref idref="oc-5b"/>
      </symbol>
      <symbol id="sm-4d1">
         <name>__aeabi_memcpy8</name>
         <value>0x12f9</value>
         <object_component_ref idref="oc-5b"/>
      </symbol>
      <symbol id="sm-4d2">
         <name>__aeabi_memcpy4</name>
         <value>0x12f9</value>
         <object_component_ref idref="oc-5b"/>
      </symbol>
      <symbol id="sm-4e1">
         <name>__aeabi_memset</name>
         <value>0x1431</value>
         <object_component_ref idref="oc-dc"/>
      </symbol>
      <symbol id="sm-4e2">
         <name>memset</name>
         <value>0x1437</value>
         <object_component_ref idref="oc-dc"/>
      </symbol>
      <symbol id="sm-4e3">
         <name>__aeabi_memset8</name>
         <value>0x1431</value>
         <object_component_ref idref="oc-dc"/>
      </symbol>
      <symbol id="sm-4e4">
         <name>__aeabi_memset4</name>
         <value>0x1431</value>
         <object_component_ref idref="oc-dc"/>
      </symbol>
      <symbol id="sm-4e5">
         <name>__aeabi_memclr8</name>
         <value>0x142f</value>
         <object_component_ref idref="oc-dc"/>
      </symbol>
      <symbol id="sm-4e6">
         <name>__aeabi_memclr4</name>
         <value>0x142f</value>
         <object_component_ref idref="oc-dc"/>
      </symbol>
      <symbol id="sm-4e7">
         <name>__aeabi_memclr</name>
         <value>0x142f</value>
         <object_component_ref idref="oc-dc"/>
      </symbol>
      <symbol id="sm-4fe">
         <name>__TI_zero_init</name>
         <value>0x223f</value>
         <object_component_ref idref="oc-6d"/>
      </symbol>
      <symbol id="sm-515">
         <name>__TI_decompress_none</name>
         <value>0x2231</value>
         <object_component_ref idref="oc-18"/>
      </symbol>
      <symbol id="sm-538">
         <name>__TI_decompress_lzss</name>
         <value>0x1741</value>
         <object_component_ref idref="oc-12"/>
      </symbol>
      <symbol id="sm-54b">
         <name>__stack</name>
         <value>0x20007730</value>
         <object_component_ref idref="oc-21"/>
      </symbol>
      <symbol id="sm-54c">
         <name>_c_int00_noargs</name>
         <value>0x1f59</value>
         <object_component_ref idref="oc-79"/>
      </symbol>
      <symbol id="sm-557">
         <name>C$$EXIT</name>
         <value>0x2283</value>
         <object_component_ref idref="oc-188"/>
      </symbol>
      <symbol id="sm-558">
         <name>abort</name>
         <value>0x2283</value>
         <object_component_ref idref="oc-188"/>
      </symbol>
      <symbol id="sm-564">
         <name>__aeabi_idiv0</name>
         <value>0x199f</value>
         <object_component_ref idref="oc-463"/>
      </symbol>
      <symbol id="sm-565">
         <name>__aeabi_ldiv0</name>
         <value>0x199f</value>
         <object_component_ref idref="oc-463"/>
      </symbol>
      <symbol id="sm-58d">
         <name>__TI_auto_init_nobinit_nopinit</name>
         <value>0x1d2d</value>
         <object_component_ref idref="oc-194"/>
      </symbol>
      <symbol id="sm-597">
         <name>_system_pre_init</name>
         <value>0x227f</value>
         <object_component_ref idref="oc-e2"/>
      </symbol>
      <symbol id="sm-63f">
         <name>CANMessageGet</name>
         <value>0xc1d</value>
         <object_component_ref idref="oc-36a"/>
      </symbol>
      <symbol id="sm-640">
         <name>CANBitRateSet</name>
         <value>0x1601</value>
         <object_component_ref idref="oc-238"/>
      </symbol>
      <symbol id="sm-641">
         <name>CANEnable</name>
         <value>0x224b</value>
         <object_component_ref idref="oc-24a"/>
      </symbol>
      <symbol id="sm-642">
         <name>CANStatusGet</name>
         <value>0x1db5</value>
         <object_component_ref idref="oc-ab"/>
      </symbol>
      <symbol id="sm-643">
         <name>CANMessageSet</name>
         <value>0x785</value>
         <object_component_ref idref="oc-250"/>
      </symbol>
      <symbol id="sm-644">
         <name>CANIntClear</name>
         <value>0x2105</value>
         <object_component_ref idref="oc-b1"/>
      </symbol>
      <symbol id="sm-645">
         <name>CANIntStatus</name>
         <value>0x2127</value>
         <object_component_ref idref="oc-a5"/>
      </symbol>
      <symbol id="sm-646">
         <name>CANInit</name>
         <value>0x1ead</value>
         <object_component_ref idref="oc-22c"/>
      </symbol>
      <symbol id="sm-647">
         <name>CANIntEnable</name>
         <value>0x225f</value>
         <object_component_ref idref="oc-23e"/>
      </symbol>
      <symbol id="sm-6a1">
         <name>GPIOPinConfigure</name>
         <value>0x1c59</value>
         <object_component_ref idref="oc-220"/>
      </symbol>
      <symbol id="sm-6a2">
         <name>GPIOPinTypeGPIOInput</name>
         <value>0x21db</value>
         <object_component_ref idref="oc-213"/>
      </symbol>
      <symbol id="sm-6a3">
         <name>GPIOPinTypeUART</name>
         <value>0x21ed</value>
         <object_component_ref idref="oc-2f6"/>
      </symbol>
      <symbol id="sm-6a4">
         <name>GPIOPinTypeGPIOOutput</name>
         <value>0x2185</value>
         <object_component_ref idref="oc-157"/>
      </symbol>
      <symbol id="sm-6a5">
         <name>GPIOPinRead</name>
         <value>0x2267</value>
         <object_component_ref idref="oc-391"/>
      </symbol>
      <symbol id="sm-6a6">
         <name>GPIODirModeSet</name>
         <value>0x2021</value>
         <object_component_ref idref="oc-205"/>
      </symbol>
      <symbol id="sm-6a7">
         <name>GPIOPinWrite</name>
         <value>0x226d</value>
         <object_component_ref idref="oc-2b7"/>
      </symbol>
      <symbol id="sm-6a8">
         <name>GPIOPadConfigSet</name>
         <value>0x8bb</value>
         <object_component_ref idref="oc-1ff"/>
      </symbol>
      <symbol id="sm-6a9">
         <name>GPIOPinTypeCAN</name>
         <value>0x21c9</value>
         <object_component_ref idref="oc-226"/>
      </symbol>
      <symbol id="sm-6d0">
         <name>IntEnable</name>
         <value>0x16d9</value>
         <object_component_ref idref="oc-244"/>
      </symbol>
      <symbol id="sm-715">
         <name>SysCtlPeripheralEnable</name>
         <value>0x1f91</value>
         <object_component_ref idref="oc-151"/>
      </symbol>
      <symbol id="sm-716">
         <name>SysCtlClockGet</name>
         <value>0xb0d</value>
         <object_component_ref idref="oc-232"/>
      </symbol>
      <symbol id="sm-717">
         <name>SysCtlPeripheralReady</name>
         <value>0x1f21</value>
         <object_component_ref idref="oc-20d"/>
      </symbol>
      <symbol id="sm-724">
         <name>UARTClockSourceSet</name>
         <value>0x2279</value>
         <object_component_ref idref="oc-2f0"/>
      </symbol>
      <symbol id="sm-726">
         <name>__TI_static_base__</name>
         <value>0x0</value>
      </symbol>
      <symbol id="sm-729">
         <name>__mpu_init</name>
         <value>0x0</value>
      </symbol>
      <symbol id="sm-72a">
         <name>_system_post_cinit</name>
         <value>0x0</value>
      </symbol>
   </symbol_table>
   <title>Link successful</title>
</link_info>
