******************************************************************************
                  TI ARM Linker PC v18.1.1                     
******************************************************************************
>> Linked Tue Apr  9 12:11:24 2019

OUTPUT FILE NAME:   <CAN_TESTING.out>
ENTRY POINT SYMBOL: "_c_int00_noargs"  address: 00001f59


MEMORY CONFIGURATION

         name            origin    length      used     unused   attr    fill
----------------------  --------  ---------  --------  --------  ----  --------
  FLASH                 00000000   00040000  00002486  0003db7a  R  X
  SRAM                  20000000   00008000  00007984  0000067c  RW X


SEGMENT ALLOCATION MAP

run origin  load origin   length   init length attrs members
----------  ----------- ---------- ----------- ----- -------
00000000    00000000    00002488   00002488    r-x
  00000000    00000000    0000026c   0000026c    r-- .intvecs
  0000026c    0000026c    0000201a   0000201a    r-x .text
  00002288    00002288    000001c0   000001c0    r-- .const
  00002448    00002448    00000040   00000040    r-- .cinit
20000000    20000000    00007984   00000000    rw-
  20000000    20000000    00007730   00000000    rw- .bss
  20007730    20007730    00000200   00000000    rw- .stack
  20007930    20007930    00000054   00000000    rw- .data


SECTION ALLOCATION MAP

 output                                  attributes/
section   page    origin      length       input sections
--------  ----  ----------  ----------   ----------------
.intvecs   0    00000000    0000026c     
                  00000000    0000026c     startup_ccs.obj (.intvecs)

.text      0    0000026c    0000201a     
                  0000026c    0000030c     uartstdio.obj (.text:UARTvprintf)
                  00000578    0000020c     FSM.obj (.text:FSM_Task)
                  00000784    00000136     driverlib.lib : can.obj (.text:CANMessageSet)
                  000008ba    00000132                   : gpio.obj (.text:GPIOPadConfigSet)
                  000009ec    00000120     tasks.obj (.text:xTaskGenericCreate)
                  00000b0c    00000110     driverlib.lib : sysctl.obj (.text:SysCtlClockGet)
                  00000c1c    0000010e                   : can.obj (.text:CANMessageGet)
                  00000d2a    00000002     startup_ccs.obj (.text:FaultISR)
                  00000d2c    00000108     heap_2.obj (.text:pvPortMalloc)
                  00000e34    000000f8     tasks.obj (.text:xTaskIncrementTick)
                  00000f2c    000000e0     tasks.obj (.text:xTaskResumeAll)
                  0000100c    000000d2     portasm.obj (.text)
                  000010de    00000002     startup_ccs.obj (.text:IntDefaultHandler)
                  000010e0    000000c0     main.obj (.text:main)
                  000011a0    000000b8     tasks.obj (.text:vTaskSwitchContext)
                  00001258    000000a0     can.obj (.text:Can_Init)
                  000012f8    0000009c     rtsv7M4_T_le_v4SPD16_eabi.lib : memcpy_t2.asm.obj (.text)
                  00001394    0000009a     tasks.obj (.text:prvInitialiseTCBVariables)
                  0000142e    0000007a     rtsv7M4_T_le_v4SPD16_eabi.lib : memset_t2.asm.obj (.text)
                  000014a8    00000074     uartstdio.obj (.text:UARTStdioConfig)
                  0000151c    00000074     tasks.obj (.text:prvInitialiseTaskLists)
                  00001590    00000070     tasks.obj (.text:vTaskStartScheduler)
                  00001600    0000006c     driverlib.lib : can.obj (.text:CANBitRateSet)
                  0000166c    0000006c     tasks.obj (.text:vTaskDelay)
                  000016d8    00000068     driverlib.lib : interrupt.obj (.text:IntEnable)
                  00001740    00000068     rtsv7M4_T_le_v4SPD16_eabi.lib : copy_decompress_lzss.c.obj (.text:decompress:lzss:__TI_decompress_lzss)
                  000017a8    00000068     tasks.obj (.text:prvCheckTasksWaitingTermination)
                  00001810    00000068     heap_2.obj (.text:vPortFree)
                  00001878    00000066     list.obj (.text:vListInsert)
                  000018de    00000002     startup_ccs.obj (.text:NmiSR)
                  000018e0    00000060     can.obj (.text:CANIntHandler)
                  00001940    0000005e     tasks.obj (.text:prvAllocateTCBAndStack)
                  0000199e    00000002     rtsv7M4_T_le_v4SPD16_eabi.lib : div0.asm.obj (.text)
                  000019a0    0000005c     can.obj (.text:Can_Receive)
                  000019fc    0000005c     uartstdio.obj (.text:UARTwrite)
                  00001a58    0000005c     tasks.obj (.text:prvAddCurrentTaskToDelayedList)
                  00001ab4    0000005c     port.obj (.text:pxPortInitialiseStack)
                  00001b10    00000058     can.obj (.text:Can_Transmit)
                  00001b68    00000054     FSM.obj (.text:Led_Task)
                  00001bbc    00000050     heap_2.obj (.text:prvHeapInit)
                  00001c0c    0000004c     main.obj (.text:InitConsole)
                  00001c58    00000048     driverlib.lib : gpio.obj (.text:GPIOPinConfigure)
                  00001ca0    00000048     list.obj (.text:uxListRemove)
                  00001ce8    00000044     FSM.obj (.text:Button_Task)
                  00001d2c    00000044     rtsv7M4_T_le_v4SPD16_eabi.lib : autoinit.c.obj (.text:__TI_auto_init_nobinit_nopinit:__TI_auto_init_nobinit_nopinit)
                  00001d70    00000044     port.obj (.text:xPortStartScheduler)
                  00001db4    00000040     driverlib.lib : can.obj (.text:CANStatusGet)
                  00001df4    00000040     rtsv7M4_T_le_v4SPD16_eabi.lib : u_divt2.asm.obj (.text)
                  00001e34    0000003c     tasks.obj (.text:prvResetNextTaskUnblockTime)
                  00001e70    0000003c     list.obj (.text:vListInsertEnd)
                  00001eac    0000003a     driverlib.lib : can.obj (.text:CANInit)
                  00001ee6    00000002     --HOLE-- [fill = 0]
                  00001ee8    00000038     BUTTON.obj (.text:BUTTON_Init)
                  00001f20    00000038     driverlib.lib : sysctl.obj (.text:SysCtlPeripheralReady)
                  00001f58    00000038     rtsv7M4_T_le_v4SPD16_eabi.lib : boot_cortex_m.c.obj (.text:_c_int00_noargs:_c_int00_noargs)
                  00001f90    00000034     driverlib.lib : sysctl.obj (.text:SysCtlPeripheralEnable)
                  00001fc4    00000030     list.obj (.text:vListInitialise)
                  00001ff4    0000002c     port.obj (.text:xPortSysTickHandler)
                  00002020    0000002a     driverlib.lib : gpio.obj (.text:GPIODirModeSet)
                  0000204a    0000002a                   : can.obj (.text:_CANDataRegRead)
                  00002074    00000024     BUTTON.obj (.text:Get_BUTTON)
                  00002098    00000024     uartstdio.obj (.text:UARTprintf)
                  000020bc    00000024     driverlib.lib : can.obj (.text:_CANDataRegWrite)
                  000020e0    00000024     port.obj (.text:vPortEnterCritical)
                  00002104    00000022     driverlib.lib : can.obj (.text:CANIntClear)
                  00002126    00000020                   : can.obj (.text:CANIntStatus)
                  00002146    00000002     --HOLE-- [fill = 0]
                  00002148    00000020     tasks.obj (.text:prvIdleTask)
                  00002168    0000001c     port.obj (.text:vPortExitCritical)
                  00002184    00000018     driverlib.lib : gpio.obj (.text:GPIOPinTypeGPIOOutput)
                  0000219c    00000018     port.obj (.text:vPortSetupTimerInterrupt)
                  000021b4    00000014     tasks.obj (.text:prvDeleteTCB)
                  000021c8    00000012     driverlib.lib : gpio.obj (.text:GPIOPinTypeCAN)
                  000021da    00000012                   : gpio.obj (.text:GPIOPinTypeGPIOInput)
                  000021ec    00000012                   : gpio.obj (.text:GPIOPinTypeUART)
                  000021fe    00000010     port.obj (.text:prvTaskExitError)
                  0000220e    00000010     list.obj (.text:vListInitialiseItem)
                  0000221e    00000002     --HOLE-- [fill = 0]
                  00002220    00000010     tasks.obj (.text:vTaskSuspendAll)
                  00002230    0000000e     rtsv7M4_T_le_v4SPD16_eabi.lib : copy_decompress_none.c.obj (.text:decompress:none:__TI_decompress_none)
                  0000223e    0000000c                                   : copy_zero_init.c.obj (.text:decompress:ZI:__TI_zero_init)
                  0000224a    0000000a     driverlib.lib : can.obj (.text:CANEnable)
                  00002254    0000000a     main.obj (.text:vApplicationStackOverflowHook)
                  0000225e    00000008     driverlib.lib : can.obj (.text:CANIntEnable)
                  00002266    00000006                   : gpio.obj (.text:GPIOPinRead)
                  0000226c    00000006                   : gpio.obj (.text:GPIOPinWrite)
                  00002272    00000006     startup_ccs.obj (.text:ResetISR)
                  00002278    00000006     driverlib.lib : uart.obj (.text:UARTClockSourceSet)
                  0000227e    00000004     rtsv7M4_T_le_v4SPD16_eabi.lib : pre_init.c.obj (.text:_system_pre_init)
                  00002282    00000004                                   : exit.c.obj (.text:abort:abort)

.const     0    00002288    000001c0     
                  00002288    00000090     driverlib.lib : gpio.obj (.const:g_pui32GPIOBaseAddrs)
                  00002318    00000070                   : interrupt.obj (.const)
                  00002388    0000006c                   : sysctl.obj (.const:g_pui32Xtals)
                  000023f4    00000020                   : can.obj (.const)
                  00002414    00000012     uartstdio.obj (.const:.string)
                  00002426    00000002     --HOLE-- [fill = 0]
                  00002428    0000000c     uartstdio.obj (.const:g_ui32UARTBase)
                  00002434    0000000c     uartstdio.obj (.const:g_ui32UARTPeriph)
                  00002440    00000004     port.obj (.const)
                  00002444    00000004     uartstdio.obj (.const)

.cinit     0    00002448    00000040     
                  00002448    00000016     (.cinit..data.load) [load image, compression = lzss]
                  0000245e    00000002     --HOLE-- [fill = 0]
                  00002460    0000000c     (__TI_handler_table)
                  0000246c    00000004     --HOLE-- [fill = 0]
                  00002470    00000008     (.cinit..bss.load) [load image, compression = zero_init]
                  00002478    00000010     (__TI_cinit_table)

.init_array 
*          0    00000000    00000000     UNINITIALIZED

.bss       0    20000000    00007730     UNINITIALIZED
                  20000000    00007530     heap_2.obj (.bss:ucHeap)
                  20007530    00000140     tasks.obj (.bss:pxReadyTasksLists)
                  20007670    00000014     can.obj (.bss:sCANMessage_rx)
                  20007684    00000014     can.obj (.bss:sCANMessage_tx)
                  20007698    00000014     tasks.obj (.bss:xDelayedTaskList1)
                  200076ac    00000014     tasks.obj (.bss:xDelayedTaskList2)
                  200076c0    00000014     tasks.obj (.bss:xPendingReadyList)
                  200076d4    00000014     tasks.obj (.bss:xSuspendedTaskList)
                  200076e8    00000014     tasks.obj (.bss:xTasksWaitingTermination)
                  200076fc    0000000c     can.obj (.bss:D_I_Str)
                  20007708    0000000c     FSM.obj (.bss:Received_object$3)
                  20007714    00000008     tasks.obj (.bss)
                  2000771c    00000008     heap_2.obj (.bss:xEnd)
                  20007724    00000008     heap_2.obj (.bss:xStart)
                  2000772c    00000004     can.obj (.bss)

.data      0    20007930    00000054     UNINITIALIZED
                  20007930    00000030     tasks.obj (.data)
                  20007960    0000000b     FSM.obj (.data)
                  2000796b    00000001     --HOLE--
                  2000796c    00000008     heap_2.obj (.data)
                  20007974    00000005     uartstdio.obj (.data)
                  20007979    00000004     FSM.obj (.data:Node_arr)
                  2000797d    00000002     can.obj (.data)
                  2000797f    00000001     --HOLE--
                  20007980    00000004     port.obj (.data)

.stack     0    20007730    00000200     UNINITIALIZED
                  20007730    00000004     rtsv7M4_T_le_v4SPD16_eabi.lib : boot_cortex_m.c.obj (.stack)
                  20007734    000001fc     --HOLE--

MODULE SUMMARY

       Module                       code   ro data   rw data
       ------                       ----   -------   -------
    .\
       FSM.obj                      676    0         27     
       startup_ccs.obj              12     620       0      
       can.obj                      436    0         58     
       main.obj                     278    0         0      
       BUTTON.obj                   92     0         0      
    +--+----------------------------+------+---------+---------+
       Total:                       1494   620       85     
                                                            
    .\third_party\FreeRTOS\Source\
       tasks.obj                    1852   0         476    
       list.obj                     298    0         0      
    +--+----------------------------+------+---------+---------+
       Total:                       2150   0         476    
                                                            
    .\third_party\FreeRTOS\Source\portable\CCS\ARM_CM4F\
       port.obj                     308    4         4      
       portasm.obj                  210    0         0      
    +--+----------------------------+------+---------+---------+
       Total:                       518    4         4      
                                                            
    .\third_party\FreeRTOS\Source\portable\MemMang\
       heap_2.obj                   448    0         30024  
    +--+----------------------------+------+---------+---------+
       Total:                       448    0         30024  
                                                            
    .\utils\
       uartstdio.obj                1024   46        5      
    +--+----------------------------+------+---------+---------+
       Total:                       1024   46        5      
                                                            
    C:/ti/TivaWare_C_Series-2.1.4.178/driverlib/ccs/Debug/driverlib.lib
       can.obj                      972    32        0      
       gpio.obj                     510    144       0      
       sysctl.obj                   380    108       0      
       interrupt.obj                104    112       0      
       uart.obj                     6      0         0      
    +--+----------------------------+------+---------+---------+
       Total:                       1972   396       0      
                                                            
    C:\ti1\ccsv8\tools\compiler\ti-cgt-arm_18.1.1.LTS\lib\rtsv7M4_T_le_v4SPD16_eabi.lib
       memcpy_t2.asm.obj            156    0         0      
       memset_t2.asm.obj            122    0         0      
       copy_decompress_lzss.c.obj   104    0         0      
       autoinit.c.obj               68     0         0      
       u_divt2.asm.obj              64     0         0      
       boot_cortex_m.c.obj          56     0         0      
       copy_decompress_none.c.obj   14     0         0      
       copy_zero_init.c.obj         12     0         0      
       exit.c.obj                   4      0         0      
       pre_init.c.obj               4      0         0      
       div0.asm.obj                 2      0         0      
    +--+----------------------------+------+---------+---------+
       Total:                       606    0         0      
                                                            
       Stack:                       0      0         512    
       Linker Generated:            0      58        0      
    +--+----------------------------+------+---------+---------+
       Grand Total:                 8212   1124      31106  


LINKER GENERATED COPY TABLES

__TI_cinit_table @ 00002478 records: 2, size/record: 8, table size: 16
	.data: load addr=00002448, load size=00000016 bytes, run addr=20007930, run size=00000054 bytes, compression=lzss
	.bss: load addr=00002470, load size=00000008 bytes, run addr=20000000, run size=00007730 bytes, compression=zero_init


LINKER GENERATED HANDLER TABLE

__TI_handler_table @ 00002460 records: 3, size/record: 4, table size: 12
	index: 0, handler: __TI_decompress_lzss
	index: 1, handler: __TI_decompress_none
	index: 2, handler: __TI_zero_init


GLOBAL SYMBOLS: SORTED ALPHABETICALLY BY Name 

address   name                          
-------   ----                          
00001ee9  BUTTON_Init                   
00001ce9  Button_Task                   
00002283  C$$EXIT                       
00001601  CANBitRateSet                 
0000224b  CANEnable                     
00001ead  CANInit                       
00002105  CANIntClear                   
0000225f  CANIntEnable                  
000018e1  CANIntHandler                 
00002127  CANIntStatus                  
00000c1d  CANMessageGet                 
00000785  CANMessageSet                 
00001db5  CANStatusGet                  
00001259  Can_Init                      
000019a1  Can_Receive                   
00001b11  Can_Transmit                  
00000579  FSM_Task                      
00002021  GPIODirModeSet                
000008bb  GPIOPadConfigSet              
00001c59  GPIOPinConfigure              
00002267  GPIOPinRead                   
000021c9  GPIOPinTypeCAN                
000021db  GPIOPinTypeGPIOInput          
00002185  GPIOPinTypeGPIOOutput         
000021ed  GPIOPinTypeUART               
0000226d  GPIOPinWrite                  
00002075  Get_BUTTON                    
00001c0d  InitConsole                   
000016d9  IntEnable                     
00001b69  Led_Task                      
20007965  Led_flag                      
20007979  Node_arr                      
00002273  ResetISR                      
20007961  Reverse_Counter               
20007960  Reverse_Sending               
2000797e  Rx_flag                       
00000b0d  SysCtlClockGet                
00001f91  SysCtlPeripheralEnable        
00001f21  SysCtlPeripheralReady         
00002279  UARTClockSourceSet            
000014a9  UARTStdioConfig               
00002099  UARTprintf                    
0000026d  UARTvprintf                   
000019fd  UARTwrite                     
20007930  __STACK_END                   
00000200  __STACK_SIZE                  
20007930  __STACK_TOP                   
00002478  __TI_CINIT_Base               
00002488  __TI_CINIT_Limit              
00002460  __TI_Handler_Table_Base       
0000246c  __TI_Handler_Table_Limit      
00001d2d  __TI_auto_init_nobinit_nopinit
00001741  __TI_decompress_lzss          
00002231  __TI_decompress_none          
ffffffff  __TI_pprof_out_hndl           
ffffffff  __TI_prof_data_size           
ffffffff  __TI_prof_data_start          
00000000  __TI_static_base__            
0000223f  __TI_zero_init                
0000199f  __aeabi_idiv0                 
0000199f  __aeabi_ldiv0                 
0000142f  __aeabi_memclr                
0000142f  __aeabi_memclr4               
0000142f  __aeabi_memclr8               
000012f9  __aeabi_memcpy                
000012f9  __aeabi_memcpy4               
000012f9  __aeabi_memcpy8               
00001431  __aeabi_memset                
00001431  __aeabi_memset4               
00001431  __aeabi_memset8               
00001df5  __aeabi_uidiv                 
00001df5  __aeabi_uidivmod              
ffffffff  __binit__                     
ffffffff  __c_args__                    
UNDEFED   __mpu_init                    
20007730  __stack                       
00001f59  _c_int00_noargs               
UNDEFED   _system_post_cinit            
0000227f  _system_pre_init              
00002283  abort                         
ffffffff  binit                         
20007962  count                         
20007967  counter                       
2000797d  g_bErrFlag                    
00000000  g_pfnVectors                  
20007963  guard_flag                    
000010e1  main                          
000012f9  memcpy                        
00001437  memset                        
00000d2d  pvPortMalloc                  
20007930  pxCurrentTCB                  
00001ab5  pxPortInitialiseStack         
20007966  send_flag                     
20007964  token_flag                    
00002440  ulMaxSyscallInterruptPriority 
0000101d  ulPortGetIPSR                 
00001ca1  uxListRemove                  
00002255  vApplicationStackOverflowHook 
00001fc5  vListInitialise               
0000220f  vListInitialiseItem           
00001879  vListInsert                   
00001e71  vListInsertEnd                
000010d1  vPortEnableVFP                
000020e1  vPortEnterCritical            
00002169  vPortExitCritical             
00001811  vPortFree                     
00001095  vPortSVCHandler               
0000219d  vPortSetupTimerInterrupt      
000010b5  vPortStartFirstTask           
0000166d  vTaskDelay                    
00001591  vTaskStartScheduler           
00002221  vTaskSuspendAll               
000011a1  vTaskSwitchContext            
00001035  xPortPendSVHandler            
00001d71  xPortStartScheduler           
00001ff5  xPortSysTickHandler           
000009ed  xTaskGenericCreate            
00000e35  xTaskIncrementTick            
00000f2d  xTaskResumeAll                


GLOBAL SYMBOLS: SORTED BY Symbol Address 

address   name                          
-------   ----                          
00000000  __TI_static_base__            
00000000  g_pfnVectors                  
00000200  __STACK_SIZE                  
0000026d  UARTvprintf                   
00000579  FSM_Task                      
00000785  CANMessageSet                 
000008bb  GPIOPadConfigSet              
000009ed  xTaskGenericCreate            
00000b0d  SysCtlClockGet                
00000c1d  CANMessageGet                 
00000d2d  pvPortMalloc                  
00000e35  xTaskIncrementTick            
00000f2d  xTaskResumeAll                
0000101d  ulPortGetIPSR                 
00001035  xPortPendSVHandler            
00001095  vPortSVCHandler               
000010b5  vPortStartFirstTask           
000010d1  vPortEnableVFP                
000010e1  main                          
000011a1  vTaskSwitchContext            
00001259  Can_Init                      
000012f9  __aeabi_memcpy                
000012f9  __aeabi_memcpy4               
000012f9  __aeabi_memcpy8               
000012f9  memcpy                        
0000142f  __aeabi_memclr                
0000142f  __aeabi_memclr4               
0000142f  __aeabi_memclr8               
00001431  __aeabi_memset                
00001431  __aeabi_memset4               
00001431  __aeabi_memset8               
00001437  memset                        
000014a9  UARTStdioConfig               
00001591  vTaskStartScheduler           
00001601  CANBitRateSet                 
0000166d  vTaskDelay                    
000016d9  IntEnable                     
00001741  __TI_decompress_lzss          
00001811  vPortFree                     
00001879  vListInsert                   
000018e1  CANIntHandler                 
0000199f  __aeabi_idiv0                 
0000199f  __aeabi_ldiv0                 
000019a1  Can_Receive                   
000019fd  UARTwrite                     
00001ab5  pxPortInitialiseStack         
00001b11  Can_Transmit                  
00001b69  Led_Task                      
00001c0d  InitConsole                   
00001c59  GPIOPinConfigure              
00001ca1  uxListRemove                  
00001ce9  Button_Task                   
00001d2d  __TI_auto_init_nobinit_nopinit
00001d71  xPortStartScheduler           
00001db5  CANStatusGet                  
00001df5  __aeabi_uidiv                 
00001df5  __aeabi_uidivmod              
00001e71  vListInsertEnd                
00001ead  CANInit                       
00001ee9  BUTTON_Init                   
00001f21  SysCtlPeripheralReady         
00001f59  _c_int00_noargs               
00001f91  SysCtlPeripheralEnable        
00001fc5  vListInitialise               
00001ff5  xPortSysTickHandler           
00002021  GPIODirModeSet                
00002075  Get_BUTTON                    
00002099  UARTprintf                    
000020e1  vPortEnterCritical            
00002105  CANIntClear                   
00002127  CANIntStatus                  
00002169  vPortExitCritical             
00002185  GPIOPinTypeGPIOOutput         
0000219d  vPortSetupTimerInterrupt      
000021c9  GPIOPinTypeCAN                
000021db  GPIOPinTypeGPIOInput          
000021ed  GPIOPinTypeUART               
0000220f  vListInitialiseItem           
00002221  vTaskSuspendAll               
00002231  __TI_decompress_none          
0000223f  __TI_zero_init                
0000224b  CANEnable                     
00002255  vApplicationStackOverflowHook 
0000225f  CANIntEnable                  
00002267  GPIOPinRead                   
0000226d  GPIOPinWrite                  
00002273  ResetISR                      
00002279  UARTClockSourceSet            
0000227f  _system_pre_init              
00002283  C$$EXIT                       
00002283  abort                         
00002440  ulMaxSyscallInterruptPriority 
00002460  __TI_Handler_Table_Base       
0000246c  __TI_Handler_Table_Limit      
00002478  __TI_CINIT_Base               
00002488  __TI_CINIT_Limit              
20007730  __stack                       
20007930  __STACK_END                   
20007930  __STACK_TOP                   
20007930  pxCurrentTCB                  
20007960  Reverse_Sending               
20007961  Reverse_Counter               
20007962  count                         
20007963  guard_flag                    
20007964  token_flag                    
20007965  Led_flag                      
20007966  send_flag                     
20007967  counter                       
20007979  Node_arr                      
2000797d  g_bErrFlag                    
2000797e  Rx_flag                       
ffffffff  __TI_pprof_out_hndl           
ffffffff  __TI_prof_data_size           
ffffffff  __TI_prof_data_start          
ffffffff  __binit__                     
ffffffff  __c_args__                    
ffffffff  binit                         
UNDEFED   __mpu_init                    
UNDEFED   _system_post_cinit            

[119 symbols]
