******************************************************************************
                  TI ARM Linker PC v18.1.1                     
******************************************************************************
>> Linked Sat Apr  6 19:11:36 2019

OUTPUT FILE NAME:   <CANtokenRing.out>
ENTRY POINT SYMBOL: "_c_int00_noargs"  address: 00004e95


MEMORY CONFIGURATION

         name            origin    length      used     unused   attr    fill
----------------------  --------  ---------  --------  --------  ----  --------
  FLASH                 00000000   00040000  000052a4  0003ad5c  R  X
  SRAM                  20000000   00008000  000051e1  00002e1f  RW X


SEGMENT ALLOCATION MAP

run origin  load origin   length   init length attrs members
----------  ----------- ---------- ----------- ----- -------
00000000    00000000    000052a8   000052a8    r-x
  00000000    00000000    0000026c   0000026c    r-- .intvecs
  0000026c    0000026c    00004df4   00004df4    r-x .text
  00005060    00005060    00000204   00000204    r-- .const
  00005268    00005268    00000040   00000040    r-- .cinit
20000000    20000000    000051e1   00000000    rw-
  20000000    20000000    00004f78   00000000    rw- .bss
  20004f78    20004f78    00000200   00000000    rw- .stack
  20005178    20005178    00000069   00000000    rw- .data


SECTION ALLOCATION MAP

 output                                  attributes/
section   page    origin      length       input sections
--------  ----  ----------  ----------   ----------------
.intvecs   0    00000000    0000026c     
                  00000000    0000026c     tm4c123gh6pm_startup_ccs.obj (.intvecs)

.text      0    0000026c    00004df4     
                  0000026c    00001abc     tasks.obj (.text)
                  00001d28    00000cf4     queue.obj (.text)
                  00002a1c    000006c8     timers.obj (.text)
                  000030e4    000004dc     uartstdio.obj (.text)
                  000035c0    000003e0     TASK.obj (.text)
                  000039a0    000003a4     LCD.obj (.text)
                  00003d44    00000314     CAN.obj (.text)
                  00004058    000001c4     port.obj (.text)
                  0000421c    00000136     driverlib.lib : can.obj (.text:CANMessageSet)
                  00004352    00000132                   : gpio.obj (.text:GPIOPadConfigSet)
                  00004484    00000132     list.obj (.text)
                  000045b6    00000002     rtsv7M4_T_le_v4SPD16_eabi.lib : div0.asm.obj (.text)
                  000045b8    00000110     driverlib.lib : sysctl.obj (.text:SysCtlClockGet)
                  000046c8    0000010e                   : can.obj (.text:CANMessageGet)
                  000047d6    00000002     --HOLE-- [fill = 0]
                  000047d8    000000f4                   : sysctl.obj (.text:SysCtlClockSet)
                  000048cc    000000da     portasm.obj (.text)
                  000049a6    00000002     --HOLE-- [fill = 0]
                  000049a8    0000009c     heap_1.obj (.text)
                  00004a44    0000009c     rtsv7M4_T_le_v4SPD16_eabi.lib : memcpy_t2.asm.obj (.text)
                  00004ae0    0000007c     main.obj (.text)
                  00004b5c    0000007a     rtsv7M4_T_le_v4SPD16_eabi.lib : memset_t2.asm.obj (.text)
                  00004bd6    00000002     --HOLE-- [fill = 0]
                  00004bd8    0000006c     driverlib.lib : can.obj (.text:CANBitRateSet)
                  00004c44    00000068                   : interrupt.obj (.text:IntEnable)
                  00004cac    00000068     rtsv7M4_T_le_v4SPD16_eabi.lib : copy_decompress_lzss.c.obj (.text:decompress:lzss:__TI_decompress_lzss)
                  00004d14    00000048     driverlib.lib : gpio.obj (.text:GPIOPinConfigure)
                  00004d5c    00000044     rtsv7M4_T_le_v4SPD16_eabi.lib : autoinit.c.obj (.text:__TI_auto_init_nobinit_nopinit:__TI_auto_init_nobinit_nopinit)
                  00004da0    00000040     driverlib.lib : can.obj (.text:CANStatusGet)
                  00004de0    00000040     rtsv7M4_T_le_v4SPD16_eabi.lib : u_divt2.asm.obj (.text)
                  00004e20    0000003a     driverlib.lib : can.obj (.text:CANInit)
                  00004e5a    00000002     --HOLE-- [fill = 0]
                  00004e5c    00000038                   : sysctl.obj (.text:SysCtlPeripheralReady)
                  00004e94    00000038     rtsv7M4_T_le_v4SPD16_eabi.lib : boot_cortex_m.c.obj (.text:_c_int00_noargs:_c_int00_noargs)
                  00004ecc    00000034     driverlib.lib : sysctl.obj (.text:SysCtlPeripheralEnable)
                  00004f00    0000002a                   : gpio.obj (.text:GPIODirModeSet)
                  00004f2a    0000002a                   : can.obj (.text:_CANDataRegRead)
                  00004f54    00000024                   : can.obj (.text:_CANDataRegWrite)
                  00004f78    00000022                   : can.obj (.text:CANIntClear)
                  00004f9a    00000020                   : can.obj (.text:CANIntStatus)
                  00004fba    00000018                   : gpio.obj (.text:GPIOPinTypeGPIOOutput)
                  00004fd2    00000012                   : gpio.obj (.text:GPIOPinTypeCAN)
                  00004fe4    00000012                   : gpio.obj (.text:GPIOPinTypeGPIOInput)
                  00004ff6    00000012                   : gpio.obj (.text:GPIOPinTypeUART)
                  00005008    0000000e     rtsv7M4_T_le_v4SPD16_eabi.lib : copy_decompress_none.c.obj (.text:decompress:none:__TI_decompress_none)
                  00005016    0000000c                                   : copy_zero_init.c.obj (.text:decompress:ZI:__TI_zero_init)
                  00005022    0000000c     tm4c123gh6pm_startup_ccs.obj (.text)
                  0000502e    0000000a     driverlib.lib : can.obj (.text:CANEnable)
                  00005038    00000008                   : can.obj (.text:CANIntEnable)
                  00005040    00000006                   : gpio.obj (.text:GPIOPinRead)
                  00005046    00000006                   : gpio.obj (.text:GPIOPinWrite)
                  0000504c    00000006                   : sysctl.obj (.text:SysCtlDelay)
                  00005052    00000006                   : uart.obj (.text:UARTClockSourceSet)
                  00005058    00000004     rtsv7M4_T_le_v4SPD16_eabi.lib : pre_init.c.obj (.text:_system_pre_init)
                  0000505c    00000004                                   : exit.c.obj (.text:abort:abort)

.const     0    00005060    00000204     
                  00005060    00000090     driverlib.lib : gpio.obj (.const:g_pui32GPIOBaseAddrs)
                  000050f0    00000070                   : interrupt.obj (.const)
                  00005160    0000006c                   : sysctl.obj (.const:g_pui32Xtals)
                  000051cc    00000020                   : can.obj (.const)
                  000051ec    00000012     uartstdio.obj (.const:.string)
                  000051fe    0000000d     TASK.obj (.const:.string:$P$T1$2)
                  0000520b    00000001     --HOLE-- [fill = 0]
                  0000520c    0000000c     uartstdio.obj (.const:g_ui32UARTBase)
                  00005218    0000000c     uartstdio.obj (.const:g_ui32UARTPeriph)
                  00005224    0000000a     TASK.obj (.const:.string:$P$T2$3)
                  0000522e    0000000a     TASK.obj (.const:.string:$P$T4$5)
                  00005238    00000009     TASK.obj (.const:.string:$P$T3$4)
                  00005241    00000003     --HOLE-- [fill = 0]
                  00005244    00000008     port.obj (.const)
                  0000524c    00000007     TASK.obj (.const:.string:$P$T0$1)
                  00005253    00000007     TASK.obj (.const:.string:$P$T5$6)
                  0000525a    00000006     TASK.obj (.const:.string:$P$T6$7)
                  00005260    00000004     uartstdio.obj (.const)

.cinit     0    00005268    00000040     
                  00005268    0000001b     (.cinit..data.load) [load image, compression = lzss]
                  00005283    00000001     --HOLE-- [fill = 0]
                  00005284    0000000c     (__TI_handler_table)
                  00005290    00000008     (.cinit..bss.load) [load image, compression = zero_init]
                  00005298    00000010     (__TI_cinit_table)

.init_array 
*          0    00000000    00000000     UNINITIALIZED

.bss       0    20000000    00004f78     UNINITIALIZED
                  20000000    00004e20     heap_1.obj (.bss:ucHeap)
                  20004e20    00000064     tasks.obj (.bss:pxReadyTasksLists)
                  20004e84    00000050     (.common:xQueueRegistry)
                  20004ed4    00000014     timers.obj (.bss:xActiveTimerList1)
                  20004ee8    00000014     timers.obj (.bss:xActiveTimerList2)
                  20004efc    00000014     tasks.obj (.bss:xDelayedTaskList1)
                  20004f10    00000014     tasks.obj (.bss:xDelayedTaskList2)
                  20004f24    00000014     tasks.obj (.bss:xPendingReadyList)
                  20004f38    00000014     tasks.obj (.bss:xSuspendedTaskList)
                  20004f4c    00000014     tasks.obj (.bss:xTasksWaitingTermination)
                  20004f60    00000008     tasks.obj (.bss)
                  20004f68    00000008     timers.obj (.bss)
                  20004f70    00000004     (.common:SPI_RECIEVE_H)
                  20004f74    00000004     (.common:x)

.data      0    20005178    00000069     UNINITIALIZED
                  20005178    00000034     tasks.obj (.data)
                  200051ac    0000000c     port.obj (.data)
                  200051b8    0000000a     timers.obj (.data)
                  200051c2    00000002     --HOLE--
                  200051c4    00000008     CAN.obj (.data)
                  200051cc    00000008     TASK.obj (.data)
                  200051d4    00000008     heap_1.obj (.data)
                  200051dc    00000005     uartstdio.obj (.data)

.stack     0    20004f78    00000200     UNINITIALIZED
                  20004f78    00000004     rtsv7M4_T_le_v4SPD16_eabi.lib : boot_cortex_m.c.obj (.stack)
                  20004f7c    000001fc     --HOLE--

MODULE SUMMARY

       Module                         code    ro data   rw data
       ------                         ----    -------   -------
    .\
       heap_1.obj                     156     0         20008  
       tasks.obj                      6844    0         260    
       queue.obj                      3316    0         80     
       timers.obj                     1736    0         58     
       uartstdio.obj                  1244    46        5      
       TASK.obj                       992     62        16     
       tm4c123gh6pm_startup_ccs.obj   12      620       0      
       port.obj                       452     8         12     
       list.obj                       306     0         0      
       portasm.obj                    218     0         0      
       main.obj                       124     0         0      
    +--+------------------------------+-------+---------+---------+
       Total:                         15400   736       20439  
                                                               
    .\CAN\
       CAN.obj                        788     0         8      
    +--+------------------------------+-------+---------+---------+
       Total:                         788     0         8      
                                                               
    .\LCD\
       LCD.obj                        932     0         0      
    +--+------------------------------+-------+---------+---------+
       Total:                         932     0         0      
                                                               
    C:/ti/TivaWare_C_Series-2.1.4.178/driverlib/ccs/Debug/driverlib.lib
       can.obj                        972     32        0      
       sysctl.obj                     630     108       0      
       gpio.obj                       510     144       0      
       interrupt.obj                  104     112       0      
       uart.obj                       6       0         0      
    +--+------------------------------+-------+---------+---------+
       Total:                         2222    396       0      
                                                               
    C:\ti\ccsv8\tools\compiler\ti-cgt-arm_18.1.1.LTS\lib\rtsv7M4_T_le_v4SPD16_eabi.lib
       memcpy_t2.asm.obj              156     0         0      
       memset_t2.asm.obj              122     0         0      
       copy_decompress_lzss.c.obj     104     0         0      
       autoinit.c.obj                 68      0         0      
       u_divt2.asm.obj                64      0         0      
       boot_cortex_m.c.obj            56      0         0      
       copy_decompress_none.c.obj     14      0         0      
       copy_zero_init.c.obj           12      0         0      
       exit.c.obj                     4       0         0      
       pre_init.c.obj                 4       0         0      
       div0.asm.obj                   2       0         0      
    +--+------------------------------+-------+---------+---------+
       Total:                         606     0         0      
                                                               
       Stack:                         0       0         512    
       Linker Generated:              0       63        0      
    +--+------------------------------+-------+---------+---------+
       Grand Total:                   19948   1195      20959  


LINKER GENERATED COPY TABLES

__TI_cinit_table @ 00005298 records: 2, size/record: 8, table size: 16
	.data: load addr=00005268, load size=0000001b bytes, run addr=20005178, run size=00000069 bytes, compression=lzss
	.bss: load addr=00005290, load size=00000008 bytes, run addr=20000000, run size=00004f78 bytes, compression=zero_init


LINKER GENERATED HANDLER TABLE

__TI_handler_table @ 00005284 records: 3, size/record: 4, table size: 12
	index: 0, handler: __TI_decompress_lzss
	index: 1, handler: __TI_decompress_none
	index: 2, handler: __TI_zero_init


GLOBAL SYMBOLS: SORTED ALPHABETICALLY BY Name 

address   name                               
-------   ----                               
0000505d  C$$EXIT                            
00003f6b  CAN0RX_INIT                        
00003dfb  CAN0TX_INIT                        
00003e51  CAN0_TX_node1                      
00003eaf  CAN0_TX_node2                      
00003f0d  CAN0_TX_node3                      
00004bd9  CANBitRateSet                      
0000502f  CANEnable                          
00004e21  CANInit                            
00004f79  CANIntClear                        
00005039  CANIntEnable                       
00003d8b  CANIntHandler                      
00004f9b  CANIntStatus                       
000046c9  CANMessageGet                      
0000421d  CANMessageSet                      
00004da1  CANStatusGet                       
00003673  CAN_RX_TASK                        
0000365d  CAN_TX_TASK                        
0000364b  CAN_startup_TASK                   
00004f01  GPIODirModeSet                     
00004353  GPIOPadConfigSet                   
00004d15  GPIOPinConfigure                   
00005041  GPIOPinRead                        
00004fd3  GPIOPinTypeCAN                     
00004fe5  GPIOPinTypeGPIOInput               
00004fbb  GPIOPinTypeGPIOOutput              
00004ff7  GPIOPinTypeUART                    
00005047  GPIOPinWrite                       
00003d45  InitConsole                        
00004c45  IntEnable                          
0000373d  LCD                                
000039a1  LCD_INIT                           
00003a1d  LCD_Send_Command                   
00003b17  LCD_Send_Data                      
00003c11  LCD_displayString                  
00003c4d  LCD_gotoRowColumn                  
000035c1  LED1_Blinking                      
00003c95  PrintDecimalNum                    
00005023  ResetISR                           
20004f70  SPI_RECIEVE_H                      
00003d81  SimpleDelay                        
000045b9  SysCtlClockGet                     
000047d9  SysCtlClockSet                     
0000504d  SysCtlDelay                        
00004ecd  SysCtlPeripheralEnable             
00004e5d  SysCtlPeripheralReady              
000035d7  Tasks_Init                         
00005053  UARTClockSourceSet                 
000030e5  UARTStdioConfig                    
0000325d  UARTgetc                           
00003197  UARTgets                           
0000358b  UARTprintf                         
00003291  UARTvprintf                        
00003145  UARTwrite                          
20005178  __STACK_END                        
00000200  __STACK_SIZE                       
20005178  __STACK_TOP                        
00005298  __TI_CINIT_Base                    
000052a8  __TI_CINIT_Limit                   
00005284  __TI_Handler_Table_Base            
00005290  __TI_Handler_Table_Limit           
00004d5d  __TI_auto_init_nobinit_nopinit     
00004cad  __TI_decompress_lzss               
00005009  __TI_decompress_none               
ffffffff  __TI_pprof_out_hndl                
ffffffff  __TI_prof_data_size                
ffffffff  __TI_prof_data_start               
00000000  __TI_static_base__                 
00005017  __TI_zero_init                     
000045b7  __aeabi_idiv0                      
000045b7  __aeabi_ldiv0                      
00004b5d  __aeabi_memclr                     
00004b5d  __aeabi_memclr4                    
00004b5d  __aeabi_memclr8                    
00004a45  __aeabi_memcpy                     
00004a45  __aeabi_memcpy4                    
00004a45  __aeabi_memcpy8                    
00004b5f  __aeabi_memset                     
00004b5f  __aeabi_memset4                    
00004b5f  __aeabi_memset8                    
00004de1  __aeabi_uidiv                      
00004de1  __aeabi_uidivmod                   
ffffffff  __binit__                          
ffffffff  __c_args__                         
UNDEFED   __mpu_init                         
20004f78  __stack                            
00004e95  _c_int00_noargs                    
UNDEFED   _system_post_cinit                 
00005059  _system_pre_init                   
0000505d  abort                              
ffffffff  binit                              
200051d0  count1                             
200051d2  count2                             
000005ef  eTaskGetState                      
200051ce  flag                               
200051cf  flag1                              
200051c8  g_bErrFlag                         
200051c9  g_bRXFlag                          
200051ca  g_bRXFlag1                         
200051cb  g_bRXFlag2                         
00000000  g_pfnVectors                       
200051c4  g_ui32MsgCount                     
200051cc  i                                  
200051cd  j                                  
00004aeb  main                               
00004a45  memcpy                             
00004b65  memset                             
00002931  pcQueueGetName                     
00000bd1  pcTaskGetName                      
00002bb3  pcTimerGetName                     
00003619  pushBUTTON                         
000049a9  pvPortMalloc                       
00001821  pvTaskIncrementMutexHeldCount      
00003073  pvTimerGetTimerID                  
20005178  pxCurrentTCB                       
00004059  pxPortInitialiseStack              
00002687  ucQueueGetQueueType                
00005244  ulMaxSyscallInterruptPriority      
000048dd  ulPortGetIPSR                      
00001841  ulTaskNotifyTake                   
0000456f  uxListRemove                       
00002667  uxQueueGetQueueNumber              
000025ff  uxQueueMessagesWaiting             
00002635  uxQueueMessagesWaitingFromISR      
00002615  uxQueueSpacesAvailable             
00000bcb  uxTaskGetNumberOfTasks             
00001529  uxTaskGetStackHighWaterMark        
00000d61  uxTaskGetSystemState               
0000129f  uxTaskGetTaskNumber                
0000069d  uxTaskPriorityGet                  
000006cd  uxTaskPriorityGetFromISR           
000017f7  uxTaskResetEventItemValue          
000030a7  uxTimerGetTimerNumber              
00004ae1  vApplicationStackOverflowHook      
00004485  vListInitialise                    
000044b5  vListInitialiseItem                
00004501  vListInsert                        
000044c5  vListInsertEnd                     
00004999  vPortEnableVFP                     
00004157  vPortEndScheduler                  
00004159  vPortEnterCritical                 
00004179  vPortExitCritical                  
00004a19  vPortFree                          
00004a23  vPortInitialiseBlocks              
00004955  vPortSVCHandler                    
000041b5  vPortSetupTimerInterrupt           
00004975  vPortStartFirstTask                
000041d1  vPortValidateInterruptPriority     
000028ef  vQueueAddToRegistry                
00002651  vQueueDelete                       
00002675  vQueueSetQueueNumber               
00002971  vQueueUnregisterQueue              
000029b5  vQueueWaitForMessageRestricted     
000005b1  vTaskDelay                         
00000503  vTaskDelayUntil                    
00000473  vTaskDelete                        
00000a79  vTaskEndScheduler                  
00001399  vTaskGetInfo                       
000011cd  vTaskInternalSetTimeOutState       
00001297  vTaskMissedYield                   
00001b6d  vTaskNotifyGiveFromISR             
0000102d  vTaskPlaceOnEventList              
00001083  vTaskPlaceOnEventListRestricted    
00001051  vTaskPlaceOnUnorderedEventList     
0000173f  vTaskPriorityDisinheritAfterTimeout
0000071d  vTaskPrioritySet                   
0000113d  vTaskRemoveFromUnorderedEventList  
00000911  vTaskResume                        
000012bf  vTaskSetTaskNumber                 
000011a9  vTaskSetTimeOutState               
00000a1d  vTaskStartScheduler                
00000821  vTaskSuspend                       
00000a95  vTaskSuspendAll                    
00000fad  vTaskSwitchContext                 
00002b63  vTimerSetReloadMode                
0000308d  vTimerSetTimerID                   
000030b5  vTimerSetTimerNumber               
20004f74  x                                  
00004a2b  xPortGetFreeHeapSize               
000048f5  xPortPendSVHandler                 
000040c3  xPortStartScheduler                
0000418f  xPortSysTickHandler                
00001f27  xQueueCreateCountingSemaphore      
00001e77  xQueueCreateMutex                  
00001db9  xQueueGenericCreate                
00001d29  xQueueGenericReset                 
00001f47  xQueueGenericSend                  
00002059  xQueueGenericSendFromISR           
000020f9  xQueueGiveFromISR                  
00001ea3  xQueueGiveMutexRecursive           
00002883  xQueueIsQueueEmptyFromISR          
000028c9  xQueueIsQueueFullFromISR           
000023f7  xQueuePeek                         
000025a9  xQueuePeekFromISR                  
00002191  xQueueReceive                      
0000250b  xQueueReceiveFromISR               
20004e84  xQueueRegistry                     
000022a5  xQueueSemaphoreTake                
00001edf  xQueueTakeMutexRecursive           
00000e3d  xTaskAbortDelay                    
000011f1  xTaskCheckForTimeOut               
0000026d  xTaskCreate                        
0000197b  xTaskGenericNotify                 
00001a59  xTaskGenericNotifyFromISR          
000015a1  xTaskGetCurrentTaskHandle          
00000cd9  xTaskGetHandle                     
00000e33  xTaskGetIdleTaskHandle             
000015cd  xTaskGetSchedulerState             
00000b85  xTaskGetTickCount                  
00000b9d  xTaskGetTickCountFromISR           
00000eb5  xTaskIncrementTick                 
00001c21  xTaskNotifyStateClear              
000018c9  xTaskNotifyWait                    
000016bf  xTaskPriorityDisinherit            
000015fd  xTaskPriorityInherit               
000010b5  xTaskRemoveFromEventList           
00000aad  xTaskResumeAll                     
00000985  xTaskResumeFromISR                 
00002a47  xTimerCreate                       
00002a1d  xTimerCreateTimerTask              
00002ad7  xTimerGenericCommand               
00002b99  xTimerGetExpiryTime                
00002b51  xTimerGetPeriod                    
00002b4b  xTimerGetTimerDaemonTaskHandle     
0000304b  xTimerIsTimerActive                


GLOBAL SYMBOLS: SORTED BY Symbol Address 

address   name                               
-------   ----                               
00000000  __TI_static_base__                 
00000000  g_pfnVectors                       
00000200  __STACK_SIZE                       
0000026d  xTaskCreate                        
00000473  vTaskDelete                        
00000503  vTaskDelayUntil                    
000005b1  vTaskDelay                         
000005ef  eTaskGetState                      
0000069d  uxTaskPriorityGet                  
000006cd  uxTaskPriorityGetFromISR           
0000071d  vTaskPrioritySet                   
00000821  vTaskSuspend                       
00000911  vTaskResume                        
00000985  xTaskResumeFromISR                 
00000a1d  vTaskStartScheduler                
00000a79  vTaskEndScheduler                  
00000a95  vTaskSuspendAll                    
00000aad  xTaskResumeAll                     
00000b85  xTaskGetTickCount                  
00000b9d  xTaskGetTickCountFromISR           
00000bcb  uxTaskGetNumberOfTasks             
00000bd1  pcTaskGetName                      
00000cd9  xTaskGetHandle                     
00000d61  uxTaskGetSystemState               
00000e33  xTaskGetIdleTaskHandle             
00000e3d  xTaskAbortDelay                    
00000eb5  xTaskIncrementTick                 
00000fad  vTaskSwitchContext                 
0000102d  vTaskPlaceOnEventList              
00001051  vTaskPlaceOnUnorderedEventList     
00001083  vTaskPlaceOnEventListRestricted    
000010b5  xTaskRemoveFromEventList           
0000113d  vTaskRemoveFromUnorderedEventList  
000011a9  vTaskSetTimeOutState               
000011cd  vTaskInternalSetTimeOutState       
000011f1  xTaskCheckForTimeOut               
00001297  vTaskMissedYield                   
0000129f  uxTaskGetTaskNumber                
000012bf  vTaskSetTaskNumber                 
00001399  vTaskGetInfo                       
00001529  uxTaskGetStackHighWaterMark        
000015a1  xTaskGetCurrentTaskHandle          
000015cd  xTaskGetSchedulerState             
000015fd  xTaskPriorityInherit               
000016bf  xTaskPriorityDisinherit            
0000173f  vTaskPriorityDisinheritAfterTimeout
000017f7  uxTaskResetEventItemValue          
00001821  pvTaskIncrementMutexHeldCount      
00001841  ulTaskNotifyTake                   
000018c9  xTaskNotifyWait                    
0000197b  xTaskGenericNotify                 
00001a59  xTaskGenericNotifyFromISR          
00001b6d  vTaskNotifyGiveFromISR             
00001c21  xTaskNotifyStateClear              
00001d29  xQueueGenericReset                 
00001db9  xQueueGenericCreate                
00001e77  xQueueCreateMutex                  
00001ea3  xQueueGiveMutexRecursive           
00001edf  xQueueTakeMutexRecursive           
00001f27  xQueueCreateCountingSemaphore      
00001f47  xQueueGenericSend                  
00002059  xQueueGenericSendFromISR           
000020f9  xQueueGiveFromISR                  
00002191  xQueueReceive                      
000022a5  xQueueSemaphoreTake                
000023f7  xQueuePeek                         
0000250b  xQueueReceiveFromISR               
000025a9  xQueuePeekFromISR                  
000025ff  uxQueueMessagesWaiting             
00002615  uxQueueSpacesAvailable             
00002635  uxQueueMessagesWaitingFromISR      
00002651  vQueueDelete                       
00002667  uxQueueGetQueueNumber              
00002675  vQueueSetQueueNumber               
00002687  ucQueueGetQueueType                
00002883  xQueueIsQueueEmptyFromISR          
000028c9  xQueueIsQueueFullFromISR           
000028ef  vQueueAddToRegistry                
00002931  pcQueueGetName                     
00002971  vQueueUnregisterQueue              
000029b5  vQueueWaitForMessageRestricted     
00002a1d  xTimerCreateTimerTask              
00002a47  xTimerCreate                       
00002ad7  xTimerGenericCommand               
00002b4b  xTimerGetTimerDaemonTaskHandle     
00002b51  xTimerGetPeriod                    
00002b63  vTimerSetReloadMode                
00002b99  xTimerGetExpiryTime                
00002bb3  pcTimerGetName                     
0000304b  xTimerIsTimerActive                
00003073  pvTimerGetTimerID                  
0000308d  vTimerSetTimerID                   
000030a7  uxTimerGetTimerNumber              
000030b5  vTimerSetTimerNumber               
000030e5  UARTStdioConfig                    
00003145  UARTwrite                          
00003197  UARTgets                           
0000325d  UARTgetc                           
00003291  UARTvprintf                        
0000358b  UARTprintf                         
000035c1  LED1_Blinking                      
000035d7  Tasks_Init                         
00003619  pushBUTTON                         
0000364b  CAN_startup_TASK                   
0000365d  CAN_TX_TASK                        
00003673  CAN_RX_TASK                        
0000373d  LCD                                
000039a1  LCD_INIT                           
00003a1d  LCD_Send_Command                   
00003b17  LCD_Send_Data                      
00003c11  LCD_displayString                  
00003c4d  LCD_gotoRowColumn                  
00003c95  PrintDecimalNum                    
00003d45  InitConsole                        
00003d81  SimpleDelay                        
00003d8b  CANIntHandler                      
00003dfb  CAN0TX_INIT                        
00003e51  CAN0_TX_node1                      
00003eaf  CAN0_TX_node2                      
00003f0d  CAN0_TX_node3                      
00003f6b  CAN0RX_INIT                        
00004059  pxPortInitialiseStack              
000040c3  xPortStartScheduler                
00004157  vPortEndScheduler                  
00004159  vPortEnterCritical                 
00004179  vPortExitCritical                  
0000418f  xPortSysTickHandler                
000041b5  vPortSetupTimerInterrupt           
000041d1  vPortValidateInterruptPriority     
0000421d  CANMessageSet                      
00004353  GPIOPadConfigSet                   
00004485  vListInitialise                    
000044b5  vListInitialiseItem                
000044c5  vListInsertEnd                     
00004501  vListInsert                        
0000456f  uxListRemove                       
000045b7  __aeabi_idiv0                      
000045b7  __aeabi_ldiv0                      
000045b9  SysCtlClockGet                     
000046c9  CANMessageGet                      
000047d9  SysCtlClockSet                     
000048dd  ulPortGetIPSR                      
000048f5  xPortPendSVHandler                 
00004955  vPortSVCHandler                    
00004975  vPortStartFirstTask                
00004999  vPortEnableVFP                     
000049a9  pvPortMalloc                       
00004a19  vPortFree                          
00004a23  vPortInitialiseBlocks              
00004a2b  xPortGetFreeHeapSize               
00004a45  __aeabi_memcpy                     
00004a45  __aeabi_memcpy4                    
00004a45  __aeabi_memcpy8                    
00004a45  memcpy                             
00004ae1  vApplicationStackOverflowHook      
00004aeb  main                               
00004b5d  __aeabi_memclr                     
00004b5d  __aeabi_memclr4                    
00004b5d  __aeabi_memclr8                    
00004b5f  __aeabi_memset                     
00004b5f  __aeabi_memset4                    
00004b5f  __aeabi_memset8                    
00004b65  memset                             
00004bd9  CANBitRateSet                      
00004c45  IntEnable                          
00004cad  __TI_decompress_lzss               
00004d15  GPIOPinConfigure                   
00004d5d  __TI_auto_init_nobinit_nopinit     
00004da1  CANStatusGet                       
00004de1  __aeabi_uidiv                      
00004de1  __aeabi_uidivmod                   
00004e21  CANInit                            
00004e5d  SysCtlPeripheralReady              
00004e95  _c_int00_noargs                    
00004ecd  SysCtlPeripheralEnable             
00004f01  GPIODirModeSet                     
00004f79  CANIntClear                        
00004f9b  CANIntStatus                       
00004fbb  GPIOPinTypeGPIOOutput              
00004fd3  GPIOPinTypeCAN                     
00004fe5  GPIOPinTypeGPIOInput               
00004ff7  GPIOPinTypeUART                    
00005009  __TI_decompress_none               
00005017  __TI_zero_init                     
00005023  ResetISR                           
0000502f  CANEnable                          
00005039  CANIntEnable                       
00005041  GPIOPinRead                        
00005047  GPIOPinWrite                       
0000504d  SysCtlDelay                        
00005053  UARTClockSourceSet                 
00005059  _system_pre_init                   
0000505d  C$$EXIT                            
0000505d  abort                              
00005244  ulMaxSyscallInterruptPriority      
00005284  __TI_Handler_Table_Base            
00005290  __TI_Handler_Table_Limit           
00005298  __TI_CINIT_Base                    
000052a8  __TI_CINIT_Limit                   
20004e84  xQueueRegistry                     
20004f70  SPI_RECIEVE_H                      
20004f74  x                                  
20004f78  __stack                            
20005178  __STACK_END                        
20005178  __STACK_TOP                        
20005178  pxCurrentTCB                       
200051c4  g_ui32MsgCount                     
200051c8  g_bErrFlag                         
200051c9  g_bRXFlag                          
200051ca  g_bRXFlag1                         
200051cb  g_bRXFlag2                         
200051cc  i                                  
200051cd  j                                  
200051ce  flag                               
200051cf  flag1                              
200051d0  count1                             
200051d2  count2                             
ffffffff  __TI_pprof_out_hndl                
ffffffff  __TI_prof_data_size                
ffffffff  __TI_prof_data_start               
ffffffff  __binit__                          
ffffffff  __c_args__                         
ffffffff  binit                              
UNDEFED   __mpu_init                         
UNDEFED   _system_post_cinit                 

[225 symbols]
